<html>
<body>
<pre>
<h1>µVision Build Log</h1>
<h2>Tool Versions:</h2>
IDE-Version: ¦ÌVision V5.12.0.0
Copyright (C) 2014 ARM Ltd and ARM Germany GmbH. All rights reserved.
License Information: Sim Zhao, yunzhou-tech, LIC=BL2Y8-3XAFK-WII5K-ZZC32-G59IY-FVTV0
 
Tool Versions:
Toolchain:       MDK-ARM Professional  Version: 5.12.0.0
Toolchain Path:  d:\Keil_v5\ARM\ARMCC\Bin
C Compiler:      Armcc.exe V5.05 (build 41)
Assembler:       Armasm.exe V5.05 (build 41)
Linker/Locator:  ArmLink.exe V5.05 (build 41)
Library Manager: ArmAr.exe V5.05 (build 41)
Hex Converter:   FromElf.exe V5.05 (build 41)
CPU DLL:         SARMCM3.DLL V5.12.0.0
Dialog DLL:      DCM.DLL V1.13.0.0
    Target DLL: Segger\JL2CM3.dll
Dialog DLL:      TCM.DLL V1.14.2.0
 
<h2>Project:</h2>
E:\1_ÃúÕÂ\9_software\Project\Yunzhou_remote(V1.2.1)\MDK-ARM\STM32F429I-Discovery_Demo.uvproj
Project File Date:  02/19/2015

<h2>Output:</h2>
Build target 'STM32F429I-Discovery_Demo'
compiling stm32f429i_discovery_sdram.c...
linking...
Program Size: Code=85560 RO-data=281600 RW-data=1076 ZI-data=4379268  
FromELF: creating hex file...
".\STM32F429I-Discovery_Demo\STM32F429I-Discovery_Demo.axf" - 0 Error(s), 0 Warning(s).
Load "E:\\1_ÃúÕÂ\\9_software\\Project\\Yunzhou_remote(V1.2.1)\\MDK-ARM\\STM32F429I-Discovery_Demo\\STM32F429I-Discovery_Demo.axf" 
Set JLink Project File to "E:\1_ÃúÕÂ\9_software\Project\Yunzhou_remote(V1.2.1)\MDK-ARM\JLinkSettings.ini"
* JLink Info: Device "STM32F429ZI" selected (2048 KB flash, 192 KB RAM).
 
JLink info:
------------
DLL: V4.91b, compiled Sep 15 2014 09:17:56
Firmware: J-Link ARM V8 compiled Jan 31 2018 18:34:52
Hardware: V8.00
S/N : 20080643 
Feature(s) : RDI,FlashDL,FlashBP,JFlash,GDBFull 
 
* JLink Info: Found SWD-DP with ID 0x2BA01477
* JLink Info: Found SWD-DP with ID 0x2BA01477
* JLink Info: Found Cortex-M4 r0p1, Little endian.
* JLink Info: FPUnit: 6 code (BP) slots and 2 literal slots
* JLink Info: TPIU fitted.
* JLink Info: ETM fitted.
ROMTableAddr = 0xE00FF003
 
Target info:
------------
Device: STM32F429ZI
VTarget = 3.235V
State of Pins: 
TCK: 0, TDI: 1, TDO: 1, TMS: 0, TRES: 1, TRST: 1
Hardware-Breakpoints: 6
Software-Breakpoints: 8192
Watchpoints:          4
JTAG speed: 4000 kHz
 
Erase Done.
Programming Done.
Verify OK.
Application running ...
</pre>
</body>
</html>
