<html>
<body>
<pre>
<h1>µVision Build Log</h1>
<h2>Tool Versions:</h2>
IDE-Version: ¦ÌVision V5.12.0.0
Copyright (C) 2014 ARM Ltd and ARM Germany GmbH. All rights reserved.
License Information: Sim Zhao, yunzhou-tech, LIC=BL2Y8-3XAFK-WII5K-ZZC32-G59IY-FVTV0
 
Tool Versions:
Toolchain:       MDK-ARM Professional  Version: 5.12.0.0
Toolchain Path:  d:\Keil_v5\ARM\ARMCC\Bin
C Compiler:      Armcc.exe V5.05 (build 41)
Assembler:       Armasm.exe V5.05 (build 41)
Linker/Locator:  ArmLink.exe V5.05 (build 41)
Library Manager: ArmAr.exe V5.05 (build 41)
Hex Converter:   FromElf.exe V5.05 (build 41)
CPU DLL:         SARMCM3.DLL V5.12.0.0
Dialog DLL:      DCM.DLL V1.13.0.0
    Target DLL: Segger\JL2CM3.dll
Dialog DLL:      TCM.DLL V1.14.2.0
 
<h2>Project:</h2>
E:\6_stm32_project\Open429I-C-Demo\Project\STemWin_RTOS\MDK-ARM\STM32F429I-Discovery_Demo.uvproj
Project File Date:  01/20/2015

<h2>Output:</h2>
Build target 'STM32F429I-Discovery_Demo'
compiling bsp.c...
..\Core\User\bsp.c(119): warning:  #940-D: missing return statement at end of non-void function "BSP_TS_Init"
  }
..\Core\User\bsp.c: 1 warning, 0 errors
compiling fatfs_drv.c...
compiling main.c...
..\Core\User\main.c(227): warning:  #223-D: function "BSP_TS_Init" declared implicitly
    BSP_TS_Init(); 
..\Core\User\main.c(222): warning:  #177-D: variable "ticks" was declared but never referenced
    uint32_t ticks = 0;
..\Core\User\main.c: 2 warnings, 0 errors
compiling rtc.c...
compiling stm32xxx_it.c...
..\Core\User\stm32xxx_it.c(155): warning:  #223-D: function "TimingDelay_Decrement" declared implicitly
    TimingDelay_Decrement();
..\Core\User\stm32xxx_it.c: 1 warning, 0 errors
compiling usb_bsp.c...
compiling usbh_usr.c...
compiling cpu_utils.c...
compiling file_utils.c...
compiling str_utils.c...
compiling time_utils.c...
compiling TouchPanel.c...
compiling test_program.c...
compiling usbd_desc.c...
compiling usbd_usr.c...
compiling GUIConf.c...
compiling GUI_X_FreeRTOS.c...
compiling stm32f429i_discovery_sdram.c...
compiling usbd_hid_core.c...
compiling usbd_core.c...
compiling usbd_ioreq.c...
compiling usbd_req.c...
compiling stm32f4xx_usart.c...
compiling GUIDRV_stm32f429i_discovery.c...
..\..\..\Libraries\STemWinLibrary522_4x9i\Config\GUIDRV_stm32f429i_discovery.c(886): warning:  #177-D: function "_LCD_DisplayOn" was declared but never referenced
  static void _LCD_DisplayOn(void) {
..\..\..\Libraries\STemWinLibrary522_4x9i\Config\GUIDRV_stm32f429i_discovery.c: 1 warning, 0 errors
compiling ff.c...
compiling syscall.c...
compiling GUIDEMO.c...
compiling GUIDEMO_AntialiasedText.c...
compiling GUIDEMO_Automotive.c...
compiling GUIDEMO_BarGraph.c...
compiling GUIDEMO_Bitmap.c...
compiling GUIDEMO_ColorBar.c...
compiling GUIDEMO_Conf.c...
compiling GUIDEMO_Cursor.c...
compiling GUIDEMO_Fading.c...
compiling GUIDEMO_Graph.c...
compiling GUIDEMO_IconView.c...
compiling GUIDEMO_ImageFlow.c...
compiling GUIDEMO_Intro.c...
compiling GUIDEMO_Listview.c...
compiling GUIDEMO_RadialMenu.c...
compiling GUIDEMO_Resource.c...
compiling GUIDEMO_Skinning.c...
compiling GUIDEMO_Speed.c...
compiling GUIDEMO_Speedometer.c...
compiling GUIDEMO_Start.c...
compiling GUIDEMO_TransparentDialog.c...
compiling GUIDEMO_Treeview.c...
compiling GUIDEMO_VScreen.c...
compiling GUIDEMO_WashingMachine.c...
compiling GUIDEMO_ZoomAndRotate.c...
linking...
Program Size: Code=192192 RO-data=336784 RW-data=4716 ZI-data=4382076  
FromELF: creating hex file...
".\STM32F429I-Discovery_Demo\STM32F429I-Discovery_Demo.axf" - 0 Error(s), 5 Warning(s).
Load "E:\\6_stm32_project\\Open429I-C-Demo\\Project\\STemWin_RTOS\\MDK-ARM\\STM32F429I-Discovery_Demo\\STM32F429I-Discovery_Demo.axf" 
Error: Flash Download failed  -  Target DLL has been cancelled
Load "E:\\6_stm32_project\\Open429I-C-Demo\\Project\\STemWin_RTOS\\MDK-ARM\\STM32F429I-Discovery_Demo\\STM32F429I-Discovery_Demo.axf" 
Set JLink Project File to "E:\6_stm32_project\Open429I-C-Demo\Project\STemWin_RTOS\MDK-ARM\JLinkSettings.ini"
* JLink Info: Device "STM32F429ZI" selected (2048 KB flash, 192 KB RAM).
 
JLink info:
------------
DLL: V4.91b, compiled Sep 15 2014 09:17:56
Firmware: J-Link V9 compiled Jan 29 2015 11:26:22
Hardware: V9.20
Feature(s) : GDB, RDI, FlashBP, FlashDL, JFlash 
 
* JLink Info: Found SWD-DP with ID 0x2BA01477
* JLink Info: Found SWD-DP with ID 0x2BA01477
* JLink Info: Found Cortex-M4 r0p1, Little endian.
* JLink Info: FPUnit: 6 code (BP) slots and 2 literal slots
* JLink Info: TPIU fitted.
* JLink Info: ETM fitted.
ROMTableAddr = 0xE00FF003
 
Target info:
------------
Device: STM32F429ZI
VTarget = 3.262V
State of Pins: 
TCK: 0, TDI: 0, TDO: 0, TMS: 1, TRES: 1, TRST: 0
Hardware-Breakpoints: 6
Software-Breakpoints: 8192
Watchpoints:          4
JTAG speed: 6000 kHz
 
Erase Done.
Programming Done.
Verify OK.
Application running ...
</pre>
</body>
</html>
