<html>
<body>
<pre>
<h1>礦ision Build Log</h1>
<h2>Project:</h2>
E:\项目\Open4X9I-C\program\Open4X9I-C\Project\USB HS\USB_Device_Examples\HID\MDK-ARM\usbd_hid.uvproj
Project File Date:  07/04/2014

<h2>Output:</h2>
Build target 'Open407I'
compiling usbd_usr.c...
linking...
Program Size: Code=14732 RO-data=11164 RW-data=444 ZI-data=3084  
FromELF: creating hex file...
".\STM324xG-EVAL\STM324xG-EVAL_HS.axf" - 0 Error(s), 0 Warning(s).
Load "E:\\项目\\Open4X9I-C\\program\\Open4X9I-C\\Project\\USB HS\\USB_Device_Examples\\HID\\MDK-ARM\\STM324xG-EVAL\\STM324xG-EVAL_HS.axf" 
Erase Done.
</pre>
</body>
</html>
OK.
Application running ...
een cancelled
Load "E:\\项目\\Open4X9I-C\\program\\Open4X9I-C\\Project\\USB HS\\USB_Device_Examples\\HID\\MDK-ARM\\STM324xG-EVAL\\STM324xG-EVAL_HS.axf" 
Erase Done.
Programming Done.
Verify OK.
Application running ...
tm32f4xx_cryp_tdes.o).
.\STM324xG-EVAL\STM324xG-EVAL_HS.axf: Error: L6218E: Undefined symbol CRYP_GetFlagStatus (referred from stm32f4xx_cryp_tdes.o).
.\STM324xG-EVAL\STM324xG-EVAL_HS.axf: Error: L6218E: Undefined symbol CRYP_IVInit (referred from stm32f4xx_cryp_tdes.o).
.\STM324xG-EVAL\STM324xG-EVAL_HS.axf: Error: L6218E: Undefined symbol CRYP_Init (referred from stm32f4xx_cryp_tdes.o).
.\STM324xG-EVAL\STM324xG-EVAL_HS.axf: Error: L6218E: Undefined symbol CRYP_KeyInit (referred from stm32f4xx_cryp_tdes.o).
.\STM324xG-EVAL\STM324xG-EVAL_HS.axf: Error: L6218E: Undefined symbol CRYP_KeyStructInit (referred from stm32f4xx_cryp_tdes.o).
Not enough information to list image symbols.
Finished: 1 information, 0 warning and 10 error messages.
".\STM324xG-EVAL\STM324xG-EVAL_HS.axf" - 10 Error(s), 0 Warning(s).
Target not created
.axf: Error: L6218E: Undefined symbol SDIO_DeInit (referred from stm324x9i_eval.o).
.\STM324xG-EVAL\STM324xG-EVAL_HS.axf: Error: L6218E: Undefined symbol SDIO_SetPowerState (referred from stm324x9i_eval.o).
.\STM324xG-EVAL\STM324xG-EVAL_HS.axf: Error: L6218E: Undefined symbol CRYP_Cmd (referred from stm32f4xx_cryp_tdes.o).
.\STM324xG-EVAL\STM324xG-EVAL_HS.axf: Error: L6218E: Undefined symbol CRYP_DataIn (referred from stm32f4xx_cryp_tdes.o).
.\STM324xG-EVAL\STM324xG-EVAL_HS.axf: Error: L6218E: Undefined symbol CRYP_DataOut (referred from stm32f4xx_cryp_tdes.o).
.\STM324xG-EVAL\STM324xG-EVAL_HS.axf: Error: L6218E: Undefined symbol CRYP_FIFOFlush (referred from stm32f4xx_cryp_tdes.o).
.\STM324xG-EVAL\STM324xG-EVAL_HS.axf: Error: L6218E: Undefined symbol CRYP_GetCmdStatus (referred from stm32f4xx_cryp_tdes.o).
.\STM324xG-EVAL\STM324xG-EVAL_HS.axf: Error: L6218E: Undefined symbol CRYP_GetFlagStatus (referred from stm32f4xx_cryp_tdes.o).
.\STM324xG-EVAL\STM324xG-EVAL_HS.axf: Error: L6218E: Undefined symbol CRYP_IVInit (referred from stm32f4xx_cryp_tdes.o).
.\STM324xG-EVAL\STM324xG-EVAL_HS.axf: Error: L6218E: Undefined symbol CRYP_Init (referred from stm32f4xx_cryp_tdes.o).
.\STM324xG-EVAL\STM324xG-EVAL_HS.axf: Error: L6218E: Undefined symbol CRYP_KeyInit (referred from stm32f4xx_cryp_tdes.o).
.\STM324xG-EVAL\STM324xG-EVAL_HS.axf: Error: L6218E: Undefined symbol CRYP_KeyStructInit (referred from stm32f4xx_cryp_tdes.o).
Not enough information to list image symbols.
Finished: 1 information, 0 warning and 13 error messages.
".\STM324xG-EVAL\STM324xG-EVAL_HS.axf" - 13 Error(s), 1 Warning(s).
Target not created
ncompatible with "void RCC_PLLI2SConfig(uint32_t, uint32_t)" (declared at line 542)
  void        RCC_PLLI2SConfig(uint32_t PLLI2SN, uint32_t PLLI2SQ, uint32_t PLLI2SR);
..\..\..\..\..\Libraries\STM32F4xx_StdPeriph_Driver\inc\stm32f4xx_syscfg.h(157): warning:  #47-D: incompatible redefinition of macro "IS_SYSCFG_MEMORY_REMAP_CONFING" (declared at line 144)
  #define IS_SYSCFG_MEMORY_REMAP_CONFING(REMAP) (((REMAP) == SYSCFG_MemoryRemap_Flash)       || \
..\inc\lcd_log_conf.h(42): error:  #35: #error directive: "Missing define: Evaluation board (ie. USE_STM322xG_EVAL)"
   #error "Missing define: Evaluation board (ie. USE_STM322xG_EVAL)"
..\src\stm32fxxx_it.c: 5 warnings, 3 errors
".\STM324xG-EVAL\STM324xG-EVAL_HS.axf" - 5 Error(s), 10 Warning(s).
Project build/rebuild aborted.
