<html>
<body>
<pre>
<h1>礦ision Build Log</h1>
<h2>Project:</h2>
E:\项目\Open4X9I-C\program\Open4X9I-C\Project\USB FS\USB_Host_Examples\HID\MDK-ARM\USBH_HID.uvproj
Project File Date:  07/19/2014

<h2>Output:</h2>
Build target 'Open407I'
compiling usbh_usr_lcd.c...
linking...
Program Size: Code=19368 RO-data=10576 RW-data=324 ZI-data=3964  
FromELF: creating hex file...
".\STM324xG-EVAL\STM324xG-EVAL_FS.axf" - 0 Error(s), 0 Warning(s).
Load "E:\\项目\\Open4X9I-C\\program\\Open4X9I-C\\Project\\USB FS\\USB_Host_Examples\\HID\\MDK-ARM\\STM324xG-EVAL\\STM324xG-EVAL_FS.axf" 
Erase Done.
Programming Done.
Verify OK.
Application running ...
</pre>
</body>
</html>
576 RW-data=324 ZI-data=3964  
FromELF: creating hex file...
".\STM324xG-EVAL\STM324xG-EVAL_FS.axf" - 0 Error(s), 1 Warning(s).
Load "E:\\项目\\Open4X9I-C\\program\\Open4X9I-C\\Project\\USB FS\\USB_Host_Examples\\HID\\MDK-ARM\\STM324xG-EVAL\\STM324xG-EVAL_FS.axf" 
Erase Done.
Programming Done.
Verify OK.
Application running ...
rnings, 4 errors
".\STM324xG-EVAL\STM324xG-EVAL_FS.axf" - 4 Error(s), 0 Warning(s).
Target not created
 creating hex file...
".\STM324xG-EVAL\STM324xG-EVAL_FS.axf" - 0 Error(s), 1 Warning(s).
Load "E:\\项目\\Open4X9I-C\\program\\Open4X9I-C\\Project\\USB FS\\USB_Host_Examples\\HID\\MDK-ARM\\STM324xG-EVAL\\STM324xG-EVAL_FS.axf" 
Erase Done.
Programming Done.
Verify OK.
Load "E:\\项目\\Open4X9I-C\\program\\Open4X9I-C\\Project\\USB FS\\USB_Host_Examples\\HID\\MDK-ARM\\STM324xG-EVAL\\STM324xG-EVAL_FS.axf" 
Erase Done.
Programming Done.
Verify OK.
piling stm32f4xx_gpio.c...
compiling stm32f4xx_i2c.c...
compiling stm32f4xx_iwdg.c...
compiling stm32f4xx_pwr.c...
compiling stm32f4xx_rcc.c...
compiling stm32f4xx_rtc.c...
compiling stm32f4xx_sdio.c...
compiling stm32f4xx_ltdc.c...
compiling stm32f4xx_syscfg.c...
".\STM324xG-EVAL\STM324xG-EVAL_FS.axf" - 1 Error(s), 1 Warning(s).
Target not created
nclude "stm324xg_eval.h" 
..\..\..\..\..\Libraries\STM32_USB_OTG_Driver\src\usb_hcd_int.c: 0 warnings, 1 error
compiling usbh_core.c...
..\inc\usb_conf.h(35): error:  #5: cannot open source input file "stm324xg_eval.h": No such file or directory
   #include "stm324xg_eval.h" 
..\..\..\..\..\Libraries\STM32_USB_HOST_Library\Core\src\usbh_core.c: 0 warnings, 1 error
compiling usbh_hcs.c...
..\inc\usb_conf.h(35): error:  #5: cannot open source input file "stm324xg_eval.h": No such file or directory
   #include "stm324xg_eval.h" 
..\..\..\..\..\Libraries\STM32_USB_HOST_Library\Core\src\usbh_hcs.c: 0 warnings, 1 error
compiling usbh_ioreq.c...
..\inc\usb_conf.h(35): error:  #5: cannot open source input file "stm324xg_eval.h": No such file or directory
   #include "stm324xg_eval.h" 
..\..\..\..\..\Libraries\STM32_USB_HOST_Library\Core\src\usbh_ioreq.c: 0 warnings, 1 error
compiling usbh_stdreq.c...
..\inc\usb_conf.h(35): error:  #5: cannot open source input file "stm324xg_eval.h": No such file or directory
   #include "stm324xg_eval.h" 
..\..\..\..\..\Libraries\STM32_USB_HOST_Library\Core\src\usbh_stdreq.c: 0 warnings, 1 error
compiling usbh_hid_core.c...
..\inc\usb_conf.h(35): error:  #5: cannot open source input file "stm324xg_eval.h": No such file or directory
   #include "stm324xg_eval.h" 
..\..\..\..\..\Libraries\STM32_USB_HOST_Library\Class\HID\src\usbh_hid_core.c: 0 warnings, 1 error
".\STM324xG-EVAL\STM324xG-EVAL_FS.axf" - 13 Error(s), 0 Warning(s).
Project build/rebuild aborted.
": No such file or directory
   #include "stm324xg_eval.h" 
..\..\..\..\..\Libraries\STM32_USB_HOST_Library\Class\HID\src\usbh_hid_keybd.c: 0 warnings, 1 error
".\STM324xG-EVAL\STM324xG-EVAL_FS.axf" - 14 Error(s), 0 Warning(s).
Project build/rebuild aborted.
(ENABLE);
..\..\..\..\..\Utilities\STM32_EVAL\STM324x9I_EVAL\stm32f429i_discovery_lcd.c(504): warning:  #223-D: function "LTDC_LayerAlpha" declared implicitly
      LTDC_LayerAlpha(LTDC_Layer1, transparency);
..\..\..\..\..\Utilities\STM32_EVAL\STM324x9I_EVAL\stm32f429i_discovery_lcd.c(508): warning:  #223-D: function "LTDC_LayerAlpha" declared implicitly
      LTDC_LayerAlpha(LTDC_Layer2, transparency);
..\..\..\..\..\Utilities\STM32_EVAL\STM324x9I_EVAL\stm32f429i_discovery_lcd.c(510): warning:  #223-D: function "LTDC_ReloadConfig" declared implicitly
    LTDC_ReloadConfig(LTDC_IMReload);
..\..\..\..\..\Utilities\STM32_EVAL\STM324x9I_EVAL\stm32f429i_discovery_lcd.c(510): error:  #20: identifier "LTDC_IMReload" is undefined
    LTDC_ReloadConfig(LTDC_IMReload);
..\..\..\..\..\Utilities\STM32_EVAL\STM324x9I_EVAL\stm32f429i_discovery_lcd.c(579): error:  #20: identifier "LTDC_ColorKeying_InitTypeDef" is undefined
    LTDC_ColorKeying_InitTypeDef   LTDC_colorkeying_InitStruct;
..\..\..\..\..\Utilities\STM32_EVAL\STM324x9I_EVAL\stm32f429i_discovery_lcd.c(589): warning:  #223-D: function "LTDC_ColorKeyingConfig" declared implicitly
      LTDC_ColorKeyingConfig(LTDC_Layer1, &LTDC_colorkeying_InitStruct, ENABLE);
..\..\..\..\..\Utilities\STM32_EVAL\STM324x9I_EVAL\stm32f429i_discovery_lcd.c(590): warning:  #223-D: function "LTDC_ReloadConfig" declared implicitly
      LTDC_ReloadConfig(LTDC_IMReload);
..\..\..\..\..\Utilities\STM32_EVAL\STM324x9I_EVAL\stm32f429i_discovery_lcd.c(590): error:  #20: identifier "LTDC_IMReload" is undefined
      LTDC_ReloadConfig(LTDC_IMReload);
..\..\..\..\..\Utilities\STM32_EVAL\STM324x9I_EVAL\stm32f429i_discovery_lcd.c(595): warning:  #223-D: function "LTDC_ColorKeyingConfig" declared implicitly
      LTDC_ColorKeyingConfig(LTDC_Layer2, &LTDC_colorkeying_InitStruct, ENABLE);
..\..\..\..\..\Utilities\STM32_EVAL\STM324x9I_EVAL\stm32f429i_discovery_lcd.c(596): warning:  #223-D: function "LTDC_ReloadConfig" declared implicitly
      LTDC_ReloadConfig(LTDC_IMReload);
..\..\..\..\..\Utilities\STM32_EVAL\STM324x9I_EVAL\stm32f429i_discovery_lcd.c(596): error:  #20: identifier "LTDC_IMReload" is undefined
      LTDC_ReloadConfig(LTDC_IMReload);
..\..\..\..\..\Utilities\STM32_EVAL\STM324x9I_EVAL\stm32f429i_discovery_lcd.c(607): error:  #20: identifier "LTDC_ColorKeying_InitTypeDef" is undefined
    LTDC_ColorKeying_InitTypeDef   LTDC_colorkeying_InitStruct;
..\..\..\..\..\Utilities\STM32_EVAL\STM324x9I_EVAL\stm32f429i_discovery_lcd.c(612): warning:  #223-D: function "LTDC_ColorKeyingConfig" declared implicitly
      LTDC_ColorKeyingConfig(LTDC_Layer1, &LTDC_colorkeying_InitStruct, DISABLE);
..\..\..\..\..\Utilities\STM32_EVAL\STM324x9I_EVAL\stm32f429i_discovery_lcd.c(613): warning:  #223-D: function "LTDC_ReloadConfig" declared implicitly
      LTDC_ReloadConfig(LTDC_IMReload);
..\..\..\..\..\Utilities\STM32_EVAL\STM324x9I_EVAL\stm32f429i_discovery_lcd.c(613): error:  #20: identifier "LTDC_IMReload" is undefined
      LTDC_ReloadConfig(LTDC_IMReload);
..\..\..\..\..\Utilities\STM32_EVAL\STM324x9I_EVAL\stm32f429i_discovery_lcd.c(618): warning:  #223-D: function "LTDC_ColorKeyingConfig" declared implicitly
      LTDC_ColorKeyingConfig(LTDC_Layer2, &LTDC_colorkeying_InitStruct, DISABLE);
..\..\..\..\..\Utilities\STM32_EVAL\STM324x9I_EVAL\stm32f429i_discovery_lcd.c(619): warning:  #223-D: function "LTDC_ReloadConfig" declared implicitly
      LTDC_ReloadConfig(LTDC_IMReload);
..\..\..\..\..\Utilities\STM32_EVAL\STM324x9I_EVAL\stm32f429i_discovery_lcd.c(619): error:  #20: identifier "LTDC_IMReload" is undefined
      LTDC_ReloadConfig(LTDC_IMReload);
..\..\..\..\..\Utilities\STM32_EVAL\STM324x9I_EVAL\stm32f429i_discovery_lcd.c(714): warning:  #223-D: function "LTDC_LayerPosition" declared implicitly
      LTDC_LayerPosition(LTDC_Layer1, Xpos, Ypos);
..\..\..\..\..\Utilities\STM32_EVAL\STM324x9I_EVAL\stm32f429i_discovery_lcd.c(715): warning:  #223-D: function "LTDC_ReloadConfig" declared implicitly
      LTDC_ReloadConfig(LTDC_IMReload);
..\..\..\..\..\Utilities\STM32_EVAL\STM324x9I_EVAL\stm32f429i_discovery_lcd.c(715): error:  #20: identifier "LTDC_IMReload" is undefined
      LTDC_ReloadConfig(LTDC_IMReload);
..\..\..\..\..\Utilities\STM32_EVAL\STM324x9I_EVAL\stm32f429i_discovery_lcd.c(718): warning:  #223-D: function "LTDC_LayerSize" declared implicitly
      LTDC_LayerSize(LTDC_Layer1, Width, Height);
..\..\..\..\..\Utilities\STM32_EVAL\STM324x9I_EVAL\stm32f429i_discovery_lcd.c(724): warning:  #223-D: function "LTDC_LayerPosition" declared implicitly
      LTDC_LayerPosition(LTDC_Layer2, Xpos, Ypos);
..\..\..\..\..\Utilities\STM32_EVAL\STM324x9I_EVAL\stm32f429i_discovery_lcd.c(725): warning:  #223-D: function "LTDC_ReloadConfig" declared implicitly
      LTDC_ReloadConfig(LTDC_IMReload); 
..\..\..\..\..\Utilities\STM32_EVAL\STM324x9I_EVAL\stm32f429i_discovery_lcd.c(725): error:  #20: identifier "LTDC_IMReload" is undefined
      LTDC_ReloadConfig(LTDC_IMReload); 
..\..\..\..\..\Utilities\STM32_EVAL\STM324x9I_EVAL\stm32f429i_discovery_lcd.c(728): warning:  #223-D: function "LTDC_LayerSize" declared implicitly
      LTDC_LayerSize(LTDC_Layer2, Width, Height);
..\..\..\..\..\Utilities\STM32_EVAL\STM324x9I_EVAL\stm32f429i_discovery_lcd.c(754): error:  #20: identifier "DMA2D_InitTypeDef" is undefined
    DMA2D_InitTypeDef      DMA2D_InitStruct;
..\..\..\..\..\Utilities\STM32_EVAL\STM324x9I_EVAL\stm32f429i_discovery_lcd.c(766): warning:  #223-D: function "DMA2D_DeInit" declared implicitly
    DMA2D_DeInit();  
..\..\..\..\..\Utilities\STM32_EVAL\STM324x9I_EVAL\stm32f429i_discovery_lcd.c(767): error:  #20: identifier "DMA2D_R2M" is undefined
    DMA2D_InitStruct.DMA2D_Mode = DMA2D_R2M;       
..\..\..\..\..\Utilities\STM32_EVAL\STM324x9I_EVAL\stm32f429i_discovery_lcd.c(768): error:  #20: identifier "DMA2D_RGB565" is undefined
    DMA2D_InitStruct.DMA2D_CMode = DMA2D_RGB565;      
..\..\..\..\..\Utilities\STM32_EVAL\STM324x9I_EVAL\stm32f429i_discovery_lcd.c(788): warning:  #223-D: function "DMA2D_Init" declared implicitly
    DMA2D_Init(&DMA2D_InitStruct);  
..\..\..\..\..\Utilities\STM32_EVAL\STM324x9I_EVAL\stm32f429i_discovery_lcd.c(790): warning:  #223-D: function "DMA2D_StartTransfer" declared implicitly
    DMA2D_StartTransfer();  
..\..\..\..\..\Utilities\STM32_EVAL\STM324x9I_EVAL\stm32f429i_discovery_lcd.c(792): warning:  #223-D: function "DMA2D_GetFlagStatus" declared implicitly
    while(DMA2D_GetFlagStatus(DMA2D_FLAG_TC) == RESET)
..\..\..\..\..\Utilities\STM32_EVAL\STM324x9I_EVAL\stm32f429i_discovery_lcd.c(792): error:  #20: identifier "DMA2D_FLAG_TC" is undefined
    while(DMA2D_GetFlagStatus(DMA2D_FLAG_TC) == RESET)
..\..\..\..\..\Utilities\STM32_EVAL\STM324x9I_EVAL\stm32f429i_discovery_lcd.c(1017): warning:  #223-D: function "LTDC_LayerSize" declared implicitly
      LTDC_LayerSize(LTDC_Layer1, width, height);
..\..\..\..\..\Utilities\STM32_EVAL\STM324x9I_EVAL\stm32f429i_discovery_lcd.c(1018): warning:  #223-D: function "LTDC_ReloadConfig" declared implicitly
      LTDC_ReloadConfig(LTDC_VBReload);
..\..\..\..\..\Utilities\STM32_EVAL\STM324x9I_EVAL\stm32f429i_discovery_lcd.c(1018): error:  #20: identifier "LTDC_VBReload" is undefined
      LTDC_ReloadConfig(LTDC_VBReload);
..\..\..\..\..\Utilities\STM32_EVAL\STM324x9I_EVAL\stm32f429i_discovery_lcd.c(1023): warning:  #223-D: function "LTDC_LayerPixelFormat" declared implicitly
        LTDC_LayerPixelFormat(LTDC_Layer1, LTDC_Pixelformat_ARGB8888);
..\..\..\..\..\Utilities\STM32_EVAL\STM324x9I_EVAL\stm32f429i_discovery_lcd.c(1023): error:  #20: identifier "LTDC_Pixelformat_ARGB8888" is undefined
        LTDC_LayerPixelFormat(LTDC_Layer1, LTDC_Pixelformat_ARGB8888);
..\..\..\..\..\Utilities\STM32_EVAL\STM324x9I_EVAL\stm32f429i_discovery_lcd.c(1028): warning:  #223-D: function "LTDC_LayerPixelFormat" declared implicitly
        LTDC_LayerPixelFormat(LTDC_Layer1, LTDC_Pixelformat_RGB565);
..\..\..\..\..\Utilities\STM32_EVAL\STM324x9I_EVAL\stm32f429i_discovery_lcd.c(1028): error:  #20: identifier "LTDC_Pixelformat_RGB565" is undefined
        LTDC_LayerPixelFormat(LTDC_Layer1, LTDC_Pixelformat_RGB565);
..\..\..\..\..\Utilities\STM32_EVAL\STM324x9I_EVAL\stm32f429i_discovery_lcd.c(1033): warning:  #223-D: function "LTDC_LayerPixelFormat" declared implicitly
        LTDC_LayerPixelFormat(LTDC_Layer1, LTDC_Pixelformat_RGB888);
..\..\..\..\..\Utilities\STM32_EVAL\STM324x9I_EVAL\stm32f429i_discovery_lcd.c(1033): error:  #20: identifier "LTDC_Pixelformat_RGB888" is undefined
        LTDC_LayerPixelFormat(LTDC_Layer1, LTDC_Pixelformat_RGB888);
..\..\..\..\..\Utilities\STM32_EVAL\STM324x9I_EVAL\stm32f429i_discovery_lcd.c(1040): warning:  #223-D: function "LTDC_LayerSize" declared implicitly
      LTDC_LayerSize(LTDC_Layer2, width, height);
..\..\..\..\..\Utilities\STM32_EVAL\STM324x9I_EVAL\stm32f429i_discovery_lcd.c(1041): warning:  #223-D: function "LTDC_ReloadConfig" declared implicitly
      LTDC_ReloadConfig(LTDC_VBReload); 
..\..\..\..\..\Utilities\STM32_EVAL\STM324x9I_EVAL\stm32f429i_discovery_lcd.c(1041): error:  #20: identifier "LTDC_VBReload" is undefined
      LTDC_ReloadConfig(LTDC_VBReload); 
..\..\..\..\..\Utilities\STM32_EVAL\STM324x9I_EVAL\stm32f429i_discovery_lcd.c: 33 warnings, 30 errors
compiling stm32f4xx_exti.c...
compiling stm32f4xx_fmc.c...
compiling stm32f4xx_flash.c...
compiling stm32f4xx_gpio.c...
compiling stm32f4xx_i2c.c...
compiling stm32f4xx_iwdg.c...
compiling stm32f4xx_pwr.c...
compiling stm32f4xx_rcc.c...
compiling stm32f4xx_rtc.c...
compiling stm32f4xx_sdio.c...
compiling stm32f4xx_ltdc.c...
".\STM324xG-EVAL\STM324xG-EVAL_FS.axf" - 30 Error(s), 33 Warning(s).
Target not created
2_EVAL\STM324x9I_EVAL\stm32f429i_discovery_lcd.c: 33 warnings, 30 errors
compiling system_stm32f4xx.c...
assembling startup_stm32f429_439xx.s...
compiling misc.c...
compiling stm32f4xx_usart.c...
".\STM324xG-EVAL\STM324xG-EVAL_FS.axf" - 30 Error(s), 33 Warning(s).
Project build/rebuild aborted.
