<html>
<body>
<pre>
<h1>µVision Build Log</h1>
<h2>Tool Versions:</h2>
IDE-Version: ¦ÌVision V5.14.0.0
Copyright (C) 2015 ARM Ltd and ARM Germany GmbH. All rights reserved.
License Information: jsdfs dfs, sdfas, LIC=3UUKP-M8XVS-ZD9K6-DKBKL-E4BUX-57SU1
 
Tool Versions:
Toolchain:       MDK-ARM Professional  Version: 5.14.0.0
Toolchain Path:  C:\Keil_v5\ARM\ARMCC\Bin
C Compiler:      Armcc.exe V5.05 update 1 (build 106)
Assembler:       Armasm.exe V5.05 update 1 (build 106)
Linker/Locator:  ArmLink.exe V5.05 update 1 (build 106)
Library Manager: ArmAr.exe V5.05 update 1 (build 106)
Hex Converter:   FromElf.exe V5.05 update 1 (build 106)
CPU DLL:         SARMCM3.DLL V5.14.0.0
Dialog DLL:      DCM.DLL V1.13.1.0
Target DLL:      Segger\JL2CM3.dll V2.99.13.0
Dialog DLL:      TCM.DLL V1.14.4.0
 
<h2>Project:</h2>
C:\RuanJG\project\svn_new\Archment\Ò¡¿ØÆ÷\ÏîÄ¿Ô´Âë\Project\YunZhouNewRemoter\MDK-ARM\V5_Remote_Controller.uvproj
Project File Date:  10/25/2016

<h2>Output:</h2>
Build target 'xtend915'
compiling remoter_sender_UI.c...
..\Core\NewApp\remoter_sender_UI.h(23): warning:  #1-D: last line of file ends without a newline
  #endif
..\Core\NewApp\driver\driver_xtend900.h(36): warning:  #1295-D: Deprecated declaration xtend900_get_rssi - give arg types
  int xtend900_get_rssi();
..\Core\NewApp\driver\driver_xtend900.h(37): warning:  #1295-D: Deprecated declaration xtend900_get_rssi_level - give arg types
  int xtend900_get_rssi_level();
..\Core\NewApp\driver\driver_xtend900.h(39): warning:  #1-D: last line of file ends without a newline
  #endif
..\Core\NewApp\remoter_sender_RF.h(33): warning:  #1295-D: Deprecated declaration remoter_sender_RF_init - give arg types
  void remoter_sender_RF_init();
..\Core\NewApp\remoter_sender_RF.h(35): warning:  #1295-D: Deprecated declaration remoter_sender_RF_sendChannel - give arg types
  void remoter_sender_RF_sendChannel();
..\Core\NewApp\remoter_sender_RF.h(39): warning:  #1295-D: Deprecated declaration remoter_sender_RF_get_boat_powerLevel - give arg types
  int remoter_sender_RF_get_boat_powerLevel();
..\Core\NewApp\remoter_sender_RF.h(41): warning:  #1295-D: Deprecated declaration remoter_sender_RF_get_config - give arg types
  xtend900_config_t * remoter_sender_RF_get_config();
..\Core\NewApp\remoter_sender_RF.h(50): warning:  #1295-D: Deprecated declaration remoter_sender_RF_getMode - give arg types
  char remoter_sender_RF_getMode();
..\Core\NewApp\remoter_sender_RF.h(55): warning:  #1295-D: Deprecated declaration remoter_sender_RF_getStatus - give arg types
  char remoter_sender_RF_getStatus();
..\Core\NewApp\remoter_sender_RF.h(58): warning:  #1295-D: Deprecated declaration remoter_sender_RF_getDecodeRate - give arg types
  int remoter_sender_RF_getDecodeRate();
..\Core\NewApp\remoter_sender_RF.h(67): warning:  #1-D: last line of file ends without a newline
  #endif
..\Core\NewApp\remoter_sender_jostick.h(28): warning:  #1295-D: Deprecated declaration remoter_sender_jostick_get_data - give arg types
  remoter_sender_jostick_t *remoter_sender_jostick_get_data();
..\Core\NewApp\remoter_sender_jostick.h(29): warning:  #1295-D: Deprecated declaration remoter_sender_jostick_adc_dma_TCIF_callback - give arg types
  void remoter_sender_jostick_adc_dma_TCIF_callback();
..\Core\NewApp\remoter_sender_jostick.h(35): warning:  #1-D: last line of file ends without a newline
  #endif 
.\..\Core\User\bsp.h(51): warning:  #1295-D: Deprecated declaration bsp_Get_Battery_Level - give arg types
  unsigned char bsp_Get_Battery_Level();
.\..\Core\User\bsp.h(53): warning:  #1295-D: Deprecated declaration bsp_Gui_lcd_init - give arg types
  void bsp_Gui_lcd_init();
..\Core\NewApp\PictureResource.h(7): warning:  #1-D: last line of file ends without a newline
  extern const unsigned char _warningPic[4856];
..\Core\NewApp\remoter_sender_UI.c(222): warning:  #192-D: unrecognized character escape sequence
        sprintf(strBuffer,"Remoter   %d \%",bsp_Get_Battery_Level());
..\Core\NewApp\remoter_sender_UI.c(224): warning:  #192-D: unrecognized character escape sequence
        sprintf(strBuffer,"Boat      %d \%",remoter_sender_RF_get_boat_powerLevel());
..\Core\NewApp\remoter_sender_UI.c(310): warning:  #1-D: last line of file ends without a newline
  }
..\Core\NewApp\remoter_sender_UI.c(248): warning:  #177-D: variable "x" was declared but never referenced
        int x=0,y=0;
..\Core\NewApp\remoter_sender_UI.c(248): warning:  #177-D: variable "y" was declared but never referenced
        int x=0,y=0;
..\Core\NewApp\remoter_sender_UI.c: 23 warnings, 0 errors
linking...
Program Size: Code=68712 RO-data=25940 RW-data=2920 ZI-data=4381344  
FromELF: creating hex file...
".\STM32F429I-Discovery_Demo\xtend915\STM32F429I-Discovery_Demo.axf" - 0 Error(s), 23 Warning(s).
</pre>
</body>
</html>
