<html>
<body>
<pre>
<h1>µVision Build Log</h1>
<h2>Tool Versions:</h2>
IDE-Version: ¦ÌVision V5.12.0.0
Copyright (C) 2014 ARM Ltd and ARM Germany GmbH. All rights reserved.
License Information: Sim Zhao, yunzhou-tech, LIC=BL2Y8-3XAFK-WII5K-ZZC32-G59IY-FVTV0
 
Tool Versions:
Toolchain:       MDK-ARM Professional  Version: 5.12.0.0
Toolchain Path:  d:\Keil_v5\ARM\ARMCC\Bin
C Compiler:      Armcc.exe V5.05 (build 41)
Assembler:       Armasm.exe V5.05 (build 41)
Linker/Locator:  ArmLink.exe V5.05 (build 41)
Library Manager: ArmAr.exe V5.05 (build 41)
Hex Converter:   FromElf.exe V5.05 (build 41)
CPU DLL:         SARMCM3.DLL V5.12.0.0
Dialog DLL:      DCM.DLL V1.13.0.0
    Target DLL: Segger\JL2CM3.dll
Dialog DLL:      TCM.DLL V1.14.2.0
 
<h2>Project:</h2>
E:\1_ÃúÕÂ\9_software\Project\18_Yunzhou_remote(V5.1.3_300·§ÃÅ¿ØÖÆ)\MDK-ARM\STM32F429I-Discovery_Demo.uvproj
Project File Date:  07/04/2015

<h2>Output:</h2>
Build target 'STM32F429I-Discovery_Demo'
compiling bsp.c...
..\Core\User\bsp.c(75): warning:  #177-D: variable "ccr1" was declared but never referenced
    int ccr1 = TimerPeriod / 2;         //50%
..\Core\User\bsp.c(78): warning:  #177-D: variable "ccr3" was declared but never referenced
    int ccr3 = TimerPeriod / 4;         //25%
..\Core\User\bsp.c(79): warning:  #177-D: variable "ccr4" was declared but never referenced
    int ccr4 = TimerPeriod / 5;         //20%
..\Core\User\bsp.c(321): warning:  #940-D: missing return statement at end of non-void function "BSP_TS_Init"
  }
..\Core\User\bsp.c: 4 warnings, 0 errors
compiling main.c...
compiling SetUART.c...
..\Core\User\SetUART.c(46): warning:  #177-D: variable "DMA_InitStructure" was declared but never referenced
        DMA_InitTypeDef   DMA_InitStructure;
..\Core\User\SetUART.c: 1 warning, 0 errors
compiling UI_app.c...
..\Core\User\UI_app.c(67): warning:  #177-D: variable "pointi" was declared but never referenced
        uint8_t pointi = 0, tempi = 0;
..\Core\User\UI_app.c(67): warning:  #177-D: variable "tempi" was declared but never referenced
        uint8_t pointi = 0, tempi = 0;
..\Core\User\UI_app.c(69): warning:  #177-D: variable "pointi2" was declared but never referenced
        uint16_t pointi2 = 0;
..\Core\User\UI_app.c(70): warning:  #177-D: variable "tempChar" was declared but never referenced
        char tempChar[20];
..\Core\User\UI_app.c(724): warning:  #177-D: variable "tempChar" was declared but never referenced
        char tempChar[30];      
..\Core\User\UI_app.c(896): warning:  #177-D: variable "tempChar" was declared but never referenced
        char tempChar[30];      
..\Core\User\UI_app.c(897): warning:  #177-D: variable "temp_i" was declared but never referenced
        uint16_t temp_i = 0;
..\Core\User\UI_app.c(1938): warning:  #177-D: variable "last_temp_num" was declared but never referenced
        uint16_t temp_num = 0, last_temp_num = 0;
..\Core\User\UI_app.c: 8 warnings, 0 errors
compiling keyboard_app.c...
compiling joystick_app.c...
..\Core\User\joystick_app.c(47): warning:  #177-D: variable "i_temp" was declared but never referenced
        uint16_t J_Temp = 0, i_temp = 0;
..\Core\User\joystick_app.c(48): warning:  #177-D: variable "count_temp" was declared but never referenced
        int count_temp = 0;
..\Core\User\joystick_app.c(268): warning:  #177-D: variable "debugbuffer" was declared but never referenced
        u8 debugbuffer[32];
..\Core\User\joystick_app.c(409): warning:  #177-D: variable "debugbuffer" was declared but never referenced
        u8 debugbuffer[32];
..\Core\User\joystick_app.c: 4 warnings, 0 errors
compiling Xtend_900.c...
..\Core\User\Xtend_900.c(354): warning:  #940-D: missing return statement at end of non-void function "get_TX_Power"
  }
..\Core\User\Xtend_900.c: 1 warning, 0 errors
compiling m_flash.c...
compiling RFSession.c...
..\Core\User\RFSession.c(118): warning:  #177-D: variable "i" was declared but never referenced
        int i;
..\Core\User\RFSession.c(512): warning:  #177-D: variable "percent" was declared but never referenced
        float percent;
..\Core\User\RFSession.c(513): warning:  #177-D: variable "tempvalue" was declared but never referenced
        int tempvalue;
..\Core\User\RFSession.c(2233): warning:  #177-D: variable "endindex" was declared but never referenced
        int endindex = startindex + len;
..\Core\User\RFSession.c: 4 warnings, 0 errors
linking...
Program Size: Code=124496 RO-data=263896 RW-data=3852 ZI-data=4385340  
FromELF: creating hex file...
".\STM32F429I-Discovery_Demo\STM32F429I-Discovery_Demo.axf" - 0 Error(s), 22 Warning(s).
Load "E:\\1_ÃúÕÂ\\9_software\\Project\\18_Yunzhou_remote(V5.1.3_300·§ÃÅ¿ØÖÆ)\\MDK-ARM\\STM32F429I-Discovery_Demo\\STM32F429I-Discovery_Demo.axf" 
Set JLink Project File to "E:\1_ÃúÕÂ\9_software\Project\18_Yunzhou_remote(V5.1.3_300·§ÃÅ¿ØÖÆ)\MDK-ARM\JLinkSettings.ini"
* JLink Info: Device "STM32F429IG" selected (1024 KB flash, 192 KB RAM).
 
JLink info:
------------
DLL: V4.91b, compiled Sep 15 2014 09:17:56
Firmware: J-Link V9 compiled Jan 29 2015 11:26:22
Hardware: V9.20
Feature(s) : GDB, RDI, FlashBP, FlashDL, JFlash 
 
* JLink Info: Found SWD-DP with ID 0x2BA01477
* JLink Info: Found SWD-DP with ID 0x2BA01477
* JLink Info: Found Cortex-M4 r0p1, Little endian.
* JLink Info: FPUnit: 6 code (BP) slots and 2 literal slots
* JLink Info: TPIU fitted.
* JLink Info: ETM fitted.
ROMTableAddr = 0xE00FF003
 
Target info:
------------
Device: STM32F429IG
VTarget = 3.262V
State of Pins: 
TCK: 0, TDI: 0, TDO: 0, TMS: 1, TRES: 1, TRST: 0
Hardware-Breakpoints: 6
Software-Breakpoints: 8192
Watchpoints:          4
JTAG speed: 4000 kHz
 
Erase Done.
Programming Done.
Verify OK.
Application running ...
</pre>
</body>
</html>
