<html>
<body>
<pre>
<h1>µVision Build Log</h1>
<h2>Tool Versions:</h2>
IDE-Version: ¶ÃVision V5.12.0.0
Copyright (C) 2014 ARM Ltd and ARM Germany GmbH. All rights reserved.
License Information: Sim Zhao, yunzhou-tech, LIC=BL2Y8-3XAFK-WII5K-ZZC32-G59IY-FVTV0
 
Tool Versions:
Toolchain:       MDK-ARM Professional  Version: 5.12.0.0
Toolchain Path:  d:\Keil_v5\ARM\ARMCC\Bin
C Compiler:      Armcc.exe V5.05 (build 41)
Assembler:       Armasm.exe V5.05 (build 41)
Linker/Locator:  ArmLink.exe V5.05 (build 41)
Library Manager: ArmAr.exe V5.05 (build 41)
Hex Converter:   FromElf.exe V5.05 (build 41)
CPU DLL:         SARMCM3.DLL V5.12.0.0
Dialog DLL:      DCM.DLL V1.13.0.0
    Target DLL: Segger\JL2CM3.dll
Dialog DLL:      TCM.DLL V1.14.2.0
 
<h2>Project:</h2>
E:\1_√˙’¬\9_software\Project\18_Yunzhou_remote(V5.1.8_∂Êª˙œ‘ æ)\MDK-ARM\V5_Remote_Controller.uvproj
Project File Date:  10/09/2015

<h2>Output:</h2>
Build target 'jizuo433'
compiling main.c...
linking...
Program Size: Code=125788 RO-data=263896 RW-data=3860 ZI-data=4385364  
FromELF: creating hex file...
".\STM32F429I-Discovery_Demo\jizuo433\V5_Remote_controller.axf" - 0 Error(s), 0 Warning(s).
ng(s).
Load "E:\\1_√˙’¬\\9_software\\Project\\18_Yunzhou_remote(V5.1.8_∂Êª˙œ‘ æ)\\MDK-ARM\\STM32F429I-Discovery_Demo\\jizuo433\\V5_Remote_controller.axf" 
Set JLink Project File to "E:\1_√˙’¬\9_software\Project\18_Yunzhou_remote(V5.1.8_∂Êª˙œ‘ æ)\MDK-ARM\JLinkSettings.ini"
* JLink Info: Device "STM32F429IG" selected (1024 KB flash, 192 KB RAM).
 
JLink info:
------------
DLL: V4.91b, compiled Sep 15 2014 09:17:56
Firmware: J-Link ARM V8 compiled Jan 31 2018 18:34:52
Hardware: V8.00
S/N : 20080643 
Feature(s) : RDI,FlashDL,FlashBP,JFlash,GDBFull 
 
Error: Flash Download failed  -  Target DLL has been cancelled
Load "E:\\1_√˙’¬\\9_software\\Project\\18_Yunzhou_remote(V5.1.8_∂Êª˙œ‘ æ)\\MDK-ARM\\STM32F429I-Discovery_Demo\\jizuo433\\V5_Remote_controller.axf" 
Set JLink Project File to "E:\1_√˙’¬\9_software\Project\18_Yunzhou_remote(V5.1.8_∂Êª˙œ‘ æ)\MDK-ARM\JLinkSettings.ini"
* JLink Info: Device "STM32F429IG" selected (1024 KB flash, 192 KB RAM).
 
JLink info:
------------
DLL: V4.91b, compiled Sep 15 2014 09:17:56
Firmware: J-Link ARM V8 compiled Jan 31 2018 18:34:52
Hardware: V8.00
S/N : 20080643 
Feature(s) : RDI,FlashDL,FlashBP,JFlash,GDBFull 
 
* JLink Info: Found SWD-DP with ID 0x2BA01477
* JLink Info: Found SWD-DP with ID 0x2BA01477
* JLink Info: Found Cortex-M4 r0p1, Little endian.
* JLink Info: FPUnit: 6 code (BP) slots and 2 literal slots
* JLink Info: TPIU fitted.
* JLink Info: ETM fitted.
ROMTableAddr = 0xE00FF003
 
Target info:
------------
Device: STM32F429IG
VTarget = 3.267V
State of Pins: 
TCK: 0, TDI: 0, TDO: 0, TMS: 0, TRES: 1, TRST: 0
Hardware-Breakpoints: 6
Software-Breakpoints: 8192
Watchpoints:          4
JTAG speed: 1000 kHz
 
Erase Done.
Programming Done.
Verify OK.
Application running ...
bm" was set but never used
        int16_t rdbm = 0;
..\Core\User\UI_app.c: 9 warnings, 0 errors
compiling keyboard_app.c...
compiling joystick_app.c...
..\Core\User\joystick_app.c(47): warning:  #177-D: variable "i_temp" was declared but never referenced
        uint16_t J_Temp = 0, i_temp = 0;
..\Core\User\joystick_app.c(48): warning:  #177-D: variable "count_temp" was declared but never referenced
        int count_temp = 0;
..\Core\User\joystick_app.c(268): warning:  #177-D: variable "debugbuffer" was declared but never referenced
        u8 debugbuffer[32];
..\Core\User\joystick_app.c(409): warning:  #177-D: variable "debugbuffer" was declared but never referenced
        u8 debugbuffer[32];
..\Core\User\joystick_app.c: 4 warnings, 0 errors
compiling Xtend_900.c...
compiling m_flash.c...
compiling RFSession.c...
..\Core\User\RFSession.c(163): warning:  #177-D: variable "i" was declared but never referenced
        int i;
..\Core\User\RFSession.c(773): warning:  #177-D: variable "percent" was declared but never referenced
        float percent;
..\Core\User\RFSession.c(774): warning:  #177-D: variable "tempvalue" was declared but never referenced
        int tempvalue;
..\Core\User\RFSession.c(2651): warning:  #177-D: variable "endindex" was declared but never referenced
        int endindex = startindex + len;
..\Core\User\RFSession.c: 4 warnings, 0 errors
linking...
Program Size: Code=125520 RO-data=263896 RW-data=3860 ZI-data=4385364  
FromELF: creating hex file...
".\STM32F429I-Discovery_Demo\jizuo433\V5_Remote_controller.axf" - 0 Error(s), 22 Warning(s).
Load "E:\\1_√˙’¬\\9_software\\Project\\18_Yunzhou_remote(V5.1.8_∂Êª˙œ‘ æ)\\MDK-ARM\\STM32F429I-Discovery_Demo\\jizuo433\\V5_Remote_controller.axf" 
Set JLink Project File to "E:\1_√˙’¬\9_software\Project\18_Yunzhou_remote(V5.1.8_∂Êª˙œ‘ æ)\MDK-ARM\JLinkSettings.ini"
* JLink Info: Device "STM32F429IG" selected (1024 KB flash, 192 KB RAM).
 
JLink info:
------------
DLL: V4.91b, compiled Sep 15 2014 09:17:56
Firmware: J-Link ARM V8 compiled Jan 31 2018 18:34:52
Hardware: V8.00
S/N : 20080643 
Feature(s) : RDI,FlashDL,FlashBP,JFlash,GDBFull 
 
* JLink Info: Found SWD-DP with ID 0x2BA01477
* JLink Info: Found SWD-DP with ID 0x2BA01477
* JLink Info: Found Cortex-M4 r0p1, Little endian.
* JLink Info: FPUnit: 6 code (BP) slots and 2 literal slots
* JLink Info: TPIU fitted.
* JLink Info: ETM fitted.
ROMTableAddr = 0xE00FF003
 
Target info:
------------
Device: STM32F429IG
VTarget = 3.254V
State of Pins: 
TCK: 0, TDI: 0, TDO: 0, TMS: 0, TRES: 1, TRST: 0
Hardware-Breakpoints: 6
Software-Breakpoints: 8192
Watchpoints:          4
JTAG speed: 1000 kHz
 
Erase Done.
Programming Done.
Verify OK.
Application running ...
oftware\\Project\\18_Yunzhou_remote(V5.1.8_∂Êª˙œ‘ æ)\\MDK-ARM\\STM32F429I-Discovery_Demo\\jizuo433\\V5_Remote_controller.axf" 
Set JLink Project File to "E:\1_√˙’¬\9_software\Project\18_Yunzhou_remote(V5.1.8_∂Êª˙œ‘ æ)\MDK-ARM\JLinkSettings.ini"
* JLink Info: Device "STM32F429IG" selected (1024 KB flash, 192 KB RAM).
 
JLink info:
------------
DLL: V4.91b, compiled Sep 15 2014 09:17:56
Firmware: J-Link ARM V8 compiled Jan 31 2018 18:34:52
Hardware: V8.00
S/N : 20080643 
Feature(s) : RDI,FlashDL,FlashBP,JFlash,GDBFull 
 
* JLink Info: Found SWD-DP with ID 0x2BA01477
* JLink Info: Found SWD-DP with ID 0x2BA01477
* JLink Info: Found Cortex-M4 r0p1, Little endian.
* JLink Info: FPUnit: 6 code (BP) slots and 2 literal slots
* JLink Info: TPIU fitted.
* JLink Info: ETM fitted.
ROMTableAddr = 0xE00FF003
**JLink Warning: T-bit of XPSR is 0 but should be 1. Changed to 1.
 
Target info:
------------
Device: STM32F429IG
VTarget = 3.267V
State of Pins: 
TCK: 0, TDI: 0, TDO: 0, TMS: 0, TRES: 1, TRST: 0
Hardware-Breakpoints: 6
Software-Breakpoints: 8192
Watchpoints:          4
JTAG speed: 2000 kHz
 
**JLink Warning: T-bit of XPSR is 0 but should be 1. Changed to 1.
**JLink Warning: T-bit of XPSR is 0 but should be 1. Changed to 1.
Erase Failed!
Error: Flash Download failed  -  "Cortex-M4"
Load "E:\\1_√˙’¬\\9_software\\Project\\18_Yunzhou_remote(V5.1.8_∂Êª˙œ‘ æ)\\MDK-ARM\\STM32F429I-Discovery_Demo\\jizuo433\\V5_Remote_controller.axf" 
Set JLink Project File to "E:\1_√˙’¬\9_software\Project\18_Yunzhou_remote(V5.1.8_∂Êª˙œ‘ æ)\MDK-ARM\JLinkSettings.ini"
* JLink Info: Device "STM32F429IG" selected (1024 KB flash, 192 KB RAM).
 
JLink info:
------------
DLL: V4.91b, compiled Sep 15 2014 09:17:56
Firmware: J-Link ARM V8 compiled Jan 31 2018 18:34:52
Hardware: V8.00
S/N : 20080643 
Feature(s) : RDI,FlashDL,FlashBP,JFlash,GDBFull 
 
* JLink Info: Found SWD-DP with ID 0x2BA01477
* JLink Info: Found SWD-DP with ID 0x2BA01477
* JLink Info: Found Cortex-M4 r0p1, Little endian.
* JLink Info: FPUnit: 6 code (BP) slots and 2 literal slots
* JLink Info: TPIU fitted.
* JLink Info: ETM fitted.
ROMTableAddr = 0xE00FF003
 
Target info:
------------
Device: STM32F429IG
VTarget = 3.267V
State of Pins: 
TCK: 0, TDI: 0, TDO: 0, TMS: 0, TRES: 1, TRST: 0
Hardware-Breakpoints: 6
Software-Breakpoints: 8192
Watchpoints:          4
JTAG speed: 1000 kHz
 
Erase Done.
Programming Done.
Verify OK.
Application running ...
