<html>
<body>
<pre>
<h1>µVision Build Log</h1>
<h2>Tool Versions:</h2>
IDE-Version: ¦ÌVision V5.12.0.0
Copyright (C) 2014 ARM Ltd and ARM Germany GmbH. All rights reserved.
License Information: Sim Zhao, yunzhou-tech, LIC=BL2Y8-3XAFK-WII5K-ZZC32-G59IY-FVTV0
 
Tool Versions:
Toolchain:       MDK-ARM Professional  Version: 5.12.0.0
Toolchain Path:  d:\Keil_v5\ARM\ARMCC\Bin
C Compiler:      Armcc.exe V5.05 (build 41)
Assembler:       Armasm.exe V5.05 (build 41)
Linker/Locator:  ArmLink.exe V5.05 (build 41)
Library Manager: ArmAr.exe V5.05 (build 41)
Hex Converter:   FromElf.exe V5.05 (build 41)
CPU DLL:         SARMCM3.DLL V5.12.0.0
Dialog DLL:      DCM.DLL V1.13.0.0
    Target DLL: Segger\JL2CM3.dll
Dialog DLL:      TCM.DLL V1.14.2.0
 
<h2>Project:</h2>
E:\1_ÃúÕÂ\9_software\Project\18_Yunzhou_remote(V5.1.7_433jizuo)\MDK-ARM\V5_Remote_Controller.uvproj
Project File Date:  10/09/2015

<h2>Output:</h2>
Build target 'jizuo433'
compiling Xtend_900.c...
..\Core\User\Xtend_900.c(363): warning:  #940-D: missing return statement at end of non-void function "get_TX_Power"
  }
..\Core\User\Xtend_900.c: 1 warning, 0 errors
linking...
Program Size: Code=126104 RO-data=263896 RW-data=3860 ZI-data=4385364  
FromELF: creating hex file...
".\STM32F429I-Discovery_Demo\jizuo433\V5_Remote_controller.axf" - 0 Error(s), 1 Warning(s).
Load "E:\\1_ÃúÕÂ\\9_software\\Project\\18_Yunzhou_remote(V5.1.7_433jizuo)\\MDK-ARM\\STM32F429I-Discovery_Demo\\jizuo433\\V5_Remote_controller.axf" 
Set JLink Project File to "E:\1_ÃúÕÂ\9_software\Project\18_Yunzhou_remote(V5.1.7_433jizuo)\MDK-ARM\JLinkSettings.ini"
* JLink Info: Device "STM32F429IG" selected (1024 KB flash, 192 KB RAM).
 
JLink info:
------------
DLL: V4.91b, compiled Sep 15 2014 09:17:56
Firmware: J-Link ARM V8 compiled Jan 31 2018 18:34:52
Hardware: V8.00
S/N : 20080643 
Feature(s) : RDI,FlashDL,FlashBP,JFlash,GDBFull 
 
* JLink Info: Found SWD-DP with ID 0x2BA01477
* JLink Info: Found SWD-DP with ID 0x2BA01477
* JLink Info: Found Cortex-M4 r0p1, Little endian.
* JLink Info: FPUnit: 6 code (BP) slots and 2 literal slots
* JLink Info: TPIU fitted.
* JLink Info: ETM fitted.
ROMTableAddr = 0xE00FF003
 
Target info:
------------
Device: STM32F429IG
VTarget = 3.254V
State of Pins: 
TCK: 0, TDI: 0, TDO: 0, TMS: 0, TRES: 1, TRST: 0
Hardware-Breakpoints: 6
Software-Breakpoints: 8192
Watchpoints:          4
JTAG speed: 2000 kHz
 
Erase Done.
Programming Done.
Verify OK.
Application running ...
re\Project\18_Yunzhou_remote(V5.1.7_433jizuo)\MDK-ARM\JLinkSettings.ini"
* JLink Info: Device "STM32F429IG" selected (1024 KB flash, 192 KB RAM).
 
JLink info:
------------
DLL: V4.91b, compiled Sep 15 2014 09:17:56
Firmware: J-Link ARM V8 compiled Jan 31 2018 18:34:52
Hardware: V8.00
S/N : 20080643 
Feature(s) : RDI,FlashDL,FlashBP,JFlash,GDBFull 
 
* JLink Info: Found SWD-DP with ID 0x2BA01477
* JLink Info: Found SWD-DP with ID 0x2BA01477
* JLink Info: Found Cortex-M4 r0p1, Little endian.
* JLink Info: FPUnit: 6 code (BP) slots and 2 literal slots
* JLink Info: TPIU fitted.
* JLink Info: ETM fitted.
ROMTableAddr = 0xE00FF003
 
Target info:
------------
Device: STM32F429IG
VTarget = 3.248V
State of Pins: 
TCK: 0, TDI: 0, TDO: 0, TMS: 0, TRES: 1, TRST: 0
Hardware-Breakpoints: 6
Software-Breakpoints: 8192
Watchpoints:          4
JTAG speed: 2000 kHz
 
Erase Done.
Programming Done.
Verify OK.
Application running ...
 "i_temp" was declared but never referenced
        uint16_t J_Temp = 0, i_temp = 0;
..\Core\User\joystick_app.c(48): warning:  #177-D: variable "count_temp" was declared but never referenced
        int count_temp = 0;
..\Core\User\joystick_app.c(268): warning:  #177-D: variable "debugbuffer" was declared but never referenced
        u8 debugbuffer[32];
..\Core\User\joystick_app.c(409): warning:  #177-D: variable "debugbuffer" was declared but never referenced
        u8 debugbuffer[32];
..\Core\User\joystick_app.c: 4 warnings, 0 errors
compiling Xtend_900.c...
..\Core\User\Xtend_900.c(354): warning:  #940-D: missing return statement at end of non-void function "get_TX_Power"
  }
..\Core\User\Xtend_900.c: 1 warning, 0 errors
compiling m_flash.c...
compiling local_handle.c...
compiling base64.c...
compiling RFSession.c...
..\Core\User\RFSession.c(163): warning:  #177-D: variable "i" was declared but never referenced
        int i;
..\Core\User\RFSession.c(773): warning:  #177-D: variable "percent" was declared but never referenced
        float percent;
..\Core\User\RFSession.c(774): warning:  #177-D: variable "tempvalue" was declared but never referenced
        int tempvalue;
..\Core\User\RFSession.c(2651): warning:  #177-D: variable "endindex" was declared but never referenced
        int endindex = startindex + len;
..\Core\User\RFSession.c: 4 warnings, 0 errors
compiling set_timer.c...
compiling GUIConf.c...
compiling GUI_X_FreeRTOS.c...
compiling stm32f429i_discovery.c...
compiling stm32f429i_discovery_ioe.c...
compiling stm32f429i_discovery_lcd.c...
..\..\..\Utilities\STM32F429I-Discovery\stm32f429i_discovery_lcd.c(1595): warning:  #177-D: function "delay" was declared but never referenced
  static void delay(__IO uint32_t nCount)
..\..\..\Utilities\STM32F429I-Discovery\stm32f429i_discovery_lcd.c: 1 warning, 0 errors
compiling stm32f429i_discovery_sdram.c...
compiling usbd_hid_core.c...
compiling usbd_core.c...
compiling usbd_ioreq.c...
compiling usbd_req.c...
compiling usb_core.c...
compiling usb_dcd.c...
compiling usb_dcd_int.c...
compiling usb_hcd.c...
compiling usb_hcd_int.c...
compiling usbh_msc_bot.c...
compiling usbh_msc_core.c...
compiling usbh_msc_scsi.c...
compiling usbh_core.c...
compiling usbh_hcs.c...
compiling usbh_ioreq.c...
compiling usbh_stdreq.c...
compiling misc.c...
compiling stm32f4xx_adc.c...
compiling stm32f4xx_dcmi.c...
compiling stm32f4xx_dma.c...
compiling stm32f4xx_dma2d.c...
compiling stm32f4xx_exti.c...
compiling stm32f4xx_flash.c...
compiling stm32f4xx_fmc.c...
compiling stm32f4xx_gpio.c...
compiling stm32f4xx_i2c.c...
compiling stm32f4xx_ltdc.c...
compiling stm32f4xx_pwr.c...
compiling stm32f4xx_rcc.c...
compiling stm32f4xx_rng.c...
compiling stm32f4xx_rtc.c...
compiling stm32f4xx_sdio.c...
compiling stm32f4xx_spi.c...
compiling stm32f4xx_syscfg.c...
compiling stm32f4xx_tim.c...
compiling stm32f4xx_usart.c...
compiling GUIDRV_stm32f429i_discovery.c...
..\..\..\Libraries\STemWinLibrary522_4x9i\Config\GUIDRV_stm32f429i_discovery.c(886): warning:  #177-D: function "_LCD_DisplayOn" was declared but never referenced
  static void _LCD_DisplayOn(void) {
..\..\..\Libraries\STemWinLibrary522_4x9i\Config\GUIDRV_stm32f429i_discovery.c: 1 warning, 0 errors
compiling ff.c...
compiling syscall.c...
compiling croutine.c...
compiling list.c...
compiling queue.c...
compiling tasks.c...
compiling timers.c...
compiling heap_2.c...
compiling port_cm4.c...
linking...
Program Size: Code=126316 RO-data=263896 RW-data=3860 ZI-data=4385364  
FromELF: creating hex file...
".\STM32F429I-Discovery_Demo\jizuo433\V5_Remote_controller.axf" - 0 Error(s), 24 Warning(s).
Load "E:\\1_ÃúÕÂ\\9_software\\Project\\18_Yunzhou_remote(V5.1.7_433jizuo)\\MDK-ARM\\STM32F429I-Discovery_Demo\\jizuo433\\V5_Remote_controller.axf" 
Set JLink Project File to "E:\1_ÃúÕÂ\9_software\Project\18_Yunzhou_remote(V5.1.7_433jizuo)\MDK-ARM\JLinkSettings.ini"
* JLink Info: Device "STM32F429IG" selected (1024 KB flash, 192 KB RAM).
 
JLink info:
------------
DLL: V4.91b, compiled Sep 15 2014 09:17:56
Firmware: J-Link ARM V8 compiled Jan 31 2018 18:34:52
Hardware: V8.00
S/N : 20080643 
Feature(s) : RDI,FlashDL,FlashBP,JFlash,GDBFull 
 
* JLink Info: Found SWD-DP with ID 0x2BA01477
* JLink Info: Found SWD-DP with ID 0x2BA01477
* JLink Info: Found Cortex-M4 r0p1, Little endian.
* JLink Info: FPUnit: 6 code (BP) slots and 2 literal slots
* JLink Info: TPIU fitted.
* JLink Info: ETM fitted.
ROMTableAddr = 0xE00FF003
 
Target info:
------------
Device: STM32F429IG
VTarget = 3.261V
State of Pins: 
TCK: 0, TDI: 0, TDO: 0, TMS: 0, TRES: 1, TRST: 0
Hardware-Breakpoints: 6
Software-Breakpoints: 8192
Watchpoints:          4
JTAG speed: 2000 kHz
 
Erase Done.
Programming Done.
Verify OK.
Application running ...
