Component: ARM Compiler 5.05 update 1 (build 106) Tool: armlink [4d0efa]

==============================================================================

Section Cross References

    ds18b20.o(.text) refers to stm32f10x_gpio.o(i.GPIO_Init) for GPIO_Init
    ds18b20.o(.text) refers to setsystick.o(.text) for delay_us
    setadc.o(.text) refers to stm32f10x_rcc.o(i.RCC_APB2PeriphClockCmd) for RCC_APB2PeriphClockCmd
    setadc.o(.text) refers to stm32f10x_rcc.o(i.RCC_AHBPeriphClockCmd) for RCC_AHBPeriphClockCmd
    setadc.o(.text) refers to stm32f10x_adc.o(i.ADC_Init) for ADC_Init
    setadc.o(.text) refers to stm32f10x_adc.o(i.ADC_RegularChannelConfig) for ADC_RegularChannelConfig
    setadc.o(.text) refers to stm32f10x_adc.o(i.ADC_TempSensorVrefintCmd) for ADC_TempSensorVrefintCmd
    setadc.o(.text) refers to stm32f10x_adc.o(i.ADC_DMACmd) for ADC_DMACmd
    setadc.o(.text) refers to stm32f10x_adc.o(i.ADC_Cmd) for ADC_Cmd
    setadc.o(.text) refers to stm32f10x_adc.o(i.ADC_ResetCalibration) for ADC_ResetCalibration
    setadc.o(.text) refers to stm32f10x_adc.o(i.ADC_GetResetCalibrationStatus) for ADC_GetResetCalibrationStatus
    setadc.o(.text) refers to stm32f10x_adc.o(i.ADC_StartCalibration) for ADC_StartCalibration
    setadc.o(.text) refers to stm32f10x_adc.o(i.ADC_GetCalibrationStatus) for ADC_GetCalibrationStatus
    setadc.o(.text) refers to stm32f10x_adc.o(i.ADC_SoftwareStartConvCmd) for ADC_SoftwareStartConvCmd
    setadc.o(.text) refers to stm32f10x_dma.o(i.DMA_DeInit) for DMA_DeInit
    setadc.o(.text) refers to stm32f10x_dma.o(i.DMA_Init) for DMA_Init
    setadc.o(.text) refers to stm32f10x_dma.o(i.DMA_Cmd) for DMA_Cmd
    setadc.o(.text) refers to setadc.o(.bss) for ADCConvert
    settimer.o(.text) refers to stm32f10x_rcc.o(i.RCC_APB2PeriphClockCmd) for RCC_APB2PeriphClockCmd
    settimer.o(.text) refers to stm32f10x_rcc.o(i.RCC_APB1PeriphClockCmd) for RCC_APB1PeriphClockCmd
    settimer.o(.text) refers to misc.o(i.NVIC_PriorityGroupConfig) for NVIC_PriorityGroupConfig
    settimer.o(.text) refers to misc.o(i.NVIC_Init) for NVIC_Init
    settimer.o(.text) refers to stm32f10x_tim.o(i.TIM_TimeBaseInit) for TIM_TimeBaseInit
    settimer.o(.text) refers to stm32f10x_tim.o(i.TIM_ClearFlag) for TIM_ClearFlag
    settimer.o(.text) refers to stm32f10x_tim.o(i.TIM_ITConfig) for TIM_ITConfig
    settimer.o(.text) refers to stm32f10x_tim.o(i.TIM_Cmd) for TIM_Cmd
    settimer.o(.text) refers to stm32f10x_tim.o(i.TIM_GetITStatus) for TIM_GetITStatus
    setgpio.o(.text) refers to stm32f10x_rcc.o(i.RCC_APB2PeriphClockCmd) for RCC_APB2PeriphClockCmd
    setgpio.o(.text) refers to stm32f10x_gpio.o(i.GPIO_StructInit) for GPIO_StructInit
    setgpio.o(.text) refers to stm32f10x_gpio.o(i.GPIO_Init) for GPIO_Init
    setgpio.o(.text) refers to stm32f10x_gpio.o(i.GPIO_PinRemapConfig) for GPIO_PinRemapConfig
    gps.o(.text) refers to setuart.o(.text) for Uart_PutChar
    gps.o(.text) refers to setsystick.o(.text) for delay_us
    gps.o(.text) refers to navigation_box_led.o(.text) for Nbl_Led_toggle
    gps.o(.text) refers to gps.o(.data) for gps_uart
    gps.o(.text) refers to gps.o(.bss) for GPS_Command_Buffer
    hmc6343.o(.text) refers to setsystick.o(.text) for delay_us
    hmc6343.o(.text) refers to hmc6343.o(.data) for heading_msb
    navigation_box_led.o(.text) refers to stm32f10x_gpio.o(i.GPIO_ResetBits) for GPIO_ResetBits
    navigation_box_led.o(.text) refers to stm32f10x_gpio.o(i.GPIO_SetBits) for GPIO_SetBits
    navigation_box_led.o(.text) refers to stm32f10x_gpio.o(i.GPIO_ReadOutputDataBit) for GPIO_ReadOutputDataBit
    navigation_box_led.o(.text) refers to stm32f10x_gpio.o(i.GPIO_StructInit) for GPIO_StructInit
    navigation_box_led.o(.text) refers to stm32f10x_gpio.o(i.GPIO_Init) for GPIO_Init
    setgpio_1.o(.text) refers to stm32f10x_rcc.o(i.RCC_APB2PeriphClockCmd) for RCC_APB2PeriphClockCmd
    setgpio_1.o(.text) refers to stm32f10x_gpio.o(i.GPIO_StructInit) for GPIO_StructInit
    setgpio_1.o(.text) refers to stm32f10x_gpio.o(i.GPIO_Init) for GPIO_Init
    setgpio_1.o(.text) refers to stm32f10x_gpio.o(i.GPIO_PinRemapConfig) for GPIO_PinRemapConfig
    main_esc_box.o(.text) refers to setuart.o(.text) for Uart_GetChar
    main_esc_box.o(.text) refers to setcan.o(.text) for Can1_Send_Ext
    main_esc_box.o(.text) refers to esc_box_led.o(.text) for Esc_Led_toggle
    main_esc_box.o(.text) refers to setsystick.o(.text) for delay_us
    main_esc_box.o(.text) refers to esc_box_log.o(.text) for logd_uint
    main_esc_box.o(.text) refers to esc_80_yaw_control.o(.text) for yaw_set_yaw_pwm
    main_esc_box.o(.text) refers to esc_80_pump_pitch_control.o(.text) for Esc_Pump_Pitch_Middle
    main_esc_box.o(.text) refers to crc16.o(.text) for crc_calculate
    main_esc_box.o(.text) refers to rtu_485_runtime.o(.text) for Rtu_485_Runtime_send_RawCmd
    main_esc_box.o(.text) refers to main_esc_box.o(.bss) for rxmsg
    main_esc_box.o(.text) refers to main_esc_box.o(.data) for tag
[...]
    .text                                    0x0800843c   Section        2  use_no_semi.o(.text)
    .text                                    0x0800843e   Section        0  indicate_semi.o(.text)
    i.ADC_Cmd                                0x0800843e   Section        0  stm32f10x_adc.o(i.ADC_Cmd)
    i.ADC_DMACmd                             0x08008450   Section        0  stm32f10x_adc.o(i.ADC_DMACmd)
    i.ADC_GetCalibrationStatus               0x08008462   Section        0  stm32f10x_adc.o(i.ADC_GetCalibrationStatus)
    i.ADC_GetResetCalibrationStatus          0x08008472   Section        0  stm32f10x_adc.o(i.ADC_GetResetCalibrationStatus)
    i.ADC_Init                               0x08008484   Section        0  stm32f10x_adc.o(i.ADC_Init)
    i.ADC_RegularChannelConfig               0x080084d4   Section        0  stm32f10x_adc.o(i.ADC_RegularChannelConfig)
    i.ADC_ResetCalibration                   0x08008564   Section        0  stm32f10x_adc.o(i.ADC_ResetCalibration)
    i.ADC_SoftwareStartConvCmd               0x0800856e   Section        0  stm32f10x_adc.o(i.ADC_SoftwareStartConvCmd)
    i.ADC_StartCalibration                   0x08008580   Section        0  stm32f10x_adc.o(i.ADC_StartCalibration)
    i.CAN_DeInit                             0x0800858a   Section        0  stm32f10x_can.o(i.CAN_DeInit)
    i.CAN_FilterInit                         0x080085c4   Section        0  stm32f10x_can.o(i.CAN_FilterInit)
    i.CAN_GetITStatus                        0x080086a8   Section        0  stm32f10x_can.o(i.CAN_GetITStatus)
    i.CAN_ITConfig                           0x08008790   Section        0  stm32f10x_can.o(i.CAN_ITConfig)
    i.CAN_Init                               0x080087a0   Section        0  stm32f10x_can.o(i.CAN_Init)
    i.CAN_Receive                            0x08008894   Section        0  stm32f10x_can.o(i.CAN_Receive)
    i.CAN_StructInit                         0x08008946   Section        0  stm32f10x_can.o(i.CAN_StructInit)
    i.CAN_Transmit                           0x08008966   Section        0  stm32f10x_can.o(i.CAN_Transmit)
    i.CAN_TransmitStatus                     0x08008a1e   Section        0  stm32f10x_can.o(i.CAN_TransmitStatus)
    i.DMA_ClearITPendingBit                  0x08008aa0   Section        0  stm32f10x_dma.o(i.DMA_ClearITPendingBit)
    i.DMA_Cmd                                0x08008ab4   Section        0  stm32f10x_dma.o(i.DMA_Cmd)
    i.DMA_DeInit                             0x08008ac8   Section        0  stm32f10x_dma.o(i.DMA_DeInit)
    i.DMA_GetITStatus                        0x08008bd0   Section        0  stm32f10x_dma.o(i.DMA_GetITStatus)
    i.DMA_ITConfig                           0x08008bf0   Section        0  stm32f10x_dma.o(i.DMA_ITConfig)
    i.DMA_Init                               0x08008c00   Section        0  stm32f10x_dma.o(i.DMA_Init)
    i.FLASH_ClearFlag                        0x08008c48   Section        0  stm32f10x_flash.o(i.FLASH_ClearFlag)
    i.FLASH_ErasePage                        0x08008c54   Section        0  stm32f10x_flash.o(i.FLASH_ErasePage)
    i.FLASH_Lock                             0x08008c98   Section        0  stm32f10x_flash.o(i.FLASH_Lock)
    i.FLASH_PrefetchBufferCmd                0x08008ca8   Section        0  stm32f10x_flash.o(i.FLASH_PrefetchBufferCmd)
    i.FLASH_ProgramWord                      0x08008cc0   Section        0  stm32f10x_flash.o(i.FLASH_ProgramWord)
    i.FLASH_SetLatency                       0x08008d10   Section        0  stm32f10x_flash.o(i.FLASH_SetLatency)
    i.FLASH_Unlock                           0x08008d24   Section        0  stm32f10x_flash.o(i.FLASH_Unlock)
    i.FLASH_WaitForLastOperation             0x08008d3c   Section        0  stm32f10x_flash.o(i.FLASH_WaitForLastOperation)
    i.GPIO_Init                              0x08008da8   Section        0  stm32f10x_gpio.o(i.GPIO_Init)
    i.GPIO_PinRemapConfig                    0x08008e74   Section        0  stm32f10x_gpio.o(i.GPIO_PinRemapConfig)
    i.GPIO_ReadInputDataBit                  0x08008ecc   Section        0  stm32f10x_gpio.o(i.GPIO_ReadInputDataBit)
    i.GPIO_ReadOutputDataBit                 0x08008eda   Section        0  stm32f10x_gpio.o(i.GPIO_ReadOutputDataBit)
    i.GPIO_ResetBits                         0x08008ee8   Section        0  stm32f10x_gpio.o(i.GPIO_ResetBits)
    i.GPIO_SetBits                           0x08008eec   Section        0  stm32f10x_gpio.o(i.GPIO_SetBits)
    i.GPIO_StructInit                        0x08008ef0   Section        0  stm32f10x_gpio.o(i.GPIO_StructInit)
    i.NVIC_Init                              0x08008f00   Section        0  misc.o(i.NVIC_Init)
    i.NVIC_PriorityGroupConfig               0x08008f6c   Section        0  misc.o(i.NVIC_PriorityGroupConfig)
    i.NVIC_SetVectorTable                    0x08008f80   Section        0  misc.o(i.NVIC_SetVectorTable)
    i.RCC_ADCCLKConfig                       0x08008f94   Section        0  stm32f10x_rcc.o(i.RCC_ADCCLKConfig)
    i.RCC_AHBPeriphClockCmd                  0x08008fa8   Section        0  stm32f10x_rcc.o(i.RCC_AHBPeriphClockCmd)
    i.RCC_APB1PeriphClockCmd                 0x08008fc0   Section        0  stm32f10x_rcc.o(i.RCC_APB1PeriphClockCmd)
    i.RCC_APB1PeriphResetCmd                 0x08008fd8   Section        0  stm32f10x_rcc.o(i.RCC_APB1PeriphResetCmd)
    i.RCC_APB2PeriphClockCmd                 0x08008ff0   Section        0  stm32f10x_rcc.o(i.RCC_APB2PeriphClockCmd)
    i.RCC_DeInit                             0x08009008   Section        0  stm32f10x_rcc.o(i.RCC_DeInit)
    i.RCC_GetClocksFreq                      0x08009048   Section        0  stm32f10x_rcc.o(i.RCC_GetClocksFreq)
    i.RCC_GetFlagStatus                      0x080090ec   Section        0  stm32f10x_rcc.o(i.RCC_GetFlagStatus)
    i.RCC_GetSYSCLKSource                    0x0800911c   Section        0  stm32f10x_rcc.o(i.RCC_GetSYSCLKSource)
    i.RCC_HCLKConfig                         0x0800912c   Section        0  stm32f10x_rcc.o(i.RCC_HCLKConfig)
    i.RCC_HSEConfig                          0x08009140   Section        0  stm32f10x_rcc.o(i.RCC_HSEConfig)
    i.RCC_HSICmd                             0x08009178   Section        0  stm32f10x_rcc.o(i.RCC_HSICmd)
    i.RCC_PCLK1Config                        0x08009184   Section        0  stm32f10x_rcc.o(i.RCC_PCLK1Config)
    i.RCC_PCLK2Config                        0x08009198   Section        0  stm32f10x_rcc.o(i.RCC_PCLK2Config)
    i.RCC_PLLCmd                             0x080091ac   Section        0  stm32f10x_rcc.o(i.RCC_PLLCmd)
    i.RCC_PLLConfig                          0x080091b8   Section        0  stm32f10x_rcc.o(i.RCC_PLLConfig)
    i.RCC_SYSCLKConfig                       0x080091cc   Section        0  stm32f10x_rcc.o(i.RCC_SYSCLKConfig)
    i.RCC_WaitForHSEStartUp                  0x080091e0   Section        0  stm32f10x_rcc.o(i.RCC_WaitForHSEStartUp)
    i.SysTick_CLKSourceConfig                0x08009214   Section        0  misc.o(i.SysTick_CLKSourceConfig)
    i.TIM_ARRPreloadConfig                   0x0800922a   Section        0  stm32f10x_tim.o(i.TIM_ARRPreloadConfig)
    i.TIM_ClearFlag                          0x08009240   Section        0  stm32f10x_tim.o(i.TIM_ClearFlag)
    i.TIM_Cmd                                0x08009246   Section        0  stm32f10x_tim.o(i.TIM_Cmd)
    i.TIM_CtrlPWMOutputs                     0x0800925c   Section        0  stm32f10x_tim.o(i.TIM_CtrlPWMOutputs)
    i.TIM_GetITStatus                        0x08009272   Section        0  stm32f10x_tim.o(i.TIM_GetITStatus)
    i.TIM_ITConfig                           0x0800928c   Section        0  stm32f10x_tim.o(i.TIM_ITConfig)
    i.TIM_OC2Init                            0x0800929c   Section        0  stm32f10x_tim.o(i.TIM_OC2Init)
    i.TIM_OC2PreloadConfig                   0x08009320   Section        0  stm32f10x_tim.o(i.TIM_OC2PreloadConfig)
    i.TIM_OC3Init                            0x0800932e   Section        0  stm32f10x_tim.o(i.TIM_OC3Init)
    i.TIM_OC3PreloadConfig                   0x080093ae   Section        0  stm32f10x_tim.o(i.TIM_OC3PreloadConfig)
    i.TIM_OC4Init                            0x080093bc   Section        0  stm32f10x_tim.o(i.TIM_OC4Init)
    i.TIM_OC4PreloadConfig                   0x08009422   Section        0  stm32f10x_tim.o(i.TIM_OC4PreloadConfig)
    i.TIM_OCStructInit                       0x08009430   Section        0  stm32f10x_tim.o(i.TIM_OCStructInit)
    i.TIM_TimeBaseInit                       0x08009444   Section        0  stm32f10x_tim.o(i.TIM_TimeBaseInit)
    i.USART_Cmd                              0x08009480   Section        0  stm32f10x_usart.o(i.USART_Cmd)
    i.USART_GetFlagStatus                    0x08009492   Section        0  stm32f10x_usart.o(i.USART_GetFlagStatus)
    i.USART_GetITStatus                      0x080094a0   Section        0  stm32f10x_usart.o(i.USART_GetITStatus)
    i.USART_ITConfig                         0x080094e4   Section        0  stm32f10x_usart.o(i.USART_ITConfig)
    i.USART_Init                             0x08009514   Section        0  stm32f10x_usart.o(i.USART_Init)
    i.USART_ReceiveData                      0x080095a4   Section        0  stm32f10x_usart.o(i.USART_ReceiveData)
    i.USART_SendData                         0x080095ac   Section        0  stm32f10x_usart.o(i.USART_SendData)
    i.USART_StructInit                       0x080095b4   Section        0  stm32f10x_usart.o(i.USART_StructInit)
    x$fpl$ffltu                              0x080095cc   Section       38  fflt_clz.o(x$fpl$ffltu)
    x$fpl$usenofp                            0x080095f2   Section        0  usenofp.o(x$fpl$usenofp)
    .data                                    0x20000000   Section        6  main_esc_box.o(.data)
    tag                                      0x20000004   Data           1  main_esc_box.o(.data)
    index                                    0x20000005   Data           1  main_esc_box.o(.data)
    .data                                    0x20000008   Section        4  adc_config.o(.data)
    .data                                    0x2000000c   Section        4  esc_box_led.o(.data)
    led_count                                0x2000000c   Data           4  esc_box_led.o(.data)
    .data                                    0x20000010   Section        4  esc_80_pump_pitch_control.o(.data)
    .data                                    0x20000014   Section       45  esc_80_yaw_control.o(.data)
    step                                     0x20000040   Data           1  esc_80_yaw_control.o(.data)
    .data                                    0x20000044   Section       48  rtu_485_runtime.o(.data)
    _485_device_seq                          0x20000071   Data           1  rtu_485_runtime.o(.data)
    step                                     0x20000072   Data           1  rtu_485_runtime.o(.data)
    step                                     0x20000073   Data           1  rtu_485_runtime.o(.data)
    .data                                    0x20000074   Section       13  esc_can_listener.o(.data)
    step                                     0x20000080   Data           1  esc_can_listener.o(.data)
    .data                                    0x20000082   Section       10  esc_box_ke4_speed.o(.data)
    .data                                    0x2000008c   Section        1  esc_limit_alarm.o(.data)
    .data                                    0x20000090   Section       12  rtu_485.o(.data)
    .data                                    0x2000009c   Section        6  setcan.o(.data)
    .data                                    0x200000a4   Section        4  setclock.o(.data)
    .data                                    0x200000a8   Section       13  setsystick.o(.data)
    .data                                    0x200000b8   Section       12  setuart.o(.data)
    .data                                    0x200000c4   Section        5  system_error_status.o(.data)
    .data                                    0x200000cc   Section        4  iap_jumper.o(.data)
    .data                                    0x200000d0   Section       20  stm32f10x_rcc.o(.data)
    ADCPrescTable                            0x200000d0   Data           4  stm32f10x_rcc.o(.data)
    APBAHBPrescTable                         0x200000d4   Data          16  stm32f10x_rcc.o(.data)
    .bss                                     0x200000e4   Section     3388  main_esc_box.o(.bss)
    data                                     0x20000e00   Data          32  main_esc_box.o(.bss)
    .bss                                     0x20000e20   Section      180  adc_config.o(.bss)
    escADCConvert                            0x20000e20   Data         180  adc_config.o(.bss)
    .bss                                     0x20000ed4   Section       12  esc_box_led.o(.bss)
    led_toggle_ms                            0x20000ed4   Data          12  esc_box_led.o(.bss)
    .bss                                     0x20000ee0   Section       12  esc_80_yaw_control.o(.bss)
    .bss                                     0x20000eec   Section      688  rtu_485_runtime.o(.bss)
    .bss                                     0x2000119c   Section       20  esc_can_listener.o(.bss)
    .bss                                     0x200011b0   Section      272  rtu_485.o(.bss)
    .bss                                     0x200012c0   Section     4088  setcan.o(.bss)
    .bss                                     0x200022b8   Section      296  iap_jumper.o(.bss)
    aip_decoder                              0x200022b8   Data         148  iap_jumper.o(.bss)
    .bss                                     0x200023e0   Section       96  libspace.o(.bss)
    HEAP                                     0x20002440   Section      512  startup_stm32f10x_md.o(HEAP)
    Heap_Mem                                 0x20002440   Data         512  startup_stm32f10x_md.o(HEAP)
    STACK                                    0x20002640   Section     1024  startup_stm32f10x_md.o(STACK)
    Stack_Mem                                0x20002640   Data        1024  startup_stm32f10x_md.o(STACK)
    __initial_sp                             0x20002a40   Data           0  startup_stm32f10x_md.o(STACK)

    Global Symbols

    Symbol Name                              Value     Ov Type        Size  Object(Section)

    BuildAttributes$$THM_ISAv4$P$D$K$B$S$PE$A:L22UL41UL21$X:L11$S22US41US21$IEEE1$IW$USESV6$~STKCKD$USESV7$~SHL$OTIME$ROPI$EBA8$UX$STANDARDLIB$REQ8$PRES8$EABIv2 0x00000000   Number         0  anon$$obj.o ABSOLUTE
    __ARM_use_no_argv                        0x00000000   Number         0  main.o ABSOLUTE
    __ARM_exceptions_init                     - Undefined Weak Reference
    __alloca_initialize                       - Undefined Weak Reference
    __arm_preinit_                            - Undefined Weak Reference
    __cpp_initialize__aeabi_                  - Undefined Weak Reference
    __cxa_finalize                            - Undefined Weak Reference
    __rt_locale                               - Undefined Weak Reference
    __sigvec_lookup                           - Undefined Weak Reference
    _atexit_init                              - Undefined Weak Reference
    _call_atexit_fns                          - Undefined Weak Reference
    _clock_init                               - Undefined Weak Reference
    _fp_trap_init                             - Undefined Weak Reference
    _fp_trap_shutdown                         - Undefined Weak Reference
    _get_lc_collate                           - Undefined Weak Reference
    _get_lc_ctype                             - Undefined Weak Reference
    _get_lc_monetary                          - Undefined Weak Reference
    _get_lc_numeric                           - Undefined Weak Reference
    _get_lc_time                              - Undefined Weak Reference
    _getenv_init                              - Undefined Weak Reference
    _handle_redirection                       - Undefined Weak Reference
    _init_alloc                               - Undefined Weak Reference
    _init_user_alloc                          - Undefined Weak Reference
    _initio                                   - Undefined Weak Reference
    _rand_init                                - Undefined Weak Reference
    _signal_finish                            - Undefined Weak Reference
    _signal_init                              - Undefined Weak Reference
    _terminate_alloc                          - Undefined Weak Reference
    _terminate_user_alloc                     - Undefined Weak Reference
    _terminateio                              - Undefined Weak Reference
    main_deinit                               - Undefined Weak Reference
    __Vectors_Size                           0x000000ec   Number         0  startup_stm32f10x_md.o ABSOLUTE
    __Vectors                                0x08004000   Data           4  startup_stm32f10x_md.o(RESET)
    __Vectors_End                            0x080040ec   Data           0  startup_stm32f10x_md.o(RESET)
    __main                                   0x080040ed   Thumb Code     8  __main.o(!!!main)
    __scatterload                            0x080040f5   Thumb Code     0  __scatter.o(!!!scatter)
    __scatterload_rt2                        0x080040f5   Thumb Code    44  __scatter.o(!!!scatter)
    __scatterload_rt2_thumb_only             0x080040f5   Thumb Code     0  __scatter.o(!!!scatter)
    __scatterload_null                       0x08004103   Thumb Code     0  __scatter.o(!!!scatter)
    __scatterload_copy                       0x08004129   Thumb Code    26  __scatter_copy.o(!!handler_copy)
    __scatterload_zeroinit                   0x08004145   Thumb Code    28  __scatter_zi.o(!!handler_zi)
    __rt_lib_init                            0x08004161   Thumb Code     0  libinit.o(.ARM.Collect$$libinit$$00000000)
    __rt_lib_init_alloca_1                   0x08004163   Thumb Code     0  libinit2.o(.ARM.Collect$$libinit$$0000002E)
    __rt_lib_init_argv_1                     0x08004163   Thumb Code     0  libinit2.o(.ARM.Collect$$libinit$$0000002C)
    __rt_lib_init_atexit_1                   0x08004163   Thumb Code     0  libinit2.o(.ARM.Collect$$libinit$$0000001B)
    __rt_lib_init_clock_1                    0x08004163   Thumb Code     0  libinit2.o(.ARM.Collect$$libinit$$00000021)
    __rt_lib_init_cpp_1                      0x08004163   Thumb Code     0  libinit2.o(.ARM.Collect$$libinit$$00000032)
    __rt_lib_init_exceptions_1               0x08004163   Thumb Code     0  libinit2.o(.ARM.Collect$$libinit$$00000030)
    __rt_lib_init_fp_1                       0x08004163   Thumb Code     0  libinit2.o(.ARM.Collect$$libinit$$00000002)
    __rt_lib_init_fp_trap_1                  0x08004163   Thumb Code     0  libinit2.o(.ARM.Collect$$libinit$$0000001F)
    __rt_lib_init_getenv_1                   0x08004163   Thumb Code     0  libinit2.o(.ARM.Collect$$libinit$$00000023)
    __rt_lib_init_heap_1                     0x08004163   Thumb Code     0  libinit2.o(.ARM.Collect$$libinit$$0000000A)
    __rt_lib_init_lc_collate_1               0x08004163   Thumb Code     0  libinit2.o(.ARM.Collect$$libinit$$00000011)
    __rt_lib_init_lc_ctype_1                 0x08004163   Thumb Code     0  libinit2.o(.ARM.Collect$$libinit$$00000013)
    __rt_lib_init_lc_monetary_1              0x08004163   Thumb Code     0  libinit2.o(.ARM.Collect$$libinit$$00000015)
    __rt_lib_init_lc_numeric_1               0x08004163   Thumb Code     0  libinit2.o(.ARM.Collect$$libinit$$00000017)
    __rt_lib_init_lc_time_1                  0x08004163   Thumb Code     0  libinit2.o(.ARM.Collect$$libinit$$00000019)
    __rt_lib_init_preinit_1                  0x08004163   Thumb Code     0  libinit2.o(.ARM.Collect$$libinit$$00000004)
    __rt_lib_init_rand_1                     0x08004163   Thumb Code     0  libinit2.o(.ARM.Collect$$libinit$$0000000E)
    __rt_lib_init_return                     0x08004163   Thumb Code     0  libinit2.o(.ARM.Collect$$libinit$$00000033)
    __rt_lib_init_signal_1                   0x08004163   Thumb Code     0  libinit2.o(.ARM.Collect$$libinit$$0000001D)
    __rt_lib_init_stdio_1                    0x08004163   Thumb Code     0  libinit2.o(.ARM.Collect$$libinit$$00000025)
    __rt_lib_init_user_alloc_1               0x08004163   Thumb Code     0  libinit2.o(.ARM.Collect$$libinit$$0000000C)
    __rt_lib_shutdown                        0x08004165   Thumb Code     0  libshutdown.o(.ARM.Collect$$libshutdown$$00000000)
    __rt_lib_shutdown_fp_trap_1              0x08004167   Thumb Code     0  libshutdown2.o(.ARM.Collect$$libshutdown$$00000006)
    __rt_lib_shutdown_heap_1                 0x08004167   Thumb Code     0  libshutdown2.o(.ARM.Collect$$libshutdown$$0000000E)
    __rt_lib_shutdown_return                 0x08004167   Thumb Code     0  libshutdown2.o(.ARM.Collect$$libshutdown$$0000000F)
    __rt_lib_shutdown_signal_1               0x08004167   Thumb Code     0  libshutdown2.o(.ARM.Collect$$libshutdown$$00000009)
    __rt_lib_shutdown_stdio_1                0x08004167   Thumb Code     0  libshutdown2.o(.ARM.Collect$$libshutdown$$00000003)
    __rt_lib_shutdown_user_alloc_1           0x08004167   Thumb Code     0  libshutdown2.o(.ARM.Collect$$libshutdown$$0000000B)
    __rt_entry                               0x08004169   Thumb Code     0  __rtentry.o(.ARM.Collect$$rtentry$$00000000)
    __rt_entry_presh_1                       0x08004169   Thumb Code     0  __rtentry2.o(.ARM.Collect$$rtentry$$00000002)
    __rt_entry_sh                            0x08004169   Thumb Code     0  __rtentry4.o(.ARM.Collect$$rtentry$$00000004)
    __rt_entry_li                            0x0800416f   Thumb Code     0  __rtentry2.o(.ARM.Collect$$rtentry$$0000000A)
    __rt_entry_postsh_1                      0x0800416f   Thumb Code     0  __rtentry2.o(.ARM.Collect$$rtentry$$00000009)
    __rt_entry_main                          0x08004173   Thumb Code     0  __rtentry2.o(.ARM.Collect$$rtentry$$0000000D)
    __rt_entry_postli_1                      0x08004173   Thumb Code     0  __rtentry2.o(.ARM.Collect$$rtentry$$0000000C)
    __rt_exit                                0x0800417b   Thumb Code     0  rtexit.o(.ARM.Collect$$rtexit$$00000000)
    __rt_exit_ls                             0x0800417d   Thumb Code     0  rtexit2.o(.ARM.Collect$$rtexit$$00000003)
    __rt_exit_prels_1                        0x0800417d   Thumb Code     0  rtexit2.o(.ARM.Collect$$rtexit$$00000002)
    __rt_exit_exit                           0x08004181   Thumb Code     0  rtexit2.o(.ARM.Collect$$rtexit$$00000004)
    __get_PSP                                0x08004189   Thumb Code     6  core_cm3.o(.emb_text)
    __set_PSP                                0x0800418f   Thumb Code     6  core_cm3.o(.emb_text)
    __get_MSP                                0x08004195   Thumb Code     6  core_cm3.o(.emb_text)
    __set_MSP                                0x0800419b   Thumb Code     6  core_cm3.o(.emb_text)
    __REV16                                  0x080041a1   Thumb Code     4  core_cm3.o(.emb_text)
    __REVSH                                  0x080041a5   Thumb Code     4  core_cm3.o(.emb_text)
    Timer_Configuration                      0x080041a9   Thumb Code   206  settimer.o(.text)
    TIM1_UP_IRQHandler                       0x08004277   Thumb Code    40  settimer.o(.text)
    TIM2_IRQHandler                          0x0800429f   Thumb Code    40  settimer.o(.text)
    uart_echo_test                           0x080042cd   Thumb Code    28  main_esc_box.o(.text)
    test_can_send                            0x080042e9   Thumb Code    34  main_esc_box.o(.text)
    test_can1                                0x0800430b   Thumb Code    32  main_esc_box.o(.text)
    test_uart123_can1                        0x0800432b   Thumb Code    20  main_esc_box.o(.text)
    print_uint                               0x0800433f   Thumb Code    86  main_esc_box.o(.text)
    str_to_int                               0x08004395   Thumb Code    36  main_esc_box.o(.text)
    read_num_by_uart                         0x080043b9   Thumb Code   126  main_esc_box.o(.text)
    test_yaw_pwm                             0x08004437   Thumb Code    48  main_esc_box.o(.text)
    test_yaw_angle                           0x08004467   Thumb Code    48  main_esc_box.o(.text)
    test_pitch                               0x08004497   Thumb Code    86  main_esc_box.o(.text)
    test_h_bridge                            0x080044ed   Thumb Code    96  main_esc_box.o(.text)
    char_to_hex                              0x0800454d   Thumb Code    34  main_esc_box.o(.text)
    cmd_uart_485cmd                          0x0800456f   Thumb Code   172  main_esc_box.o(.text)
    dam_control_test                         0x0800461b   Thumb Code   306  main_esc_box.o(.text)
    test_can_send_msg                        0x0800474d   Thumb Code   182  main_esc_box.o(.text)
    test_ke4                                 0x08004803   Thumb Code    48  main_esc_box.o(.text)
    listen_cmd                               0x08004833   Thumb Code   188  main_esc_box.o(.text)
    dam_devices_second_init                  0x080048ef   Thumb Code   100  main_esc_box.o(.text)
    main_setup                               0x08004953   Thumb Code   148  main_esc_box.o(.text)
    main_loop                                0x080049e7   Thumb Code   158  main_esc_box.o(.text)
    Esc_GPIO_Configuration                   0x08004ae9   Thumb Code   286  setgpio_2.o(.text)
    Esc_ADC_Configuration                    0x08004c15   Thumb Code   398  adc_config.o(.text)
    DMA1_Channel1_IRQHandler                 0x08004da3   Thumb Code    30  adc_config.o(.text)
    Cali_Adc_Value                           0x08004dc1   Thumb Code    72  adc_config.o(.text)
    Get_Oil_Mass_Adc_value                   0x08004e09   Thumb Code    10  adc_config.o(.text)
    Get_ISA_Adc_value                        0x08004e13   Thumb Code    10  adc_config.o(.text)
    Get_PUMP_ANGLE_Adc_value                 0x08004e1d   Thumb Code    10  adc_config.o(.text)
    _Esc_Led_on                              0x08004e3d   Thumb Code    46  esc_box_led.o(.text)
    _Esc_Led_off                             0x08004e6b   Thumb Code    46  esc_box_led.o(.text)
    Esc_Led_toggle                           0x08004ee3   Thumb Code    28  esc_box_led.o(.text)
    Esc_Led_set_toggle                       0x08004eff   Thumb Code     8  esc_box_led.o(.text)
    Esc_Led_Event                            0x08004f07   Thumb Code    76  esc_box_led.o(.text)
    Esc_Led_on                               0x08004f53   Thumb Code    20  esc_box_led.o(.text)
    Esc_Led_off                              0x08004f67   Thumb Code    20  esc_box_led.o(.text)
    Esc_Led_Configuration                    0x08004f7b   Thumb Code   140  esc_box_led.o(.text)
    TIM3_Mode_Config                         0x08005019   Thumb Code   266  esc_80_pump_pitch_control.o(.text)
    _esc_pump_pin_control_forward            0x08005123   Thumb Code   116  esc_80_pump_pitch_control.o(.text)
    _esc_pump_pin_control_back               0x08005197   Thumb Code   116  esc_80_pump_pitch_control.o(.text)
    _esc_pump_pin_control_middle             0x0800520b   Thumb Code   116  esc_80_pump_pitch_control.o(.text)
    Esc_Pump_Pitch_Pin_Control_Config        0x0800527f   Thumb Code    16  esc_80_pump_pitch_control.o(.text)
    Esc_Pump_Pitch_Config                    0x0800528f   Thumb Code     8  esc_80_pump_pitch_control.o(.text)
    esc_set_pwmA                             0x08005297   Thumb Code    28  esc_80_pump_pitch_control.o(.text)
    esc_set_pwmB                             0x080052b3   Thumb Code    28  esc_80_pump_pitch_control.o(.text)
    esc_set_pump_pitch_pwm                   0x080052cf   Thumb Code    12  esc_80_pump_pitch_control.o(.text)
    Esc_Pump_Pitch_Back                      0x080052db   Thumb Code     8  esc_80_pump_pitch_control.o(.text)
    Esc_Pump_Pitch_Middle                    0x080052e3   Thumb Code     8  esc_80_pump_pitch_control.o(.text)
    Esc_Pump_Pitch_Forward                   0x080052eb   Thumb Code     8  esc_80_pump_pitch_control.o(.text)
    Esc_Get_Current_Value                    0x0800530d   Thumb Code    24  esc_80_yaw_control.o(.text)
    Esc_Get_Oil_Mass_Value                   0x08005325   Thumb Code    30  esc_80_yaw_control.o(.text)
    Esc_Get_Angle_Value                      0x08005343   Thumb Code    44  esc_80_yaw_control.o(.text)
    TIM1_Pwm_Config                          0x0800536f   Thumb Code   196  esc_80_yaw_control.o(.text)
    _yaw_change_pwm                          0x08005433   Thumb Code    26  esc_80_yaw_control.o(.text)
    yaw_set_yaw_pwm                          0x0800544d   Thumb Code    34  esc_80_yaw_control.o(.text)
    _yaw_control_shutdown                    0x0800546f   Thumb Code    24  esc_80_yaw_control.o(.text)
    _yaw_control_poweron                     0x08005487   Thumb Code    12  esc_80_yaw_control.o(.text)
    _yaw_control_forward                     0x08005493   Thumb Code    24  esc_80_yaw_control.o(.text)
    _yaw_control_back                        0x080054ab   Thumb Code    24  esc_80_yaw_control.o(.text)
    _yaw_control_reduce_angle_adc_value      0x080054c3   Thumb Code    14  esc_80_yaw_control.o(.text)
    _yaw_control_add_angle_adc_value         0x080054d1   Thumb Code    14  esc_80_yaw_control.o(.text)
    _yaw_control_get_direction               0x080054df   Thumb Code     6  esc_80_yaw_control.o(.text)
    _is_yaw_control_stoped                   0x080054e5   Thumb Code    16  esc_80_yaw_control.o(.text)
    _yaw_control_angle_to_adc                0x080054f5   Thumb Code    74  esc_80_yaw_control.o(.text)
    is_reach_expect_value                    0x0800553f   Thumb Code    38  esc_80_yaw_control.o(.text)
    _is_failsafe                             0x08005565   Thumb Code    26  esc_80_yaw_control.o(.text)
    yaw_control_failsafe                     0x0800557f   Thumb Code    16  esc_80_yaw_control.o(.text)
    _check_current_failsafe                  0x0800558f   Thumb Code    38  esc_80_yaw_control.o(.text)
    _check_angle_failsafe                    0x080055b5   Thumb Code    32  esc_80_yaw_control.o(.text)
    _esc_yaw_adc_update_event                0x080055d5   Thumb Code    94  esc_80_yaw_control.o(.text)
    _yaw_control_move_to_expect_adc          0x08005633   Thumb Code    50  esc_80_yaw_control.o(.text)
    _yaw_control_initFunc                    0x08005665   Thumb Code   116  esc_80_yaw_control.o(.text)
    _try_go_back_in_failsafe                 0x080056d9   Thumb Code   228  esc_80_yaw_control.o(.text)
    Esc_Yaw_Control_GetAngleAdc              0x080057bd   Thumb Code     6  esc_80_yaw_control.o(.text)
    Esc_Yaw_Control_GetCurrentAdc            0x080057c3   Thumb Code     6  esc_80_yaw_control.o(.text)
    Esc_Yaw_Control_GetOilMassAdc            0x080057c9   Thumb Code     8  esc_80_yaw_control.o(.text)
    Esc_Yaw_Control_SetAngle                 0x080057d1   Thumb Code    38  esc_80_yaw_control.o(.text)
    Esc_Yaw_Control_Event                    0x080057f7   Thumb Code   142  esc_80_yaw_control.o(.text)
    Esc_Yaw_Control_Configure                0x08005885   Thumb Code   116  esc_80_yaw_control.o(.text)
    _print_uint                              0x08005985   Thumb Code    86  esc_box_log.o(.text)
    logd                                     0x080059db   Thumb Code    14  esc_box_log.o(.text)
    logd_uint                                0x080059e9   Thumb Code    32  esc_box_log.o(.text)
    _Th11sb_config                           0x08005a11   Thumb Code    22  rtu_485_runtime.o(.text)
    _Th11sb_485_runtime                      0x08005a27   Thumb Code   158  rtu_485_runtime.o(.text)
    _dam_config                              0x08005ac5   Thumb Code    88  rtu_485_runtime.o(.text)
    _dam_485_runtime                         0x08005b1d   Thumb Code   130  rtu_485_runtime.o(.text)
    _dam_readInput_485_runtime               0x08005b9f   Thumb Code   166  rtu_485_runtime.o(.text)
    Rtu_485_Runtime_sendCmd                  0x08005c45   Thumb Code   130  rtu_485_runtime.o(.text)
    _dam_485_send_on_off_cmd                 0x08005cc7   Thumb Code    52  rtu_485_runtime.o(.text)
    Rtu_485_Runtime_send_RawCmd              0x08005cfb   Thumb Code    78  rtu_485_runtime.o(.text)
    _dam_485_send_flash                      0x08005d49   Thumb Code   154  rtu_485_runtime.o(.text)
    _dam_flash_on_off_cmd                    0x08005de3   Thumb Code   356  rtu_485_runtime.o(.text)
    _dam_flash_on_off_loop                   0x08005f47   Thumb Code    60  rtu_485_runtime.o(.text)
    Rtu_485_Dam_Cmd                          0x08005f83   Thumb Code    92  rtu_485_runtime.o(.text)
    powerAdc6_config                         0x08005fdf   Thumb Code    32  rtu_485_runtime.o(.text)
    _powerAdc_485_runtime                    0x08005fff   Thumb Code   142  rtu_485_runtime.o(.text)
    pgw636_config                            0x0800608d   Thumb Code    18  rtu_485_runtime.o(.text)
    _pgw636_485_runtime                      0x0800609f   Thumb Code   144  rtu_485_runtime.o(.text)
    _rtu_485_devices_runtime                 0x0800612f   Thumb Code   268  rtu_485_runtime.o(.text)
    _rtu_485_sendcmd_runtime                 0x0800623b   Thumb Code   132  rtu_485_runtime.o(.text)
    Rtu_485_SendCmd_runtime_loop             0x080062bf   Thumb Code   364  rtu_485_runtime.o(.text)
    Rtu_485_Devices_runtime_loop             0x0800642b   Thumb Code    78  rtu_485_runtime.o(.text)
    Rtu_485_Runtime_Configure                0x08006479   Thumb Code    40  rtu_485_runtime.o(.text)
    Rtu_485_Runtime_loop                     0x080064a1   Thumb Code   148  rtu_485_runtime.o(.text)
    handle_dam_can_cmd                       0x0800658d   Thumb Code    50  esc_can_listener.o(.text)
    Listen_Can1                              0x080065bf   Thumb Code   170  esc_can_listener.o(.text)
    Can1_Listener_Check_connect_event        0x08006669   Thumb Code    34  esc_can_listener.o(.text)
    Can1_Listener_Report_Event               0x0800668b   Thumb Code  1188  esc_can_listener.o(.text)
    is_Can1_Lost_Connect                     0x08006b2f   Thumb Code    20  esc_can_listener.o(.text)
    Ke4_Speed_Control_Loop                   0x08006b89   Thumb Code    52  esc_box_ke4_speed.o(.text)
    Ke4_Set_Speed                            0x08006bbd   Thumb Code    18  esc_box_ke4_speed.o(.text)
    Esc_Limit_Configuration                  0x08006bd9   Thumb Code    98  esc_limit_alarm.o(.text)
    Alarm_limit_Position                     0x08006c3b   Thumb Code    26  esc_limit_alarm.o(.text)
    esc_check_limit_gpio_loop                0x08006c55   Thumb Code   138  esc_limit_alarm.o(.text)
    get_esc_limit_gpio_status                0x08006cdf   Thumb Code     6  esc_limit_alarm.o(.text)
    crc_accumulate                           0x08006cf9   Thumb Code    46  crc16.o(.text)
    crc_init                                 0x08006d27   Thumb Code     8  crc16.o(.text)
    crc_calculate                            0x08006d2f   Thumb Code    38  crc16.o(.text)
    _485_cail_ack_len                        0x08006d55   Thumb Code    96  rtu_485.o(.text)
    rtu_485_ack_init                         0x08006db5   Thumb Code    28  rtu_485.o(.text)
    recive_485_parse                         0x08006dd1   Thumb Code   258  rtu_485.o(.text)
    clean_uart_buff                          0x08006ed3   Thumb Code    20  rtu_485.o(.text)
    Rtu_485_send_cmd                         0x08006ee7   Thumb Code   118  rtu_485.o(.text)
    Rtu_485_send_raw_cmd                     0x08006f5d   Thumb Code    50  rtu_485.o(.text)
    Rtu_485_Event                            0x08006f8f   Thumb Code   128  rtu_485.o(.text)
    Rtu_485_Get_Ack                          0x0800700f   Thumb Code    40  rtu_485.o(.text)
    Rtu_485_Configure                        0x08007037   Thumb Code    16  rtu_485.o(.text)
    cmdcoder_init                            0x080070bd   Thumb Code    30  cmdcoder.o(.text)
    cmdcoder_Parse_byte                      0x080070db   Thumb Code   416  cmdcoder.o(.text)
    cmdcoder_encode_and_send                 0x0800727b   Thumb Code   244  cmdcoder.o(.text)
    cmdcoder_send_bytes                      0x0800736f   Thumb Code    70  cmdcoder.o(.text)
    fifo_init                                0x080073b5   Thumb Code    22  fifo.o(.text)
    fifo_avail                               0x080073cb   Thumb Code     6  fifo.o(.text)
    fifo_free                                0x080073d1   Thumb Code    12  fifo.o(.text)
    fifo_enabled                             0x080073dd   Thumb Code     6  fifo.o(.text)
    is_fifo_overflow                         0x080073e3   Thumb Code     6  fifo.o(.text)
    fifo_put                                 0x080073e9   Thumb Code    50  fifo.o(.text)
    fifo_recovery_put                        0x0800741b   Thumb Code    68  fifo.o(.text)
    fifo_get                                 0x0800745f   Thumb Code    50  fifo.o(.text)
    fifo_void_init                           0x08007491   Thumb Code    24  fifo_void.o(.text)
    fifo_void_avail                          0x080074a9   Thumb Code    24  fifo_void.o(.text)
    fifo_void_free                           0x080074c1   Thumb Code    18  fifo_void.o(.text)
    fifo_void_enabled                        0x080074d3   Thumb Code     6  fifo_void.o(.text)
    is_fifo_void_overflow                    0x080074d9   Thumb Code     6  fifo_void.o(.text)
    fifo_void_put                            0x080074df   Thumb Code    48  fifo_void.o(.text)
    fifo_void_recovery_put                   0x0800750f   Thumb Code    60  fifo_void.o(.text)
    fifo_void_get                            0x0800754b   Thumb Code    46  fifo_void.o(.text)
    main                                     0x08007579   Thumb Code    24  main.o(.text)
    can_rx_put_cb                            0x08007591   Thumb Code    26  setcan.o(.text)
    can_rx_get_cb                            0x080075ab   Thumb Code    26  setcan.o(.text)
    can_tx_put_cb                            0x080075c5   Thumb Code    26  setcan.o(.text)
    can_tx_get_cb                            0x080075df   Thumb Code    26  setcan.o(.text)
    Can1_Configuration_mask                  0x080075f9   Thumb Code   478  setcan.o(.text)
    Can1_Configuration_withRate              0x080077d7   Thumb Code    40  setcan.o(.text)
    Can1_Configuration                       0x080077ff   Thumb Code    36  setcan.o(.text)
    Can1_Send_Message                        0x08007823   Thumb Code   126  setcan.o(.text)
    Can1_Send_Ext                            0x080078a1   Thumb Code   116  setcan.o(.text)
    Can1_Send                                0x08007915   Thumb Code   132  setcan.o(.text)
    Can1_Get_CanRxMsg                        0x08007999   Thumb Code    58  setcan.o(.text)
    USB_LP_CAN1_RX0_IRQHandler               0x080079d3   Thumb Code    54  setcan.o(.text)
    CAN1_RX1_IRQHandler                      0x08007a09   Thumb Code    22  setcan.o(.text)
    USB_HP_CAN1_TX_IRQHandler                0x08007a1f   Thumb Code   202  setcan.o(.text)
    configHisClock                           0x08007b0d   Thumb Code   110  setclock.o(.text)
    SetupPllClock                            0x08007b7b   Thumb Code   184  setclock.o(.text)
    SysTick_Configuration                    0x08007c41   Thumb Code    90  setsystick.o(.text)
    SysTick_Deinit                           0x08007c9b   Thumb Code    28  setsystick.o(.text)
    SysTick_Handler                          0x08007cb7   Thumb Code    28  setsystick.o(.text)
    Systick_Event                            0x08007cd3   Thumb Code   102  setsystick.o(.text)
    delay_us                                 0x08007d39   Thumb Code    16  setsystick.o(.text)
    systick_time_start                       0x08007d49   Thumb Code    40  setsystick.o(.text)
    check_systick_time                       0x08007d71   Thumb Code    66  setsystick.o(.text)
    get_system_ms                            0x08007db3   Thumb Code     6  setsystick.o(.text)
    Uart_Configuration                       0x08007dd1   Thumb Code   278  setuart.o(.text)
    Uart_DeInit                              0x08007ee7   Thumb Code    38  setuart.o(.text)
    _uart_irq_function                       0x08007f0d   Thumb Code   158  setuart.o(.text)
    USART1_IRQHandler                        0x08007fab   Thumb Code    12  setuart.o(.text)
    USART2_IRQHandler                        0x08007fb7   Thumb Code    12  setuart.o(.text)
    USART3_IRQHandler                        0x08007fc3   Thumb Code    12  setuart.o(.text)
    Uart_GetChar                             0x08007fcf   Thumb Code    48  setuart.o(.text)
    Uart_PutChar                             0x08007fff   Thumb Code   102  setuart.o(.text)
    Uart_PutString                           0x08008065   Thumb Code    26  setuart.o(.text)
    Uart_PutBytes                            0x0800807f   Thumb Code    32  setuart.o(.text)
    system_error_init                        0x080080b9   Thumb Code    10  system_error_status.o(.text)
    system_error_get                         0x080080c3   Thumb Code     4  system_error_status.o(.text)
    system_Error_Callback                    0x080080c7   Thumb Code   234  system_error_status.o(.text)
    get_iap_tag                              0x080081c1   Thumb Code     6  iap_jumper.o(.text)
    set_iap_tag                              0x080081c7   Thumb Code   122  iap_jumper.o(.text)
    aipjumperEnodeCallback                   0x08008241   Thumb Code    18  iap_jumper.o(.text)
    iap_jumper_answer_ack_false              0x08008253   Thumb Code    38  iap_jumper.o(.text)
    jump_by_reset                            0x08008279   Thumb Code    30  iap_jumper.o(.text)
    jump_to_iap_program                      0x08008297   Thumb Code    36  iap_jumper.o(.text)
    jump_iap                                 0x080082bb   Thumb Code     4  iap_jumper.o(.text)
    iapUartReadCallBack                      0x080082bf   Thumb Code    50  iap_jumper.o(.text)
    Iap_Configure                            0x080082f1   Thumb Code    16  iap_jumper.o(.text)
    Iap_Jump                                 0x08008301   Thumb Code    22  iap_jumper.o(.text)
    Reset_Handler                            0x08008331   Thumb Code     4  startup_stm32f10x_md.o(.text)
    NMI_Handler                              0x08008335   Thumb Code     2  startup_stm32f10x_md.o(.text)
    HardFault_Handler                        0x08008337   Thumb Code     2  startup_stm32f10x_md.o(.text)
    MemManage_Handler                        0x08008339   Thumb Code     2  startup_stm32f10x_md.o(.text)
    BusFault_Handler                         0x0800833b   Thumb Code     2  startup_stm32f10x_md.o(.text)
    UsageFault_Handler                       0x0800833d   Thumb Code     2  startup_stm32f10x_md.o(.text)
    SVC_Handler                              0x0800833f   Thumb Code     2  startup_stm32f10x_md.o(.text)
    DebugMon_Handler                         0x08008341   Thumb Code     2  startup_stm32f10x_md.o(.text)
    PendSV_Handler                           0x08008343   Thumb Code     2  startup_stm32f10x_md.o(.text)
    ADC1_2_IRQHandler                        0x08008347   Thumb Code     0  startup_stm32f10x_md.o(.text)
    CAN1_SCE_IRQHandler                      0x08008347   Thumb Code     0  startup_stm32f10x_md.o(.text)
    DMA1_Channel2_IRQHandler                 0x08008347   Thumb Code     0  startup_stm32f10x_md.o(.text)
    DMA1_Channel3_IRQHandler                 0x08008347   Thumb Code     0  startup_stm32f10x_md.o(.text)
    DMA1_Channel4_IRQHandler                 0x08008347   Thumb Code     0  startup_stm32f10x_md.o(.text)
    DMA1_Channel5_IRQHandler                 0x08008347   Thumb Code     0  startup_stm32f10x_md.o(.text)
    DMA1_Channel6_IRQHandler                 0x08008347   Thumb Code     0  startup_stm32f10x_md.o(.text)
    DMA1_Channel7_IRQHandler                 0x08008347   Thumb Code     0  startup_stm32f10x_md.o(.text)
    EXTI0_IRQHandler                         0x08008347   Thumb Code     0  startup_stm32f10x_md.o(.text)
    EXTI15_10_IRQHandler                     0x08008347   Thumb Code     0  startup_stm32f10x_md.o(.text)
    EXTI1_IRQHandler                         0x08008347   Thumb Code     0  startup_stm32f10x_md.o(.text)
    EXTI2_IRQHandler                         0x08008347   Thumb Code     0  startup_stm32f10x_md.o(.text)
    EXTI3_IRQHandler                         0x08008347   Thumb Code     0  startup_stm32f10x_md.o(.text)
    EXTI4_IRQHandler                         0x08008347   Thumb Code     0  startup_stm32f10x_md.o(.text)
    EXTI9_5_IRQHandler                       0x08008347   Thumb Code     0  startup_stm32f10x_md.o(.text)
    FLASH_IRQHandler                         0x08008347   Thumb Code     0  startup_stm32f10x_md.o(.text)
    I2C1_ER_IRQHandler                       0x08008347   Thumb Code     0  startup_stm32f10x_md.o(.text)
    I2C1_EV_IRQHandler                       0x08008347   Thumb Code     0  startup_stm32f10x_md.o(.text)
    I2C2_ER_IRQHandler                       0x08008347   Thumb Code     0  startup_stm32f10x_md.o(.text)
    I2C2_EV_IRQHandler                       0x08008347   Thumb Code     0  startup_stm32f10x_md.o(.text)
    PVD_IRQHandler                           0x08008347   Thumb Code     0  startup_stm32f10x_md.o(.text)
    RCC_IRQHandler                           0x08008347   Thumb Code     0  startup_stm32f10x_md.o(.text)
    RTCAlarm_IRQHandler                      0x08008347   Thumb Code     0  startup_stm32f10x_md.o(.text)
    RTC_IRQHandler                           0x08008347   Thumb Code     0  startup_stm32f10x_md.o(.text)
    SPI1_IRQHandler                          0x08008347   Thumb Code     0  startup_stm32f10x_md.o(.text)
    SPI2_IRQHandler                          0x08008347   Thumb Code     0  startup_stm32f10x_md.o(.text)
    TAMPER_IRQHandler                        0x08008347   Thumb Code     0  startup_stm32f10x_md.o(.text)
    TIM1_BRK_IRQHandler                      0x08008347   Thumb Code     0  startup_stm32f10x_md.o(.text)
    TIM1_CC_IRQHandler                       0x08008347   Thumb Code     0  startup_stm32f10x_md.o(.text)
    TIM1_TRG_COM_IRQHandler                  0x08008347   Thumb Code     0  startup_stm32f10x_md.o(.text)
    TIM3_IRQHandler                          0x08008347   Thumb Code     0  startup_stm32f10x_md.o(.text)
    TIM4_IRQHandler                          0x08008347   Thumb Code     0  startup_stm32f10x_md.o(.text)
    USBWakeUp_IRQHandler                     0x08008347   Thumb Code     0  startup_stm32f10x_md.o(.text)
    WWDG_IRQHandler                          0x08008347   Thumb Code     0  startup_stm32f10x_md.o(.text)
    __user_initial_stackheap                 0x08008349   Thumb Code     0  startup_stm32f10x_md.o(.text)
    __aeabi_memcpy4                          0x08008369   Thumb Code     0  rt_memcpy_w.o(.text)
    __aeabi_memcpy8                          0x08008369   Thumb Code     0  rt_memcpy_w.o(.text)
    __rt_memcpy_w                            0x08008369   Thumb Code   100  rt_memcpy_w.o(.text)
    _memcpy_lastbytes_aligned                0x080083b1   Thumb Code     0  rt_memcpy_w.o(.text)
    __use_two_region_memory                  0x080083cd   Thumb Code     2  heapauxi.o(.text)
    __rt_heap_escrow$2region                 0x080083cf   Thumb Code     2  heapauxi.o(.text)
    __rt_heap_expand$2region                 0x080083d1   Thumb Code     2  heapauxi.o(.text)
    __user_setup_stackheap                   0x080083d3   Thumb Code    74  sys_stackheap_outer.o(.text)
    exit                                     0x0800841d   Thumb Code    12  exit.o(.text)
    __user_libspace                          0x08008429   Thumb Code     8  libspace.o(.text)
    __user_perproc_libspace                  0x08008429   Thumb Code     0  libspace.o(.text)
    __user_perthread_libspace                0x08008429   Thumb Code     0  libspace.o(.text)
    _sys_exit                                0x08008431   Thumb Code     8  sys_exit.o(.text)
    __I$use$semihosting                      0x0800843d   Thumb Code     0  use_no_semi.o(.text)
    __use_no_semihosting_swi                 0x0800843d   Thumb Code     2  use_no_semi.o(.text)
    ADC_Cmd                                  0x0800843f   Thumb Code    18  stm32f10x_adc.o(i.ADC_Cmd)
    __semihosting_library_function           0x0800843f   Thumb Code     0  indicate_semi.o(.text)
    ADC_DMACmd                               0x08008451   Thumb Code    18  stm32f10x_adc.o(i.ADC_DMACmd)
    ADC_GetCalibrationStatus                 0x08008463   Thumb Code    16  stm32f10x_adc.o(i.ADC_GetCalibrationStatus)
    ADC_GetResetCalibrationStatus            0x08008473   Thumb Code    16  stm32f10x_adc.o(i.ADC_GetResetCalibrationStatus)
    ADC_Init                                 0x08008485   Thumb Code    74  stm32f10x_adc.o(i.ADC_Init)
    ADC_RegularChannelConfig                 0x080084d5   Thumb Code   144  stm32f10x_adc.o(i.ADC_RegularChannelConfig)
    ADC_ResetCalibration                     0x08008565   Thumb Code    10  stm32f10x_adc.o(i.ADC_ResetCalibration)
    ADC_SoftwareStartConvCmd                 0x0800856f   Thumb Code    18  stm32f10x_adc.o(i.ADC_SoftwareStartConvCmd)
    ADC_StartCalibration                     0x08008581   Thumb Code    10  stm32f10x_adc.o(i.ADC_StartCalibration)
    CAN_DeInit                               0x0800858b   Thumb Code    58  stm32f10x_can.o(i.CAN_DeInit)
    CAN_FilterInit                           0x080085c5   Thumb Code   222  stm32f10x_can.o(i.CAN_FilterInit)
    CAN_GetITStatus                          0x080086a9   Thumb Code   232  stm32f10x_can.o(i.CAN_GetITStatus)
    CAN_ITConfig                             0x08008791   Thumb Code    16  stm32f10x_can.o(i.CAN_ITConfig)
    CAN_Init                                 0x080087a1   Thumb Code   244  stm32f10x_can.o(i.CAN_Init)
    CAN_Receive                              0x08008895   Thumb Code   178  stm32f10x_can.o(i.CAN_Receive)
    CAN_StructInit                           0x08008947   Thumb Code    32  stm32f10x_can.o(i.CAN_StructInit)
    CAN_Transmit                             0x08008967   Thumb Code   184  stm32f10x_can.o(i.CAN_Transmit)
    CAN_TransmitStatus                       0x08008a1f   Thumb Code   130  stm32f10x_can.o(i.CAN_TransmitStatus)
    DMA_ClearITPendingBit                    0x08008aa1   Thumb Code    16  stm32f10x_dma.o(i.DMA_ClearITPendingBit)
    DMA_Cmd                                  0x08008ab5   Thumb Code    18  stm32f10x_dma.o(i.DMA_Cmd)
    DMA_DeInit                               0x08008ac9   Thumb Code   210  stm32f10x_dma.o(i.DMA_DeInit)
    DMA_GetITStatus                          0x08008bd1   Thumb Code    26  stm32f10x_dma.o(i.DMA_GetITStatus)
    DMA_ITConfig                             0x08008bf1   Thumb Code    16  stm32f10x_dma.o(i.DMA_ITConfig)
    DMA_Init                                 0x08008c01   Thumb Code    72  stm32f10x_dma.o(i.DMA_Init)
    FLASH_ClearFlag                          0x08008c49   Thumb Code     6  stm32f10x_flash.o(i.FLASH_ClearFlag)
    FLASH_ErasePage                          0x08008c55   Thumb Code    64  stm32f10x_flash.o(i.FLASH_ErasePage)
    FLASH_Lock                               0x08008c99   Thumb Code    12  stm32f10x_flash.o(i.FLASH_Lock)
    FLASH_PrefetchBufferCmd                  0x08008ca9   Thumb Code    18  stm32f10x_flash.o(i.FLASH_PrefetchBufferCmd)
    FLASH_ProgramWord                        0x08008cc1   Thumb Code    74  stm32f10x_flash.o(i.FLASH_ProgramWord)
    FLASH_SetLatency                         0x08008d11   Thumb Code    14  stm32f10x_flash.o(i.FLASH_SetLatency)
    FLASH_Unlock                             0x08008d25   Thumb Code    12  stm32f10x_flash.o(i.FLASH_Unlock)
    FLASH_WaitForLastOperation               0x08008d3d   Thumb Code   102  stm32f10x_flash.o(i.FLASH_WaitForLastOperation)
    GPIO_Init                                0x08008da9   Thumb Code   202  stm32f10x_gpio.o(i.GPIO_Init)
    GPIO_PinRemapConfig                      0x08008e75   Thumb Code    84  stm32f10x_gpio.o(i.GPIO_PinRemapConfig)
    GPIO_ReadInputDataBit                    0x08008ecd   Thumb Code    14  stm32f10x_gpio.o(i.GPIO_ReadInputDataBit)
    GPIO_ReadOutputDataBit                   0x08008edb   Thumb Code    14  stm32f10x_gpio.o(i.GPIO_ReadOutputDataBit)
    GPIO_ResetBits                           0x08008ee9   Thumb Code     4  stm32f10x_gpio.o(i.GPIO_ResetBits)
    GPIO_SetBits                             0x08008eed   Thumb Code     4  stm32f10x_gpio.o(i.GPIO_SetBits)
    GPIO_StructInit                          0x08008ef1   Thumb Code    16  stm32f10x_gpio.o(i.GPIO_StructInit)
    NVIC_Init                                0x08008f01   Thumb Code   108  misc.o(i.NVIC_Init)
    NVIC_PriorityGroupConfig                 0x08008f6d   Thumb Code    14  misc.o(i.NVIC_PriorityGroupConfig)
    NVIC_SetVectorTable                      0x08008f81   Thumb Code    16  misc.o(i.NVIC_SetVectorTable)
    RCC_ADCCLKConfig                         0x08008f95   Thumb Code    14  stm32f10x_rcc.o(i.RCC_ADCCLKConfig)
    RCC_AHBPeriphClockCmd                    0x08008fa9   Thumb Code    18  stm32f10x_rcc.o(i.RCC_AHBPeriphClockCmd)
    RCC_APB1PeriphClockCmd                   0x08008fc1   Thumb Code    18  stm32f10x_rcc.o(i.RCC_APB1PeriphClockCmd)
    RCC_APB1PeriphResetCmd                   0x08008fd9   Thumb Code    18  stm32f10x_rcc.o(i.RCC_APB1PeriphResetCmd)
    RCC_APB2PeriphClockCmd                   0x08008ff1   Thumb Code    18  stm32f10x_rcc.o(i.RCC_APB2PeriphClockCmd)
    RCC_DeInit                               0x08009009   Thumb Code    54  stm32f10x_rcc.o(i.RCC_DeInit)
    RCC_GetClocksFreq                        0x08009049   Thumb Code   148  stm32f10x_rcc.o(i.RCC_GetClocksFreq)
    RCC_GetFlagStatus                        0x080090ed   Thumb Code    42  stm32f10x_rcc.o(i.RCC_GetFlagStatus)
    RCC_GetSYSCLKSource                      0x0800911d   Thumb Code    10  stm32f10x_rcc.o(i.RCC_GetSYSCLKSource)
    RCC_HCLKConfig                           0x0800912d   Thumb Code    14  stm32f10x_rcc.o(i.RCC_HCLKConfig)
    RCC_HSEConfig                            0x08009141   Thumb Code    50  stm32f10x_rcc.o(i.RCC_HSEConfig)
    RCC_HSICmd                               0x08009179   Thumb Code     6  stm32f10x_rcc.o(i.RCC_HSICmd)
    RCC_PCLK1Config                          0x08009185   Thumb Code    14  stm32f10x_rcc.o(i.RCC_PCLK1Config)
    RCC_PCLK2Config                          0x08009199   Thumb Code    16  stm32f10x_rcc.o(i.RCC_PCLK2Config)
    RCC_PLLCmd                               0x080091ad   Thumb Code     6  stm32f10x_rcc.o(i.RCC_PLLCmd)
    RCC_PLLConfig                            0x080091b9   Thumb Code    16  stm32f10x_rcc.o(i.RCC_PLLConfig)
    RCC_SYSCLKConfig                         0x080091cd   Thumb Code    14  stm32f10x_rcc.o(i.RCC_SYSCLKConfig)
    RCC_WaitForHSEStartUp                    0x080091e1   Thumb Code    48  stm32f10x_rcc.o(i.RCC_WaitForHSEStartUp)
    SysTick_CLKSourceConfig                  0x08009215   Thumb Code    22  misc.o(i.SysTick_CLKSourceConfig)
    TIM_ARRPreloadConfig                     0x0800922b   Thumb Code    22  stm32f10x_tim.o(i.TIM_ARRPreloadConfig)
    TIM_ClearFlag                            0x08009241   Thumb Code     6  stm32f10x_tim.o(i.TIM_ClearFlag)
    TIM_Cmd                                  0x08009247   Thumb Code    22  stm32f10x_tim.o(i.TIM_Cmd)
    TIM_CtrlPWMOutputs                       0x0800925d   Thumb Code    22  stm32f10x_tim.o(i.TIM_CtrlPWMOutputs)
    TIM_GetITStatus                          0x08009273   Thumb Code    26  stm32f10x_tim.o(i.TIM_GetITStatus)
    TIM_ITConfig                             0x0800928d   Thumb Code    16  stm32f10x_tim.o(i.TIM_ITConfig)
    TIM_OC2Init                              0x0800929d   Thumb Code   132  stm32f10x_tim.o(i.TIM_OC2Init)
    TIM_OC2PreloadConfig                     0x08009321   Thumb Code    14  stm32f10x_tim.o(i.TIM_OC2PreloadConfig)
    TIM_OC3Init                              0x0800932f   Thumb Code   128  stm32f10x_tim.o(i.TIM_OC3Init)
    TIM_OC3PreloadConfig                     0x080093af   Thumb Code    12  stm32f10x_tim.o(i.TIM_OC3PreloadConfig)
    TIM_OC4Init                              0x080093bd   Thumb Code   102  stm32f10x_tim.o(i.TIM_OC4Init)
    TIM_OC4PreloadConfig                     0x08009423   Thumb Code    14  stm32f10x_tim.o(i.TIM_OC4PreloadConfig)
    TIM_OCStructInit                         0x08009431   Thumb Code    20  stm32f10x_tim.o(i.TIM_OCStructInit)
    TIM_TimeBaseInit                         0x08009445   Thumb Code    60  stm32f10x_tim.o(i.TIM_TimeBaseInit)
    USART_Cmd                                0x08009481   Thumb Code    18  stm32f10x_usart.o(i.USART_Cmd)
    USART_GetFlagStatus                      0x08009493   Thumb Code    14  stm32f10x_usart.o(i.USART_GetFlagStatus)
    USART_GetITStatus                        0x080094a1   Thumb Code    68  stm32f10x_usart.o(i.USART_GetITStatus)
    USART_ITConfig                           0x080094e5   Thumb Code    48  stm32f10x_usart.o(i.USART_ITConfig)
    USART_Init                               0x08009515   Thumb Code   140  stm32f10x_usart.o(i.USART_Init)
    USART_ReceiveData                        0x080095a5   Thumb Code     8  stm32f10x_usart.o(i.USART_ReceiveData)
    USART_SendData                           0x080095ad   Thumb Code     8  stm32f10x_usart.o(i.USART_SendData)
    USART_StructInit                         0x080095b5   Thumb Code    22  stm32f10x_usart.o(i.USART_StructInit)
    __aeabi_ui2f                             0x080095cd   Thumb Code     0  fflt_clz.o(x$fpl$ffltu)
    _ffltu                                   0x080095cd   Thumb Code    38  fflt_clz.o(x$fpl$ffltu)
    __I$use$fp                               0x080095f2   Number         0  usenofp.o(x$fpl$usenofp)
    Region$$Table$$Base                      0x080095f4   Number         0  anon$$obj.o(Region$$Table)
    Region$$Table$$Limit                     0x08009614   Number         0  anon$$obj.o(Region$$Table)
    speeker_ms                               0x20000000   Data           4  main_esc_box.o(.data)
    adc_sample_irq_function                  0x20000008   Data           4  adc_config.o(.data)
    pwmA_ccr                                 0x20000010   Data           2  esc_80_pump_pitch_control.o(.data)
    pwmB_ccr                                 0x20000012   Data           2  esc_80_pump_pitch_control.o(.data)
    yawAngleLowPartAdcValueR                 0x20000014   Data           2  esc_80_yaw_control.o(.data)
    yawAngleHightPartAdcValueR               0x20000016   Data           2  esc_80_yaw_control.o(.data)
    yawAngleAdcValue                         0x20000018   Data           2  esc_80_yaw_control.o(.data)
    yawExpectAngle                           0x2000001c   Data           4  esc_80_yaw_control.o(.data)
    yawExpectAngleAdcValue                   0x20000020   Data           2  esc_80_yaw_control.o(.data)
    yawCurrentAdcValue                       0x20000022   Data           2  esc_80_yaw_control.o(.data)
    yawCurrentMaxFailSafeAdcValue            0x20000024   Data           2  esc_80_yaw_control.o(.data)
    yawControlInited                         0x20000028   Data           4  esc_80_yaw_control.o(.data)
    _failsafe_time_ms                        0x2000002c   Data           4  esc_80_yaw_control.o(.data)
    yaw_pwm                                  0x20000030   Data           2  esc_80_yaw_control.o(.data)
    _yaw_angle_direction                     0x20000032   Data           1  esc_80_yaw_control.o(.data)
    failsafe_AngleOverFlow                   0x20000033   Data           1  esc_80_yaw_control.o(.data)
    failsafe_CurrentOverFlow                 0x20000034   Data           1  esc_80_yaw_control.o(.data)
    failsafe_AdcUpdateError                  0x20000035   Data           1  esc_80_yaw_control.o(.data)
    _current_overflow_count                  0x20000038   Data           4  esc_80_yaw_control.o(.data)
    _esc_yaw_check_adc_hz                    0x2000003c   Data           4  esc_80_yaw_control.o(.data)
    th11sb_head                              0x20000044   Data           6  rtu_485_runtime.o(.data)
    th11sb_tail                              0x2000004a   Data           6  rtu_485_runtime.o(.data)
    _dam_flash_delay_ms                      0x20000050   Data           4  rtu_485_runtime.o(.data)
    _dam_flash_ms_counter                    0x20000054   Data           4  rtu_485_runtime.o(.data)
    _dam_flash_numId                         0x20000058   Data           1  rtu_485_runtime.o(.data)
    _dam_flash_on_off                        0x20000059   Data           1  rtu_485_runtime.o(.data)
    _dam_flash_dev                           0x2000005c   Data           4  rtu_485_runtime.o(.data)
    _rtu_485_devices_report_hz               0x20000060   Data           4  rtu_485_runtime.o(.data)
    _rtu_485_devices_report_counter          0x20000064   Data           4  rtu_485_runtime.o(.data)
    _rtu_485_runtime_running                 0x20000068   Data           1  rtu_485_runtime.o(.data)
    _rtu_485_loop_type                       0x20000069   Data           1  rtu_485_runtime.o(.data)
    loop_counter                             0x2000006c   Data           4  rtu_485_runtime.o(.data)
    main_control_stop_listen_dma             0x20000070   Data           1  rtu_485_runtime.o(.data)
    can1_lost_connect_counter                0x20000074   Data           4  esc_can_listener.o(.data)
    reportBuffer                             0x20000078   Data           8  esc_can_listener.o(.data)
    _ke4_speed                               0x20000082   Data           2  esc_box_ke4_speed.o(.data)
    ke4_cmd                                  0x20000084   Data           8  esc_box_ke4_speed.o(.data)
    limit_status                             0x2000008c   Data           1  esc_limit_alarm.o(.data)
    rtu485_uart                              0x20000090   Data           4  rtu_485.o(.data)
    is_485_bus_status                        0x20000094   Data           1  rtu_485.o(.data)
    _rtu_ms                                  0x20000098   Data           4  rtu_485.o(.data)
    resend_count                             0x2000009c   Data           4  setcan.o(.data)
    in_send_loop                             0x200000a0   Data           1  setcan.o(.data)
    TransmitMailbox                          0x200000a1   Data           1  setcan.o(.data)
    systemClk                                0x200000a4   Data           4  setclock.o(.data)
    TimingDelay                              0x200000a8   Data           4  setsystick.o(.data)
    systick_ms                               0x200000ac   Data           4  setsystick.o(.data)
    systick_us                               0x200000b0   Data           4  setsystick.o(.data)
    systick_ms_overflow                      0x200000b4   Data           1  setsystick.o(.data)
    uart1_p                                  0x200000b8   Data           4  setuart.o(.data)
    uart2_p                                  0x200000bc   Data           4  setuart.o(.data)
    uart3_p                                  0x200000c0   Data           4  setuart.o(.data)
    _system_error                            0x200000c4   Data           5  system_error_status.o(.data)
    remoterUart                              0x200000cc   Data           4  iap_jumper.o(.data)
    report_t                                 0x200000e4   Data          12  main_esc_box.o(.bss)
    led_t                                    0x200000f0   Data          12  main_esc_box.o(.bss)
    ke4_speed_t                              0x200000fc   Data          12  main_esc_box.o(.bss)
    Uart1                                    0x20000108   Data        1080  main_esc_box.o(.bss)
    Uart2                                    0x20000540   Data        1080  main_esc_box.o(.bss)
    Uart3                                    0x20000978   Data        1080  main_esc_box.o(.bss)
    TxMessage1                               0x20000db0   Data          20  main_esc_box.o(.bss)
    RxMessage1                               0x20000dc4   Data          20  main_esc_box.o(.bss)
    rxmsg                                    0x20000dd8   Data          20  main_esc_box.o(.bss)
    txmsg                                    0x20000dec   Data          20  main_esc_box.o(.bss)
    _yaw_t                                   0x20000ee0   Data          12  esc_80_yaw_control.o(.bss)
    dam4_02                                  0x20000eec   Data          10  rtu_485_runtime.o(.bss)
    dam4_04                                  0x20000ef6   Data          10  rtu_485_runtime.o(.bss)
    dam4_05                                  0x20000f00   Data          10  rtu_485_runtime.o(.bss)
    dam16_08                                 0x20000f0a   Data          10  rtu_485_runtime.o(.bss)
    dam4_09                                  0x20000f14   Data          10  rtu_485_runtime.o(.bss)
    powerAdc6_01                             0x20000f1e   Data          14  rtu_485_runtime.o(.bss)
    powerAdc6_06                             0x20000f2c   Data          14  rtu_485_runtime.o(.bss)
    powerAdc6_07                             0x20000f3a   Data          14  rtu_485_runtime.o(.bss)
    pgw636_03                                0x20000f48   Data          16  rtu_485_runtime.o(.bss)
    rtu_485_time_t                           0x20000f58   Data          12  rtu_485_runtime.o(.bss)
    rtu_485_cmd_fifo                         0x20000f64   Data          24  rtu_485_runtime.o(.bss)
    rtu_485_cmd_fifo_buff                    0x20000f7c   Data         512  rtu_485_runtime.o(.bss)
    _rtu_485_sendcmd                         0x2000117c   Data          32  rtu_485_runtime.o(.bss)
    RxMsg                                    0x2000119c   Data          20  esc_can_listener.o(.bss)
    rtu485_ack                               0x200011b0   Data         272  rtu_485.o(.bss)
    RxMessage                                0x200012c0   Data          20  setcan.o(.bss)
    TxMessage                                0x200012d4   Data          20  setcan.o(.bss)
    TxMessageArray                           0x200012e8   Data        2000  setcan.o(.bss)
    RxMessageArray                           0x20001ab8   Data        2000  setcan.o(.bss)
    can1_tx_msg_fifo                         0x20002288   Data          24  setcan.o(.bss)
    can1_rx_msg_fifo                         0x200022a0   Data          24  setcan.o(.bss)
    iapJumperEncoder                         0x2000234c   Data         148  iap_jumper.o(.bss)
    __libspace_start                         0x200023e0   Data          96  libspace.o(.bss)
    __temporary_stack_top$libspace           0x20002440   Data           0  libspace.o(.bss)



==============================================================================

Memory Map of the image

  Image Entry point : 0x080040ed

  Load Region LR_IROM1 (Base: 0x08004000, Size: 0x000056f8, Max: 0x0000c000, ABSOLUTE)

    Execution Region ER_IROM1 (Base: 0x08004000, Size: 0x00005614, Max: 0x0000c000, ABSOLUTE)

    Base Addr    Size         Type   Attr      Idx    E Section Name        Object

    0x08004000   0x000000ec   Data   RO          746    RESET               startup_stm32f10x_md.o
    0x080040ec   0x00000008   Code   RO         2432  * !!!main             c_w.l(__main.o)
    0x080040f4   0x00000034   Code   RO         2595    !!!scatter          c_w.l(__scatter.o)
    0x08004128   0x0000001a   Code   RO         2597    !!handler_copy      c_w.l(__scatter_copy.o)
    0x08004142   0x00000002   PAD
    0x08004144   0x0000001c   Code   RO         2599    !!handler_zi        c_w.l(__scatter_zi.o)
    0x08004160   0x00000002   Code   RO         2466    .ARM.Collect$$libinit$$00000000  c_w.l(libinit.o)
    0x08004162   0x00000000   Code   RO         2473    .ARM.Collect$$libinit$$00000002  c_w.l(libinit2.o)
    0x08004162   0x00000000   Code   RO         2475    .ARM.Collect$$libinit$$00000004  c_w.l(libinit2.o)
    0x08004162   0x00000000   Code   RO         2478    .ARM.Collect$$libinit$$0000000A  c_w.l(libinit2.o)
    0x08004162   0x00000000   Code   RO         2480    .ARM.Collect$$libinit$$0000000C  c_w.l(libinit2.o)
    0x08004162   0x00000000   Code   RO         2482    .ARM.Collect$$libinit$$0000000E  c_w.l(libinit2.o)
    0x08004162   0x00000000   Code   RO         2485    .ARM.Collect$$libinit$$00000011  c_w.l(libinit2.o)
    0x08004162   0x00000000   Code   RO         2487    .ARM.Collect$$libinit$$00000013  c_w.l(libinit2.o)
    0x08004162   0x00000000   Code   RO         2489    .ARM.Collect$$libinit$$00000015  c_w.l(libinit2.o)
    0x08004162   0x00000000   Code   RO         2491    .ARM.Collect$$libinit$$00000017  c_w.l(libinit2.o)
    0x08004162   0x00000000   Code   RO         2493    .ARM.Collect$$libinit$$00000019  c_w.l(libinit2.o)
    0x08004162   0x00000000   Code   RO         2495    .ARM.Collect$$libinit$$0000001B  c_w.l(libinit2.o)
    0x08004162   0x00000000   Code   RO         2497    .ARM.Collect$$libinit$$0000001D  c_w.l(libinit2.o)
    0x08004162   0x00000000   Code   RO         2499    .ARM.Collect$$libinit$$0000001F  c_w.l(libinit2.o)
    0x08004162   0x00000000   Code   RO         2501    .ARM.Collect$$libinit$$00000021  c_w.l(libinit2.o)
    0x08004162   0x00000000   Code   RO         2503    .ARM.Collect$$libinit$$00000023  c_w.l(libinit2.o)
    0x08004162   0x00000000   Code   RO         2505    .ARM.Collect$$libinit$$00000025  c_w.l(libinit2.o)
    0x08004162   0x00000000   Code   RO         2509    .ARM.Collect$$libinit$$0000002C  c_w.l(libinit2.o)
    0x08004162   0x00000000   Code   RO         2511    .ARM.Collect$$libinit$$0000002E  c_w.l(libinit2.o)
    0x08004162   0x00000000   Code   RO         2513    .ARM.Collect$$libinit$$00000030  c_w.l(libinit2.o)
    0x08004162   0x00000000   Code   RO         2515    .ARM.Collect$$libinit$$00000032  c_w.l(libinit2.o)
    0x08004162   0x00000002   Code   RO         2516    .ARM.Collect$$libinit$$00000033  c_w.l(libinit2.o)
    0x08004164   0x00000002   Code   RO         2536    .ARM.Collect$$libshutdown$$00000000  c_w.l(libshutdown.o)
    0x08004166   0x00000000   Code   RO         2550    .ARM.Collect$$libshutdown$$00000003  c_w.l(libshutdown2.o)
    0x08004166   0x00000000   Code   RO         2553    .ARM.Collect$$libshutdown$$00000006  c_w.l(libshutdown2.o)
    0x08004166   0x00000000   Code   RO         2556    .ARM.Collect$$libshutdown$$00000009  c_w.l(libshutdown2.o)
    0x08004166   0x00000000   Code   RO         2558    .ARM.Collect$$libshutdown$$0000000B  c_w.l(libshutdown2.o)
    0x08004166   0x00000000   Code   RO         2561    .ARM.Collect$$libshutdown$$0000000E  c_w.l(libshutdown2.o)
    0x08004166   0x00000002   Code   RO         2562    .ARM.Collect$$libshutdown$$0000000F  c_w.l(libshutdown2.o)
    0x08004168   0x00000000   Code   RO         2440    .ARM.Collect$$rtentry$$00000000  c_w.l(__rtentry.o)
    0x08004168   0x00000000   Code   RO         2443    .ARM.Collect$$rtentry$$00000002  c_w.l(__rtentry2.o)
    0x08004168   0x00000006   Code   RO         2455    .ARM.Collect$$rtentry$$00000004  c_w.l(__rtentry4.o)
    0x0800416e   0x00000000   Code   RO         2445    .ARM.Collect$$rtentry$$00000009  c_w.l(__rtentry2.o)
    0x0800416e   0x00000004   Code   RO         2446    .ARM.Collect$$rtentry$$0000000A  c_w.l(__rtentry2.o)
    0x08004172   0x00000000   Code   RO         2448    .ARM.Collect$$rtentry$$0000000C  c_w.l(__rtentry2.o)
    0x08004172   0x00000008   Code   RO         2449    .ARM.Collect$$rtentry$$0000000D  c_w.l(__rtentry2.o)
    0x0800417a   0x00000002   Code   RO         2470    .ARM.Collect$$rtexit$$00000000  c_w.l(rtexit.o)
    0x0800417c   0x00000000   Code   RO         2518    .ARM.Collect$$rtexit$$00000002  c_w.l(rtexit2.o)
    0x0800417c   0x00000004   Code   RO         2519    .ARM.Collect$$rtexit$$00000003  c_w.l(rtexit2.o)
    0x08004180   0x00000006   Code   RO         2520    .ARM.Collect$$rtexit$$00000004  c_w.l(rtexit2.o)
    0x08004186   0x00000002   PAD
    0x08004188   0x00000020   Code   RO          700    .emb_text           core_cm3.o
    0x080041a8   0x00000124   Code   RO          125    .text               settimer.o
    0x080042cc   0x0000081c   Code   RO          247    .text               main_esc_box.o
    0x08004ae8   0x0000012c   Code   RO          269    .text               setgpio_2.o
    0x08004c14   0x00000228   Code   RO          283    .text               adc_config.o
    0x08004e3c   0x000001dc   Code   RO          300    .text               esc_box_led.o
    0x08005018   0x000002f4   Code   RO          316    .text               esc_80_pump_pitch_control.o
    0x0800530c   0x00000678   Code   RO          332    .text               esc_80_yaw_control.o
    0x08005984   0x0000008c   Code   RO          349    .text               esc_box_log.o
    0x08005a10   0x00000b7c   Code   RO          364    .text               rtu_485_runtime.o
    0x0800658c   0x000005fc   Code   RO          384    .text               esc_can_listener.o
    0x08006b88   0x00000050   Code   RO          401    .text               esc_box_ke4_speed.o
    0x08006bd8   0x00000120   Code   RO          417    .text               esc_limit_alarm.o
    0x08006cf8   0x0000005c   Code   RO          441    .text               crc16.o
    0x08006d54   0x00000338   Code   RO          490    .text               rtu_485.o
    0x0800708c   0x00000328   Code   RO          508    .text               cmdcoder.o
    0x080073b4   0x000000dc   Code   RO          523    .text               fifo.o
    0x08007490   0x000000e8   Code   RO          538    .text               fifo_void.o
    0x08007578   0x00000018   Code   RO          553    .text               main.o
    0x08007590   0x0000057c   Code   RO          580    .text               setcan.o
    0x08007b0c   0x00000134   Code   RO          600    .text               setclock.o
    0x08007c40   0x00000190   Code   RO          619    .text               setsystick.o
    0x08007dd0   0x000002e8   Code   RO          638    .text               setuart.o
    0x080080b8   0x00000108   Code   RO          661    .text               system_error_status.o
    0x080081c0   0x00000170   Code   RO          677    .text               iap_jumper.o
    0x08008330   0x00000038   Code   RO          747    .text               startup_stm32f10x_md.o
    0x08008368   0x00000064   Code   RO         2428    .text               c_w.l(rt_memcpy_w.o)
    0x080083cc   0x00000006   Code   RO         2430    .text               c_w.l(heapauxi.o)
    0x080083d2   0x0000004a   Code   RO         2457    .text               c_w.l(sys_stackheap_outer.o)
    0x0800841c   0x0000000c   Code   RO         2459    .text               c_w.l(exit.o)
    0x08008428   0x00000008   Code   RO         2467    .text               c_w.l(libspace.o)
    0x08008430   0x0000000c   Code   RO         2528    .text               c_w.l(sys_exit.o)
    0x0800843c   0x00000002   Code   RO         2539    .text               c_w.l(use_no_semi.o)
    0x0800843e   0x00000000   Code   RO         2541    .text               c_w.l(indicate_semi.o)
    0x0800843e   0x00000012   Code   RO          875    i.ADC_Cmd           lib.lib(stm32f10x_adc.o)
    0x08008450   0x00000012   Code   RO          876    i.ADC_DMACmd        lib.lib(stm32f10x_adc.o)
    0x08008462   0x00000010   Code   RO          883    i.ADC_GetCalibrationStatus  lib.lib(stm32f10x_adc.o)
    0x08008472   0x00000010   Code   RO          889    i.ADC_GetResetCalibrationStatus  lib.lib(stm32f10x_adc.o)
    0x08008482   0x00000002   PAD
    0x08008484   0x00000050   Code   RO          893    i.ADC_Init          lib.lib(stm32f10x_adc.o)
    0x080084d4   0x00000090   Code   RO          897    i.ADC_RegularChannelConfig  lib.lib(stm32f10x_adc.o)
    0x08008564   0x0000000a   Code   RO          898    i.ADC_ResetCalibration  lib.lib(stm32f10x_adc.o)
    0x0800856e   0x00000012   Code   RO          900    i.ADC_SoftwareStartConvCmd  lib.lib(stm32f10x_adc.o)
    0x08008580   0x0000000a   Code   RO          902    i.ADC_StartCalibration  lib.lib(stm32f10x_adc.o)
    0x0800858a   0x0000003a   Code   RO         1095    i.CAN_DeInit        lib.lib(stm32f10x_can.o)
    0x080085c4   0x000000e4   Code   RO         1097    i.CAN_FilterInit    lib.lib(stm32f10x_can.o)
    0x080086a8   0x000000e8   Code   RO         1099    i.CAN_GetITStatus   lib.lib(stm32f10x_can.o)
    0x08008790   0x00000010   Code   RO         1100    i.CAN_ITConfig      lib.lib(stm32f10x_can.o)
    0x080087a0   0x000000f4   Code   RO         1101    i.CAN_Init          lib.lib(stm32f10x_can.o)
    0x08008894   0x000000b2   Code   RO         1103    i.CAN_Receive       lib.lib(stm32f10x_can.o)
    0x08008946   0x00000020   Code   RO         1106    i.CAN_StructInit    lib.lib(stm32f10x_can.o)
    0x08008966   0x000000b8   Code   RO         1107    i.CAN_Transmit      lib.lib(stm32f10x_can.o)
    0x08008a1e   0x00000082   Code   RO         1108    i.CAN_TransmitStatus  lib.lib(stm32f10x_can.o)
    0x08008aa0   0x00000014   Code   RO         1212    i.DMA_ClearITPendingBit  lib.lib(stm32f10x_dma.o)
    0x08008ab4   0x00000012   Code   RO         1213    i.DMA_Cmd           lib.lib(stm32f10x_dma.o)
    0x08008ac6   0x00000002   PAD
    0x08008ac8   0x00000108   Code   RO         1214    i.DMA_DeInit        lib.lib(stm32f10x_dma.o)
    0x08008bd0   0x00000020   Code   RO         1217    i.DMA_GetITStatus   lib.lib(stm32f10x_dma.o)
    0x08008bf0   0x00000010   Code   RO         1218    i.DMA_ITConfig      lib.lib(stm32f10x_dma.o)
    0x08008c00   0x00000048   Code   RO         1219    i.DMA_Init          lib.lib(stm32f10x_dma.o)
    0x08008c48   0x0000000c   Code   RO         1277    i.FLASH_ClearFlag   lib.lib(stm32f10x_flash.o)
    0x08008c54   0x00000044   Code   RO         1281    i.FLASH_ErasePage   lib.lib(stm32f10x_flash.o)
    0x08008c98   0x00000010   Code   RO         1290    i.FLASH_Lock        lib.lib(stm32f10x_flash.o)
    0x08008ca8   0x00000018   Code   RO         1291    i.FLASH_PrefetchBufferCmd  lib.lib(stm32f10x_flash.o)
    0x08008cc0   0x00000050   Code   RO         1294    i.FLASH_ProgramWord  lib.lib(stm32f10x_flash.o)
    0x08008d10   0x00000014   Code   RO         1296    i.FLASH_SetLatency  lib.lib(stm32f10x_flash.o)
    0x08008d24   0x00000018   Code   RO         1297    i.FLASH_Unlock      lib.lib(stm32f10x_flash.o)
    0x08008d3c   0x0000006c   Code   RO         1299    i.FLASH_WaitForLastOperation  lib.lib(stm32f10x_flash.o)
    0x08008da8   0x000000ca   Code   RO         1427    i.GPIO_Init         lib.lib(stm32f10x_gpio.o)
    0x08008e72   0x00000002   PAD
    0x08008e74   0x00000058   Code   RO         1429    i.GPIO_PinRemapConfig  lib.lib(stm32f10x_gpio.o)
    0x08008ecc   0x0000000e   Code   RO         1431    i.GPIO_ReadInputDataBit  lib.lib(stm32f10x_gpio.o)
    0x08008eda   0x0000000e   Code   RO         1433    i.GPIO_ReadOutputDataBit  lib.lib(stm32f10x_gpio.o)
    0x08008ee8   0x00000004   Code   RO         1434    i.GPIO_ResetBits    lib.lib(stm32f10x_gpio.o)
    0x08008eec   0x00000004   Code   RO         1435    i.GPIO_SetBits      lib.lib(stm32f10x_gpio.o)
    0x08008ef0   0x00000010   Code   RO         1436    i.GPIO_StructInit   lib.lib(stm32f10x_gpio.o)
    0x08008f00   0x0000006c   Code   RO          751    i.NVIC_Init         lib.lib(misc.o)
    0x08008f6c   0x00000014   Code   RO          752    i.NVIC_PriorityGroupConfig  lib.lib(misc.o)
    0x08008f80   0x00000014   Code   RO          753    i.NVIC_SetVectorTable  lib.lib(misc.o)
    0x08008f94   0x00000014   Code   RO         1535    i.RCC_ADCCLKConfig  lib.lib(stm32f10x_rcc.o)
    0x08008fa8   0x00000018   Code   RO         1536    i.RCC_AHBPeriphClockCmd  lib.lib(stm32f10x_rcc.o)
    0x08008fc0   0x00000018   Code   RO         1537    i.RCC_APB1PeriphClockCmd  lib.lib(stm32f10x_rcc.o)
    0x08008fd8   0x00000018   Code   RO         1538    i.RCC_APB1PeriphResetCmd  lib.lib(stm32f10x_rcc.o)
    0x08008ff0   0x00000018   Code   RO         1539    i.RCC_APB2PeriphClockCmd  lib.lib(stm32f10x_rcc.o)
    0x08009008   0x00000040   Code   RO         1546    i.RCC_DeInit        lib.lib(stm32f10x_rcc.o)
    0x08009048   0x000000a4   Code   RO         1547    i.RCC_GetClocksFreq  lib.lib(stm32f10x_rcc.o)
    0x080090ec   0x00000030   Code   RO         1548    i.RCC_GetFlagStatus  lib.lib(stm32f10x_rcc.o)
    0x0800911c   0x00000010   Code   RO         1550    i.RCC_GetSYSCLKSource  lib.lib(stm32f10x_rcc.o)
    0x0800912c   0x00000014   Code   RO         1551    i.RCC_HCLKConfig    lib.lib(stm32f10x_rcc.o)
    0x08009140   0x00000038   Code   RO         1552    i.RCC_HSEConfig     lib.lib(stm32f10x_rcc.o)
    0x08009178   0x0000000c   Code   RO         1553    i.RCC_HSICmd        lib.lib(stm32f10x_rcc.o)
    0x08009184   0x00000014   Code   RO         1558    i.RCC_PCLK1Config   lib.lib(stm32f10x_rcc.o)
    0x08009198   0x00000014   Code   RO         1559    i.RCC_PCLK2Config   lib.lib(stm32f10x_rcc.o)
    0x080091ac   0x0000000c   Code   RO         1560    i.RCC_PLLCmd        lib.lib(stm32f10x_rcc.o)
    0x080091b8   0x00000014   Code   RO         1561    i.RCC_PLLConfig     lib.lib(stm32f10x_rcc.o)
    0x080091cc   0x00000014   Code   RO         1564    i.RCC_SYSCLKConfig  lib.lib(stm32f10x_rcc.o)
    0x080091e0   0x00000034   Code   RO         1566    i.RCC_WaitForHSEStartUp  lib.lib(stm32f10x_rcc.o)
    0x08009214   0x00000016   Code   RO          755    i.SysTick_CLKSourceConfig  lib.lib(misc.o)
    0x0800922a   0x00000016   Code   RO         1735    i.TIM_ARRPreloadConfig  lib.lib(stm32f10x_tim.o)
    0x08009240   0x00000006   Code   RO         1741    i.TIM_ClearFlag     lib.lib(stm32f10x_tim.o)
    0x08009246   0x00000016   Code   RO         1747    i.TIM_Cmd           lib.lib(stm32f10x_tim.o)
    0x0800925c   0x00000016   Code   RO         1749    i.TIM_CtrlPWMOutputs  lib.lib(stm32f10x_tim.o)
    0x08009272   0x0000001a   Code   RO         1768    i.TIM_GetITStatus   lib.lib(stm32f10x_tim.o)
    0x0800928c   0x00000010   Code   RO         1772    i.TIM_ITConfig      lib.lib(stm32f10x_tim.o)
    0x0800929c   0x00000084   Code   RO         1781    i.TIM_OC2Init       lib.lib(stm32f10x_tim.o)
    0x08009320   0x0000000e   Code   RO         1784    i.TIM_OC2PreloadConfig  lib.lib(stm32f10x_tim.o)
    0x0800932e   0x00000080   Code   RO         1786    i.TIM_OC3Init       lib.lib(stm32f10x_tim.o)
    0x080093ae   0x0000000c   Code   RO         1789    i.TIM_OC3PreloadConfig  lib.lib(stm32f10x_tim.o)
    0x080093ba   0x00000002   PAD
    0x080093bc   0x00000066   Code   RO         1791    i.TIM_OC4Init       lib.lib(stm32f10x_tim.o)
    0x08009422   0x0000000e   Code   RO         1793    i.TIM_OC4PreloadConfig  lib.lib(stm32f10x_tim.o)
    0x08009430   0x00000014   Code   RO         1794    i.TIM_OCStructInit  lib.lib(stm32f10x_tim.o)
    0x08009444   0x0000003c   Code   RO         1818    i.TIM_TimeBaseInit  lib.lib(stm32f10x_tim.o)
    0x08009480   0x00000012   Code   RO         2262    i.USART_Cmd         lib.lib(stm32f10x_usart.o)
    0x08009492   0x0000000e   Code   RO         2265    i.USART_GetFlagStatus  lib.lib(stm32f10x_usart.o)
    0x080094a0   0x00000044   Code   RO         2266    i.USART_GetITStatus  lib.lib(stm32f10x_usart.o)
    0x080094e4   0x00000030   Code   RO         2268    i.USART_ITConfig    lib.lib(stm32f10x_usart.o)
    0x08009514   0x00000090   Code   RO         2269    i.USART_Init        lib.lib(stm32f10x_usart.o)
    0x080095a4   0x00000008   Code   RO         2274    i.USART_ReceiveData  lib.lib(stm32f10x_usart.o)
    0x080095ac   0x00000008   Code   RO         2277    i.USART_SendData    lib.lib(stm32f10x_usart.o)
    0x080095b4   0x00000016   Code   RO         2283    i.USART_StructInit  lib.lib(stm32f10x_usart.o)
    0x080095ca   0x00000002   PAD
    0x080095cc   0x00000026   Code   RO         2434    x$fpl$ffltu         fz_ws.l(fflt_clz.o)
    0x080095f2   0x00000000   Code   RO         2441    x$fpl$usenofp       fz_ws.l(usenofp.o)
    0x080095f2   0x00000002   PAD
    0x080095f4   0x00000020   Data   RO         2593    Region$$Table       anon$$obj.o


    Execution Region RW_IRAM1 (Base: 0x20000000, Size: 0x00002a40, Max: 0x00005000, ABSOLUTE)

    Base Addr    Size         Type   Attr      Idx    E Section Name        Object

    0x20000000   0x00000006   Data   RW          250    .data               main_esc_box.o
    0x20000006   0x00000002   PAD
    0x20000008   0x00000004   Data   RW          286    .data               adc_config.o
    0x2000000c   0x00000004   Data   RW          303    .data               esc_box_led.o
    0x20000010   0x00000004   Data   RW          318    .data               esc_80_pump_pitch_control.o
    0x20000014   0x0000002d   Data   RW          335    .data               esc_80_yaw_control.o
    0x20000041   0x00000003   PAD
    0x20000044   0x00000030   Data   RW          367    .data               rtu_485_runtime.o
    0x20000074   0x0000000d   Data   RW          387    .data               esc_can_listener.o
    0x20000081   0x00000001   PAD
    0x20000082   0x0000000a   Data   RW          403    .data               esc_box_ke4_speed.o
    0x2000008c   0x00000001   Data   RW          419    .data               esc_limit_alarm.o
    0x2000008d   0x00000003   PAD
    0x20000090   0x0000000c   Data   RW          493    .data               rtu_485.o
    0x2000009c   0x00000006   Data   RW          583    .data               setcan.o
    0x200000a2   0x00000002   PAD
    0x200000a4   0x00000004   Data   RW          602    .data               setclock.o
    0x200000a8   0x0000000d   Data   RW          621    .data               setsystick.o
    0x200000b5   0x00000003   PAD
    0x200000b8   0x0000000c   Data   RW          640    .data               setuart.o
    0x200000c4   0x00000005   Data   RW          663    .data               system_error_status.o
    0x200000c9   0x00000003   PAD
    0x200000cc   0x00000004   Data   RW          680    .data               iap_jumper.o
    0x200000d0   0x00000014   Data   RW         1567    .data               lib.lib(stm32f10x_rcc.o)
    0x200000e4   0x00000d3c   Zero   RW          248    .bss                main_esc_box.o
    0x20000e20   0x000000b4   Zero   RW          284    .bss                adc_config.o
    0x20000ed4   0x0000000c   Zero   RW          301    .bss                esc_box_led.o
    0x20000ee0   0x0000000c   Zero   RW          333    .bss                esc_80_yaw_control.o
    0x20000eec   0x000002b0   Zero   RW          365    .bss                rtu_485_runtime.o
    0x2000119c   0x00000014   Zero   RW          385    .bss                esc_can_listener.o
    0x200011b0   0x00000110   Zero   RW          491    .bss                rtu_485.o
    0x200012c0   0x00000ff8   Zero   RW          581    .bss                setcan.o
    0x200022b8   0x00000128   Zero   RW          678    .bss                iap_jumper.o
    0x200023e0   0x00000060   Zero   RW         2468    .bss                c_w.l(libspace.o)
    0x20002440   0x00000200   Zero   RW          745    HEAP                startup_stm32f10x_md.o
    0x20002640   0x00000400   Zero   RW          744    STACK               startup_stm32f10x_md.o


==============================================================================

Image component sizes


      Code (inc. data)   RO Data    RW Data    ZI Data      Debug   Object Name

       552         22          0          4        180       2756   adc_config.o
         0          0          0          0          0     252100   adxl345.o
       808          6          0          0          0       3581   cmdcoder.o
        32          0          0          0          0        588   core_cm3.o
        92          0          0          0          0       1444   crc16.o
       756         26          0          4          0       3871   esc_80_pump_pitch_control.o
      1656        300          0         45         12       9129   esc_80_yaw_control.o
        80         10          0         10          0       1620   esc_box_ke4_speed.o
       476         18          0          4         12       2972   esc_box_led.o
       140          8          0          0          0       1533   esc_box_log.o
      1532        156          0         13         20       3426   esc_can_listener.o
       288         20          0          1          0       1938   esc_limit_alarm.o
       220          0          0          0          0       2731   fifo.o
       232          0          0          0          0       2983   fifo_void.o
       368         26          0          4        296       7914   iap_jumper.o
        24          0          0          0          0       4215   main.o
      2076        218          0          6       3388       9614   main_esc_box.o
       824         76          0         12        272       3883   rtu_485.o
      2940        648          0         48        688      12967   rtu_485_runtime.o
      1404         72          0          6       4088       6406   setcan.o
       308         14          0          4          0       1195   setclock.o
       300         14          0          0          0        657   setgpio_2.o
       400         24          0         13          0       7634   setsystick.o
       292          6          0          0          0      18025   settimer.o
       744         26          0         12          0       3623   setuart.o
        56         22        236          0       1536        836   startup_stm32f10x_md.o
       264         26          0          5          0       1671   system_error_status.o

    ----------------------------------------------------------------------
     16864       1738        268        208      10492     369312   Object Totals
         0          0         32          0          0          0   (incl. Generated)
         0          0          0         17          0          0   (incl. Padding)

    ----------------------------------------------------------------------

      Code (inc. data)   RO Data    RW Data    ZI Data      Debug   Library Member Name

         8          0          0          0          0         68   __main.o
         0          0          0          0          0          0   __rtentry.o
        12          0          0          0          0          0   __rtentry2.o
         6          0          0          0          0          0   __rtentry4.o
        52          8          0          0          0          0   __scatter.o
        26          0          0          0          0          0   __scatter_copy.o
        28          0          0          0          0          0   __scatter_zi.o
        12          0          0          0          0         72   exit.o
         6          0          0          0          0        152   heapauxi.o
         0          0          0          0          0          0   indicate_semi.o
         2          0          0          0          0          0   libinit.o
         2          0          0          0          0          0   libinit2.o
         2          0          0          0          0          0   libshutdown.o
         2          0          0          0          0          0   libshutdown2.o
         8          4          0          0         96         68   libspace.o
       100          0          0          0          0         80   rt_memcpy_w.o
         2          0          0          0          0          0   rtexit.o
        10          0          0          0          0          0   rtexit2.o
        12          4          0          0          0         68   sys_exit.o
        74          0          0          0          0         80   sys_stackheap_outer.o
         2          0          0          0          0         68   use_no_semi.o
        38          0          0          0          0         68   fflt_clz.o
         0          0          0          0          0          0   usenofp.o
       170         10          0          0          0     275419   misc.o
       330          6          0          0          0       6965   stm32f10x_adc.o
      1302          6          0          0          0       9275   stm32f10x_can.o
       422         64          0          0          0       4311   stm32f10x_dma.o
       352         50          0          0          0       5668   stm32f10x_flash.o
       342          4          0          0          0       5145   stm32f10x_gpio.o
       640        116          0         20          0      11483   stm32f10x_rcc.o
       596          0          0          0          0      11591   stm32f10x_tim.o
       330          4          0          0          0       5988   stm32f10x_usart.o

    ----------------------------------------------------------------------
      4904        276          0         20         96     336569   Library Totals
        16          0          0          0          0          0   (incl. Padding)

    ----------------------------------------------------------------------

      Code (inc. data)   RO Data    RW Data    ZI Data      Debug   Library Name

       366         16          0          0         96        656   c_w.l
        38          0          0          0          0         68   fz_ws.l
      4484        260          0         20          0     335845   lib.lib

    ----------------------------------------------------------------------
      4904        276          0         20         96     336569   Library Totals

    ----------------------------------------------------------------------

==============================================================================


      Code (inc. data)   RO Data    RW Data    ZI Data      Debug   

     21768       2014        268        228      10588     699429   Grand Totals
     21768       2014        268        228      10588     699429   ELF Image Totals
     21768       2014        268        228          0          0   ROM Totals

==============================================================================

    Total RO  Size (Code + RO Data)                22036 (  21.52kB)
    Total RW  Size (RW Data + ZI Data)             10816 (  10.56kB)
    Total ROM Size (Code + RO Data + RW Data)      22264 (  21.74kB)

==============================================================================

