Component: ARM Compiler 5.05 update 1 (build 106) Tool: armlink [4d0efa]

==============================================================================

Section Cross References

    ds18b20.o(.text) refers to stm32f10x_gpio.o(i.GPIO_Init) for GPIO_Init
    ds18b20.o(.text) refers to setsystick.o(.text) for delay_us
    setadc.o(.text) refers to stm32f10x_rcc.o(i.RCC_APB2PeriphClockCmd) for RCC_APB2PeriphClockCmd
    setadc.o(.text) refers to stm32f10x_rcc.o(i.RCC_AHBPeriphClockCmd) for RCC_AHBPeriphClockCmd
    setadc.o(.text) refers to stm32f10x_adc.o(i.ADC_Init) for ADC_Init
    setadc.o(.text) refers to stm32f10x_adc.o(i.ADC_RegularChannelConfig) for ADC_RegularChannelConfig
    setadc.o(.text) refers to stm32f10x_adc.o(i.ADC_TempSensorVrefintCmd) for ADC_TempSensorVrefintCmd
    setadc.o(.text) refers to stm32f10x_adc.o(i.ADC_DMACmd) for ADC_DMACmd
    setadc.o(.text) refers to stm32f10x_adc.o(i.ADC_Cmd) for ADC_Cmd
    setadc.o(.text) refers to stm32f10x_adc.o(i.ADC_ResetCalibration) for ADC_ResetCalibration
    setadc.o(.text) refers to stm32f10x_adc.o(i.ADC_GetResetCalibrationStatus) for ADC_GetResetCalibrationStatus
    setadc.o(.text) refers to stm32f10x_adc.o(i.ADC_StartCalibration) for ADC_StartCalibration
    setadc.o(.text) refers to stm32f10x_adc.o(i.ADC_GetCalibrationStatus) for ADC_GetCalibrationStatus
    setadc.o(.text) refers to stm32f10x_adc.o(i.ADC_SoftwareStartConvCmd) for ADC_SoftwareStartConvCmd
    setadc.o(.text) refers to stm32f10x_dma.o(i.DMA_DeInit) for DMA_DeInit
    setadc.o(.text) refers to stm32f10x_dma.o(i.DMA_Init) for DMA_Init
    setadc.o(.text) refers to stm32f10x_dma.o(i.DMA_Cmd) for DMA_Cmd
    setadc.o(.text) refers to setadc.o(.bss) for ADCConvert
    settimer.o(.text) refers to stm32f10x_rcc.o(i.RCC_APB2PeriphClockCmd) for RCC_APB2PeriphClockCmd
    settimer.o(.text) refers to stm32f10x_rcc.o(i.RCC_APB1PeriphClockCmd) for RCC_APB1PeriphClockCmd
    settimer.o(.text) refers to misc.o(i.NVIC_PriorityGroupConfig) for NVIC_PriorityGroupConfig
    settimer.o(.text) refers to misc.o(i.NVIC_Init) for NVIC_Init
    settimer.o(.text) refers to stm32f10x_tim.o(i.TIM_TimeBaseInit) for TIM_TimeBaseInit
    settimer.o(.text) refers to stm32f10x_tim.o(i.TIM_ClearFlag) for TIM_ClearFlag
    settimer.o(.text) refers to stm32f10x_tim.o(i.TIM_ITConfig) for TIM_ITConfig
    settimer.o(.text) refers to stm32f10x_tim.o(i.TIM_Cmd) for TIM_Cmd
    settimer.o(.text) refers to stm32f10x_tim.o(i.TIM_GetITStatus) for TIM_GetITStatus
    setgpio.o(.text) refers to stm32f10x_rcc.o(i.RCC_APB2PeriphClockCmd) for RCC_APB2PeriphClockCmd
    setgpio.o(.text) refers to stm32f10x_gpio.o(i.GPIO_StructInit) for GPIO_StructInit
    setgpio.o(.text) refers to stm32f10x_gpio.o(i.GPIO_Init) for GPIO_Init
    setgpio.o(.text) refers to stm32f10x_gpio.o(i.GPIO_PinRemapConfig) for GPIO_PinRemapConfig
    gps.o(.text) refers to setuart.o(.text) for Uart_PutChar
    gps.o(.text) refers to setsystick.o(.text) for delay_us
    gps.o(.text) refers to navigation_box_led.o(.text) for Nbl_Led_toggle
    gps.o(.text) refers to gps.o(.data) for gps_uart
    gps.o(.text) refers to gps.o(.bss) for GPS_Command_Buffer
    hmc6343.o(.text) refers to setsystick.o(.text) for delay_us
    hmc6343.o(.text) refers to hmc6343.o(.data) for heading_msb
    navigation_box_led.o(.text) refers to stm32f10x_gpio.o(i.GPIO_ResetBits) for GPIO_ResetBits
    navigation_box_led.o(.text) refers to stm32f10x_gpio.o(i.GPIO_SetBits) for GPIO_SetBits
    navigation_box_led.o(.text) refers to stm32f10x_gpio.o(i.GPIO_ReadOutputDataBit) for GPIO_ReadOutputDataBit
    navigation_box_led.o(.text) refers to stm32f10x_gpio.o(i.GPIO_StructInit) for GPIO_StructInit
    navigation_box_led.o(.text) refers to stm32f10x_gpio.o(i.GPIO_Init) for GPIO_Init
    setgpio_1.o(.text) refers to stm32f10x_rcc.o(i.RCC_APB2PeriphClockCmd) for RCC_APB2PeriphClockCmd
    setgpio_1.o(.text) refers to stm32f10x_gpio.o(i.GPIO_StructInit) for GPIO_StructInit
    setgpio_1.o(.text) refers to stm32f10x_gpio.o(i.GPIO_Init) for GPIO_Init
    setgpio_1.o(.text) refers to stm32f10x_gpio.o(i.GPIO_PinRemapConfig) for GPIO_PinRemapConfig
    main_esc_box.o(.text) refers to setuart.o(.text) for Uart_GetChar
    main_esc_box.o(.text) refers to setcan.o(.text) for Can1_Send
    main_esc_box.o(.text) refers to esc_pwm.o(.text) for esc_set_pwmA
    main_esc_box.o(.text) refers to setclock.o(.text) for SetupPllClock
    main_esc_box.o(.text) refers to setgpio_2.o(.text) for Esc_GPIO_Configuration
    main_esc_box.o(.text) refers to setsystick.o(.text) for systick_time_start
    main_esc_box.o(.text) refers to main_esc_box.o(.bss) for rxmsg
    main_esc_box.o(.text) refers to main_esc_box.o(.data) for pwma
    setgpio_2.o(.text) refers to stm32f10x_rcc.o(i.RCC_APB2PeriphClockCmd) for RCC_APB2PeriphClockCmd
    setgpio_2.o(.text) refers to stm32f10x_gpio.o(i.GPIO_StructInit) for GPIO_StructInit
    setgpio_2.o(.text) refers to stm32f10x_gpio.o(i.GPIO_Init) for GPIO_Init
[...]
    rtexit.o(.ARM.Collect$$rtexit$$00000000) refers (Special) to rtexit2.o(.ARM.Collect$$rtexit$$00000002) for __rt_exit_prels_1
    rtexit.o(.ARM.exidx) refers (Special) to rtexit2.o(.ARM.Collect$$rtexit$$00000004) for __rt_exit_exit
    rtexit.o(.ARM.exidx) refers (Special) to rtexit2.o(.ARM.Collect$$rtexit$$00000003) for __rt_exit_ls
    rtexit.o(.ARM.exidx) refers (Special) to rtexit2.o(.ARM.Collect$$rtexit$$00000002) for __rt_exit_prels_1
    rtexit.o(.ARM.exidx) refers to rtexit.o(.ARM.Collect$$rtexit$$00000000) for .ARM.Collect$$rtexit$$00000000
    libinit2.o(.ARM.Collect$$libinit$$00000010) refers to libinit2.o(.ARM.Collect$$libinit$$0000000F) for .ARM.Collect$$libinit$$0000000F
    libinit2.o(.ARM.Collect$$libinit$$00000012) refers to libinit2.o(.ARM.Collect$$libinit$$0000000F) for .ARM.Collect$$libinit$$0000000F
    libinit2.o(.ARM.Collect$$libinit$$00000014) refers to libinit2.o(.ARM.Collect$$libinit$$0000000F) for .ARM.Collect$$libinit$$0000000F
    libinit2.o(.ARM.Collect$$libinit$$00000016) refers to libinit2.o(.ARM.Collect$$libinit$$0000000F) for .ARM.Collect$$libinit$$0000000F
    libinit2.o(.ARM.Collect$$libinit$$00000018) refers to libinit2.o(.ARM.Collect$$libinit$$0000000F) for .ARM.Collect$$libinit$$0000000F
    libinit2.o(.ARM.Collect$$libinit$$00000026) refers to argv_veneer.o(.emb_text) for __ARM_argv_veneer
    libinit2.o(.ARM.Collect$$libinit$$00000027) refers to argv_veneer.o(.emb_text) for __ARM_argv_veneer
    rtexit2.o(.ARM.Collect$$rtexit$$00000003) refers to libshutdown.o(.ARM.Collect$$libshutdown$$00000000) for __rt_lib_shutdown
    rtexit2.o(.ARM.Collect$$rtexit$$00000004) refers to sys_exit.o(.text) for _sys_exit
    rtexit2.o(.ARM.exidx) refers to rtexit2.o(.ARM.Collect$$rtexit$$00000001) for .ARM.Collect$$rtexit$$00000001
    rtexit2.o(.ARM.exidx) refers to rtexit2.o(.ARM.Collect$$rtexit$$00000003) for .ARM.Collect$$rtexit$$00000003
    rtexit2.o(.ARM.exidx) refers to rtexit2.o(.ARM.Collect$$rtexit$$00000004) for .ARM.Collect$$rtexit$$00000004
    argv_veneer.o(.emb_text) refers to no_argv.o(.text) for __ARM_get_argv
    sys_exit.o(.text) refers (Special) to use_no_semi.o(.text) for __I$use$semihosting
    sys_exit.o(.text) refers (Special) to indicate_semi.o(.text) for __semihosting_library_function
    _get_argv_nomalloc.o(.text) refers (Special) to hrguard.o(.text) for __heap_region$guard
    _get_argv_nomalloc.o(.text) refers to defsig_rtmem_outer.o(.text) for __rt_SIGRTMEM
    _get_argv_nomalloc.o(.text) refers to sys_command.o(.text) for _sys_command_string
    libshutdown.o(.ARM.Collect$$libshutdown$$00000000) refers (Special) to libshutdown2.o(.ARM.Collect$$libshutdown$$00000006) for __rt_lib_shutdown_fp_trap_1
    libshutdown.o(.ARM.Collect$$libshutdown$$00000000) refers (Special) to libshutdown2.o(.ARM.Collect$$libshutdown$$0000000E) for __rt_lib_shutdown_heap_1
    libshutdown.o(.ARM.Collect$$libshutdown$$00000000) refers (Special) to libshutdown2.o(.ARM.Collect$$libshutdown$$0000000F) for __rt_lib_shutdown_return
    libshutdown.o(.ARM.Collect$$libshutdown$$00000000) refers (Special) to libshutdown2.o(.ARM.Collect$$libshutdown$$00000009) for __rt_lib_shutdown_signal_1
    libshutdown.o(.ARM.Collect$$libshutdown$$00000000) refers (Special) to libshutdown2.o(.ARM.Collect$$libshutdown$$00000003) for __rt_lib_shutdown_stdio_1
    libshutdown.o(.ARM.Collect$$libshutdown$$00000000) refers (Special) to libshutdown2.o(.ARM.Collect$$libshutdown$$0000000B) for __rt_lib_shutdown_user_alloc_1
    sys_command.o(.text) refers (Special) to use_no_semi.o(.text) for __I$use$semihosting
    sys_command.o(.text) refers (Special) to indicate_semi.o(.text) for __semihosting_library_function
    defsig_rtmem_outer.o(.text) refers to defsig_rtmem_inner.o(.text) for __rt_SIGRTMEM_inner
    defsig_rtmem_outer.o(.text) refers to defsig_exit.o(.text) for __sig_exit
    defsig_rtmem_formal.o(.text) refers to rt_raise.o(.text) for __rt_raise
    rt_raise.o(.text) refers to __raise.o(.text) for __raise
    rt_raise.o(.text) refers to sys_exit.o(.text) for _sys_exit
    defsig_exit.o(.text) refers to sys_exit.o(.text) for _sys_exit
    defsig_rtmem_inner.o(.text) refers to defsig_general.o(.text) for __default_signal_display
    __raise.o(.text) refers to defsig.o(CL$$defsig) for __default_signal_handler
    defsig_general.o(.text) refers to sys_wrch.o(.text) for _ttywrch
    sys_wrch.o(.text) refers (Special) to use_no_semi.o(.text) for __I$use$semihosting
    sys_wrch.o(.text) refers (Special) to indicate_semi.o(.text) for __semihosting_library_function
    defsig.o(CL$$defsig) refers to defsig_rtmem_inner.o(.text) for __rt_SIGRTMEM_inner
    defsig_abrt_inner.o(.text) refers to defsig_general.o(.text) for __default_signal_display
    defsig_fpe_inner.o(.text) refers to defsig_general.o(.text) for __default_signal_display
    defsig_rtred_inner.o(.text) refers to defsig_general.o(.text) for __default_signal_display
    defsig_stak_inner.o(.text) refers to defsig_general.o(.text) for __default_signal_display
    defsig_pvfn_inner.o(.text) refers to defsig_general.o(.text) for __default_signal_display
    defsig_cppl_inner.o(.text) refers to defsig_general.o(.text) for __default_signal_display
    defsig_segv_inner.o(.text) refers to defsig_general.o(.text) for __default_signal_display
    defsig_other.o(.text) refers to defsig_general.o(.text) for __default_signal_display


==============================================================================

Removing Unused input sections from the image.

    Removing adxl345.o(.text), (884 bytes).
    Removing adxl345.o(.constdata), (4864 bytes).
    Removing ds18b20.o(.text), (472 bytes).
    Removing ds18b20.o(.bss), (300 bytes).
    Removing ds18b20.o(.constdata), (4864 bytes).
    Removing ds18b20.o(.data), (2 bytes).
    Removing setadc.o(.text), (352 bytes).
    Removing setadc.o(.bss), (300 bytes).
    Removing setadc.o(.constdata), (4864 bytes).
    Removing user_main_maincontroller.o(.constdata), (4864 bytes).
    Removing settimer.o(.constdata), (4864 bytes).
    Removing setgpio.o(.text), (876 bytes).
    Removing setgpio.o(.constdata), (4864 bytes).
    Removing gps.o(.text), (784 bytes).
    Removing gps.o(.bss), (82 bytes).
    Removing gps.o(.constdata), (4864 bytes).
    Removing gps.o(.data), (204 bytes).
    Removing hmc6343.o(.text), (964 bytes).
    Removing hmc6343.o(.constdata), (4864 bytes).
    Removing hmc6343.o(.data), (12 bytes).
    Removing main_navigation_box.o(.constdata), (4864 bytes).
    Removing navigation_box_led.o(.text), (228 bytes).
    Removing navigation_box_led.o(.constdata), (4864 bytes).
    Removing setgpio_1.o(.text), (300 bytes).
    Removing setgpio_1.o(.constdata), (4864 bytes).
    Removing main_esc_box.o(.constdata), (4864 bytes).
    Removing setgpio_2.o(.constdata), (4864 bytes).
    Removing esc_pwm.o(.constdata), (4864 bytes).
    Removing cmdcoder.o(.text), (808 bytes).
    Removing main.o(.constdata), (4864 bytes).
    Removing setcan.o(.constdata), (4864 bytes).
    Removing setclock.o(.constdata), (4864 bytes).
    Removing setsystick.o(.constdata), (4864 bytes).
    Removing setuart.o(.constdata), (4864 bytes).
    Removing system_error_status.o(.constdata), (4864 bytes).
    Removing core_cm3.o(.emb_text), (32 bytes).
    Removing system_stm32f10x.o(.text), (316 bytes).
    Removing system_stm32f10x.o(.constdata), (20 bytes).
    Removing misc.o(i.NVIC_SystemLPConfig), (24 bytes).
    Removing stm32f10x_adc.o(i.ADC_AnalogWatchdogCmd), (16 bytes).
    Removing stm32f10x_adc.o(i.ADC_AnalogWatchdogSingleChannelConfig), (12 bytes).
    Removing stm32f10x_adc.o(i.ADC_AnalogWatchdogThresholdsConfig), (6 bytes).
    Removing stm32f10x_adc.o(i.ADC_AutoInjectedConvCmd), (18 bytes).
    Removing stm32f10x_adc.o(i.ADC_ClearFlag), (6 bytes).
    Removing stm32f10x_adc.o(i.ADC_ClearITPendingBit), (8 bytes).
    Removing stm32f10x_adc.o(i.ADC_Cmd), (18 bytes).
    Removing stm32f10x_adc.o(i.ADC_DMACmd), (18 bytes).
    Removing stm32f10x_adc.o(i.ADC_DeInit), (100 bytes).
    Removing stm32f10x_adc.o(i.ADC_DiscModeChannelCountConfig), (16 bytes).
    Removing stm32f10x_adc.o(i.ADC_DiscModeCmd), (18 bytes).
    Removing stm32f10x_adc.o(i.ADC_ExternalTrigConvCmd), (18 bytes).
    Removing stm32f10x_adc.o(i.ADC_ExternalTrigInjectedConvCmd), (18 bytes).
    Removing stm32f10x_adc.o(i.ADC_ExternalTrigInjectedConvConfig), (12 bytes).
    Removing stm32f10x_adc.o(i.ADC_GetCalibrationStatus), (16 bytes).
    Removing stm32f10x_adc.o(i.ADC_GetConversionValue), (6 bytes).
    Removing stm32f10x_adc.o(i.ADC_GetDualModeConversionValue), (12 bytes).
    Removing stm32f10x_adc.o(i.ADC_GetFlagStatus), (14 bytes).
    Removing stm32f10x_adc.o(i.ADC_GetITStatus), (32 bytes).
    Removing stm32f10x_adc.o(i.ADC_GetInjectedConversionValue), (8 bytes).
    Removing stm32f10x_adc.o(i.ADC_GetResetCalibrationStatus), (16 bytes).
    Removing stm32f10x_adc.o(i.ADC_GetSoftwareStartConvStatus), (16 bytes).
    Removing stm32f10x_adc.o(i.ADC_GetSoftwareStartInjectedConvCmdStatus), (16 bytes).
    Removing stm32f10x_adc.o(i.ADC_ITConfig), (18 bytes).
    Removing stm32f10x_adc.o(i.ADC_Init), (80 bytes).
    Removing stm32f10x_adc.o(i.ADC_InjectedChannelConfig), (92 bytes).
    Removing stm32f10x_adc.o(i.ADC_InjectedDiscModeCmd), (18 bytes).
    Removing stm32f10x_adc.o(i.ADC_InjectedSequencerLengthConfig), (16 bytes).
    Removing stm32f10x_adc.o(i.ADC_RegularChannelConfig), (144 bytes).
    Removing stm32f10x_adc.o(i.ADC_ResetCalibration), (10 bytes).
    Removing stm32f10x_adc.o(i.ADC_SetInjectedOffset), (4 bytes).
    Removing stm32f10x_adc.o(i.ADC_SoftwareStartConvCmd), (18 bytes).
    Removing stm32f10x_adc.o(i.ADC_SoftwareStartInjectedConvCmd), (18 bytes).
    Removing stm32f10x_adc.o(i.ADC_StartCalibration), (10 bytes).
    Removing stm32f10x_adc.o(i.ADC_StructInit), (18 bytes).
    Removing stm32f10x_adc.o(i.ADC_TempSensorVrefintCmd), (28 bytes).
    Removing stm32f10x_can.o(i.CAN_CancelTransmit), (42 bytes).
    Removing stm32f10x_can.o(i.CAN_ClearFlag), (10 bytes).
    Removing stm32f10x_can.o(i.CAN_ClearITPendingBit), (144 bytes).
    Removing stm32f10x_can.o(i.CAN_DBGFreeze), (18 bytes).
    Removing stm32f10x_can.o(i.CAN_FIFORelease), (12 bytes).
    Removing stm32f10x_can.o(i.CAN_GetFlagStatus), (14 bytes).
    Removing stm32f10x_can.o(i.CAN_MessagePending), (26 bytes).
    Removing stm32f10x_can.o(i.CAN_SlaveStartBank), (44 bytes).
    Removing stm32f10x_can.o(i.CAN_Sleep), (30 bytes).
    Removing stm32f10x_can.o(i.CAN_WakeUp), (44 bytes).
    Removing stm32f10x_dma.o(i.DMA_ClearFlag), (20 bytes).
    Removing stm32f10x_dma.o(i.DMA_ClearITPendingBit), (20 bytes).
    Removing stm32f10x_dma.o(i.DMA_Cmd), (18 bytes).
    Removing stm32f10x_dma.o(i.DMA_DeInit), (264 bytes).
    Removing stm32f10x_dma.o(i.DMA_GetCurrDataCounter), (6 bytes).
    Removing stm32f10x_dma.o(i.DMA_GetFlagStatus), (32 bytes).
    Removing stm32f10x_dma.o(i.DMA_GetITStatus), (32 bytes).
    Removing stm32f10x_dma.o(i.DMA_ITConfig), (16 bytes).
    Removing stm32f10x_dma.o(i.DMA_Init), (72 bytes).
    Removing stm32f10x_dma.o(i.DMA_StructInit), (26 bytes).
    Removing stm32f10x_flash.o(i.FLASH_ClearFlag), (12 bytes).
    Removing stm32f10x_flash.o(i.FLASH_EnableWriteProtection), (176 bytes).
    Removing stm32f10x_flash.o(i.FLASH_EraseAllPages), (64 bytes).
    Removing stm32f10x_flash.o(i.FLASH_EraseOptionBytes), (124 bytes).
    Removing stm32f10x_flash.o(i.FLASH_ErasePage), (68 bytes).
    Removing stm32f10x_flash.o(i.FLASH_GetFlagStatus), (36 bytes).
    Removing stm32f10x_flash.o(i.FLASH_GetPrefetchBufferStatus), (20 bytes).
    Removing stm32f10x_flash.o(i.FLASH_GetReadOutProtectionStatus), (20 bytes).
    Removing stm32f10x_flash.o(i.FLASH_GetStatus), (44 bytes).
    Removing stm32f10x_flash.o(i.FLASH_GetUserOptionByte), (12 bytes).
    Removing stm32f10x_flash.o(i.FLASH_GetWriteProtectionOptionByte), (12 bytes).
    Removing stm32f10x_flash.o(i.FLASH_HalfCycleAccessCmd), (24 bytes).
    Removing stm32f10x_flash.o(i.FLASH_ITConfig), (24 bytes).
    Removing stm32f10x_flash.o(i.FLASH_Lock), (16 bytes).
    Removing stm32f10x_flash.o(i.FLASH_ProgramHalfWord), (60 bytes).
    Removing stm32f10x_flash.o(i.FLASH_ProgramOptionByteData), (76 bytes).
    Removing stm32f10x_flash.o(i.FLASH_ProgramWord), (80 bytes).
    Removing stm32f10x_flash.o(i.FLASH_ReadOutProtection), (144 bytes).
    Removing stm32f10x_flash.o(i.FLASH_Unlock), (24 bytes).
    Removing stm32f10x_flash.o(i.FLASH_UserOptionByteConfig), (92 bytes).
    Removing stm32f10x_flash.o(i.FLASH_WaitForLastOperation), (108 bytes).
    Removing stm32f10x_gpio.o(i.GPIO_AFIODeInit), (22 bytes).
    Removing stm32f10x_gpio.o(i.GPIO_DeInit), (216 bytes).
    Removing stm32f10x_gpio.o(i.GPIO_ETH_MediaInterfaceConfig), (12 bytes).
    Removing stm32f10x_gpio.o(i.GPIO_EXTILineConfig), (40 bytes).
    Removing stm32f10x_gpio.o(i.GPIO_EventOutputCmd), (12 bytes).
    Removing stm32f10x_gpio.o(i.GPIO_EventOutputConfig), (28 bytes).
    Removing stm32f10x_gpio.o(i.GPIO_PinLockConfig), (16 bytes).
    Removing stm32f10x_gpio.o(i.GPIO_ReadInputData), (6 bytes).
    Removing stm32f10x_gpio.o(i.GPIO_ReadInputDataBit), (14 bytes).
    Removing stm32f10x_gpio.o(i.GPIO_ReadOutputData), (6 bytes).
    Removing stm32f10x_gpio.o(i.GPIO_ReadOutputDataBit), (14 bytes).
    Removing stm32f10x_gpio.o(i.GPIO_ResetBits), (4 bytes).
    Removing stm32f10x_gpio.o(i.GPIO_SetBits), (4 bytes).
    Removing stm32f10x_gpio.o(i.GPIO_Write), (4 bytes).
    Removing stm32f10x_gpio.o(i.GPIO_WriteBit), (10 bytes).
    Removing stm32f10x_rcc.o(i.RCC_AHBPeriphClockCmd), (24 bytes).
    Removing stm32f10x_rcc.o(i.RCC_APB2PeriphResetCmd), (24 bytes).
    Removing stm32f10x_rcc.o(i.RCC_AdjustHSICalibrationValue), (20 bytes).
    Removing stm32f10x_rcc.o(i.RCC_BackupResetCmd), (12 bytes).
    Removing stm32f10x_rcc.o(i.RCC_ClearFlag), (16 bytes).
    Removing stm32f10x_rcc.o(i.RCC_ClearITPendingBit), (12 bytes).
    Removing stm32f10x_rcc.o(i.RCC_ClockSecuritySystemCmd), (12 bytes).
    Removing stm32f10x_rcc.o(i.RCC_GetITStatus), (20 bytes).
    Removing stm32f10x_rcc.o(i.RCC_ITConfig), (24 bytes).
    Removing stm32f10x_rcc.o(i.RCC_LSEConfig), (36 bytes).
    Removing stm32f10x_rcc.o(i.RCC_LSICmd), (12 bytes).
    Removing stm32f10x_rcc.o(i.RCC_MCOConfig), (12 bytes).
    Removing stm32f10x_rcc.o(i.RCC_RTCCLKCmd), (12 bytes).
    Removing stm32f10x_rcc.o(i.RCC_RTCCLKConfig), (16 bytes).
    Removing stm32f10x_rcc.o(i.RCC_USBCLKConfig), (12 bytes).
    Removing stm32f10x_tim.o(i.TIM_BDTRConfig), (44 bytes).
    Removing stm32f10x_tim.o(i.TIM_BDTRStructInit), (18 bytes).
    Removing stm32f10x_tim.o(i.TIM_CCPreloadControl), (18 bytes).
    Removing stm32f10x_tim.o(i.TIM_CCxCmd), (26 bytes).
    Removing stm32f10x_tim.o(i.TIM_CCxNCmd), (26 bytes).
    Removing stm32f10x_tim.o(i.TIM_ClearITPendingBit), (6 bytes).
    Removing stm32f10x_tim.o(i.TIM_ClearOC1Ref), (12 bytes).
    Removing stm32f10x_tim.o(i.TIM_ClearOC2Ref), (14 bytes).
    Removing stm32f10x_tim.o(i.TIM_ClearOC3Ref), (12 bytes).
    Removing stm32f10x_tim.o(i.TIM_ClearOC4Ref), (14 bytes).
    Removing stm32f10x_tim.o(i.TIM_CounterModeConfig), (16 bytes).
    Removing stm32f10x_tim.o(i.TIM_DMACmd), (16 bytes).
    Removing stm32f10x_tim.o(i.TIM_DMAConfig), (8 bytes).
    Removing stm32f10x_tim.o(i.TIM_DeInit), (244 bytes).
    Removing stm32f10x_tim.o(i.TIM_ETRClockMode1Config), (30 bytes).
    Removing stm32f10x_tim.o(i.TIM_ETRClockMode2Config), (30 bytes).
    Removing stm32f10x_tim.o(i.TIM_ETRConfig), (22 bytes).
    Removing stm32f10x_tim.o(i.TIM_EncoderInterfaceConfig), (54 bytes).
    Removing stm32f10x_tim.o(i.TIM_ForcedOC1Config), (12 bytes).
    Removing stm32f10x_tim.o(i.TIM_ForcedOC2Config), (14 bytes).
    Removing stm32f10x_tim.o(i.TIM_ForcedOC3Config), (12 bytes).
    Removing stm32f10x_tim.o(i.TIM_ForcedOC4Config), (14 bytes).
    Removing stm32f10x_tim.o(i.TIM_GenerateEvent), (4 bytes).
    Removing stm32f10x_tim.o(i.TIM_GetCapture1), (4 bytes).
    Removing stm32f10x_tim.o(i.TIM_GetCapture2), (4 bytes).
    Removing stm32f10x_tim.o(i.TIM_GetCapture3), (4 bytes).
    Removing stm32f10x_tim.o(i.TIM_GetCapture4), (6 bytes).
    Removing stm32f10x_tim.o(i.TIM_GetCounter), (4 bytes).
    Removing stm32f10x_tim.o(i.TIM_GetFlagStatus), (14 bytes).
    Removing stm32f10x_tim.o(i.TIM_GetPrescaler), (4 bytes).
    Removing stm32f10x_tim.o(i.TIM_ICInit), (260 bytes).
    Removing stm32f10x_tim.o(i.TIM_ICStructInit), (16 bytes).
    Removing stm32f10x_tim.o(i.TIM_ITRxExternalClockConfig), (20 bytes).
    Removing stm32f10x_tim.o(i.TIM_InternalClockConfig), (10 bytes).
    Removing stm32f10x_tim.o(i.TIM_OC1FastConfig), (12 bytes).
    Removing stm32f10x_tim.o(i.TIM_OC1Init), (108 bytes).
    Removing stm32f10x_tim.o(i.TIM_OC1NPolarityConfig), (12 bytes).
    Removing stm32f10x_tim.o(i.TIM_OC1PolarityConfig), (12 bytes).
    Removing stm32f10x_tim.o(i.TIM_OC1PreloadConfig), (12 bytes).
    Removing stm32f10x_tim.o(i.TIM_OC2FastConfig), (14 bytes).
    Removing stm32f10x_tim.o(i.TIM_OC2Init), (132 bytes).
    Removing stm32f10x_tim.o(i.TIM_OC2NPolarityConfig), (14 bytes).
    Removing stm32f10x_tim.o(i.TIM_OC2PolarityConfig), (14 bytes).
    Removing stm32f10x_tim.o(i.TIM_OC2PreloadConfig), (14 bytes).
    Removing stm32f10x_tim.o(i.TIM_OC3FastConfig), (12 bytes).
    Removing stm32f10x_tim.o(i.TIM_OC3NPolarityConfig), (14 bytes).
    Removing stm32f10x_tim.o(i.TIM_OC3PolarityConfig), (14 bytes).
    Removing stm32f10x_tim.o(i.TIM_OC4FastConfig), (14 bytes).
    Removing stm32f10x_tim.o(i.TIM_OC4PolarityConfig), (14 bytes).
    Removing stm32f10x_tim.o(i.TIM_PWMIConfig), (286 bytes).
    Removing stm32f10x_tim.o(i.TIM_PrescalerConfig), (6 bytes).
    Removing stm32f10x_tim.o(i.TIM_SelectCCDMA), (18 bytes).
    Removing stm32f10x_tim.o(i.TIM_SelectCOM), (18 bytes).
    Removing stm32f10x_tim.o(i.TIM_SelectHallSensor), (18 bytes).
    Removing stm32f10x_tim.o(i.TIM_SelectInputTrigger), (12 bytes).
    Removing stm32f10x_tim.o(i.TIM_SelectMasterSlaveMode), (16 bytes).
    Removing stm32f10x_tim.o(i.TIM_SelectOCxM), (88 bytes).
    Removing stm32f10x_tim.o(i.TIM_SelectOnePulseMode), (20 bytes).
    Removing stm32f10x_tim.o(i.TIM_SelectOutputTrigger), (16 bytes).
    Removing stm32f10x_tim.o(i.TIM_SelectSlaveMode), (16 bytes).
    Removing stm32f10x_tim.o(i.TIM_SetAutoreload), (4 bytes).
    Removing stm32f10x_tim.o(i.TIM_SetClockDivision), (14 bytes).
    Removing stm32f10x_tim.o(i.TIM_SetCompare1), (4 bytes).
    Removing stm32f10x_tim.o(i.TIM_SetCompare2), (4 bytes).
    Removing stm32f10x_tim.o(i.TIM_SetCompare3), (4 bytes).
    Removing stm32f10x_tim.o(i.TIM_SetCompare4), (6 bytes).
    Removing stm32f10x_tim.o(i.TIM_SetCounter), (4 bytes).
    Removing stm32f10x_tim.o(i.TIM_SetIC1Prescaler), (16 bytes).
    Removing stm32f10x_tim.o(i.TIM_SetIC2Prescaler), (18 bytes).
    Removing stm32f10x_tim.o(i.TIM_SetIC3Prescaler), (16 bytes).
    Removing stm32f10x_tim.o(i.TIM_SetIC4Prescaler), (18 bytes).
    Removing stm32f10x_tim.o(i.TIM_TIxExternalClockConfig), (118 bytes).
    Removing stm32f10x_tim.o(i.TIM_TimeBaseStructInit), (18 bytes).
    Removing stm32f10x_tim.o(i.TIM_UpdateDisableConfig), (22 bytes).
    Removing stm32f10x_tim.o(i.TIM_UpdateRequestConfig), (22 bytes).
    Removing stm32f10x_usart.o(i.USART_ClearFlag), (6 bytes).
    Removing stm32f10x_usart.o(i.USART_ClearITPendingBit), (14 bytes).
    Removing stm32f10x_usart.o(i.USART_ClockInit), (36 bytes).
    Removing stm32f10x_usart.o(i.USART_ClockStructInit), (12 bytes).
    Removing stm32f10x_usart.o(i.USART_DMACmd), (16 bytes).
    Removing stm32f10x_usart.o(i.USART_DeInit), (164 bytes).
    Removing stm32f10x_usart.o(i.USART_HalfDuplexCmd), (18 bytes).
    Removing stm32f10x_usart.o(i.USART_IrDACmd), (18 bytes).
    Removing stm32f10x_usart.o(i.USART_IrDAConfig), (16 bytes).
    Removing stm32f10x_usart.o(i.USART_LINBreakDetectLengthConfig), (16 bytes).
    Removing stm32f10x_usart.o(i.USART_LINCmd), (18 bytes).
    Removing stm32f10x_usart.o(i.USART_ReceiverWakeUpCmd), (18 bytes).
    Removing stm32f10x_usart.o(i.USART_SendBreak), (10 bytes).
    Removing stm32f10x_usart.o(i.USART_SetAddress), (16 bytes).
    Removing stm32f10x_usart.o(i.USART_SetGuardTime), (16 bytes).
    Removing stm32f10x_usart.o(i.USART_SetPrescaler), (16 bytes).
    Removing stm32f10x_usart.o(i.USART_SmartCardCmd), (18 bytes).
    Removing stm32f10x_usart.o(i.USART_SmartCardNACKCmd), (18 bytes).
    Removing stm32f10x_usart.o(i.USART_WakeUpConfig), (16 bytes).

240 unused section(s) (total 110620 bytes) removed from the image.

==============================================================================

Image Symbol Table

    Local Symbols

    Symbol Name                              Value     Ov Type        Size  Object(Section)

    ../clib/angel/boardlib.s                 0x00000000   Number         0  boardshut.o ABSOLUTE
    ../clib/angel/boardlib.s                 0x00000000   Number         0  boardinit3.o ABSOLUTE
    ../clib/angel/boardlib.s                 0x00000000   Number         0  boardinit2.o ABSOLUTE
    ../clib/angel/boardlib.s                 0x00000000   Number         0  boardinit1.o ABSOLUTE
    ../clib/angel/handlers.s                 0x00000000   Number         0  __scatter_copy.o ABSOLUTE
    ../clib/angel/handlers.s                 0x00000000   Number         0  __scatter_zi.o ABSOLUTE
    ../clib/angel/kernel.s                   0x00000000   Number         0  __rtentry4.o ABSOLUTE
    ../clib/angel/kernel.s                   0x00000000   Number         0  __rtentry2.o ABSOLUTE
    ../clib/angel/kernel.s                   0x00000000   Number         0  __rtentry.o ABSOLUTE
    ../clib/angel/kernel.s                   0x00000000   Number         0  rtexit2.o ABSOLUTE
    ../clib/angel/kernel.s                   0x00000000   Number         0  rtexit.o ABSOLUTE
    ../clib/angel/rt.s                       0x00000000   Number         0  rt_raise.o ABSOLUTE
    ../clib/angel/scatter.s                  0x00000000   Number         0  __scatter.o ABSOLUTE
    ../clib/angel/startup.s                  0x00000000   Number         0  __main.o ABSOLUTE
    ../clib/angel/sys.s                      0x00000000   Number         0  indicate_semi.o ABSOLUTE
    ../clib/angel/sys.s                      0x00000000   Number         0  libspace.o ABSOLUTE
    ../clib/angel/sys.s                      0x00000000   Number         0  use_no_semi.o ABSOLUTE
    ../clib/angel/sys.s                      0x00000000   Number         0  sys_stackheap_outer.o ABSOLUTE
    ../clib/angel/sysapp.c                   0x00000000   Number         0  sys_wrch.o ABSOLUTE
    ../clib/angel/sysapp.c                   0x00000000   Number         0  sys_exit.o ABSOLUTE
    ../clib/angel/sysapp.c                   0x00000000   Number         0  sys_command.o ABSOLUTE
    ../clib/armsys.c                         0x00000000   Number         0  argv_veneer.o ABSOLUTE
    ../clib/armsys.c                         0x00000000   Number         0  argv_veneer.o ABSOLUTE
    ../clib/armsys.c                         0x00000000   Number         0  _get_argv_nomalloc.o ABSOLUTE
    ../clib/armsys.c                         0x00000000   Number         0  no_argv.o ABSOLUTE
    ../clib/heapalloc.c                      0x00000000   Number         0  hrguard.o ABSOLUTE
    ../clib/heapaux.c                        0x00000000   Number         0  heapauxi.o ABSOLUTE
    ../clib/libinit.s                        0x00000000   Number         0  libshutdown2.o ABSOLUTE
    ../clib/libinit.s                        0x00000000   Number         0  libinit2.o ABSOLUTE
    ../clib/libinit.s                        0x00000000   Number         0  libinit.o ABSOLUTE
    ../clib/libinit.s                        0x00000000   Number         0  libshutdown.o ABSOLUTE
    ../clib/memcpset.s                       0x00000000   Number         0  rt_memcpy_w.o ABSOLUTE
    ../clib/signal.c                         0x00000000   Number         0  defsig_segv_inner.o ABSOLUTE
    ../clib/signal.c                         0x00000000   Number         0  defsig_cppl_inner.o ABSOLUTE
    ../clib/signal.c                         0x00000000   Number         0  defsig_pvfn_inner.o ABSOLUTE
    ../clib/signal.c                         0x00000000   Number         0  defsig_stak_inner.o ABSOLUTE
    ../clib/signal.c                         0x00000000   Number         0  defsig_rtred_inner.o ABSOLUTE
    ../clib/signal.c                         0x00000000   Number         0  defsig_fpe_inner.o ABSOLUTE
    ../clib/signal.c                         0x00000000   Number         0  defsig_abrt_inner.o ABSOLUTE
    ../clib/signal.c                         0x00000000   Number         0  defsig_general.o ABSOLUTE
    ../clib/signal.c                         0x00000000   Number         0  __raise.o ABSOLUTE
    ../clib/signal.c                         0x00000000   Number         0  defsig_rtmem_inner.o ABSOLUTE
    ../clib/signal.c                         0x00000000   Number         0  defsig_exit.o ABSOLUTE
    ../clib/signal.c                         0x00000000   Number         0  defsig_rtmem_formal.o ABSOLUTE
    ../clib/signal.c                         0x00000000   Number         0  defsig_rtmem_outer.o ABSOLUTE
    ../clib/signal.c                         0x00000000   Number         0  defsig_other.o ABSOLUTE
    ../clib/signal.s                         0x00000000   Number         0  defsig.o ABSOLUTE
    ../clib/stdlib.c                         0x00000000   Number         0  exit.o ABSOLUTE
    ../fplib/fpinit.s                        0x00000000   Number         0  fpinit.o ABSOLUTE
    Libraries\CMSIS\Core\CM3\core_cm3.c      0x00000000   Number         0  core_cm3.o ABSOLUTE
    Libraries\CMSIS\Core\CM3\startup\arm\startup_stm32f10x_md.s 0x00000000   Number         0  startup_stm32f10x_md.o ABSOLUTE
    Libraries\CMSIS\Core\CM3\system_stm32f10x.c 0x00000000   Number         0  system_stm32f10x.o ABSOLUTE
    Libraries\\CMSIS\\Core\\CM3\\core_cm3.c  0x00000000   Number         0  core_cm3.o ABSOLUTE
    board_m80_esc\SetGPIO.c                  0x00000000   Number         0  setgpio_2.o ABSOLUTE
    board_m80_esc\esc_pwm.c                  0x00000000   Number         0  esc_pwm.o ABSOLUTE
    board_m80_esc\main_esc_box.c             0x00000000   Number         0  main_esc_box.o ABSOLUTE
    board_mainController\ADXL345.c           0x00000000   Number         0  adxl345.o ABSOLUTE
    board_mainController\Ds18B20.c           0x00000000   Number         0  ds18b20.o ABSOLUTE
    board_mainController\SetADC.c            0x00000000   Number         0  setadc.o ABSOLUTE
    board_mainController\SetGPIO.c           0x00000000   Number         0  setgpio.o ABSOLUTE
    board_mainController\SetTimer.c          0x00000000   Number         0  settimer.o ABSOLUTE
    board_mainController\user_main_MainController.c 0x00000000   Number         0  user_main_maincontroller.o ABSOLUTE
    board_navigationBox\HMC6343.c            0x00000000   Number         0  hmc6343.o ABSOLUTE
    board_navigationBox\SetGPIO.c            0x00000000   Number         0  setgpio_1.o ABSOLUTE
    board_navigationBox\gps.c                0x00000000   Number         0  gps.o ABSOLUTE
    board_navigationBox\main_navigation_box.c 0x00000000   Number         0  main_navigation_box.o ABSOLUTE
    board_navigationBox\navigation_box_led.c 0x00000000   Number         0  navigation_box_led.o ABSOLUTE
    dc.s                                     0x00000000   Number         0  dc.o ABSOLUTE
    src\misc.c                               0x00000000   Number         0  misc.o ABSOLUTE
    src\stm32f10x_adc.c                      0x00000000   Number         0  stm32f10x_adc.o ABSOLUTE
    src\stm32f10x_can.c                      0x00000000   Number         0  stm32f10x_can.o ABSOLUTE
    src\stm32f10x_dma.c                      0x00000000   Number         0  stm32f10x_dma.o ABSOLUTE
    src\stm32f10x_flash.c                    0x00000000   Number         0  stm32f10x_flash.o ABSOLUTE
    src\stm32f10x_gpio.c                     0x00000000   Number         0  stm32f10x_gpio.o ABSOLUTE
    src\stm32f10x_rcc.c                      0x00000000   Number         0  stm32f10x_rcc.o ABSOLUTE
    src\stm32f10x_tim.c                      0x00000000   Number         0  stm32f10x_tim.o ABSOLUTE
    src\stm32f10x_usart.c                    0x00000000   Number         0  stm32f10x_usart.o ABSOLUTE
    system\SetCAN.c                          0x00000000   Number         0  setcan.o ABSOLUTE
    system\SetClock.c                        0x00000000   Number         0  setclock.o ABSOLUTE
    system\SetSysTick.c                      0x00000000   Number         0  setsystick.o ABSOLUTE
    system\SetUART.c                         0x00000000   Number         0  setuart.o ABSOLUTE
    system\cmdcoder.c                        0x00000000   Number         0  cmdcoder.o ABSOLUTE
    system\fifo.c                            0x00000000   Number         0  fifo.o ABSOLUTE
    system\fifo_void.c                       0x00000000   Number         0  fifo_void.o ABSOLUTE
    system\main.c                            0x00000000   Number         0  main.o ABSOLUTE
    system\system_error_status.c             0x00000000   Number         0  system_error_status.o ABSOLUTE
    RESET                                    0x08000000   Section      236  startup_stm32f10x_md.o(RESET)
    !!!main                                  0x080000ec   Section        8  __main.o(!!!main)
    !!!scatter                               0x080000f4   Section       52  __scatter.o(!!!scatter)
    !!handler_copy                           0x08000128   Section       26  __scatter_copy.o(!!handler_copy)
    !!handler_zi                             0x08000144   Section       28  __scatter_zi.o(!!handler_zi)
    .ARM.Collect$$libinit$$00000000          0x08000160   Section        2  libinit.o(.ARM.Collect$$libinit$$00000000)
    .ARM.Collect$$libinit$$00000002          0x08000162   Section        0  libinit2.o(.ARM.Collect$$libinit$$00000002)
    .ARM.Collect$$libinit$$00000004          0x08000162   Section        0  libinit2.o(.ARM.Collect$$libinit$$00000004)
    .ARM.Collect$$libinit$$0000000A          0x08000162   Section        0  libinit2.o(.ARM.Collect$$libinit$$0000000A)
    .ARM.Collect$$libinit$$0000000C          0x08000162   Section        0  libinit2.o(.ARM.Collect$$libinit$$0000000C)
    .ARM.Collect$$libinit$$0000000E          0x08000162   Section        0  libinit2.o(.ARM.Collect$$libinit$$0000000E)
    .ARM.Collect$$libinit$$00000011          0x08000162   Section        0  libinit2.o(.ARM.Collect$$libinit$$00000011)
    .ARM.Collect$$libinit$$00000013          0x08000162   Section        0  libinit2.o(.ARM.Collect$$libinit$$00000013)
    .ARM.Collect$$libinit$$00000015          0x08000162   Section        0  libinit2.o(.ARM.Collect$$libinit$$00000015)
    .ARM.Collect$$libinit$$00000017          0x08000162   Section        0  libinit2.o(.ARM.Collect$$libinit$$00000017)
    .ARM.Collect$$libinit$$00000019          0x08000162   Section        0  libinit2.o(.ARM.Collect$$libinit$$00000019)
    .ARM.Collect$$libinit$$0000001B          0x08000162   Section        0  libinit2.o(.ARM.Collect$$libinit$$0000001B)
    .ARM.Collect$$libinit$$0000001D          0x08000162   Section        0  libinit2.o(.ARM.Collect$$libinit$$0000001D)
    .ARM.Collect$$libinit$$0000001F          0x08000162   Section        0  libinit2.o(.ARM.Collect$$libinit$$0000001F)
    .ARM.Collect$$libinit$$00000021          0x08000162   Section        0  libinit2.o(.ARM.Collect$$libinit$$00000021)
    .ARM.Collect$$libinit$$00000023          0x08000162   Section        0  libinit2.o(.ARM.Collect$$libinit$$00000023)
    .ARM.Collect$$libinit$$00000025          0x08000162   Section        0  libinit2.o(.ARM.Collect$$libinit$$00000025)
    .ARM.Collect$$libinit$$0000002C          0x08000162   Section        0  libinit2.o(.ARM.Collect$$libinit$$0000002C)
    .ARM.Collect$$libinit$$0000002E          0x08000162   Section        0  libinit2.o(.ARM.Collect$$libinit$$0000002E)
    .ARM.Collect$$libinit$$00000030          0x08000162   Section        0  libinit2.o(.ARM.Collect$$libinit$$00000030)
    .ARM.Collect$$libinit$$00000032          0x08000162   Section        0  libinit2.o(.ARM.Collect$$libinit$$00000032)
    .ARM.Collect$$libinit$$00000033          0x08000162   Section        2  libinit2.o(.ARM.Collect$$libinit$$00000033)
    .ARM.Collect$$libshutdown$$00000000      0x08000164   Section        2  libshutdown.o(.ARM.Collect$$libshutdown$$00000000)
    .ARM.Collect$$libshutdown$$00000003      0x08000166   Section        0  libshutdown2.o(.ARM.Collect$$libshutdown$$00000003)
    .ARM.Collect$$libshutdown$$00000006      0x08000166   Section        0  libshutdown2.o(.ARM.Collect$$libshutdown$$00000006)
    .ARM.Collect$$libshutdown$$00000009      0x08000166   Section        0  libshutdown2.o(.ARM.Collect$$libshutdown$$00000009)
    .ARM.Collect$$libshutdown$$0000000B      0x08000166   Section        0  libshutdown2.o(.ARM.Collect$$libshutdown$$0000000B)
    .ARM.Collect$$libshutdown$$0000000E      0x08000166   Section        0  libshutdown2.o(.ARM.Collect$$libshutdown$$0000000E)
    .ARM.Collect$$libshutdown$$0000000F      0x08000166   Section        2  libshutdown2.o(.ARM.Collect$$libshutdown$$0000000F)
    .ARM.Collect$$rtentry$$00000000          0x08000168   Section        0  __rtentry.o(.ARM.Collect$$rtentry$$00000000)
    .ARM.Collect$$rtentry$$00000002          0x08000168   Section        0  __rtentry2.o(.ARM.Collect$$rtentry$$00000002)
    .ARM.Collect$$rtentry$$00000004          0x08000168   Section        6  __rtentry4.o(.ARM.Collect$$rtentry$$00000004)
    .ARM.Collect$$rtentry$$00000009          0x0800016e   Section        0  __rtentry2.o(.ARM.Collect$$rtentry$$00000009)
    .ARM.Collect$$rtentry$$0000000A          0x0800016e   Section        4  __rtentry2.o(.ARM.Collect$$rtentry$$0000000A)
    .ARM.Collect$$rtentry$$0000000C          0x08000172   Section        0  __rtentry2.o(.ARM.Collect$$rtentry$$0000000C)
    .ARM.Collect$$rtentry$$0000000D          0x08000172   Section        8  __rtentry2.o(.ARM.Collect$$rtentry$$0000000D)
    .ARM.Collect$$rtexit$$00000000           0x0800017a   Section        2  rtexit.o(.ARM.Collect$$rtexit$$00000000)
    .ARM.Collect$$rtexit$$00000002           0x0800017c   Section        0  rtexit2.o(.ARM.Collect$$rtexit$$00000002)
    .ARM.Collect$$rtexit$$00000003           0x0800017c   Section        4  rtexit2.o(.ARM.Collect$$rtexit$$00000003)
    .ARM.Collect$$rtexit$$00000004           0x08000180   Section        6  rtexit2.o(.ARM.Collect$$rtexit$$00000004)
    .text                                    0x08000188   Section        0  settimer.o(.text)
    .text                                    0x080002ac   Section        0  main_esc_box.o(.text)
    .text                                    0x0800040c   Section        0  setgpio_2.o(.text)
    .text                                    0x08000578   Section        0  esc_pwm.o(.text)
    .text                                    0x08000684   Section        0  fifo.o(.text)
    .text                                    0x08000760   Section        0  fifo_void.o(.text)
    .text                                    0x08000848   Section        0  main.o(.text)
    .text                                    0x0800086c   Section        0  setcan.o(.text)
    .text                                    0x08000d00   Section        0  setclock.o(.text)
    .text                                    0x08000e30   Section        0  setsystick.o(.text)
    .text                                    0x08000fa0   Section        0  setuart.o(.text)
    .text                                    0x08001254   Section        0  system_error_status.o(.text)
    .text                                    0x0800135c   Section       56  startup_stm32f10x_md.o(.text)
    .text                                    0x08001394   Section      100  rt_memcpy_w.o(.text)
    .text                                    0x080013f8   Section        0  heapauxi.o(.text)
    .text                                    0x080013fe   Section       74  sys_stackheap_outer.o(.text)
    .text                                    0x08001448   Section        0  exit.o(.text)
    .text                                    0x08001454   Section        8  libspace.o(.text)
    .text                                    0x0800145c   Section        0  sys_exit.o(.text)
    .text                                    0x08001468   Section        2  use_no_semi.o(.text)
    .text                                    0x0800146a   Section        0  indicate_semi.o(.text)
    i.CAN_DeInit                             0x0800146a   Section        0  stm32f10x_can.o(i.CAN_DeInit)
    i.CAN_FilterInit                         0x080014a4   Section        0  stm32f10x_can.o(i.CAN_FilterInit)
    i.CAN_GetITStatus                        0x08001588   Section        0  stm32f10x_can.o(i.CAN_GetITStatus)
    i.CAN_ITConfig                           0x08001670   Section        0  stm32f10x_can.o(i.CAN_ITConfig)
    i.CAN_Init                               0x08001680   Section        0  stm32f10x_can.o(i.CAN_Init)
    i.CAN_Receive                            0x08001774   Section        0  stm32f10x_can.o(i.CAN_Receive)
    i.CAN_StructInit                         0x08001826   Section        0  stm32f10x_can.o(i.CAN_StructInit)
    i.CAN_Transmit                           0x08001846   Section        0  stm32f10x_can.o(i.CAN_Transmit)
    i.CAN_TransmitStatus                     0x080018fe   Section        0  stm32f10x_can.o(i.CAN_TransmitStatus)
    i.FLASH_PrefetchBufferCmd                0x08001980   Section        0  stm32f10x_flash.o(i.FLASH_PrefetchBufferCmd)
    i.FLASH_SetLatency                       0x08001998   Section        0  stm32f10x_flash.o(i.FLASH_SetLatency)
    i.GPIO_Init                              0x080019ac   Section        0  stm32f10x_gpio.o(i.GPIO_Init)
    i.GPIO_PinRemapConfig                    0x08001a78   Section        0  stm32f10x_gpio.o(i.GPIO_PinRemapConfig)
    i.GPIO_StructInit                        0x08001ad0   Section        0  stm32f10x_gpio.o(i.GPIO_StructInit)
    i.NVIC_Init                              0x08001ae0   Section        0  misc.o(i.NVIC_Init)
    i.NVIC_PriorityGroupConfig               0x08001b4c   Section        0  misc.o(i.NVIC_PriorityGroupConfig)
    i.NVIC_SetVectorTable                    0x08001b60   Section        0  misc.o(i.NVIC_SetVectorTable)
    i.RCC_ADCCLKConfig                       0x08001b74   Section        0  stm32f10x_rcc.o(i.RCC_ADCCLKConfig)
    i.RCC_APB1PeriphClockCmd                 0x08001b88   Section        0  stm32f10x_rcc.o(i.RCC_APB1PeriphClockCmd)
    i.RCC_APB1PeriphResetCmd                 0x08001ba0   Section        0  stm32f10x_rcc.o(i.RCC_APB1PeriphResetCmd)
    i.RCC_APB2PeriphClockCmd                 0x08001bb8   Section        0  stm32f10x_rcc.o(i.RCC_APB2PeriphClockCmd)
    i.RCC_DeInit                             0x08001bd0   Section        0  stm32f10x_rcc.o(i.RCC_DeInit)
    i.RCC_GetClocksFreq                      0x08001c10   Section        0  stm32f10x_rcc.o(i.RCC_GetClocksFreq)
    i.RCC_GetFlagStatus                      0x08001cb4   Section        0  stm32f10x_rcc.o(i.RCC_GetFlagStatus)
    i.RCC_GetSYSCLKSource                    0x08001ce4   Section        0  stm32f10x_rcc.o(i.RCC_GetSYSCLKSource)
    i.RCC_HCLKConfig                         0x08001cf4   Section        0  stm32f10x_rcc.o(i.RCC_HCLKConfig)
    i.RCC_HSEConfig                          0x08001d08   Section        0  stm32f10x_rcc.o(i.RCC_HSEConfig)
    i.RCC_HSICmd                             0x08001d40   Section        0  stm32f10x_rcc.o(i.RCC_HSICmd)
    i.RCC_PCLK1Config                        0x08001d4c   Section        0  stm32f10x_rcc.o(i.RCC_PCLK1Config)
    i.RCC_PCLK2Config                        0x08001d60   Section        0  stm32f10x_rcc.o(i.RCC_PCLK2Config)
    i.RCC_PLLCmd                             0x08001d74   Section        0  stm32f10x_rcc.o(i.RCC_PLLCmd)
    i.RCC_PLLConfig                          0x08001d80   Section        0  stm32f10x_rcc.o(i.RCC_PLLConfig)
    i.RCC_SYSCLKConfig                       0x08001d94   Section        0  stm32f10x_rcc.o(i.RCC_SYSCLKConfig)
    i.RCC_WaitForHSEStartUp                  0x08001da8   Section        0  stm32f10x_rcc.o(i.RCC_WaitForHSEStartUp)
    i.SysTick_CLKSourceConfig                0x08001ddc   Section        0  misc.o(i.SysTick_CLKSourceConfig)
    i.TIM_ARRPreloadConfig                   0x08001df2   Section        0  stm32f10x_tim.o(i.TIM_ARRPreloadConfig)
    i.TIM_ClearFlag                          0x08001e08   Section        0  stm32f10x_tim.o(i.TIM_ClearFlag)
    i.TIM_Cmd                                0x08001e0e   Section        0  stm32f10x_tim.o(i.TIM_Cmd)
    i.TIM_CtrlPWMOutputs                     0x08001e24   Section        0  stm32f10x_tim.o(i.TIM_CtrlPWMOutputs)
    i.TIM_GetITStatus                        0x08001e3a   Section        0  stm32f10x_tim.o(i.TIM_GetITStatus)
    i.TIM_ITConfig                           0x08001e54   Section        0  stm32f10x_tim.o(i.TIM_ITConfig)
    i.TIM_OC3Init                            0x08001e64   Section        0  stm32f10x_tim.o(i.TIM_OC3Init)
    i.TIM_OC3PreloadConfig                   0x08001ee4   Section        0  stm32f10x_tim.o(i.TIM_OC3PreloadConfig)
    i.TIM_OC4Init                            0x08001ef0   Section        0  stm32f10x_tim.o(i.TIM_OC4Init)
    i.TIM_OC4PreloadConfig                   0x08001f56   Section        0  stm32f10x_tim.o(i.TIM_OC4PreloadConfig)
    i.TIM_OCStructInit                       0x08001f64   Section        0  stm32f10x_tim.o(i.TIM_OCStructInit)
    i.TIM_TimeBaseInit                       0x08001f78   Section        0  stm32f10x_tim.o(i.TIM_TimeBaseInit)
    i.USART_Cmd                              0x08001fb4   Section        0  stm32f10x_usart.o(i.USART_Cmd)
    i.USART_GetFlagStatus                    0x08001fc6   Section        0  stm32f10x_usart.o(i.USART_GetFlagStatus)
    i.USART_GetITStatus                      0x08001fd4   Section        0  stm32f10x_usart.o(i.USART_GetITStatus)
    i.USART_ITConfig                         0x08002018   Section        0  stm32f10x_usart.o(i.USART_ITConfig)
    i.USART_Init                             0x08002048   Section        0  stm32f10x_usart.o(i.USART_Init)
    i.USART_ReceiveData                      0x080020d8   Section        0  stm32f10x_usart.o(i.USART_ReceiveData)
    i.USART_SendData                         0x080020e0   Section        0  stm32f10x_usart.o(i.USART_SendData)
    i.USART_StructInit                       0x080020e8   Section        0  stm32f10x_usart.o(i.USART_StructInit)
    .data                                    0x20000000   Section        4  main_esc_box.o(.data)
    .data                                    0x20000004   Section        4  esc_pwm.o(.data)
    .data                                    0x20000008   Section        6  setcan.o(.data)
    .data                                    0x20000010   Section        4  setclock.o(.data)
    .data                                    0x20000014   Section       13  setsystick.o(.data)
    .data                                    0x20000024   Section       12  setuart.o(.data)
    .data                                    0x20000030   Section        5  system_error_status.o(.data)
    .data                                    0x20000035   Section       20  stm32f10x_rcc.o(.data)
    ADCPrescTable                            0x20000035   Data           4  stm32f10x_rcc.o(.data)
    APBAHBPrescTable                         0x20000039   Data          16  stm32f10x_rcc.o(.data)
    .bss                                     0x2000004c   Section     3344  main_esc_box.o(.bss)
    .bss                                     0x20000d5c   Section     4088  setcan.o(.bss)
    .bss                                     0x20001d54   Section       96  libspace.o(.bss)
    HEAP                                     0x20001db8   Section      512  startup_stm32f10x_md.o(HEAP)
    Heap_Mem                                 0x20001db8   Data         512  startup_stm32f10x_md.o(HEAP)
    STACK                                    0x20001fb8   Section     1024  startup_stm32f10x_md.o(STACK)
    Stack_Mem                                0x20001fb8   Data        1024  startup_stm32f10x_md.o(STACK)
    __initial_sp                             0x200023b8   Data           0  startup_stm32f10x_md.o(STACK)

    Global Symbols

    Symbol Name                              Value     Ov Type        Size  Object(Section)

    BuildAttributes$$THM_ISAv4$P$D$K$B$S$PE$A:L22UL41UL21$X:L11$S22US41US21$IEEE1$IW$USESV6$~STKCKD$USESV7$~SHL$OTIME$ROPI$EBA8$UX$STANDARDLIB$REQ8$PRES8$EABIv2 0x00000000   Number         0  anon$$obj.o ABSOLUTE
    __ARM_use_no_argv                        0x00000000   Number         0  main.o ABSOLUTE
    __ARM_exceptions_init                     - Undefined Weak Reference
    __alloca_initialize                       - Undefined Weak Reference
    __arm_preinit_                            - Undefined Weak Reference
    __cpp_initialize__aeabi_                  - Undefined Weak Reference
    __cxa_finalize                            - Undefined Weak Reference
    __rt_locale                               - Undefined Weak Reference
    __sigvec_lookup                           - Undefined Weak Reference
    _atexit_init                              - Undefined Weak Reference
    _call_atexit_fns                          - Undefined Weak Reference
    _clock_init                               - Undefined Weak Reference
    _fp_trap_init                             - Undefined Weak Reference
    _fp_trap_shutdown                         - Undefined Weak Reference
    _get_lc_collate                           - Undefined Weak Reference
    _get_lc_ctype                             - Undefined Weak Reference
    _get_lc_monetary                          - Undefined Weak Reference
    _get_lc_numeric                           - Undefined Weak Reference
    _get_lc_time                              - Undefined Weak Reference
    _getenv_init                              - Undefined Weak Reference
    _handle_redirection                       - Undefined Weak Reference
    _init_alloc                               - Undefined Weak Reference
    _init_user_alloc                          - Undefined Weak Reference
    _initio                                   - Undefined Weak Reference
    _rand_init                                - Undefined Weak Reference
    _signal_finish                            - Undefined Weak Reference
    _signal_init                              - Undefined Weak Reference
    _terminate_alloc                          - Undefined Weak Reference
    _terminate_user_alloc                     - Undefined Weak Reference
    _terminateio                              - Undefined Weak Reference
    __Vectors_Size                           0x000000ec   Number         0  startup_stm32f10x_md.o ABSOLUTE
    __Vectors                                0x08000000   Data           4  startup_stm32f10x_md.o(RESET)
    __Vectors_End                            0x080000ec   Data           0  startup_stm32f10x_md.o(RESET)
    __main                                   0x080000ed   Thumb Code     8  __main.o(!!!main)
    __scatterload                            0x080000f5   Thumb Code     0  __scatter.o(!!!scatter)
    __scatterload_rt2                        0x080000f5   Thumb Code    44  __scatter.o(!!!scatter)
    __scatterload_rt2_thumb_only             0x080000f5   Thumb Code     0  __scatter.o(!!!scatter)
    __scatterload_null                       0x08000103   Thumb Code     0  __scatter.o(!!!scatter)
    __scatterload_copy                       0x08000129   Thumb Code    26  __scatter_copy.o(!!handler_copy)
    __scatterload_zeroinit                   0x08000145   Thumb Code    28  __scatter_zi.o(!!handler_zi)
    __rt_lib_init                            0x08000161   Thumb Code     0  libinit.o(.ARM.Collect$$libinit$$00000000)
    __rt_lib_init_alloca_1                   0x08000163   Thumb Code     0  libinit2.o(.ARM.Collect$$libinit$$0000002E)
    __rt_lib_init_argv_1                     0x08000163   Thumb Code     0  libinit2.o(.ARM.Collect$$libinit$$0000002C)
    __rt_lib_init_atexit_1                   0x08000163   Thumb Code     0  libinit2.o(.ARM.Collect$$libinit$$0000001B)
    __rt_lib_init_clock_1                    0x08000163   Thumb Code     0  libinit2.o(.ARM.Collect$$libinit$$00000021)
    __rt_lib_init_cpp_1                      0x08000163   Thumb Code     0  libinit2.o(.ARM.Collect$$libinit$$00000032)
    __rt_lib_init_exceptions_1               0x08000163   Thumb Code     0  libinit2.o(.ARM.Collect$$libinit$$00000030)
    __rt_lib_init_fp_1                       0x08000163   Thumb Code     0  libinit2.o(.ARM.Collect$$libinit$$00000002)
    __rt_lib_init_fp_trap_1                  0x08000163   Thumb Code     0  libinit2.o(.ARM.Collect$$libinit$$0000001F)
    __rt_lib_init_getenv_1                   0x08000163   Thumb Code     0  libinit2.o(.ARM.Collect$$libinit$$00000023)
    __rt_lib_init_heap_1                     0x08000163   Thumb Code     0  libinit2.o(.ARM.Collect$$libinit$$0000000A)
    __rt_lib_init_lc_collate_1               0x08000163   Thumb Code     0  libinit2.o(.ARM.Collect$$libinit$$00000011)
    __rt_lib_init_lc_ctype_1                 0x08000163   Thumb Code     0  libinit2.o(.ARM.Collect$$libinit$$00000013)
    __rt_lib_init_lc_monetary_1              0x08000163   Thumb Code     0  libinit2.o(.ARM.Collect$$libinit$$00000015)
    __rt_lib_init_lc_numeric_1               0x08000163   Thumb Code     0  libinit2.o(.ARM.Collect$$libinit$$00000017)
    __rt_lib_init_lc_time_1                  0x08000163   Thumb Code     0  libinit2.o(.ARM.Collect$$libinit$$00000019)
    __rt_lib_init_preinit_1                  0x08000163   Thumb Code     0  libinit2.o(.ARM.Collect$$libinit$$00000004)
    __rt_lib_init_rand_1                     0x08000163   Thumb Code     0  libinit2.o(.ARM.Collect$$libinit$$0000000E)
    __rt_lib_init_return                     0x08000163   Thumb Code     0  libinit2.o(.ARM.Collect$$libinit$$00000033)
    __rt_lib_init_signal_1                   0x08000163   Thumb Code     0  libinit2.o(.ARM.Collect$$libinit$$0000001D)
    __rt_lib_init_stdio_1                    0x08000163   Thumb Code     0  libinit2.o(.ARM.Collect$$libinit$$00000025)
    __rt_lib_init_user_alloc_1               0x08000163   Thumb Code     0  libinit2.o(.ARM.Collect$$libinit$$0000000C)
    __rt_lib_shutdown                        0x08000165   Thumb Code     0  libshutdown.o(.ARM.Collect$$libshutdown$$00000000)
    __rt_lib_shutdown_fp_trap_1              0x08000167   Thumb Code     0  libshutdown2.o(.ARM.Collect$$libshutdown$$00000006)
    __rt_lib_shutdown_heap_1                 0x08000167   Thumb Code     0  libshutdown2.o(.ARM.Collect$$libshutdown$$0000000E)
    __rt_lib_shutdown_return                 0x08000167   Thumb Code     0  libshutdown2.o(.ARM.Collect$$libshutdown$$0000000F)
    __rt_lib_shutdown_signal_1               0x08000167   Thumb Code     0  libshutdown2.o(.ARM.Collect$$libshutdown$$00000009)
    __rt_lib_shutdown_stdio_1                0x08000167   Thumb Code     0  libshutdown2.o(.ARM.Collect$$libshutdown$$00000003)
    __rt_lib_shutdown_user_alloc_1           0x08000167   Thumb Code     0  libshutdown2.o(.ARM.Collect$$libshutdown$$0000000B)
    __rt_entry                               0x08000169   Thumb Code     0  __rtentry.o(.ARM.Collect$$rtentry$$00000000)
    __rt_entry_presh_1                       0x08000169   Thumb Code     0  __rtentry2.o(.ARM.Collect$$rtentry$$00000002)
    __rt_entry_sh                            0x08000169   Thumb Code     0  __rtentry4.o(.ARM.Collect$$rtentry$$00000004)
    __rt_entry_li                            0x0800016f   Thumb Code     0  __rtentry2.o(.ARM.Collect$$rtentry$$0000000A)
    __rt_entry_postsh_1                      0x0800016f   Thumb Code     0  __rtentry2.o(.ARM.Collect$$rtentry$$00000009)
    __rt_entry_main                          0x08000173   Thumb Code     0  __rtentry2.o(.ARM.Collect$$rtentry$$0000000D)
    __rt_entry_postli_1                      0x08000173   Thumb Code     0  __rtentry2.o(.ARM.Collect$$rtentry$$0000000C)
    __rt_exit                                0x0800017b   Thumb Code     0  rtexit.o(.ARM.Collect$$rtexit$$00000000)
    __rt_exit_ls                             0x0800017d   Thumb Code     0  rtexit2.o(.ARM.Collect$$rtexit$$00000003)
    __rt_exit_prels_1                        0x0800017d   Thumb Code     0  rtexit2.o(.ARM.Collect$$rtexit$$00000002)
    __rt_exit_exit                           0x08000181   Thumb Code     0  rtexit2.o(.ARM.Collect$$rtexit$$00000004)
    Timer_Configuration                      0x08000189   Thumb Code   206  settimer.o(.text)
    TIM1_UP_IRQHandler                       0x08000257   Thumb Code    40  settimer.o(.text)
    TIM2_IRQHandler                          0x0800027f   Thumb Code    40  settimer.o(.text)
    uart_echo_test                           0x080002ad   Thumb Code    28  main_esc_box.o(.text)
    test_can_send                            0x080002c9   Thumb Code    22  main_esc_box.o(.text)
    test_can1                                0x080002df   Thumb Code    26  main_esc_box.o(.text)
    test_uart123_can1                        0x080002f9   Thumb Code    26  main_esc_box.o(.text)
    test_pwm                                 0x08000313   Thumb Code    68  main_esc_box.o(.text)
    main_setup                               0x08000357   Thumb Code   100  main_esc_box.o(.text)
    main_loop                                0x080003bb   Thumb Code    26  main_esc_box.o(.text)
    Esc_GPIO_Configuration                   0x0800040d   Thumb Code   350  setgpio_2.o(.text)
    TIM3_Mode_Config                         0x08000579   Thumb Code   186  esc_pwm.o(.text)
    esc_pwmA_pwmB_Config                     0x08000633   Thumb Code     8  esc_pwm.o(.text)
    esc_set_pwmA                             0x0800063b   Thumb Code    28  esc_pwm.o(.text)
    esc_set_pwmB                             0x08000657   Thumb Code    28  esc_pwm.o(.text)
    fifo_init                                0x08000685   Thumb Code    22  fifo.o(.text)
    fifo_avail                               0x0800069b   Thumb Code     6  fifo.o(.text)
    fifo_free                                0x080006a1   Thumb Code    12  fifo.o(.text)
    fifo_enabled                             0x080006ad   Thumb Code     6  fifo.o(.text)
    is_fifo_overflow                         0x080006b3   Thumb Code     6  fifo.o(.text)
    fifo_put                                 0x080006b9   Thumb Code    50  fifo.o(.text)
    fifo_recovery_put                        0x080006eb   Thumb Code    68  fifo.o(.text)
    fifo_get                                 0x0800072f   Thumb Code    50  fifo.o(.text)
    fifo_void_init                           0x08000761   Thumb Code    24  fifo_void.o(.text)
    fifo_void_avail                          0x08000779   Thumb Code    24  fifo_void.o(.text)
    fifo_void_free                           0x08000791   Thumb Code    18  fifo_void.o(.text)
    fifo_void_enabled                        0x080007a3   Thumb Code     6  fifo_void.o(.text)
    is_fifo_void_overflow                    0x080007a9   Thumb Code     6  fifo_void.o(.text)
    fifo_void_put                            0x080007af   Thumb Code    48  fifo_void.o(.text)
    fifo_void_recovery_put                   0x080007df   Thumb Code    60  fifo_void.o(.text)
    fifo_void_get                            0x0800081b   Thumb Code    46  fifo_void.o(.text)
    main                                     0x08000849   Thumb Code    34  main.o(.text)
    can_rx_put_cb                            0x0800086d   Thumb Code    26  setcan.o(.text)
    can_rx_get_cb                            0x08000887   Thumb Code    26  setcan.o(.text)
    can_tx_put_cb                            0x080008a1   Thumb Code    26  setcan.o(.text)
    can_tx_get_cb                            0x080008bb   Thumb Code    26  setcan.o(.text)
    Can1_Configuration_mask                  0x080008d5   Thumb Code   418  setcan.o(.text)
    Can1_Configuration                       0x08000a77   Thumb Code    18  setcan.o(.text)
    Can1_Send_Message                        0x08000a89   Thumb Code   126  setcan.o(.text)
    Can1_Send                                0x08000b07   Thumb Code    96  setcan.o(.text)
    Can1_Get_CanRxMsg                        0x08000b67   Thumb Code    58  setcan.o(.text)
    USB_LP_CAN1_RX0_IRQHandler               0x08000ba1   Thumb Code    54  setcan.o(.text)
    CAN1_RX1_IRQHandler                      0x08000bd7   Thumb Code    22  setcan.o(.text)
    USB_HP_CAN1_TX_IRQHandler                0x08000bed   Thumb Code   246  setcan.o(.text)
    configHisClock                           0x08000d01   Thumb Code   110  setclock.o(.text)
    SetupPllClock                            0x08000d6f   Thumb Code   180  setclock.o(.text)
    SysTick_Configuration                    0x08000e31   Thumb Code    90  setsystick.o(.text)
    SysTick_Handler                          0x08000e8b   Thumb Code    28  setsystick.o(.text)
    Systick_Event                            0x08000ea7   Thumb Code   102  setsystick.o(.text)
    delay_us                                 0x08000f0d   Thumb Code    16  setsystick.o(.text)
    systick_time_start                       0x08000f1d   Thumb Code    40  setsystick.o(.text)
    check_systick_time                       0x08000f45   Thumb Code    66  setsystick.o(.text)
    Uart_Configuration                       0x08000fa1   Thumb Code   274  setuart.o(.text)
    _uart_irq_function                       0x080010b3   Thumb Code   148  setuart.o(.text)
    USART1_IRQHandler                        0x08001147   Thumb Code    12  setuart.o(.text)
    USART2_IRQHandler                        0x08001153   Thumb Code    12  setuart.o(.text)
    USART3_IRQHandler                        0x0800115f   Thumb Code    12  setuart.o(.text)
    Uart_GetChar                             0x0800116b   Thumb Code    48  setuart.o(.text)
    Uart_PutChar                             0x0800119b   Thumb Code   102  setuart.o(.text)
    Uart_PutString                           0x08001201   Thumb Code    26  setuart.o(.text)
    Uart_PutBytes                            0x0800121b   Thumb Code    32  setuart.o(.text)
    system_error_init                        0x08001255   Thumb Code    10  system_error_status.o(.text)
    system_error_get                         0x0800125f   Thumb Code     4  system_error_status.o(.text)
    system_Error_Callback                    0x08001263   Thumb Code   234  system_error_status.o(.text)
    Reset_Handler                            0x0800135d   Thumb Code     4  startup_stm32f10x_md.o(.text)
    NMI_Handler                              0x08001361   Thumb Code     2  startup_stm32f10x_md.o(.text)
    HardFault_Handler                        0x08001363   Thumb Code     2  startup_stm32f10x_md.o(.text)
    MemManage_Handler                        0x08001365   Thumb Code     2  startup_stm32f10x_md.o(.text)
    BusFault_Handler                         0x08001367   Thumb Code     2  startup_stm32f10x_md.o(.text)
    UsageFault_Handler                       0x08001369   Thumb Code     2  startup_stm32f10x_md.o(.text)
    SVC_Handler                              0x0800136b   Thumb Code     2  startup_stm32f10x_md.o(.text)
    DebugMon_Handler                         0x0800136d   Thumb Code     2  startup_stm32f10x_md.o(.text)
    PendSV_Handler                           0x0800136f   Thumb Code     2  startup_stm32f10x_md.o(.text)
    ADC1_2_IRQHandler                        0x08001373   Thumb Code     0  startup_stm32f10x_md.o(.text)
    CAN1_SCE_IRQHandler                      0x08001373   Thumb Code     0  startup_stm32f10x_md.o(.text)
    DMA1_Channel1_IRQHandler                 0x08001373   Thumb Code     0  startup_stm32f10x_md.o(.text)
    DMA1_Channel2_IRQHandler                 0x08001373   Thumb Code     0  startup_stm32f10x_md.o(.text)
    DMA1_Channel3_IRQHandler                 0x08001373   Thumb Code     0  startup_stm32f10x_md.o(.text)
    DMA1_Channel4_IRQHandler                 0x08001373   Thumb Code     0  startup_stm32f10x_md.o(.text)
    DMA1_Channel5_IRQHandler                 0x08001373   Thumb Code     0  startup_stm32f10x_md.o(.text)
    DMA1_Channel6_IRQHandler                 0x08001373   Thumb Code     0  startup_stm32f10x_md.o(.text)
    DMA1_Channel7_IRQHandler                 0x08001373   Thumb Code     0  startup_stm32f10x_md.o(.text)
    EXTI0_IRQHandler                         0x08001373   Thumb Code     0  startup_stm32f10x_md.o(.text)
    EXTI15_10_IRQHandler                     0x08001373   Thumb Code     0  startup_stm32f10x_md.o(.text)
    EXTI1_IRQHandler                         0x08001373   Thumb Code     0  startup_stm32f10x_md.o(.text)
    EXTI2_IRQHandler                         0x08001373   Thumb Code     0  startup_stm32f10x_md.o(.text)
    EXTI3_IRQHandler                         0x08001373   Thumb Code     0  startup_stm32f10x_md.o(.text)
    EXTI4_IRQHandler                         0x08001373   Thumb Code     0  startup_stm32f10x_md.o(.text)
    EXTI9_5_IRQHandler                       0x08001373   Thumb Code     0  startup_stm32f10x_md.o(.text)
    FLASH_IRQHandler                         0x08001373   Thumb Code     0  startup_stm32f10x_md.o(.text)
    I2C1_ER_IRQHandler                       0x08001373   Thumb Code     0  startup_stm32f10x_md.o(.text)
    I2C1_EV_IRQHandler                       0x08001373   Thumb Code     0  startup_stm32f10x_md.o(.text)
    I2C2_ER_IRQHandler                       0x08001373   Thumb Code     0  startup_stm32f10x_md.o(.text)
    I2C2_EV_IRQHandler                       0x08001373   Thumb Code     0  startup_stm32f10x_md.o(.text)
    PVD_IRQHandler                           0x08001373   Thumb Code     0  startup_stm32f10x_md.o(.text)
    RCC_IRQHandler                           0x08001373   Thumb Code     0  startup_stm32f10x_md.o(.text)
    RTCAlarm_IRQHandler                      0x08001373   Thumb Code     0  startup_stm32f10x_md.o(.text)
    RTC_IRQHandler                           0x08001373   Thumb Code     0  startup_stm32f10x_md.o(.text)
    SPI1_IRQHandler                          0x08001373   Thumb Code     0  startup_stm32f10x_md.o(.text)
    SPI2_IRQHandler                          0x08001373   Thumb Code     0  startup_stm32f10x_md.o(.text)
    TAMPER_IRQHandler                        0x08001373   Thumb Code     0  startup_stm32f10x_md.o(.text)
    TIM1_BRK_IRQHandler                      0x08001373   Thumb Code     0  startup_stm32f10x_md.o(.text)
    TIM1_CC_IRQHandler                       0x08001373   Thumb Code     0  startup_stm32f10x_md.o(.text)
    TIM1_TRG_COM_IRQHandler                  0x08001373   Thumb Code     0  startup_stm32f10x_md.o(.text)
    TIM3_IRQHandler                          0x08001373   Thumb Code     0  startup_stm32f10x_md.o(.text)
    TIM4_IRQHandler                          0x08001373   Thumb Code     0  startup_stm32f10x_md.o(.text)
    USBWakeUp_IRQHandler                     0x08001373   Thumb Code     0  startup_stm32f10x_md.o(.text)
    WWDG_IRQHandler                          0x08001373   Thumb Code     0  startup_stm32f10x_md.o(.text)
    __user_initial_stackheap                 0x08001375   Thumb Code     0  startup_stm32f10x_md.o(.text)
    __aeabi_memcpy4                          0x08001395   Thumb Code     0  rt_memcpy_w.o(.text)
    __aeabi_memcpy8                          0x08001395   Thumb Code     0  rt_memcpy_w.o(.text)
    __rt_memcpy_w                            0x08001395   Thumb Code   100  rt_memcpy_w.o(.text)
    _memcpy_lastbytes_aligned                0x080013dd   Thumb Code     0  rt_memcpy_w.o(.text)
    __use_two_region_memory                  0x080013f9   Thumb Code     2  heapauxi.o(.text)
    __rt_heap_escrow$2region                 0x080013fb   Thumb Code     2  heapauxi.o(.text)
    __rt_heap_expand$2region                 0x080013fd   Thumb Code     2  heapauxi.o(.text)
    __user_setup_stackheap                   0x080013ff   Thumb Code    74  sys_stackheap_outer.o(.text)
    exit                                     0x08001449   Thumb Code    12  exit.o(.text)
    __user_libspace                          0x08001455   Thumb Code     8  libspace.o(.text)
    __user_perproc_libspace                  0x08001455   Thumb Code     0  libspace.o(.text)
    __user_perthread_libspace                0x08001455   Thumb Code     0  libspace.o(.text)
    _sys_exit                                0x0800145d   Thumb Code     8  sys_exit.o(.text)
    __I$use$semihosting                      0x08001469   Thumb Code     0  use_no_semi.o(.text)
    __use_no_semihosting_swi                 0x08001469   Thumb Code     2  use_no_semi.o(.text)
    CAN_DeInit                               0x0800146b   Thumb Code    58  stm32f10x_can.o(i.CAN_DeInit)
    __semihosting_library_function           0x0800146b   Thumb Code     0  indicate_semi.o(.text)
    CAN_FilterInit                           0x080014a5   Thumb Code   222  stm32f10x_can.o(i.CAN_FilterInit)
    CAN_GetITStatus                          0x08001589   Thumb Code   232  stm32f10x_can.o(i.CAN_GetITStatus)
    CAN_ITConfig                             0x08001671   Thumb Code    16  stm32f10x_can.o(i.CAN_ITConfig)
    CAN_Init                                 0x08001681   Thumb Code   244  stm32f10x_can.o(i.CAN_Init)
    CAN_Receive                              0x08001775   Thumb Code   178  stm32f10x_can.o(i.CAN_Receive)
    CAN_StructInit                           0x08001827   Thumb Code    32  stm32f10x_can.o(i.CAN_StructInit)
    CAN_Transmit                             0x08001847   Thumb Code   184  stm32f10x_can.o(i.CAN_Transmit)
    CAN_TransmitStatus                       0x080018ff   Thumb Code   130  stm32f10x_can.o(i.CAN_TransmitStatus)
    FLASH_PrefetchBufferCmd                  0x08001981   Thumb Code    18  stm32f10x_flash.o(i.FLASH_PrefetchBufferCmd)
    FLASH_SetLatency                         0x08001999   Thumb Code    14  stm32f10x_flash.o(i.FLASH_SetLatency)
    GPIO_Init                                0x080019ad   Thumb Code   202  stm32f10x_gpio.o(i.GPIO_Init)
    GPIO_PinRemapConfig                      0x08001a79   Thumb Code    84  stm32f10x_gpio.o(i.GPIO_PinRemapConfig)
    GPIO_StructInit                          0x08001ad1   Thumb Code    16  stm32f10x_gpio.o(i.GPIO_StructInit)
    NVIC_Init                                0x08001ae1   Thumb Code   108  misc.o(i.NVIC_Init)
    NVIC_PriorityGroupConfig                 0x08001b4d   Thumb Code    14  misc.o(i.NVIC_PriorityGroupConfig)
    NVIC_SetVectorTable                      0x08001b61   Thumb Code    16  misc.o(i.NVIC_SetVectorTable)
    RCC_ADCCLKConfig                         0x08001b75   Thumb Code    14  stm32f10x_rcc.o(i.RCC_ADCCLKConfig)
    RCC_APB1PeriphClockCmd                   0x08001b89   Thumb Code    18  stm32f10x_rcc.o(i.RCC_APB1PeriphClockCmd)
    RCC_APB1PeriphResetCmd                   0x08001ba1   Thumb Code    18  stm32f10x_rcc.o(i.RCC_APB1PeriphResetCmd)
    RCC_APB2PeriphClockCmd                   0x08001bb9   Thumb Code    18  stm32f10x_rcc.o(i.RCC_APB2PeriphClockCmd)
    RCC_DeInit                               0x08001bd1   Thumb Code    54  stm32f10x_rcc.o(i.RCC_DeInit)
    RCC_GetClocksFreq                        0x08001c11   Thumb Code   148  stm32f10x_rcc.o(i.RCC_GetClocksFreq)
    RCC_GetFlagStatus                        0x08001cb5   Thumb Code    42  stm32f10x_rcc.o(i.RCC_GetFlagStatus)
    RCC_GetSYSCLKSource                      0x08001ce5   Thumb Code    10  stm32f10x_rcc.o(i.RCC_GetSYSCLKSource)
    RCC_HCLKConfig                           0x08001cf5   Thumb Code    14  stm32f10x_rcc.o(i.RCC_HCLKConfig)
    RCC_HSEConfig                            0x08001d09   Thumb Code    50  stm32f10x_rcc.o(i.RCC_HSEConfig)
    RCC_HSICmd                               0x08001d41   Thumb Code     6  stm32f10x_rcc.o(i.RCC_HSICmd)
    RCC_PCLK1Config                          0x08001d4d   Thumb Code    14  stm32f10x_rcc.o(i.RCC_PCLK1Config)
    RCC_PCLK2Config                          0x08001d61   Thumb Code    16  stm32f10x_rcc.o(i.RCC_PCLK2Config)
    RCC_PLLCmd                               0x08001d75   Thumb Code     6  stm32f10x_rcc.o(i.RCC_PLLCmd)
    RCC_PLLConfig                            0x08001d81   Thumb Code    16  stm32f10x_rcc.o(i.RCC_PLLConfig)
    RCC_SYSCLKConfig                         0x08001d95   Thumb Code    14  stm32f10x_rcc.o(i.RCC_SYSCLKConfig)
    RCC_WaitForHSEStartUp                    0x08001da9   Thumb Code    48  stm32f10x_rcc.o(i.RCC_WaitForHSEStartUp)
    SysTick_CLKSourceConfig                  0x08001ddd   Thumb Code    22  misc.o(i.SysTick_CLKSourceConfig)
    TIM_ARRPreloadConfig                     0x08001df3   Thumb Code    22  stm32f10x_tim.o(i.TIM_ARRPreloadConfig)
    TIM_ClearFlag                            0x08001e09   Thumb Code     6  stm32f10x_tim.o(i.TIM_ClearFlag)
    TIM_Cmd                                  0x08001e0f   Thumb Code    22  stm32f10x_tim.o(i.TIM_Cmd)
    TIM_CtrlPWMOutputs                       0x08001e25   Thumb Code    22  stm32f10x_tim.o(i.TIM_CtrlPWMOutputs)
    TIM_GetITStatus                          0x08001e3b   Thumb Code    26  stm32f10x_tim.o(i.TIM_GetITStatus)
    TIM_ITConfig                             0x08001e55   Thumb Code    16  stm32f10x_tim.o(i.TIM_ITConfig)
    TIM_OC3Init                              0x08001e65   Thumb Code   128  stm32f10x_tim.o(i.TIM_OC3Init)
    TIM_OC3PreloadConfig                     0x08001ee5   Thumb Code    12  stm32f10x_tim.o(i.TIM_OC3PreloadConfig)
    TIM_OC4Init                              0x08001ef1   Thumb Code   102  stm32f10x_tim.o(i.TIM_OC4Init)
    TIM_OC4PreloadConfig                     0x08001f57   Thumb Code    14  stm32f10x_tim.o(i.TIM_OC4PreloadConfig)
    TIM_OCStructInit                         0x08001f65   Thumb Code    20  stm32f10x_tim.o(i.TIM_OCStructInit)
    TIM_TimeBaseInit                         0x08001f79   Thumb Code    60  stm32f10x_tim.o(i.TIM_TimeBaseInit)
    USART_Cmd                                0x08001fb5   Thumb Code    18  stm32f10x_usart.o(i.USART_Cmd)
    USART_GetFlagStatus                      0x08001fc7   Thumb Code    14  stm32f10x_usart.o(i.USART_GetFlagStatus)
    USART_GetITStatus                        0x08001fd5   Thumb Code    68  stm32f10x_usart.o(i.USART_GetITStatus)
    USART_ITConfig                           0x08002019   Thumb Code    48  stm32f10x_usart.o(i.USART_ITConfig)
    USART_Init                               0x08002049   Thumb Code   140  stm32f10x_usart.o(i.USART_Init)
    USART_ReceiveData                        0x080020d9   Thumb Code     8  stm32f10x_usart.o(i.USART_ReceiveData)
    USART_SendData                           0x080020e1   Thumb Code     8  stm32f10x_usart.o(i.USART_SendData)
    USART_StructInit                         0x080020e9   Thumb Code    22  stm32f10x_usart.o(i.USART_StructInit)
    Region$$Table$$Base                      0x08002100   Number         0  anon$$obj.o(Region$$Table)
    Region$$Table$$Limit                     0x08002120   Number         0  anon$$obj.o(Region$$Table)
    pwma                                     0x20000000   Data           2  main_esc_box.o(.data)
    pwmb                                     0x20000002   Data           2  main_esc_box.o(.data)
    pwmA_ccr                                 0x20000004   Data           2  esc_pwm.o(.data)
    pwmB_ccr                                 0x20000006   Data           2  esc_pwm.o(.data)
    resend_count                             0x20000008   Data           4  setcan.o(.data)
    in_send_loop                             0x2000000c   Data           1  setcan.o(.data)
    TransmitMailbox                          0x2000000d   Data           1  setcan.o(.data)
    systemClk                                0x20000010   Data           4  setclock.o(.data)
    TimingDelay                              0x20000014   Data           4  setsystick.o(.data)
    systick_ms                               0x20000018   Data           4  setsystick.o(.data)
    systick_us                               0x2000001c   Data           4  setsystick.o(.data)
    systick_ms_overflow                      0x20000020   Data           1  setsystick.o(.data)
    uart1_p                                  0x20000024   Data           4  setuart.o(.data)
    uart2_p                                  0x20000028   Data           4  setuart.o(.data)
    uart3_p                                  0x2000002c   Data           4  setuart.o(.data)
    _system_error                            0x20000030   Data           5  system_error_status.o(.data)
    report_t                                 0x2000004c   Data          12  main_esc_box.o(.bss)
    Uart1                                    0x20000058   Data        1080  main_esc_box.o(.bss)
    Uart2                                    0x20000490   Data        1080  main_esc_box.o(.bss)
    Uart3                                    0x200008c8   Data        1080  main_esc_box.o(.bss)
    TxMessage1                               0x20000d00   Data          20  main_esc_box.o(.bss)
    RxMessage1                               0x20000d14   Data          20  main_esc_box.o(.bss)
    rxmsg                                    0x20000d28   Data          20  main_esc_box.o(.bss)
    txmsg                                    0x20000d3c   Data          20  main_esc_box.o(.bss)
    test_pwm_t                               0x20000d50   Data          12  main_esc_box.o(.bss)
    RxMessage                                0x20000d5c   Data          20  setcan.o(.bss)
    TxMessage                                0x20000d70   Data          20  setcan.o(.bss)
    TxMessageArray                           0x20000d84   Data        2000  setcan.o(.bss)
    RxMessageArray                           0x20001554   Data        2000  setcan.o(.bss)
    can1_tx_msg_fifo                         0x20001d24   Data          24  setcan.o(.bss)
    can1_rx_msg_fifo                         0x20001d3c   Data          24  setcan.o(.bss)
    __libspace_start                         0x20001d54   Data          96  libspace.o(.bss)
    __temporary_stack_top$libspace           0x20001db4   Data           0  libspace.o(.bss)



==============================================================================

Memory Map of the image

  Image Entry point : 0x080000ed

  Load Region LR_IROM1 (Base: 0x08000000, Size: 0x0000216c, Max: 0x00010000, ABSOLUTE)

    Execution Region ER_IROM1 (Base: 0x08000000, Size: 0x00002120, Max: 0x00010000, ABSOLUTE)

    Base Addr    Size         Type   Attr      Idx    E Section Name        Object

    0x08000000   0x000000ec   Data   RO          503    RESET               startup_stm32f10x_md.o
    0x080000ec   0x00000008   Code   RO         2189  * !!!main             c_w.l(__main.o)
    0x080000f4   0x00000034   Code   RO         2345    !!!scatter          c_w.l(__scatter.o)
    0x08000128   0x0000001a   Code   RO         2347    !!handler_copy      c_w.l(__scatter_copy.o)
    0x08000142   0x00000002   PAD
    0x08000144   0x0000001c   Code   RO         2349    !!handler_zi        c_w.l(__scatter_zi.o)
    0x08000160   0x00000002   Code   RO         2216    .ARM.Collect$$libinit$$00000000  c_w.l(libinit.o)
    0x08000162   0x00000000   Code   RO         2223    .ARM.Collect$$libinit$$00000002  c_w.l(libinit2.o)
    0x08000162   0x00000000   Code   RO         2225    .ARM.Collect$$libinit$$00000004  c_w.l(libinit2.o)
    0x08000162   0x00000000   Code   RO         2228    .ARM.Collect$$libinit$$0000000A  c_w.l(libinit2.o)
    0x08000162   0x00000000   Code   RO         2230    .ARM.Collect$$libinit$$0000000C  c_w.l(libinit2.o)
    0x08000162   0x00000000   Code   RO         2232    .ARM.Collect$$libinit$$0000000E  c_w.l(libinit2.o)
    0x08000162   0x00000000   Code   RO         2235    .ARM.Collect$$libinit$$00000011  c_w.l(libinit2.o)
    0x08000162   0x00000000   Code   RO         2237    .ARM.Collect$$libinit$$00000013  c_w.l(libinit2.o)
    0x08000162   0x00000000   Code   RO         2239    .ARM.Collect$$libinit$$00000015  c_w.l(libinit2.o)
    0x08000162   0x00000000   Code   RO         2241    .ARM.Collect$$libinit$$00000017  c_w.l(libinit2.o)
    0x08000162   0x00000000   Code   RO         2243    .ARM.Collect$$libinit$$00000019  c_w.l(libinit2.o)
    0x08000162   0x00000000   Code   RO         2245    .ARM.Collect$$libinit$$0000001B  c_w.l(libinit2.o)
    0x08000162   0x00000000   Code   RO         2247    .ARM.Collect$$libinit$$0000001D  c_w.l(libinit2.o)
    0x08000162   0x00000000   Code   RO         2249    .ARM.Collect$$libinit$$0000001F  c_w.l(libinit2.o)
    0x08000162   0x00000000   Code   RO         2251    .ARM.Collect$$libinit$$00000021  c_w.l(libinit2.o)
    0x08000162   0x00000000   Code   RO         2253    .ARM.Collect$$libinit$$00000023  c_w.l(libinit2.o)
    0x08000162   0x00000000   Code   RO         2255    .ARM.Collect$$libinit$$00000025  c_w.l(libinit2.o)
    0x08000162   0x00000000   Code   RO         2259    .ARM.Collect$$libinit$$0000002C  c_w.l(libinit2.o)
    0x08000162   0x00000000   Code   RO         2261    .ARM.Collect$$libinit$$0000002E  c_w.l(libinit2.o)
    0x08000162   0x00000000   Code   RO         2263    .ARM.Collect$$libinit$$00000030  c_w.l(libinit2.o)
    0x08000162   0x00000000   Code   RO         2265    .ARM.Collect$$libinit$$00000032  c_w.l(libinit2.o)
    0x08000162   0x00000002   Code   RO         2266    .ARM.Collect$$libinit$$00000033  c_w.l(libinit2.o)
    0x08000164   0x00000002   Code   RO         2286    .ARM.Collect$$libshutdown$$00000000  c_w.l(libshutdown.o)
    0x08000166   0x00000000   Code   RO         2300    .ARM.Collect$$libshutdown$$00000003  c_w.l(libshutdown2.o)
    0x08000166   0x00000000   Code   RO         2303    .ARM.Collect$$libshutdown$$00000006  c_w.l(libshutdown2.o)
    0x08000166   0x00000000   Code   RO         2306    .ARM.Collect$$libshutdown$$00000009  c_w.l(libshutdown2.o)
    0x08000166   0x00000000   Code   RO         2308    .ARM.Collect$$libshutdown$$0000000B  c_w.l(libshutdown2.o)
    0x08000166   0x00000000   Code   RO         2311    .ARM.Collect$$libshutdown$$0000000E  c_w.l(libshutdown2.o)
    0x08000166   0x00000002   Code   RO         2312    .ARM.Collect$$libshutdown$$0000000F  c_w.l(libshutdown2.o)
    0x08000168   0x00000000   Code   RO         2191    .ARM.Collect$$rtentry$$00000000  c_w.l(__rtentry.o)
    0x08000168   0x00000000   Code   RO         2193    .ARM.Collect$$rtentry$$00000002  c_w.l(__rtentry2.o)
    0x08000168   0x00000006   Code   RO         2205    .ARM.Collect$$rtentry$$00000004  c_w.l(__rtentry4.o)
    0x0800016e   0x00000000   Code   RO         2195    .ARM.Collect$$rtentry$$00000009  c_w.l(__rtentry2.o)
    0x0800016e   0x00000004   Code   RO         2196    .ARM.Collect$$rtentry$$0000000A  c_w.l(__rtentry2.o)
    0x08000172   0x00000000   Code   RO         2198    .ARM.Collect$$rtentry$$0000000C  c_w.l(__rtentry2.o)
    0x08000172   0x00000008   Code   RO         2199    .ARM.Collect$$rtentry$$0000000D  c_w.l(__rtentry2.o)
    0x0800017a   0x00000002   Code   RO         2220    .ARM.Collect$$rtexit$$00000000  c_w.l(rtexit.o)
    0x0800017c   0x00000000   Code   RO         2268    .ARM.Collect$$rtexit$$00000002  c_w.l(rtexit2.o)
    0x0800017c   0x00000004   Code   RO         2269    .ARM.Collect$$rtexit$$00000003  c_w.l(rtexit2.o)
    0x08000180   0x00000006   Code   RO         2270    .ARM.Collect$$rtexit$$00000004  c_w.l(rtexit2.o)
    0x08000186   0x00000002   PAD
    0x08000188   0x00000124   Code   RO          125    .text               settimer.o
    0x080002ac   0x00000160   Code   RO          247    .text               main_esc_box.o
    0x0800040c   0x0000016c   Code   RO          267    .text               setgpio_2.o
    0x08000578   0x0000010c   Code   RO          281    .text               esc_pwm.o
    0x08000684   0x000000dc   Code   RO          312    .text               fifo.o
    0x08000760   0x000000e8   Code   RO          327    .text               fifo_void.o
    0x08000848   0x00000022   Code   RO          342    .text               main.o
    0x0800086a   0x00000002   PAD
    0x0800086c   0x00000494   Code   RO          363    .text               setcan.o
    0x08000d00   0x00000130   Code   RO          380    .text               setclock.o
    0x08000e30   0x00000170   Code   RO          399    .text               setsystick.o
    0x08000fa0   0x000002b4   Code   RO          418    .text               setuart.o
    0x08001254   0x00000108   Code   RO          441    .text               system_error_status.o
    0x0800135c   0x00000038   Code   RO          504    .text               startup_stm32f10x_md.o
    0x08001394   0x00000064   Code   RO         2185    .text               c_w.l(rt_memcpy_w.o)
    0x080013f8   0x00000006   Code   RO         2187    .text               c_w.l(heapauxi.o)
    0x080013fe   0x0000004a   Code   RO         2207    .text               c_w.l(sys_stackheap_outer.o)
    0x08001448   0x0000000c   Code   RO         2209    .text               c_w.l(exit.o)
    0x08001454   0x00000008   Code   RO         2217    .text               c_w.l(libspace.o)
    0x0800145c   0x0000000c   Code   RO         2278    .text               c_w.l(sys_exit.o)
    0x08001468   0x00000002   Code   RO         2289    .text               c_w.l(use_no_semi.o)
    0x0800146a   0x00000000   Code   RO         2291    .text               c_w.l(indicate_semi.o)
    0x0800146a   0x0000003a   Code   RO          852    i.CAN_DeInit        lib.lib(stm32f10x_can.o)
    0x080014a4   0x000000e4   Code   RO          854    i.CAN_FilterInit    lib.lib(stm32f10x_can.o)
    0x08001588   0x000000e8   Code   RO          856    i.CAN_GetITStatus   lib.lib(stm32f10x_can.o)
    0x08001670   0x00000010   Code   RO          857    i.CAN_ITConfig      lib.lib(stm32f10x_can.o)
    0x08001680   0x000000f4   Code   RO          858    i.CAN_Init          lib.lib(stm32f10x_can.o)
    0x08001774   0x000000b2   Code   RO          860    i.CAN_Receive       lib.lib(stm32f10x_can.o)
    0x08001826   0x00000020   Code   RO          863    i.CAN_StructInit    lib.lib(stm32f10x_can.o)
    0x08001846   0x000000b8   Code   RO          864    i.CAN_Transmit      lib.lib(stm32f10x_can.o)
    0x080018fe   0x00000082   Code   RO          865    i.CAN_TransmitStatus  lib.lib(stm32f10x_can.o)
    0x08001980   0x00000018   Code   RO         1048    i.FLASH_PrefetchBufferCmd  lib.lib(stm32f10x_flash.o)
    0x08001998   0x00000014   Code   RO         1053    i.FLASH_SetLatency  lib.lib(stm32f10x_flash.o)
    0x080019ac   0x000000ca   Code   RO         1184    i.GPIO_Init         lib.lib(stm32f10x_gpio.o)
    0x08001a76   0x00000002   PAD
    0x08001a78   0x00000058   Code   RO         1186    i.GPIO_PinRemapConfig  lib.lib(stm32f10x_gpio.o)
    0x08001ad0   0x00000010   Code   RO         1193    i.GPIO_StructInit   lib.lib(stm32f10x_gpio.o)
    0x08001ae0   0x0000006c   Code   RO          508    i.NVIC_Init         lib.lib(misc.o)
    0x08001b4c   0x00000014   Code   RO          509    i.NVIC_PriorityGroupConfig  lib.lib(misc.o)
    0x08001b60   0x00000014   Code   RO          510    i.NVIC_SetVectorTable  lib.lib(misc.o)
    0x08001b74   0x00000014   Code   RO         1292    i.RCC_ADCCLKConfig  lib.lib(stm32f10x_rcc.o)
    0x08001b88   0x00000018   Code   RO         1294    i.RCC_APB1PeriphClockCmd  lib.lib(stm32f10x_rcc.o)
    0x08001ba0   0x00000018   Code   RO         1295    i.RCC_APB1PeriphResetCmd  lib.lib(stm32f10x_rcc.o)
    0x08001bb8   0x00000018   Code   RO         1296    i.RCC_APB2PeriphClockCmd  lib.lib(stm32f10x_rcc.o)
    0x08001bd0   0x00000040   Code   RO         1303    i.RCC_DeInit        lib.lib(stm32f10x_rcc.o)
    0x08001c10   0x000000a4   Code   RO         1304    i.RCC_GetClocksFreq  lib.lib(stm32f10x_rcc.o)
    0x08001cb4   0x00000030   Code   RO         1305    i.RCC_GetFlagStatus  lib.lib(stm32f10x_rcc.o)
    0x08001ce4   0x00000010   Code   RO         1307    i.RCC_GetSYSCLKSource  lib.lib(stm32f10x_rcc.o)
    0x08001cf4   0x00000014   Code   RO         1308    i.RCC_HCLKConfig    lib.lib(stm32f10x_rcc.o)
    0x08001d08   0x00000038   Code   RO         1309    i.RCC_HSEConfig     lib.lib(stm32f10x_rcc.o)
    0x08001d40   0x0000000c   Code   RO         1310    i.RCC_HSICmd        lib.lib(stm32f10x_rcc.o)
    0x08001d4c   0x00000014   Code   RO         1315    i.RCC_PCLK1Config   lib.lib(stm32f10x_rcc.o)
    0x08001d60   0x00000014   Code   RO         1316    i.RCC_PCLK2Config   lib.lib(stm32f10x_rcc.o)
    0x08001d74   0x0000000c   Code   RO         1317    i.RCC_PLLCmd        lib.lib(stm32f10x_rcc.o)
    0x08001d80   0x00000014   Code   RO         1318    i.RCC_PLLConfig     lib.lib(stm32f10x_rcc.o)
    0x08001d94   0x00000014   Code   RO         1321    i.RCC_SYSCLKConfig  lib.lib(stm32f10x_rcc.o)
    0x08001da8   0x00000034   Code   RO         1323    i.RCC_WaitForHSEStartUp  lib.lib(stm32f10x_rcc.o)
    0x08001ddc   0x00000016   Code   RO          512    i.SysTick_CLKSourceConfig  lib.lib(misc.o)
    0x08001df2   0x00000016   Code   RO         1492    i.TIM_ARRPreloadConfig  lib.lib(stm32f10x_tim.o)
    0x08001e08   0x00000006   Code   RO         1498    i.TIM_ClearFlag     lib.lib(stm32f10x_tim.o)
    0x08001e0e   0x00000016   Code   RO         1504    i.TIM_Cmd           lib.lib(stm32f10x_tim.o)
    0x08001e24   0x00000016   Code   RO         1506    i.TIM_CtrlPWMOutputs  lib.lib(stm32f10x_tim.o)
    0x08001e3a   0x0000001a   Code   RO         1525    i.TIM_GetITStatus   lib.lib(stm32f10x_tim.o)
    0x08001e54   0x00000010   Code   RO         1529    i.TIM_ITConfig      lib.lib(stm32f10x_tim.o)
    0x08001e64   0x00000080   Code   RO         1543    i.TIM_OC3Init       lib.lib(stm32f10x_tim.o)
    0x08001ee4   0x0000000c   Code   RO         1546    i.TIM_OC3PreloadConfig  lib.lib(stm32f10x_tim.o)
    0x08001ef0   0x00000066   Code   RO         1548    i.TIM_OC4Init       lib.lib(stm32f10x_tim.o)
    0x08001f56   0x0000000e   Code   RO         1550    i.TIM_OC4PreloadConfig  lib.lib(stm32f10x_tim.o)
    0x08001f64   0x00000014   Code   RO         1551    i.TIM_OCStructInit  lib.lib(stm32f10x_tim.o)
    0x08001f78   0x0000003c   Code   RO         1575    i.TIM_TimeBaseInit  lib.lib(stm32f10x_tim.o)
    0x08001fb4   0x00000012   Code   RO         2019    i.USART_Cmd         lib.lib(stm32f10x_usart.o)
    0x08001fc6   0x0000000e   Code   RO         2022    i.USART_GetFlagStatus  lib.lib(stm32f10x_usart.o)
    0x08001fd4   0x00000044   Code   RO         2023    i.USART_GetITStatus  lib.lib(stm32f10x_usart.o)
    0x08002018   0x00000030   Code   RO         2025    i.USART_ITConfig    lib.lib(stm32f10x_usart.o)
    0x08002048   0x00000090   Code   RO         2026    i.USART_Init        lib.lib(stm32f10x_usart.o)
    0x080020d8   0x00000008   Code   RO         2031    i.USART_ReceiveData  lib.lib(stm32f10x_usart.o)
    0x080020e0   0x00000008   Code   RO         2034    i.USART_SendData    lib.lib(stm32f10x_usart.o)
    0x080020e8   0x00000016   Code   RO         2040    i.USART_StructInit  lib.lib(stm32f10x_usart.o)
    0x080020fe   0x00000002   PAD
    0x08002100   0x00000020   Data   RO         2343    Region$$Table       anon$$obj.o


    Execution Region RW_IRAM1 (Base: 0x20000000, Size: 0x000023b8, Max: 0x00005000, ABSOLUTE)

    Base Addr    Size         Type   Attr      Idx    E Section Name        Object

    0x20000000   0x00000004   Data   RW          250    .data               main_esc_box.o
    0x20000004   0x00000004   Data   RW          283    .data               esc_pwm.o
    0x20000008   0x00000006   Data   RW          366    .data               setcan.o
    0x2000000e   0x00000002   PAD
    0x20000010   0x00000004   Data   RW          382    .data               setclock.o
    0x20000014   0x0000000d   Data   RW          401    .data               setsystick.o
    0x20000021   0x00000003   PAD
    0x20000024   0x0000000c   Data   RW          420    .data               setuart.o
    0x20000030   0x00000005   Data   RW          443    .data               system_error_status.o
    0x20000035   0x00000014   Data   RW         1324    .data               lib.lib(stm32f10x_rcc.o)
    0x20000049   0x00000003   PAD
    0x2000004c   0x00000d10   Zero   RW          248    .bss                main_esc_box.o
    0x20000d5c   0x00000ff8   Zero   RW          364    .bss                setcan.o
    0x20001d54   0x00000060   Zero   RW         2218    .bss                c_w.l(libspace.o)
    0x20001db4   0x00000004   PAD
    0x20001db8   0x00000200   Zero   RW          502    HEAP                startup_stm32f10x_md.o
    0x20001fb8   0x00000400   Zero   RW          501    STACK               startup_stm32f10x_md.o


==============================================================================

Image component sizes


      Code (inc. data)   RO Data    RW Data    ZI Data      Debug   Object Name

         0          0          0          0          0     226800   adxl345.o
         0          0          0          0          0         32   core_cm3.o
       268         18          0          4          0       2122   esc_pwm.o
       220          0          0          0          0       2731   fifo.o
       232          0          0          0          0       2983   fifo_void.o
        34          0          0          0          0       2535   main.o
       352         56          0          4       3344       2461   main_esc_box.o
      1172         74          0          6       4088       4568   setcan.o
       304         14          0          4          0       1163   setclock.o
       364         14          0          0          0        681   setgpio_2.o
       368         26          0         13          0       7293   setsystick.o
       292          6          0          0          0      17989   settimer.o
       692         26          0         12          0       3399   setuart.o
        56         22        236          0       1536        836   startup_stm32f10x_md.o
       264         26          0          5          0       1619   system_error_status.o

    ----------------------------------------------------------------------
      4620        282        268         53       8968     277212   Object Totals
         0          0         32          0          0          0   (incl. Generated)
         2          0          0          5          0          0   (incl. Padding)

    ----------------------------------------------------------------------

      Code (inc. data)   RO Data    RW Data    ZI Data      Debug   Library Member Name

         8          0          0          0          0         68   __main.o
         0          0          0          0          0          0   __rtentry.o
        12          0          0          0          0          0   __rtentry2.o
         6          0          0          0          0          0   __rtentry4.o
        52          8          0          0          0          0   __scatter.o
        26          0          0          0          0          0   __scatter_copy.o
        28          0          0          0          0          0   __scatter_zi.o
        12          0          0          0          0         72   exit.o
         6          0          0          0          0        152   heapauxi.o
         0          0          0          0          0          0   indicate_semi.o
         2          0          0          0          0          0   libinit.o
         2          0          0          0          0          0   libinit2.o
         2          0          0          0          0          0   libshutdown.o
         2          0          0          0          0          0   libshutdown2.o
         8          4          0          0         96         68   libspace.o
       100          0          0          0          0         80   rt_memcpy_w.o
         2          0          0          0          0          0   rtexit.o
        10          0          0          0          0          0   rtexit2.o
        12          4          0          0          0         68   sys_exit.o
        74          0          0          0          0         80   sys_stackheap_outer.o
         2          0          0          0          0         68   use_no_semi.o
       170         10          0          0          0     250919   misc.o
      1302          6          0          0          0       9275   stm32f10x_can.o
        44         12          0          0          0        937   stm32f10x_flash.o
       306          4          0          0          0       3048   stm32f10x_gpio.o
       616        110          0         20          0      10975   stm32f10x_rcc.o
       450          0          0          0          0      10386   stm32f10x_tim.o
       330          4          0          0          0       5988   stm32f10x_usart.o

    ----------------------------------------------------------------------
      3592        162          0         23        100     292184   Library Totals
         8          0          0          3          4          0   (incl. Padding)

    ----------------------------------------------------------------------

      Code (inc. data)   RO Data    RW Data    ZI Data      Debug   Library Name

       366         16          0          0         96        656   c_w.l
      3218        146          0         20          0     291528   lib.lib

    ----------------------------------------------------------------------
      3592        162          0         23        100     292184   Library Totals

    ----------------------------------------------------------------------

==============================================================================


      Code (inc. data)   RO Data    RW Data    ZI Data      Debug   

      8212        444        268         76       9068     565904   Grand Totals
      8212        444        268         76       9068     565904   ELF Image Totals
      8212        444        268         76          0          0   ROM Totals

==============================================================================

    Total RO  Size (Code + RO Data)                 8480 (   8.28kB)
    Total RW  Size (RW Data + ZI Data)              9144 (   8.93kB)
    Total ROM Size (Code + RO Data + RW Data)       8556 (   8.36kB)

==============================================================================

