Component: ARM Compiler 5.05 update 1 (build 106) Tool: armlink [4d0efa]

==============================================================================

Section Cross References

    adxl345.o(.text) refers to seti2c.o(.text) for I2C_Start
    ds18b20.o(.text) refers to stm32f10x_gpio.o(i.GPIO_Init) for GPIO_Init
    ds18b20.o(.text) refers to setsystick.o(.text) for delay_us
    setadc.o(.text) refers to stm32f10x_rcc.o(i.RCC_APB2PeriphClockCmd) for RCC_APB2PeriphClockCmd
    setadc.o(.text) refers to stm32f10x_rcc.o(i.RCC_AHBPeriphClockCmd) for RCC_AHBPeriphClockCmd
    setadc.o(.text) refers to stm32f10x_adc.o(i.ADC_Init) for ADC_Init
    setadc.o(.text) refers to stm32f10x_adc.o(i.ADC_RegularChannelConfig) for ADC_RegularChannelConfig
    setadc.o(.text) refers to stm32f10x_adc.o(i.ADC_TempSensorVrefintCmd) for ADC_TempSensorVrefintCmd
    setadc.o(.text) refers to stm32f10x_adc.o(i.ADC_DMACmd) for ADC_DMACmd
    setadc.o(.text) refers to stm32f10x_adc.o(i.ADC_Cmd) for ADC_Cmd
    setadc.o(.text) refers to stm32f10x_adc.o(i.ADC_ResetCalibration) for ADC_ResetCalibration
    setadc.o(.text) refers to stm32f10x_adc.o(i.ADC_GetResetCalibrationStatus) for ADC_GetResetCalibrationStatus
    setadc.o(.text) refers to stm32f10x_adc.o(i.ADC_StartCalibration) for ADC_StartCalibration
    setadc.o(.text) refers to stm32f10x_adc.o(i.ADC_GetCalibrationStatus) for ADC_GetCalibrationStatus
    setadc.o(.text) refers to stm32f10x_adc.o(i.ADC_SoftwareStartConvCmd) for ADC_SoftwareStartConvCmd
    setadc.o(.text) refers to stm32f10x_dma.o(i.DMA_DeInit) for DMA_DeInit
    setadc.o(.text) refers to stm32f10x_dma.o(i.DMA_Init) for DMA_Init
    setadc.o(.text) refers to stm32f10x_dma.o(i.DMA_Cmd) for DMA_Cmd
    setadc.o(.text) refers to setadc.o(.bss) for ADCConvert
    settimer.o(.text) refers to stm32f10x_rcc.o(i.RCC_APB2PeriphClockCmd) for RCC_APB2PeriphClockCmd
    settimer.o(.text) refers to stm32f10x_rcc.o(i.RCC_APB1PeriphClockCmd) for RCC_APB1PeriphClockCmd
    settimer.o(.text) refers to misc.o(i.NVIC_PriorityGroupConfig) for NVIC_PriorityGroupConfig
    settimer.o(.text) refers to misc.o(i.NVIC_Init) for NVIC_Init
    settimer.o(.text) refers to stm32f10x_tim.o(i.TIM_TimeBaseInit) for TIM_TimeBaseInit
    settimer.o(.text) refers to stm32f10x_tim.o(i.TIM_ClearFlag) for TIM_ClearFlag
    settimer.o(.text) refers to stm32f10x_tim.o(i.TIM_ITConfig) for TIM_ITConfig
    settimer.o(.text) refers to stm32f10x_tim.o(i.TIM_Cmd) for TIM_Cmd
    settimer.o(.text) refers to stm32f10x_tim.o(i.TIM_GetITStatus) for TIM_GetITStatus
    setgpio.o(.text) refers to stm32f10x_rcc.o(i.RCC_APB2PeriphClockCmd) for RCC_APB2PeriphClockCmd
    setgpio.o(.text) refers to stm32f10x_gpio.o(i.GPIO_StructInit) for GPIO_StructInit
    setgpio.o(.text) refers to stm32f10x_gpio.o(i.GPIO_Init) for GPIO_Init
    setgpio.o(.text) refers to stm32f10x_gpio.o(i.GPIO_PinRemapConfig) for GPIO_PinRemapConfig
    gps.o(.text) refers to setuart.o(.text) for Uart_PutChar
    gps.o(.text) refers to setsystick.o(.text) for delay_us
    gps.o(.text) refers to navigation_box_led.o(.text) for Nbl_Led_toggle
    gps.o(.text) refers to gps.o(.data) for gps_uart
    gps.o(.text) refers to gps.o(.bss) for GPS_Command_Buffer
    hmc6343.o(.text) refers to setsystick.o(.text) for delay_us
    hmc6343.o(.text) refers to hmc6343.o(.data) for heading_msb
    main_navigation_box.o(.text) refers to atof.o(i.atof) for atof
    main_navigation_box.o(.text) refers to ddiv.o(x$fpl$ddiv) for __aeabi_ddiv
    main_navigation_box.o(.text) refers to daddsub_clz.o(x$fpl$dadd) for __aeabi_dadd
    main_navigation_box.o(.text) refers to dmul.o(x$fpl$dmul) for __aeabi_dmul
    main_navigation_box.o(.text) refers to dfix.o(x$fpl$dfix) for __aeabi_d2iz
    main_navigation_box.o(.text) refers to setcan.o(.text) for Can1_Send
    main_navigation_box.o(.text) refers to cmdcoder.o(.text) for cmdcoder_send_bytes
    main_navigation_box.o(.text) refers to setuart.o(.text) for Uart_PutChar
    main_navigation_box.o(.text) refers to setclock.o(.text) for SetupPllClock
    main_navigation_box.o(.text) refers to setgpio_1.o(.text) for Navi_GPIO_Configuration
    main_navigation_box.o(.text) refers to navigation_box_led.o(.text) for Nbl_Led_Configuration
    main_navigation_box.o(.text) refers to hmc6343.o(.text) for HMC6343_Configuration
    main_navigation_box.o(.text) refers to gps.o(.text) for gps_config
    main_navigation_box.o(.text) refers to setsystick.o(.text) for systick_time_start
    main_navigation_box.o(.text) refers to main_navigation_box.o(.bss) for tempstr
    main_navigation_box.o(.text) refers to main_navigation_box.o(.data) for GPSLat
    navigation_box_led.o(.text) refers to stm32f10x_gpio.o(i.GPIO_ResetBits) for GPIO_ResetBits
    navigation_box_led.o(.text) refers to stm32f10x_gpio.o(i.GPIO_SetBits) for GPIO_SetBits
    navigation_box_led.o(.text) refers to stm32f10x_gpio.o(i.GPIO_ReadOutputDataBit) for GPIO_ReadOutputDataBit
[...]
    !!dczerorl2                              0x08000128   Section       90  __dczerorl2.o(!!dczerorl2)
    !!handler_zi                             0x08000184   Section       28  __scatter_zi.o(!!handler_zi)
    .ARM.Collect$$libinit$$00000000          0x080001a0   Section        2  libinit.o(.ARM.Collect$$libinit$$00000000)
    .ARM.Collect$$libinit$$00000002          0x080001a2   Section        0  libinit2.o(.ARM.Collect$$libinit$$00000002)
    .ARM.Collect$$libinit$$00000004          0x080001a2   Section        0  libinit2.o(.ARM.Collect$$libinit$$00000004)
    .ARM.Collect$$libinit$$0000000A          0x080001a2   Section        0  libinit2.o(.ARM.Collect$$libinit$$0000000A)
    .ARM.Collect$$libinit$$0000000C          0x080001a2   Section        0  libinit2.o(.ARM.Collect$$libinit$$0000000C)
    .ARM.Collect$$libinit$$0000000E          0x080001a2   Section        0  libinit2.o(.ARM.Collect$$libinit$$0000000E)
    .ARM.Collect$$libinit$$0000000F          0x080001a2   Section        6  libinit2.o(.ARM.Collect$$libinit$$0000000F)
    .ARM.Collect$$libinit$$00000011          0x080001a8   Section        0  libinit2.o(.ARM.Collect$$libinit$$00000011)
    .ARM.Collect$$libinit$$00000012          0x080001a8   Section       12  libinit2.o(.ARM.Collect$$libinit$$00000012)
    .ARM.Collect$$libinit$$00000013          0x080001b4   Section        0  libinit2.o(.ARM.Collect$$libinit$$00000013)
    .ARM.Collect$$libinit$$00000015          0x080001b4   Section        0  libinit2.o(.ARM.Collect$$libinit$$00000015)
    .ARM.Collect$$libinit$$00000016          0x080001b4   Section       10  libinit2.o(.ARM.Collect$$libinit$$00000016)
    .ARM.Collect$$libinit$$00000017          0x080001be   Section        0  libinit2.o(.ARM.Collect$$libinit$$00000017)
    .ARM.Collect$$libinit$$00000019          0x080001be   Section        0  libinit2.o(.ARM.Collect$$libinit$$00000019)
    .ARM.Collect$$libinit$$0000001B          0x080001be   Section        0  libinit2.o(.ARM.Collect$$libinit$$0000001B)
    .ARM.Collect$$libinit$$0000001D          0x080001be   Section        0  libinit2.o(.ARM.Collect$$libinit$$0000001D)
    .ARM.Collect$$libinit$$0000001F          0x080001be   Section        0  libinit2.o(.ARM.Collect$$libinit$$0000001F)
    .ARM.Collect$$libinit$$00000021          0x080001be   Section        0  libinit2.o(.ARM.Collect$$libinit$$00000021)
    .ARM.Collect$$libinit$$00000023          0x080001be   Section        0  libinit2.o(.ARM.Collect$$libinit$$00000023)
    .ARM.Collect$$libinit$$00000025          0x080001be   Section        0  libinit2.o(.ARM.Collect$$libinit$$00000025)
    .ARM.Collect$$libinit$$0000002C          0x080001be   Section        0  libinit2.o(.ARM.Collect$$libinit$$0000002C)
    .ARM.Collect$$libinit$$0000002E          0x080001be   Section        0  libinit2.o(.ARM.Collect$$libinit$$0000002E)
    .ARM.Collect$$libinit$$00000030          0x080001be   Section        0  libinit2.o(.ARM.Collect$$libinit$$00000030)
    .ARM.Collect$$libinit$$00000032          0x080001be   Section        0  libinit2.o(.ARM.Collect$$libinit$$00000032)
    .ARM.Collect$$libinit$$00000033          0x080001be   Section        2  libinit2.o(.ARM.Collect$$libinit$$00000033)
    .ARM.Collect$$libshutdown$$00000000      0x080001c0   Section        2  libshutdown.o(.ARM.Collect$$libshutdown$$00000000)
    .ARM.Collect$$libshutdown$$00000003      0x080001c2   Section        0  libshutdown2.o(.ARM.Collect$$libshutdown$$00000003)
    .ARM.Collect$$libshutdown$$00000006      0x080001c2   Section        0  libshutdown2.o(.ARM.Collect$$libshutdown$$00000006)
    .ARM.Collect$$libshutdown$$00000009      0x080001c2   Section        0  libshutdown2.o(.ARM.Collect$$libshutdown$$00000009)
    .ARM.Collect$$libshutdown$$0000000B      0x080001c2   Section        0  libshutdown2.o(.ARM.Collect$$libshutdown$$0000000B)
    .ARM.Collect$$libshutdown$$0000000E      0x080001c2   Section        0  libshutdown2.o(.ARM.Collect$$libshutdown$$0000000E)
    .ARM.Collect$$libshutdown$$0000000F      0x080001c2   Section        2  libshutdown2.o(.ARM.Collect$$libshutdown$$0000000F)
    .ARM.Collect$$rtentry$$00000000          0x080001c4   Section        0  __rtentry.o(.ARM.Collect$$rtentry$$00000000)
    .ARM.Collect$$rtentry$$00000002          0x080001c4   Section        0  __rtentry2.o(.ARM.Collect$$rtentry$$00000002)
    .ARM.Collect$$rtentry$$00000004          0x080001c4   Section        6  __rtentry4.o(.ARM.Collect$$rtentry$$00000004)
    .ARM.Collect$$rtentry$$00000009          0x080001ca   Section        0  __rtentry2.o(.ARM.Collect$$rtentry$$00000009)
    .ARM.Collect$$rtentry$$0000000A          0x080001ca   Section        4  __rtentry2.o(.ARM.Collect$$rtentry$$0000000A)
    .ARM.Collect$$rtentry$$0000000C          0x080001ce   Section        0  __rtentry2.o(.ARM.Collect$$rtentry$$0000000C)
    .ARM.Collect$$rtentry$$0000000D          0x080001ce   Section        8  __rtentry2.o(.ARM.Collect$$rtentry$$0000000D)
    .ARM.Collect$$rtexit$$00000000           0x080001d6   Section        2  rtexit.o(.ARM.Collect$$rtexit$$00000000)
    .ARM.Collect$$rtexit$$00000002           0x080001d8   Section        0  rtexit2.o(.ARM.Collect$$rtexit$$00000002)
    .ARM.Collect$$rtexit$$00000003           0x080001d8   Section        4  rtexit2.o(.ARM.Collect$$rtexit$$00000003)
    .ARM.Collect$$rtexit$$00000004           0x080001dc   Section        6  rtexit2.o(.ARM.Collect$$rtexit$$00000004)
    .text                                    0x080001e4   Section        0  settimer.o(.text)
    .text                                    0x08000308   Section        0  gps.o(.text)
    .text                                    0x08000618   Section        0  hmc6343.o(.text)
    I2C_Delay                                0x08000619   Thumb Code    28  hmc6343.o(.text)
    I2C_Start                                0x08000635   Thumb Code    84  hmc6343.o(.text)
    I2C_Stop                                 0x08000689   Thumb Code    48  hmc6343.o(.text)
    I2C_Ack                                  0x080006b9   Thumb Code    66  hmc6343.o(.text)
    I2C_NoAck                                0x080006fb   Thumb Code    48  hmc6343.o(.text)
    I2C_WaitAck                              0x0800072b   Thumb Code    86  hmc6343.o(.text)
    I2C_SendByte                             0x08000781   Thumb Code    88  hmc6343.o(.text)
    I2C_ReceiveByte                          0x080007d9   Thumb Code    78  hmc6343.o(.text)
    .text                                    0x080009dc   Section        0  main_navigation_box.o(.text)
    .text                                    0x08000e94   Section        0  navigation_box_led.o(.text)
    .text                                    0x08000f78   Section        0  setgpio_1.o(.text)
    .text                                    0x080010a4   Section        0  cmdcoder.o(.text)
    encode_variable_len                      0x080010a5   Thumb Code    48  cmdcoder.o(.text)
    .text                                    0x080013cc   Section        0  fifo.o(.text)
    .text                                    0x080014a8   Section        0  fifo_void.o(.text)
    .text                                    0x08001590   Section        0  main.o(.text)
    .text                                    0x080015b4   Section        0  setcan.o(.text)
    .text                                    0x08001a48   Section        0  setclock.o(.text)
    .text                                    0x08001bb8   Section        0  setsystick.o(.text)
    .text                                    0x08001d28   Section        0  setuart.o(.text)
    .text                                    0x08001fdc   Section        0  system_error_status.o(.text)
    .text                                    0x080020e4   Section       56  startup_stm32f10x_md.o(.text)
    .text                                    0x0800211c   Section      100  rt_memcpy_w.o(.text)
    .text                                    0x08002180   Section        0  heapauxi.o(.text)
    .text                                    0x08002186   Section        0  _rserrno.o(.text)
    .text                                    0x0800219c   Section        0  strtod.o(.text)
    _local_sscanf                            0x0800219d   Thumb Code    60  strtod.o(.text)
    .text                                    0x0800223c   Section        8  rt_errno_addr_intlibspace.o(.text)
    .text                                    0x08002244   Section        0  isspace.o(.text)
    .text                                    0x08002256   Section        0  _sgetc.o(.text)
    .text                                    0x08002298   Section        8  libspace.o(.text)
    .text                                    0x080022a0   Section       74  sys_stackheap_outer.o(.text)
    .text                                    0x080022ec   Section       16  rt_ctype_table.o(.text)
    .text                                    0x080022fc   Section        0  scanf_fp.o(.text)
    _fp_value                                0x080022fd   Thumb Code   508  scanf_fp.o(.text)
    .text                                    0x080027a0   Section        0  exit.o(.text)
    .text                                    0x080027ac   Section      128  strcmpv7m.o(.text)
    .text                                    0x0800282c   Section        8  rt_locale_intlibspace.o(.text)
    .text                                    0x08002834   Section        0  bigflt0.o(.text)
    .text                                    0x08002910   Section        0  scanf_hexfp.o(.text)
    .text                                    0x08002c28   Section        0  scanf_infnan.o(.text)
    .text                                    0x08002d5c   Section        0  sys_exit.o(.text)
    .text                                    0x08002d68   Section       38  llshl.o(.text)
    .text                                    0x08002d8e   Section        0  _chval.o(.text)
    .text                                    0x08002daa   Section        2  use_no_semi.o(.text)
    .text                                    0x08002dac   Section        0  indicate_semi.o(.text)
    CL$$btod_div_common                      0x08002dac   Section      824  btod.o(CL$$btod_div_common)
    CL$$btod_e2d                             0x080030e4   Section       84  btod.o(CL$$btod_e2d)
    CL$$btod_e2e                             0x08003138   Section      198  btod.o(CL$$btod_e2e)
    CL$$btod_ediv                            0x080031fe   Section       40  btod.o(CL$$btod_ediv)
    CL$$btod_edivd                           0x08003226   Section       40  btod.o(CL$$btod_edivd)
    CL$$btod_emul                            0x0800324e   Section       40  btod.o(CL$$btod_emul)
    CL$$btod_emuld                           0x08003276   Section       40  btod.o(CL$$btod_emuld)
    CL$$btod_mult_common                     0x0800329e   Section      580  btod.o(CL$$btod_mult_common)
    i.CAN_DeInit                             0x080034e2   Section        0  stm32f10x_can.o(i.CAN_DeInit)
    i.CAN_FilterInit                         0x0800351c   Section        0  stm32f10x_can.o(i.CAN_FilterInit)
    i.CAN_GetITStatus                        0x08003600   Section        0  stm32f10x_can.o(i.CAN_GetITStatus)
    i.CAN_ITConfig                           0x080036e8   Section        0  stm32f10x_can.o(i.CAN_ITConfig)
    i.CAN_Init                               0x080036f8   Section        0  stm32f10x_can.o(i.CAN_Init)
    i.CAN_Receive                            0x080037ec   Section        0  stm32f10x_can.o(i.CAN_Receive)
    i.CAN_StructInit                         0x0800389e   Section        0  stm32f10x_can.o(i.CAN_StructInit)
    i.CAN_Transmit                           0x080038be   Section        0  stm32f10x_can.o(i.CAN_Transmit)
    i.CAN_TransmitStatus                     0x08003976   Section        0  stm32f10x_can.o(i.CAN_TransmitStatus)
    i.FLASH_PrefetchBufferCmd                0x080039f8   Section        0  stm32f10x_flash.o(i.FLASH_PrefetchBufferCmd)
    i.FLASH_SetLatency                       0x08003a10   Section        0  stm32f10x_flash.o(i.FLASH_SetLatency)
    i.GPIO_Init                              0x08003a24   Section        0  stm32f10x_gpio.o(i.GPIO_Init)
    i.GPIO_PinRemapConfig                    0x08003af0   Section        0  stm32f10x_gpio.o(i.GPIO_PinRemapConfig)
    i.GPIO_ReadOutputDataBit                 0x08003b48   Section        0  stm32f10x_gpio.o(i.GPIO_ReadOutputDataBit)
    i.GPIO_ResetBits                         0x08003b56   Section        0  stm32f10x_gpio.o(i.GPIO_ResetBits)
    i.GPIO_SetBits                           0x08003b5a   Section        0  stm32f10x_gpio.o(i.GPIO_SetBits)
    i.GPIO_StructInit                        0x08003b5e   Section        0  stm32f10x_gpio.o(i.GPIO_StructInit)
    i.NVIC_Init                              0x08003b6e   Section        0  misc.o(i.NVIC_Init)
    i.NVIC_PriorityGroupConfig               0x08003bdc   Section        0  misc.o(i.NVIC_PriorityGroupConfig)
    i.NVIC_SetVectorTable                    0x08003bf0   Section        0  misc.o(i.NVIC_SetVectorTable)
    i.RCC_ADCCLKConfig                       0x08003c04   Section        0  stm32f10x_rcc.o(i.RCC_ADCCLKConfig)
    i.RCC_APB1PeriphClockCmd                 0x08003c18   Section        0  stm32f10x_rcc.o(i.RCC_APB1PeriphClockCmd)
    i.RCC_APB1PeriphResetCmd                 0x08003c30   Section        0  stm32f10x_rcc.o(i.RCC_APB1PeriphResetCmd)
    i.RCC_APB2PeriphClockCmd                 0x08003c48   Section        0  stm32f10x_rcc.o(i.RCC_APB2PeriphClockCmd)
    i.RCC_DeInit                             0x08003c60   Section        0  stm32f10x_rcc.o(i.RCC_DeInit)
    i.RCC_GetClocksFreq                      0x08003ca0   Section        0  stm32f10x_rcc.o(i.RCC_GetClocksFreq)
    i.RCC_GetFlagStatus                      0x08003d44   Section        0  stm32f10x_rcc.o(i.RCC_GetFlagStatus)
    i.RCC_GetSYSCLKSource                    0x08003d74   Section        0  stm32f10x_rcc.o(i.RCC_GetSYSCLKSource)
    i.RCC_HCLKConfig                         0x08003d84   Section        0  stm32f10x_rcc.o(i.RCC_HCLKConfig)
    i.RCC_HSEConfig                          0x08003d98   Section        0  stm32f10x_rcc.o(i.RCC_HSEConfig)
    i.RCC_HSICmd                             0x08003dd0   Section        0  stm32f10x_rcc.o(i.RCC_HSICmd)
    i.RCC_PCLK1Config                        0x08003ddc   Section        0  stm32f10x_rcc.o(i.RCC_PCLK1Config)
    i.RCC_PCLK2Config                        0x08003df0   Section        0  stm32f10x_rcc.o(i.RCC_PCLK2Config)
    i.RCC_PLLCmd                             0x08003e04   Section        0  stm32f10x_rcc.o(i.RCC_PLLCmd)
    i.RCC_PLLConfig                          0x08003e10   Section        0  stm32f10x_rcc.o(i.RCC_PLLConfig)
    i.RCC_SYSCLKConfig                       0x08003e24   Section        0  stm32f10x_rcc.o(i.RCC_SYSCLKConfig)
    i.RCC_WaitForHSEStartUp                  0x08003e38   Section        0  stm32f10x_rcc.o(i.RCC_WaitForHSEStartUp)
    i.SysTick_CLKSourceConfig                0x08003e6c   Section        0  misc.o(i.SysTick_CLKSourceConfig)
    i.TIM_ClearFlag                          0x08003e82   Section        0  stm32f10x_tim.o(i.TIM_ClearFlag)
    i.TIM_Cmd                                0x08003e88   Section        0  stm32f10x_tim.o(i.TIM_Cmd)
    i.TIM_GetITStatus                        0x08003e9e   Section        0  stm32f10x_tim.o(i.TIM_GetITStatus)
    i.TIM_ITConfig                           0x08003eb8   Section        0  stm32f10x_tim.o(i.TIM_ITConfig)
    i.TIM_TimeBaseInit                       0x08003ec8   Section        0  stm32f10x_tim.o(i.TIM_TimeBaseInit)
    i.USART_Cmd                              0x08003f04   Section        0  stm32f10x_usart.o(i.USART_Cmd)
    i.USART_GetFlagStatus                    0x08003f16   Section        0  stm32f10x_usart.o(i.USART_GetFlagStatus)
    i.USART_GetITStatus                      0x08003f24   Section        0  stm32f10x_usart.o(i.USART_GetITStatus)
    i.USART_ITConfig                         0x08003f68   Section        0  stm32f10x_usart.o(i.USART_ITConfig)
    i.USART_Init                             0x08003f98   Section        0  stm32f10x_usart.o(i.USART_Init)
    i.USART_ReceiveData                      0x08004028   Section        0  stm32f10x_usart.o(i.USART_ReceiveData)
    i.USART_SendData                         0x08004030   Section        0  stm32f10x_usart.o(i.USART_SendData)
    i.USART_StructInit                       0x08004038   Section        0  stm32f10x_usart.o(i.USART_StructInit)
    i.__mathlib_dbl_overflow                 0x0800404e   Section        0  dunder.o(i.__mathlib_dbl_overflow)
    i.__mathlib_dbl_underflow                0x0800405c   Section        0  dunder.o(i.__mathlib_dbl_underflow)
    i.__mathlib_narrow                       0x0800406c   Section        0  narrow.o(i.__mathlib_narrow)
    i.__mathlib_tofloat                      0x0800407c   Section        0  narrow.o(i.__mathlib_tofloat)
    i.__support_ldexp                        0x08004104   Section        0  ldexp.o(i.__support_ldexp)
    i._is_digit                              0x0800411a   Section        0  scanf_fp.o(i._is_digit)
    i.atof                                   0x08004128   Section        0  atof.o(i.atof)
    i.frexp                                  0x08004154   Section        0  frexp.o(i.frexp)
    i.ldexp                                  0x080041ac   Section        0  ldexp.o(i.ldexp)
    locale$$code                             0x08004220   Section       44  lc_numeric_c.o(locale$$code)
    locale$$code                             0x0800424c   Section       44  lc_ctype_c.o(locale$$code)
    x$fpl$d2f                                0x08004278   Section       98  d2f.o(x$fpl$d2f)
    x$fpl$dadd                               0x080042dc   Section      336  daddsub_clz.o(x$fpl$dadd)
    _dadd1                                   0x080042ed   Thumb Code     0  daddsub_clz.o(x$fpl$dadd)
    x$fpl$dcheck1                            0x0800442c   Section       16  dcheck1.o(x$fpl$dcheck1)
    x$fpl$dcmpinf                            0x0800443c   Section       24  dcmpi.o(x$fpl$dcmpinf)
    x$fpl$ddiv                               0x08004454   Section      688  ddiv.o(x$fpl$ddiv)
    ddiv_entry                               0x0800445b   Thumb Code     0  ddiv.o(x$fpl$ddiv)
    x$fpl$deqf                               0x08004704   Section      120  deqf.o(x$fpl$deqf)
    x$fpl$dfix                               0x0800477c   Section       94  dfix.o(x$fpl$dfix)
    x$fpl$dleqf                              0x080047dc   Section      120  dleqf.o(x$fpl$dleqf)
    x$fpl$dmul                               0x08004854   Section      340  dmul.o(x$fpl$dmul)
    x$fpl$dnaninf                            0x080049a8   Section      156  dnaninf.o(x$fpl$dnaninf)
    x$fpl$dretinf                            0x08004a44   Section       12  dretinf.o(x$fpl$dretinf)
    x$fpl$drleqf                             0x08004a50   Section      108  drleqf.o(x$fpl$drleqf)
    x$fpl$dsub                               0x08004abc   Section      468  daddsub_clz.o(x$fpl$dsub)
    _dsub1                                   0x08004acd   Thumb Code     0  daddsub_clz.o(x$fpl$dsub)
    x$fpl$fretinf                            0x08004c90   Section       10  fretinf.o(x$fpl$fretinf)
    x$fpl$retnan                             0x08004c9a   Section      100  retnan.o(x$fpl$retnan)
    x$fpl$scalbn                             0x08004cfe   Section       92  scalbn.o(x$fpl$scalbn)
    x$fpl$scanf1                             0x08004d5a   Section        4  scanf1.o(x$fpl$scanf1)
    x$fpl$scanf2                             0x08004d5e   Section        8  scanf2.o(x$fpl$scanf2)
    x$fpl$trapveneer                         0x08004d66   Section       48  trapv.o(x$fpl$trapveneer)
    x$fpl$usenofp                            0x08004d96   Section        0  usenofp.o(x$fpl$usenofp)
    .constdata                               0x08004d98   Section      148  bigflt0.o(.constdata)
    tenpwrs_x                                0x08004d98   Data          60  bigflt0.o(.constdata)
    tenpwrs_i                                0x08004dd4   Data          64  bigflt0.o(.constdata)
    c$$dinf                                  0x08004e4c   Section        8  fpconst.o(c$$dinf)
    locale$$data                             0x08004e54   Section       28  lc_numeric_c.o(locale$$data)
    __lcnum_c_name                           0x08004e58   Data           2  lc_numeric_c.o(locale$$data)
    __lcnum_c_start                          0x08004e60   Data           0  lc_numeric_c.o(locale$$data)
    __lcnum_c_point                          0x08004e6c   Data           0  lc_numeric_c.o(locale$$data)
    __lcnum_c_thousands                      0x08004e6e   Data           0  lc_numeric_c.o(locale$$data)
    __lcnum_c_grouping                       0x08004e6f   Data           0  lc_numeric_c.o(locale$$data)
    locale$$data                             0x08004e70   Section      272  lc_ctype_c.o(locale$$data)
    __lcnum_c_end                            0x08004e70   Data           0  lc_numeric_c.o(locale$$data)
    __lcctype_c_name                         0x08004e74   Data           2  lc_ctype_c.o(locale$$data)
    __lcctype_c_start                        0x08004e7c   Data           0  lc_ctype_c.o(locale$$data)
    __lcctype_c_end                          0x08004f80   Data           0  lc_ctype_c.o(locale$$data)
    .data                                    0x20000000   Section      204  gps.o(.data)
    .data                                    0x200000cc   Section       12  hmc6343.o(.data)
    heading_msb                              0x200000cc   Data           2  hmc6343.o(.data)
    heading_lsb                              0x200000ce   Data           2  hmc6343.o(.data)
    pitch_msb                                0x200000d0   Data           2  hmc6343.o(.data)
    pitch_lsb                                0x200000d2   Data           2  hmc6343.o(.data)
    roll_msb                                 0x200000d4   Data           2  hmc6343.o(.data)
    roll_lsb                                 0x200000d6   Data           2  hmc6343.o(.data)
    .data                                    0x200000d8   Section       93  main_navigation_box.o(.data)
    .data                                    0x20000138   Section        6  setcan.o(.data)
    .data                                    0x20000140   Section       13  setsystick.o(.data)
    .data                                    0x20000150   Section       12  setuart.o(.data)
    .data                                    0x2000015c   Section        5  system_error_status.o(.data)
    .data                                    0x20000161   Section       20  stm32f10x_rcc.o(.data)
    ADCPrescTable                            0x20000161   Data           4  stm32f10x_rcc.o(.data)
    APBAHBPrescTable                         0x20000165   Data          16  stm32f10x_rcc.o(.data)
    .bss                                     0x20000178   Section       82  gps.o(.bss)
    .bss                                     0x200001cc   Section     2462  main_navigation_box.o(.bss)
    .bss                                     0x20000b6c   Section     4088  setcan.o(.bss)
    .bss                                     0x20001b64   Section       96  libspace.o(.bss)
    HEAP                                     0x20001bc8   Section      512  startup_stm32f10x_md.o(HEAP)
    Heap_Mem                                 0x20001bc8   Data         512  startup_stm32f10x_md.o(HEAP)
    STACK                                    0x20001dc8   Section     1024  startup_stm32f10x_md.o(STACK)
    Stack_Mem                                0x20001dc8   Data        1024  startup_stm32f10x_md.o(STACK)
    __initial_sp                             0x200021c8   Data           0  startup_stm32f10x_md.o(STACK)

    Global Symbols

    Symbol Name                              Value     Ov Type        Size  Object(Section)

    BuildAttributes$$THM_ISAv4$P$D$K$B$S$PE$A:L22UL41UL21$X:L11$S22US41US21$IEEE1$IW$USESV6$~STKCKD$USESV7$~SHL$OTIME$ROPI$IEEEX$EBA8$UX$STANDARDLIB$REQ8$PRES8$EABIv2 0x00000000   Number         0  anon$$obj.o ABSOLUTE
    __ARM_use_no_argv                        0x00000000   Number         0  main.o ABSOLUTE
    __ARM_exceptions_init                     - Undefined Weak Reference
    __alloca_initialize                       - Undefined Weak Reference
    __arm_preinit_                            - Undefined Weak Reference
    __cpp_initialize__aeabi_                  - Undefined Weak Reference
    __cxa_finalize                            - Undefined Weak Reference
    __sigvec_lookup                           - Undefined Weak Reference
    _atexit_init                              - Undefined Weak Reference
    _call_atexit_fns                          - Undefined Weak Reference
    _clock_init                               - Undefined Weak Reference
    _fp_trap_init                             - Undefined Weak Reference
    _fp_trap_shutdown                         - Undefined Weak Reference
    _get_lc_collate                           - Undefined Weak Reference
    _get_lc_monetary                          - Undefined Weak Reference
    _get_lc_time                              - Undefined Weak Reference
    _getenv_init                              - Undefined Weak Reference
    _handle_redirection                       - Undefined Weak Reference
    _init_alloc                               - Undefined Weak Reference
    _init_user_alloc                          - Undefined Weak Reference
    _initio                                   - Undefined Weak Reference
    _rand_init                                - Undefined Weak Reference
    _signal_finish                            - Undefined Weak Reference
    _signal_init                              - Undefined Weak Reference
    _terminate_alloc                          - Undefined Weak Reference
    _terminate_user_alloc                     - Undefined Weak Reference
    _terminateio                              - Undefined Weak Reference
    __Vectors_Size                           0x000000ec   Number         0  startup_stm32f10x_md.o ABSOLUTE
    __Vectors                                0x08000000   Data           4  startup_stm32f10x_md.o(RESET)
    __Vectors_End                            0x080000ec   Data           0  startup_stm32f10x_md.o(RESET)
    __main                                   0x080000ed   Thumb Code     8  __main.o(!!!main)
    __scatterload                            0x080000f5   Thumb Code     0  __scatter.o(!!!scatter)
    __scatterload_rt2                        0x080000f5   Thumb Code    44  __scatter.o(!!!scatter)
    __scatterload_rt2_thumb_only             0x080000f5   Thumb Code     0  __scatter.o(!!!scatter)
    __scatterload_null                       0x08000103   Thumb Code     0  __scatter.o(!!!scatter)
    __decompress                             0x08000129   Thumb Code    90  __dczerorl2.o(!!dczerorl2)
    __decompress1                            0x08000129   Thumb Code     0  __dczerorl2.o(!!dczerorl2)
    __scatterload_zeroinit                   0x08000185   Thumb Code    28  __scatter_zi.o(!!handler_zi)
    __rt_lib_init                            0x080001a1   Thumb Code     0  libinit.o(.ARM.Collect$$libinit$$00000000)
    __rt_lib_init_fp_1                       0x080001a3   Thumb Code     0  libinit2.o(.ARM.Collect$$libinit$$00000002)
    __rt_lib_init_heap_1                     0x080001a3   Thumb Code     0  libinit2.o(.ARM.Collect$$libinit$$0000000A)
    __rt_lib_init_lc_common                  0x080001a3   Thumb Code     0  libinit2.o(.ARM.Collect$$libinit$$0000000F)
    __rt_lib_init_preinit_1                  0x080001a3   Thumb Code     0  libinit2.o(.ARM.Collect$$libinit$$00000004)
    __rt_lib_init_rand_1                     0x080001a3   Thumb Code     0  libinit2.o(.ARM.Collect$$libinit$$0000000E)
    __rt_lib_init_user_alloc_1               0x080001a3   Thumb Code     0  libinit2.o(.ARM.Collect$$libinit$$0000000C)
    __rt_lib_init_lc_collate_1               0x080001a9   Thumb Code     0  libinit2.o(.ARM.Collect$$libinit$$00000011)
    __rt_lib_init_lc_ctype_2                 0x080001a9   Thumb Code     0  libinit2.o(.ARM.Collect$$libinit$$00000012)
    __rt_lib_init_lc_ctype_1                 0x080001b5   Thumb Code     0  libinit2.o(.ARM.Collect$$libinit$$00000013)
    __rt_lib_init_lc_monetary_1              0x080001b5   Thumb Code     0  libinit2.o(.ARM.Collect$$libinit$$00000015)
    __rt_lib_init_lc_numeric_2               0x080001b5   Thumb Code     0  libinit2.o(.ARM.Collect$$libinit$$00000016)
    __rt_lib_init_alloca_1                   0x080001bf   Thumb Code     0  libinit2.o(.ARM.Collect$$libinit$$0000002E)
    __rt_lib_init_argv_1                     0x080001bf   Thumb Code     0  libinit2.o(.ARM.Collect$$libinit$$0000002C)
    __rt_lib_init_atexit_1                   0x080001bf   Thumb Code     0  libinit2.o(.ARM.Collect$$libinit$$0000001B)
    __rt_lib_init_clock_1                    0x080001bf   Thumb Code     0  libinit2.o(.ARM.Collect$$libinit$$00000021)
    __rt_lib_init_cpp_1                      0x080001bf   Thumb Code     0  libinit2.o(.ARM.Collect$$libinit$$00000032)
    __rt_lib_init_exceptions_1               0x080001bf   Thumb Code     0  libinit2.o(.ARM.Collect$$libinit$$00000030)
    __rt_lib_init_fp_trap_1                  0x080001bf   Thumb Code     0  libinit2.o(.ARM.Collect$$libinit$$0000001F)
    __rt_lib_init_getenv_1                   0x080001bf   Thumb Code     0  libinit2.o(.ARM.Collect$$libinit$$00000023)
    __rt_lib_init_lc_numeric_1               0x080001bf   Thumb Code     0  libinit2.o(.ARM.Collect$$libinit$$00000017)
    __rt_lib_init_lc_time_1                  0x080001bf   Thumb Code     0  libinit2.o(.ARM.Collect$$libinit$$00000019)
    __rt_lib_init_return                     0x080001bf   Thumb Code     0  libinit2.o(.ARM.Collect$$libinit$$00000033)
    __rt_lib_init_signal_1                   0x080001bf   Thumb Code     0  libinit2.o(.ARM.Collect$$libinit$$0000001D)
    __rt_lib_init_stdio_1                    0x080001bf   Thumb Code     0  libinit2.o(.ARM.Collect$$libinit$$00000025)
    __rt_lib_shutdown                        0x080001c1   Thumb Code     0  libshutdown.o(.ARM.Collect$$libshutdown$$00000000)
    __rt_lib_shutdown_fp_trap_1              0x080001c3   Thumb Code     0  libshutdown2.o(.ARM.Collect$$libshutdown$$00000006)
    __rt_lib_shutdown_heap_1                 0x080001c3   Thumb Code     0  libshutdown2.o(.ARM.Collect$$libshutdown$$0000000E)
    __rt_lib_shutdown_return                 0x080001c3   Thumb Code     0  libshutdown2.o(.ARM.Collect$$libshutdown$$0000000F)
    __rt_lib_shutdown_signal_1               0x080001c3   Thumb Code     0  libshutdown2.o(.ARM.Collect$$libshutdown$$00000009)
    __rt_lib_shutdown_stdio_1                0x080001c3   Thumb Code     0  libshutdown2.o(.ARM.Collect$$libshutdown$$00000003)
    __rt_lib_shutdown_user_alloc_1           0x080001c3   Thumb Code     0  libshutdown2.o(.ARM.Collect$$libshutdown$$0000000B)
    __rt_entry                               0x080001c5   Thumb Code     0  __rtentry.o(.ARM.Collect$$rtentry$$00000000)
    __rt_entry_presh_1                       0x080001c5   Thumb Code     0  __rtentry2.o(.ARM.Collect$$rtentry$$00000002)
    __rt_entry_sh                            0x080001c5   Thumb Code     0  __rtentry4.o(.ARM.Collect$$rtentry$$00000004)
    __rt_entry_li                            0x080001cb   Thumb Code     0  __rtentry2.o(.ARM.Collect$$rtentry$$0000000A)
    __rt_entry_postsh_1                      0x080001cb   Thumb Code     0  __rtentry2.o(.ARM.Collect$$rtentry$$00000009)
    __rt_entry_main                          0x080001cf   Thumb Code     0  __rtentry2.o(.ARM.Collect$$rtentry$$0000000D)
    __rt_entry_postli_1                      0x080001cf   Thumb Code     0  __rtentry2.o(.ARM.Collect$$rtentry$$0000000C)
    __rt_exit                                0x080001d7   Thumb Code     0  rtexit.o(.ARM.Collect$$rtexit$$00000000)
    __rt_exit_ls                             0x080001d9   Thumb Code     0  rtexit2.o(.ARM.Collect$$rtexit$$00000003)
    __rt_exit_prels_1                        0x080001d9   Thumb Code     0  rtexit2.o(.ARM.Collect$$rtexit$$00000002)
    __rt_exit_exit                           0x080001dd   Thumb Code     0  rtexit2.o(.ARM.Collect$$rtexit$$00000004)
    Timer_Configuration                      0x080001e5   Thumb Code   206  settimer.o(.text)
    TIM1_UP_IRQHandler                       0x080002b3   Thumb Code    40  settimer.o(.text)
    TIM2_IRQHandler                          0x080002db   Thumb Code    40  settimer.o(.text)
    send_commad                              0x08000309   Thumb Code    38  gps.o(.text)
    gps_config                               0x0800032f   Thumb Code    88  gps.o(.text)
    GPS_Analyze                              0x08000387   Thumb Code   382  gps.o(.text)
    gps_parse                                0x08000505   Thumb Code   184  gps.o(.text)
    gps_event                                0x080005bd   Thumb Code    40  gps.o(.text)
    Delay_Nms                                0x08000827   Thumb Code    18  hmc6343.o(.text)
    HMC6343_Configuration                    0x08000839   Thumb Code    76  hmc6343.o(.text)
    HMC6343_Calibrate                        0x08000885   Thumb Code    80  hmc6343.o(.text)
    HMC6343_Read                             0x080008d5   Thumb Code   236  hmc6343.o(.text)
    DoubleToBytes                            0x080009dd   Thumb Code    38  main_navigation_box.o(.text)
    BytesToDouble                            0x08000a03   Thumb Code    38  main_navigation_box.o(.text)
    tempsubstr                               0x08000a29   Thumb Code    40  main_navigation_box.o(.text)
    navi_report                              0x08000a51   Thumb Code   830  main_navigation_box.o(.text)
    encodeCallback                           0x08000d8f   Thumb Code    16  main_navigation_box.o(.text)
    main_setup                               0x08000d9f   Thumb Code   104  main_navigation_box.o(.text)
    main_loop                                0x08000e07   Thumb Code   142  main_navigation_box.o(.text)
    Nbl_Led_on                               0x08000e95   Thumb Code    32  navigation_box_led.o(.text)
    Nbl_Led_off                              0x08000eb5   Thumb Code    32  navigation_box_led.o(.text)
    is_led_on                                0x08000ed5   Thumb Code    52  navigation_box_led.o(.text)
    Nbl_Led_toggle                           0x08000f09   Thumb Code    28  navigation_box_led.o(.text)
    Nbl_Led_Configuration                    0x08000f25   Thumb Code    78  navigation_box_led.o(.text)
    Navi_GPIO_Configuration                  0x08000f79   Thumb Code   288  setgpio_1.o(.text)
    cmdcoder_init                            0x080010d5   Thumb Code    30  cmdcoder.o(.text)
    cmdcoder_Parse_byte                      0x080010f3   Thumb Code   416  cmdcoder.o(.text)
    cmdcoder_encode_and_send                 0x08001293   Thumb Code   244  cmdcoder.o(.text)
    cmdcoder_send_bytes                      0x08001387   Thumb Code    70  cmdcoder.o(.text)
    fifo_init                                0x080013cd   Thumb Code    22  fifo.o(.text)
    fifo_avail                               0x080013e3   Thumb Code     6  fifo.o(.text)
    fifo_free                                0x080013e9   Thumb Code    12  fifo.o(.text)
    fifo_enabled                             0x080013f5   Thumb Code     6  fifo.o(.text)
    is_fifo_overflow                         0x080013fb   Thumb Code     6  fifo.o(.text)
    fifo_put                                 0x08001401   Thumb Code    50  fifo.o(.text)
    fifo_recovery_put                        0x08001433   Thumb Code    68  fifo.o(.text)
    fifo_get                                 0x08001477   Thumb Code    50  fifo.o(.text)
    fifo_void_init                           0x080014a9   Thumb Code    24  fifo_void.o(.text)
    fifo_void_avail                          0x080014c1   Thumb Code    24  fifo_void.o(.text)
    fifo_void_free                           0x080014d9   Thumb Code    18  fifo_void.o(.text)
    fifo_void_enabled                        0x080014eb   Thumb Code     6  fifo_void.o(.text)
    is_fifo_void_overflow                    0x080014f1   Thumb Code     6  fifo_void.o(.text)
    fifo_void_put                            0x080014f7   Thumb Code    48  fifo_void.o(.text)
    fifo_void_recovery_put                   0x08001527   Thumb Code    60  fifo_void.o(.text)
    fifo_void_get                            0x08001563   Thumb Code    46  fifo_void.o(.text)
    main                                     0x08001591   Thumb Code    34  main.o(.text)
    can_rx_put_cb                            0x080015b5   Thumb Code    26  setcan.o(.text)
    can_rx_get_cb                            0x080015cf   Thumb Code    26  setcan.o(.text)
    can_tx_put_cb                            0x080015e9   Thumb Code    26  setcan.o(.text)
    can_tx_get_cb                            0x08001603   Thumb Code    26  setcan.o(.text)
    Can1_Configuration_mask                  0x0800161d   Thumb Code   418  setcan.o(.text)
    Can1_Configuration                       0x080017bf   Thumb Code    18  setcan.o(.text)
    Can1_Send_Message                        0x080017d1   Thumb Code   126  setcan.o(.text)
    Can1_Send                                0x0800184f   Thumb Code    96  setcan.o(.text)
    Can1_Get_CanRxMsg                        0x080018af   Thumb Code    58  setcan.o(.text)
    USB_LP_CAN1_RX0_IRQHandler               0x080018e9   Thumb Code    54  setcan.o(.text)
    CAN1_RX1_IRQHandler                      0x0800191f   Thumb Code    22  setcan.o(.text)
    USB_HP_CAN1_TX_IRQHandler                0x08001935   Thumb Code   246  setcan.o(.text)
    SetupPllClock                            0x08001a49   Thumb Code   368  setclock.o(.text)
    SysTick_Configuration                    0x08001bb9   Thumb Code    90  setsystick.o(.text)
    SysTick_Handler                          0x08001c13   Thumb Code    28  setsystick.o(.text)
    Systick_Event                            0x08001c2f   Thumb Code   102  setsystick.o(.text)
    delay_us                                 0x08001c95   Thumb Code    16  setsystick.o(.text)
    systick_time_start                       0x08001ca5   Thumb Code    40  setsystick.o(.text)
    check_systick_time                       0x08001ccd   Thumb Code    66  setsystick.o(.text)
    Uart_Configuration                       0x08001d29   Thumb Code   274  setuart.o(.text)
    _uart_irq_function                       0x08001e3b   Thumb Code   148  setuart.o(.text)
    USART1_IRQHandler                        0x08001ecf   Thumb Code    12  setuart.o(.text)
    USART2_IRQHandler                        0x08001edb   Thumb Code    12  setuart.o(.text)
    USART3_IRQHandler                        0x08001ee7   Thumb Code    12  setuart.o(.text)
    Uart_GetChar                             0x08001ef3   Thumb Code    48  setuart.o(.text)
    Uart_PutChar                             0x08001f23   Thumb Code   102  setuart.o(.text)
    Uart_PutString                           0x08001f89   Thumb Code    26  setuart.o(.text)
    Uart_PutBytes                            0x08001fa3   Thumb Code    32  setuart.o(.text)
    system_error_init                        0x08001fdd   Thumb Code    10  system_error_status.o(.text)
    system_error_get                         0x08001fe7   Thumb Code     4  system_error_status.o(.text)
    system_Error_Callback                    0x08001feb   Thumb Code   234  system_error_status.o(.text)
    Reset_Handler                            0x080020e5   Thumb Code     4  startup_stm32f10x_md.o(.text)
    NMI_Handler                              0x080020e9   Thumb Code     2  startup_stm32f10x_md.o(.text)
    HardFault_Handler                        0x080020eb   Thumb Code     2  startup_stm32f10x_md.o(.text)
    MemManage_Handler                        0x080020ed   Thumb Code     2  startup_stm32f10x_md.o(.text)
    BusFault_Handler                         0x080020ef   Thumb Code     2  startup_stm32f10x_md.o(.text)
    UsageFault_Handler                       0x080020f1   Thumb Code     2  startup_stm32f10x_md.o(.text)
    SVC_Handler                              0x080020f3   Thumb Code     2  startup_stm32f10x_md.o(.text)
    DebugMon_Handler                         0x080020f5   Thumb Code     2  startup_stm32f10x_md.o(.text)
    PendSV_Handler                           0x080020f7   Thumb Code     2  startup_stm32f10x_md.o(.text)
    ADC1_2_IRQHandler                        0x080020fb   Thumb Code     0  startup_stm32f10x_md.o(.text)
    CAN1_SCE_IRQHandler                      0x080020fb   Thumb Code     0  startup_stm32f10x_md.o(.text)
    DMA1_Channel1_IRQHandler                 0x080020fb   Thumb Code     0  startup_stm32f10x_md.o(.text)
    DMA1_Channel2_IRQHandler                 0x080020fb   Thumb Code     0  startup_stm32f10x_md.o(.text)
    DMA1_Channel3_IRQHandler                 0x080020fb   Thumb Code     0  startup_stm32f10x_md.o(.text)
    DMA1_Channel4_IRQHandler                 0x080020fb   Thumb Code     0  startup_stm32f10x_md.o(.text)
    DMA1_Channel5_IRQHandler                 0x080020fb   Thumb Code     0  startup_stm32f10x_md.o(.text)
    DMA1_Channel6_IRQHandler                 0x080020fb   Thumb Code     0  startup_stm32f10x_md.o(.text)
    DMA1_Channel7_IRQHandler                 0x080020fb   Thumb Code     0  startup_stm32f10x_md.o(.text)
    EXTI0_IRQHandler                         0x080020fb   Thumb Code     0  startup_stm32f10x_md.o(.text)
    EXTI15_10_IRQHandler                     0x080020fb   Thumb Code     0  startup_stm32f10x_md.o(.text)
    EXTI1_IRQHandler                         0x080020fb   Thumb Code     0  startup_stm32f10x_md.o(.text)
    EXTI2_IRQHandler                         0x080020fb   Thumb Code     0  startup_stm32f10x_md.o(.text)
    EXTI3_IRQHandler                         0x080020fb   Thumb Code     0  startup_stm32f10x_md.o(.text)
    EXTI4_IRQHandler                         0x080020fb   Thumb Code     0  startup_stm32f10x_md.o(.text)
    EXTI9_5_IRQHandler                       0x080020fb   Thumb Code     0  startup_stm32f10x_md.o(.text)
    FLASH_IRQHandler                         0x080020fb   Thumb Code     0  startup_stm32f10x_md.o(.text)
    I2C1_ER_IRQHandler                       0x080020fb   Thumb Code     0  startup_stm32f10x_md.o(.text)
    I2C1_EV_IRQHandler                       0x080020fb   Thumb Code     0  startup_stm32f10x_md.o(.text)
    I2C2_ER_IRQHandler                       0x080020fb   Thumb Code     0  startup_stm32f10x_md.o(.text)
    I2C2_EV_IRQHandler                       0x080020fb   Thumb Code     0  startup_stm32f10x_md.o(.text)
    PVD_IRQHandler                           0x080020fb   Thumb Code     0  startup_stm32f10x_md.o(.text)
    RCC_IRQHandler                           0x080020fb   Thumb Code     0  startup_stm32f10x_md.o(.text)
    RTCAlarm_IRQHandler                      0x080020fb   Thumb Code     0  startup_stm32f10x_md.o(.text)
    RTC_IRQHandler                           0x080020fb   Thumb Code     0  startup_stm32f10x_md.o(.text)
    SPI1_IRQHandler                          0x080020fb   Thumb Code     0  startup_stm32f10x_md.o(.text)
    SPI2_IRQHandler                          0x080020fb   Thumb Code     0  startup_stm32f10x_md.o(.text)
    TAMPER_IRQHandler                        0x080020fb   Thumb Code     0  startup_stm32f10x_md.o(.text)
    TIM1_BRK_IRQHandler                      0x080020fb   Thumb Code     0  startup_stm32f10x_md.o(.text)
    TIM1_CC_IRQHandler                       0x080020fb   Thumb Code     0  startup_stm32f10x_md.o(.text)
    TIM1_TRG_COM_IRQHandler                  0x080020fb   Thumb Code     0  startup_stm32f10x_md.o(.text)
    TIM3_IRQHandler                          0x080020fb   Thumb Code     0  startup_stm32f10x_md.o(.text)
    TIM4_IRQHandler                          0x080020fb   Thumb Code     0  startup_stm32f10x_md.o(.text)
    USBWakeUp_IRQHandler                     0x080020fb   Thumb Code     0  startup_stm32f10x_md.o(.text)
    WWDG_IRQHandler                          0x080020fb   Thumb Code     0  startup_stm32f10x_md.o(.text)
    __user_initial_stackheap                 0x080020fd   Thumb Code     0  startup_stm32f10x_md.o(.text)
    __aeabi_memcpy4                          0x0800211d   Thumb Code     0  rt_memcpy_w.o(.text)
    __aeabi_memcpy8                          0x0800211d   Thumb Code     0  rt_memcpy_w.o(.text)
    __rt_memcpy_w                            0x0800211d   Thumb Code   100  rt_memcpy_w.o(.text)
    _memcpy_lastbytes_aligned                0x08002165   Thumb Code     0  rt_memcpy_w.o(.text)
    __use_two_region_memory                  0x08002181   Thumb Code     2  heapauxi.o(.text)
    __rt_heap_escrow$2region                 0x08002183   Thumb Code     2  heapauxi.o(.text)
    __rt_heap_expand$2region                 0x08002185   Thumb Code     2  heapauxi.o(.text)
    __read_errno                             0x08002187   Thumb Code    10  _rserrno.o(.text)
    __set_errno                              0x08002191   Thumb Code    12  _rserrno.o(.text)
    __strtod_int                             0x080021d9   Thumb Code    88  strtod.o(.text)
    __aeabi_errno_addr                       0x0800223d   Thumb Code     8  rt_errno_addr_intlibspace.o(.text)
    __errno$intlibspace                      0x0800223d   Thumb Code     0  rt_errno_addr_intlibspace.o(.text)
    __rt_errno_addr$intlibspace              0x0800223d   Thumb Code     0  rt_errno_addr_intlibspace.o(.text)
    isspace                                  0x08002245   Thumb Code    18  isspace.o(.text)
    _sgetc                                   0x08002257   Thumb Code    30  _sgetc.o(.text)
    _sbackspace                              0x08002275   Thumb Code    34  _sgetc.o(.text)
    __user_libspace                          0x08002299   Thumb Code     8  libspace.o(.text)
    __user_perproc_libspace                  0x08002299   Thumb Code     0  libspace.o(.text)
    __user_perthread_libspace                0x08002299   Thumb Code     0  libspace.o(.text)
    __user_setup_stackheap                   0x080022a1   Thumb Code    74  sys_stackheap_outer.o(.text)
    __rt_ctype_table                         0x080022ed   Thumb Code    16  rt_ctype_table.o(.text)
    _scanf_really_real                       0x080024f9   Thumb Code   668  scanf_fp.o(.text)
    exit                                     0x080027a1   Thumb Code    12  exit.o(.text)
    strcmp                                   0x080027ad   Thumb Code   128  strcmpv7m.o(.text)
    __rt_locale                              0x0800282d   Thumb Code     8  rt_locale_intlibspace.o(.text)
    _btod_etento                             0x08002835   Thumb Code   216  bigflt0.o(.text)
    _scanf_really_hex_real                   0x08002911   Thumb Code   778  scanf_hexfp.o(.text)
    _scanf_really_infnan                     0x08002c29   Thumb Code   292  scanf_infnan.o(.text)
    _sys_exit                                0x08002d5d   Thumb Code     8  sys_exit.o(.text)
    __aeabi_llsl                             0x08002d69   Thumb Code     0  llshl.o(.text)
    _ll_shift_l                              0x08002d69   Thumb Code    38  llshl.o(.text)
    _chval                                   0x08002d8f   Thumb Code    28  _chval.o(.text)
    __I$use$semihosting                      0x08002dab   Thumb Code     0  use_no_semi.o(.text)
    __use_no_semihosting_swi                 0x08002dab   Thumb Code     2  use_no_semi.o(.text)
    __btod_div_common                        0x08002dad   Thumb Code   696  btod.o(CL$$btod_div_common)
    __semihosting_library_function           0x08002dad   Thumb Code     0  indicate_semi.o(.text)
    _e2d                                     0x080030e5   Thumb Code    80  btod.o(CL$$btod_e2d)
    _e2e                                     0x08003139   Thumb Code   198  btod.o(CL$$btod_e2e)
    _btod_ediv                               0x080031ff   Thumb Code    40  btod.o(CL$$btod_ediv)
    _btod_edivd                              0x08003227   Thumb Code    40  btod.o(CL$$btod_edivd)
    _btod_emul                               0x0800324f   Thumb Code    40  btod.o(CL$$btod_emul)
    _btod_emuld                              0x08003277   Thumb Code    40  btod.o(CL$$btod_emuld)
    __btod_mult_common                       0x0800329f   Thumb Code   580  btod.o(CL$$btod_mult_common)
    CAN_DeInit                               0x080034e3   Thumb Code    58  stm32f10x_can.o(i.CAN_DeInit)
    CAN_FilterInit                           0x0800351d   Thumb Code   222  stm32f10x_can.o(i.CAN_FilterInit)
    CAN_GetITStatus                          0x08003601   Thumb Code   232  stm32f10x_can.o(i.CAN_GetITStatus)
    CAN_ITConfig                             0x080036e9   Thumb Code    16  stm32f10x_can.o(i.CAN_ITConfig)
    CAN_Init                                 0x080036f9   Thumb Code   244  stm32f10x_can.o(i.CAN_Init)
    CAN_Receive                              0x080037ed   Thumb Code   178  stm32f10x_can.o(i.CAN_Receive)
    CAN_StructInit                           0x0800389f   Thumb Code    32  stm32f10x_can.o(i.CAN_StructInit)
    CAN_Transmit                             0x080038bf   Thumb Code   184  stm32f10x_can.o(i.CAN_Transmit)
    CAN_TransmitStatus                       0x08003977   Thumb Code   130  stm32f10x_can.o(i.CAN_TransmitStatus)
    FLASH_PrefetchBufferCmd                  0x080039f9   Thumb Code    18  stm32f10x_flash.o(i.FLASH_PrefetchBufferCmd)
    FLASH_SetLatency                         0x08003a11   Thumb Code    14  stm32f10x_flash.o(i.FLASH_SetLatency)
    GPIO_Init                                0x08003a25   Thumb Code   202  stm32f10x_gpio.o(i.GPIO_Init)
    GPIO_PinRemapConfig                      0x08003af1   Thumb Code    84  stm32f10x_gpio.o(i.GPIO_PinRemapConfig)
    GPIO_ReadOutputDataBit                   0x08003b49   Thumb Code    14  stm32f10x_gpio.o(i.GPIO_ReadOutputDataBit)
    GPIO_ResetBits                           0x08003b57   Thumb Code     4  stm32f10x_gpio.o(i.GPIO_ResetBits)
    GPIO_SetBits                             0x08003b5b   Thumb Code     4  stm32f10x_gpio.o(i.GPIO_SetBits)
    GPIO_StructInit                          0x08003b5f   Thumb Code    16  stm32f10x_gpio.o(i.GPIO_StructInit)
    NVIC_Init                                0x08003b6f   Thumb Code   108  misc.o(i.NVIC_Init)
    NVIC_PriorityGroupConfig                 0x08003bdd   Thumb Code    14  misc.o(i.NVIC_PriorityGroupConfig)
    NVIC_SetVectorTable                      0x08003bf1   Thumb Code    16  misc.o(i.NVIC_SetVectorTable)
    RCC_ADCCLKConfig                         0x08003c05   Thumb Code    14  stm32f10x_rcc.o(i.RCC_ADCCLKConfig)
    RCC_APB1PeriphClockCmd                   0x08003c19   Thumb Code    18  stm32f10x_rcc.o(i.RCC_APB1PeriphClockCmd)
    RCC_APB1PeriphResetCmd                   0x08003c31   Thumb Code    18  stm32f10x_rcc.o(i.RCC_APB1PeriphResetCmd)
    RCC_APB2PeriphClockCmd                   0x08003c49   Thumb Code    18  stm32f10x_rcc.o(i.RCC_APB2PeriphClockCmd)
    RCC_DeInit                               0x08003c61   Thumb Code    54  stm32f10x_rcc.o(i.RCC_DeInit)
    RCC_GetClocksFreq                        0x08003ca1   Thumb Code   148  stm32f10x_rcc.o(i.RCC_GetClocksFreq)
    RCC_GetFlagStatus                        0x08003d45   Thumb Code    42  stm32f10x_rcc.o(i.RCC_GetFlagStatus)
    RCC_GetSYSCLKSource                      0x08003d75   Thumb Code    10  stm32f10x_rcc.o(i.RCC_GetSYSCLKSource)
    RCC_HCLKConfig                           0x08003d85   Thumb Code    14  stm32f10x_rcc.o(i.RCC_HCLKConfig)
    RCC_HSEConfig                            0x08003d99   Thumb Code    50  stm32f10x_rcc.o(i.RCC_HSEConfig)
    RCC_HSICmd                               0x08003dd1   Thumb Code     6  stm32f10x_rcc.o(i.RCC_HSICmd)
    RCC_PCLK1Config                          0x08003ddd   Thumb Code    14  stm32f10x_rcc.o(i.RCC_PCLK1Config)
    RCC_PCLK2Config                          0x08003df1   Thumb Code    16  stm32f10x_rcc.o(i.RCC_PCLK2Config)
    RCC_PLLCmd                               0x08003e05   Thumb Code     6  stm32f10x_rcc.o(i.RCC_PLLCmd)
    RCC_PLLConfig                            0x08003e11   Thumb Code    16  stm32f10x_rcc.o(i.RCC_PLLConfig)
    RCC_SYSCLKConfig                         0x08003e25   Thumb Code    14  stm32f10x_rcc.o(i.RCC_SYSCLKConfig)
    RCC_WaitForHSEStartUp                    0x08003e39   Thumb Code    48  stm32f10x_rcc.o(i.RCC_WaitForHSEStartUp)
    SysTick_CLKSourceConfig                  0x08003e6d   Thumb Code    22  misc.o(i.SysTick_CLKSourceConfig)
    TIM_ClearFlag                            0x08003e83   Thumb Code     6  stm32f10x_tim.o(i.TIM_ClearFlag)
    TIM_Cmd                                  0x08003e89   Thumb Code    22  stm32f10x_tim.o(i.TIM_Cmd)
    TIM_GetITStatus                          0x08003e9f   Thumb Code    26  stm32f10x_tim.o(i.TIM_GetITStatus)
    TIM_ITConfig                             0x08003eb9   Thumb Code    16  stm32f10x_tim.o(i.TIM_ITConfig)
    TIM_TimeBaseInit                         0x08003ec9   Thumb Code    60  stm32f10x_tim.o(i.TIM_TimeBaseInit)
    USART_Cmd                                0x08003f05   Thumb Code    18  stm32f10x_usart.o(i.USART_Cmd)
    USART_GetFlagStatus                      0x08003f17   Thumb Code    14  stm32f10x_usart.o(i.USART_GetFlagStatus)
    USART_GetITStatus                        0x08003f25   Thumb Code    68  stm32f10x_usart.o(i.USART_GetITStatus)
    USART_ITConfig                           0x08003f69   Thumb Code    48  stm32f10x_usart.o(i.USART_ITConfig)
    USART_Init                               0x08003f99   Thumb Code   140  stm32f10x_usart.o(i.USART_Init)
    USART_ReceiveData                        0x08004029   Thumb Code     8  stm32f10x_usart.o(i.USART_ReceiveData)
    USART_SendData                           0x08004031   Thumb Code     8  stm32f10x_usart.o(i.USART_SendData)
    USART_StructInit                         0x08004039   Thumb Code    22  stm32f10x_usart.o(i.USART_StructInit)
    __mathlib_dbl_overflow                   0x0800404f   Thumb Code    14  dunder.o(i.__mathlib_dbl_overflow)
    __mathlib_dbl_underflow                  0x0800405d   Thumb Code    10  dunder.o(i.__mathlib_dbl_underflow)
    __mathlib_narrow                         0x0800406d   Thumb Code    16  narrow.o(i.__mathlib_narrow)
    __mathlib_tofloat                        0x0800407d   Thumb Code   132  narrow.o(i.__mathlib_tofloat)
    __support_ldexp                          0x08004105   Thumb Code    22  ldexp.o(i.__support_ldexp)
    _is_digit                                0x0800411b   Thumb Code    14  scanf_fp.o(i._is_digit)
    atof                                     0x08004129   Thumb Code    42  atof.o(i.atof)
    frexp                                    0x08004155   Thumb Code    80  frexp.o(i.frexp)
    ldexp                                    0x080041ad   Thumb Code   116  ldexp.o(i.ldexp)
    _get_lc_numeric                          0x08004221   Thumb Code    44  lc_numeric_c.o(locale$$code)
    _get_lc_ctype                            0x0800424d   Thumb Code    44  lc_ctype_c.o(locale$$code)
    __aeabi_d2f                              0x08004279   Thumb Code     0  d2f.o(x$fpl$d2f)
    _d2f                                     0x08004279   Thumb Code    98  d2f.o(x$fpl$d2f)
    __aeabi_dadd                             0x080042dd   Thumb Code     0  daddsub_clz.o(x$fpl$dadd)
    _dadd                                    0x080042dd   Thumb Code   332  daddsub_clz.o(x$fpl$dadd)
    __fpl_dcheck_NaN1                        0x0800442d   Thumb Code    10  dcheck1.o(x$fpl$dcheck1)
    __fpl_dcmp_Inf                           0x0800443d   Thumb Code    24  dcmpi.o(x$fpl$dcmpinf)
    __aeabi_ddiv                             0x08004455   Thumb Code     0  ddiv.o(x$fpl$ddiv)
    _ddiv                                    0x08004455   Thumb Code   552  ddiv.o(x$fpl$ddiv)
    __aeabi_cdcmpeq                          0x08004705   Thumb Code     0  deqf.o(x$fpl$deqf)
    _dcmpeq                                  0x08004705   Thumb Code   120  deqf.o(x$fpl$deqf)
    __aeabi_d2iz                             0x0800477d   Thumb Code     0  dfix.o(x$fpl$dfix)
    _dfix                                    0x0800477d   Thumb Code    94  dfix.o(x$fpl$dfix)
    __aeabi_cdcmple                          0x080047dd   Thumb Code     0  dleqf.o(x$fpl$dleqf)
    _dcmple                                  0x080047dd   Thumb Code   120  dleqf.o(x$fpl$dleqf)
    __fpl_dcmple_InfNaN                      0x0800483f   Thumb Code     0  dleqf.o(x$fpl$dleqf)
    __aeabi_dmul                             0x08004855   Thumb Code     0  dmul.o(x$fpl$dmul)
    _dmul                                    0x08004855   Thumb Code   332  dmul.o(x$fpl$dmul)
    __fpl_dnaninf                            0x080049a9   Thumb Code   156  dnaninf.o(x$fpl$dnaninf)
    __fpl_dretinf                            0x08004a45   Thumb Code    12  dretinf.o(x$fpl$dretinf)
    __aeabi_cdrcmple                         0x08004a51   Thumb Code     0  drleqf.o(x$fpl$drleqf)
    _drcmple                                 0x08004a51   Thumb Code   108  drleqf.o(x$fpl$drleqf)
    __aeabi_dsub                             0x08004abd   Thumb Code     0  daddsub_clz.o(x$fpl$dsub)
    _dsub                                    0x08004abd   Thumb Code   464  daddsub_clz.o(x$fpl$dsub)
    __fpl_fretinf                            0x08004c91   Thumb Code    10  fretinf.o(x$fpl$fretinf)
    __fpl_return_NaN                         0x08004c9b   Thumb Code   100  retnan.o(x$fpl$retnan)
    __ARM_scalbn                             0x08004cff   Thumb Code    92  scalbn.o(x$fpl$scalbn)
    _scanf_real                              0x08004d5b   Thumb Code     4  scanf1.o(x$fpl$scanf1)
    _scanf_hex_real                          0x08004d5f   Thumb Code     4  scanf2.o(x$fpl$scanf2)
    _scanf_infnan                            0x08004d63   Thumb Code     4  scanf2.o(x$fpl$scanf2)
    __fpl_cmpreturn                          0x08004d67   Thumb Code    48  trapv.o(x$fpl$trapveneer)
    __I$use$fp                               0x08004d96   Number         0  usenofp.o(x$fpl$usenofp)
    Region$$Table$$Base                      0x08004e2c   Number         0  anon$$obj.o(Region$$Table)
    Region$$Table$$Limit                     0x08004e4c   Number         0  anon$$obj.o(Region$$Table)
    __aeabi_HUGE_VAL                         0x08004e4c   Data           0  fpconst.o(c$$dinf)
    __aeabi_HUGE_VALL                        0x08004e4c   Data           0  fpconst.o(c$$dinf)
    __aeabi_INFINITY                         0x08004e4c   Data           0  fpconst.o(c$$dinf)
    __dInf                                   0x08004e4c   Data           0  fpconst.o(c$$dinf)
    __huge_val                               0x08004e4c   Data           0  fpconst.o(c$$dinf)
    __ctype                                  0x08004e7d   Data           0  lc_ctype_c.o(locale$$data)
    SetCfgRate1hz                            0x20000000   Data          14  gps.o(.data)
    SetCfgRate2hz                            0x2000000e   Data          14  gps.o(.data)
    SetCfgRate5hz                            0x2000001c   Data          14  gps.o(.data)
    PollCfgRate                              0x2000002a   Data           7  gps.o(.data)
    CfgPort                                  0x20000031   Data          28  gps.o(.data)
    Close_GGA                                0x2000004d   Data          16  gps.o(.data)
    Close_GLL                                0x2000005d   Data          16  gps.o(.data)
    Close_GSA                                0x2000006d   Data          16  gps.o(.data)
    Close_GSV                                0x2000007d   Data          16  gps.o(.data)
    Close_VTG                                0x2000008d   Data          16  gps.o(.data)
    Open_RMC                                 0x2000009d   Data          16  gps.o(.data)
    CfgCfgSave                               0x200000ad   Data          21  gps.o(.data)
    GPS_Command_PTR                          0x200000c2   Data           1  gps.o(.data)
    gps_uart                                 0x200000c4   Data           4  gps.o(.data)
    gps_d                                    0x200000c8   Data           4  gps.o(.data)
    GPSLat                                   0x200000d8   Data           8  main_navigation_box.o(.data)
    GPSLatDec1                               0x200000e0   Data           8  main_navigation_box.o(.data)
    GPSLatDec2                               0x200000e8   Data           8  main_navigation_box.o(.data)
    GPSLatDec2Len                            0x200000f0   Data           8  main_navigation_box.o(.data)
    GPSLon                                   0x200000f8   Data           8  main_navigation_box.o(.data)
    GPSLonDec1                               0x20000100   Data           8  main_navigation_box.o(.data)
    GPSLonDec2                               0x20000108   Data           8  main_navigation_box.o(.data)
    GPSLonDec2Len                            0x20000110   Data           8  main_navigation_box.o(.data)
    GPSSpeed                                 0x20000118   Data           8  main_navigation_box.o(.data)
    LatBytes                                 0x20000120   Data           8  main_navigation_box.o(.data)
    LonBytes                                 0x20000128   Data           8  main_navigation_box.o(.data)
    Speed16                                  0x20000130   Data           2  main_navigation_box.o(.data)
    SpeedBytes                               0x20000132   Data           2  main_navigation_box.o(.data)
    already_send_time                        0x20000134   Data           1  main_navigation_box.o(.data)
    resend_count                             0x20000138   Data           4  setcan.o(.data)
    in_send_loop                             0x2000013c   Data           1  setcan.o(.data)
    TransmitMailbox                          0x2000013d   Data           1  setcan.o(.data)
    TimingDelay                              0x20000140   Data           4  setsystick.o(.data)
    systick_ms                               0x20000144   Data           4  setsystick.o(.data)
    systick_us                               0x20000148   Data           4  setsystick.o(.data)
    systick_ms_overflow                      0x2000014c   Data           1  setsystick.o(.data)
    uart1_p                                  0x20000150   Data           4  setuart.o(.data)
    uart2_p                                  0x20000154   Data           4  setuart.o(.data)
    uart3_p                                  0x20000158   Data           4  setuart.o(.data)
    _system_error                            0x2000015c   Data           5  system_error_status.o(.data)
    GPS_Command_Buffer                       0x20000178   Data          82  gps.o(.bss)
    report_t                                 0x200001cc   Data          12  main_navigation_box.o(.bss)
    gps_delay_t                              0x200001d8   Data          12  main_navigation_box.o(.bss)
    compass_data                             0x200001e4   Data          12  main_navigation_box.o(.bss)
    gps_data                                 0x200001f0   Data          86  main_navigation_box.o(.bss)
    Uart1                                    0x20000248   Data        1080  main_navigation_box.o(.bss)
    Uart2                                    0x20000680   Data        1080  main_navigation_box.o(.bss)
    encoder                                  0x20000ab8   Data         148  main_navigation_box.o(.bss)
    TxMessage1                               0x20000b4c   Data          20  main_navigation_box.o(.bss)
    tempstr                                  0x20000b60   Data          10  main_navigation_box.o(.bss)
    RxMessage                                0x20000b6c   Data          20  setcan.o(.bss)
    TxMessage                                0x20000b80   Data          20  setcan.o(.bss)
    TxMessageArray                           0x20000b94   Data        2000  setcan.o(.bss)
    RxMessageArray                           0x20001364   Data        2000  setcan.o(.bss)
    can1_tx_msg_fifo                         0x20001b34   Data          24  setcan.o(.bss)
    can1_rx_msg_fifo                         0x20001b4c   Data          24  setcan.o(.bss)
    __libspace_start                         0x20001b64   Data          96  libspace.o(.bss)
    __temporary_stack_top$libspace           0x20001bc4   Data           0  libspace.o(.bss)



==============================================================================

Memory Map of the image

  Image Entry point : 0x080000ed

  Load Region LR_IROM1 (Base: 0x08000000, Size: 0x000050f8, Max: 0x00010000, ABSOLUTE, COMPRESSED[0x00005008])

    Execution Region ER_IROM1 (Base: 0x08000000, Size: 0x00004f80, Max: 0x00010000, ABSOLUTE)

    Base Addr    Size         Type   Attr      Idx    E Section Name        Object

    0x08000000   0x000000ec   Data   RO          465    RESET               startup_stm32f10x_md.o
    0x080000ec   0x00000008   Code   RO         2151  * !!!main             c_w.l(__main.o)
    0x080000f4   0x00000034   Code   RO         2469    !!!scatter          c_w.l(__scatter.o)
    0x08000128   0x0000005a   Code   RO         2467    !!dczerorl2         c_w.l(__dczerorl2.o)
    0x08000182   0x00000002   PAD
    0x08000184   0x0000001c   Code   RO         2471    !!handler_zi        c_w.l(__scatter_zi.o)
    0x080001a0   0x00000002   Code   RO         2232    .ARM.Collect$$libinit$$00000000  c_w.l(libinit.o)
    0x080001a2   0x00000000   Code   RO         2234    .ARM.Collect$$libinit$$00000002  c_w.l(libinit2.o)
    0x080001a2   0x00000000   Code   RO         2236    .ARM.Collect$$libinit$$00000004  c_w.l(libinit2.o)
    0x080001a2   0x00000000   Code   RO         2239    .ARM.Collect$$libinit$$0000000A  c_w.l(libinit2.o)
    0x080001a2   0x00000000   Code   RO         2241    .ARM.Collect$$libinit$$0000000C  c_w.l(libinit2.o)
    0x080001a2   0x00000000   Code   RO         2243    .ARM.Collect$$libinit$$0000000E  c_w.l(libinit2.o)
    0x080001a2   0x00000006   Code   RO         2244    .ARM.Collect$$libinit$$0000000F  c_w.l(libinit2.o)
    0x080001a8   0x00000000   Code   RO         2246    .ARM.Collect$$libinit$$00000011  c_w.l(libinit2.o)
    0x080001a8   0x0000000c   Code   RO         2247    .ARM.Collect$$libinit$$00000012  c_w.l(libinit2.o)
    0x080001b4   0x00000000   Code   RO         2248    .ARM.Collect$$libinit$$00000013  c_w.l(libinit2.o)
    0x080001b4   0x00000000   Code   RO         2250    .ARM.Collect$$libinit$$00000015  c_w.l(libinit2.o)
    0x080001b4   0x0000000a   Code   RO         2251    .ARM.Collect$$libinit$$00000016  c_w.l(libinit2.o)
    0x080001be   0x00000000   Code   RO         2252    .ARM.Collect$$libinit$$00000017  c_w.l(libinit2.o)
    0x080001be   0x00000000   Code   RO         2254    .ARM.Collect$$libinit$$00000019  c_w.l(libinit2.o)
    0x080001be   0x00000000   Code   RO         2256    .ARM.Collect$$libinit$$0000001B  c_w.l(libinit2.o)
    0x080001be   0x00000000   Code   RO         2258    .ARM.Collect$$libinit$$0000001D  c_w.l(libinit2.o)
    0x080001be   0x00000000   Code   RO         2260    .ARM.Collect$$libinit$$0000001F  c_w.l(libinit2.o)
    0x080001be   0x00000000   Code   RO         2262    .ARM.Collect$$libinit$$00000021  c_w.l(libinit2.o)
    0x080001be   0x00000000   Code   RO         2264    .ARM.Collect$$libinit$$00000023  c_w.l(libinit2.o)
    0x080001be   0x00000000   Code   RO         2266    .ARM.Collect$$libinit$$00000025  c_w.l(libinit2.o)
    0x080001be   0x00000000   Code   RO         2270    .ARM.Collect$$libinit$$0000002C  c_w.l(libinit2.o)
    0x080001be   0x00000000   Code   RO         2272    .ARM.Collect$$libinit$$0000002E  c_w.l(libinit2.o)
    0x080001be   0x00000000   Code   RO         2274    .ARM.Collect$$libinit$$00000030  c_w.l(libinit2.o)
    0x080001be   0x00000000   Code   RO         2276    .ARM.Collect$$libinit$$00000032  c_w.l(libinit2.o)
    0x080001be   0x00000002   Code   RO         2277    .ARM.Collect$$libinit$$00000033  c_w.l(libinit2.o)
    0x080001c0   0x00000002   Code   RO         2375    .ARM.Collect$$libshutdown$$00000000  c_w.l(libshutdown.o)
    0x080001c2   0x00000000   Code   RO         2407    .ARM.Collect$$libshutdown$$00000003  c_w.l(libshutdown2.o)
    0x080001c2   0x00000000   Code   RO         2410    .ARM.Collect$$libshutdown$$00000006  c_w.l(libshutdown2.o)
    0x080001c2   0x00000000   Code   RO         2413    .ARM.Collect$$libshutdown$$00000009  c_w.l(libshutdown2.o)
    0x080001c2   0x00000000   Code   RO         2415    .ARM.Collect$$libshutdown$$0000000B  c_w.l(libshutdown2.o)
    0x080001c2   0x00000000   Code   RO         2418    .ARM.Collect$$libshutdown$$0000000E  c_w.l(libshutdown2.o)
    0x080001c2   0x00000002   Code   RO         2419    .ARM.Collect$$libshutdown$$0000000F  c_w.l(libshutdown2.o)
    0x080001c4   0x00000000   Code   RO         2173    .ARM.Collect$$rtentry$$00000000  c_w.l(__rtentry.o)
    0x080001c4   0x00000000   Code   RO         2184    .ARM.Collect$$rtentry$$00000002  c_w.l(__rtentry2.o)
    0x080001c4   0x00000006   Code   RO         2196    .ARM.Collect$$rtentry$$00000004  c_w.l(__rtentry4.o)
    0x080001ca   0x00000000   Code   RO         2186    .ARM.Collect$$rtentry$$00000009  c_w.l(__rtentry2.o)
    0x080001ca   0x00000004   Code   RO         2187    .ARM.Collect$$rtentry$$0000000A  c_w.l(__rtentry2.o)
    0x080001ce   0x00000000   Code   RO         2189    .ARM.Collect$$rtentry$$0000000C  c_w.l(__rtentry2.o)
    0x080001ce   0x00000008   Code   RO         2190    .ARM.Collect$$rtentry$$0000000D  c_w.l(__rtentry2.o)
    0x080001d6   0x00000002   Code   RO         2278    .ARM.Collect$$rtexit$$00000000  c_w.l(rtexit.o)
    0x080001d8   0x00000000   Code   RO         2335    .ARM.Collect$$rtexit$$00000002  c_w.l(rtexit2.o)
    0x080001d8   0x00000004   Code   RO         2336    .ARM.Collect$$rtexit$$00000003  c_w.l(rtexit2.o)
    0x080001dc   0x00000006   Code   RO         2337    .ARM.Collect$$rtexit$$00000004  c_w.l(rtexit2.o)
    0x080001e2   0x00000002   PAD
    0x080001e4   0x00000124   Code   RO          121    .text               settimer.o
    0x08000308   0x00000310   Code   RO          164    .text               gps.o
    0x08000618   0x000003c4   Code   RO          191    .text               hmc6343.o
    0x080009dc   0x000004b8   Code   RO          209    .text               main_navigation_box.o
    0x08000e94   0x000000e4   Code   RO          239    .text               navigation_box_led.o
    0x08000f78   0x0000012c   Code   RO          253    .text               setgpio_1.o
    0x080010a4   0x00000328   Code   RO          265    .text               cmdcoder.o
    0x080013cc   0x000000dc   Code   RO          280    .text               fifo.o
    0x080014a8   0x000000e8   Code   RO          295    .text               fifo_void.o
    0x08001590   0x00000022   Code   RO          310    .text               main.o
    0x080015b2   0x00000002   PAD
    0x080015b4   0x00000494   Code   RO          330    .text               setcan.o
    0x08001a48   0x00000170   Code   RO          347    .text               setclock.o
    0x08001bb8   0x00000170   Code   RO          361    .text               setsystick.o
    0x08001d28   0x000002b4   Code   RO          380    .text               setuart.o
    0x08001fdc   0x00000108   Code   RO          403    .text               system_error_status.o
    0x080020e4   0x00000038   Code   RO          466    .text               startup_stm32f10x_md.o
    0x0800211c   0x00000064   Code   RO         2147    .text               c_w.l(rt_memcpy_w.o)
    0x08002180   0x00000006   Code   RO         2149    .text               c_w.l(heapauxi.o)
    0x08002186   0x00000016   Code   RO         2174    .text               c_w.l(_rserrno.o)
    0x0800219c   0x000000a0   Code   RO         2176    .text               c_w.l(strtod.o)
    0x0800223c   0x00000008   Code   RO         2201    .text               c_w.l(rt_errno_addr_intlibspace.o)
    0x08002244   0x00000012   Code   RO         2203    .text               c_w.l(isspace.o)
    0x08002256   0x00000040   Code   RO         2205    .text               c_w.l(_sgetc.o)
    0x08002296   0x00000002   PAD
    0x08002298   0x00000008   Code   RO         2212    .text               c_w.l(libspace.o)
    0x080022a0   0x0000004a   Code   RO         2215    .text               c_w.l(sys_stackheap_outer.o)
    0x080022ea   0x00000002   PAD
    0x080022ec   0x00000010   Code   RO         2217    .text               c_w.l(rt_ctype_table.o)
    0x080022fc   0x000004a4   Code   RO         2219    .text               c_w.l(scanf_fp.o)
    0x080027a0   0x0000000c   Code   RO         2223    .text               c_w.l(exit.o)
    0x080027ac   0x00000080   Code   RO         2225    .text               c_w.l(strcmpv7m.o)
    0x0800282c   0x00000008   Code   RO         2283    .text               c_w.l(rt_locale_intlibspace.o)
    0x08002834   0x000000dc   Code   RO         2285    .text               c_w.l(bigflt0.o)
    0x08002910   0x00000318   Code   RO         2341    .text               c_w.l(scanf_hexfp.o)
    0x08002c28   0x00000134   Code   RO         2343    .text               c_w.l(scanf_infnan.o)
    0x08002d5c   0x0000000c   Code   RO         2361    .text               c_w.l(sys_exit.o)
    0x08002d68   0x00000026   Code   RO         2365    .text               c_w.l(llshl.o)
    0x08002d8e   0x0000001c   Code   RO         2367    .text               c_w.l(_chval.o)
    0x08002daa   0x00000002   Code   RO         2396    .text               c_w.l(use_no_semi.o)
    0x08002dac   0x00000000   Code   RO         2398    .text               c_w.l(indicate_semi.o)
    0x08002dac   0x00000338   Code   RO         2298    CL$$btod_div_common  c_w.l(btod.o)
    0x080030e4   0x00000054   Code   RO         2296    CL$$btod_e2d        c_w.l(btod.o)
    0x08003138   0x000000c6   Code   RO         2295    CL$$btod_e2e        c_w.l(btod.o)
    0x080031fe   0x00000028   Code   RO         2292    CL$$btod_ediv       c_w.l(btod.o)
    0x08003226   0x00000028   Code   RO         2294    CL$$btod_edivd      c_w.l(btod.o)
    0x0800324e   0x00000028   Code   RO         2291    CL$$btod_emul       c_w.l(btod.o)
    0x08003276   0x00000028   Code   RO         2293    CL$$btod_emuld      c_w.l(btod.o)
    0x0800329e   0x00000244   Code   RO         2297    CL$$btod_mult_common  c_w.l(btod.o)
    0x080034e2   0x0000003a   Code   RO          814    i.CAN_DeInit        lib.lib(stm32f10x_can.o)
    0x0800351c   0x000000e4   Code   RO          816    i.CAN_FilterInit    lib.lib(stm32f10x_can.o)
    0x08003600   0x000000e8   Code   RO          818    i.CAN_GetITStatus   lib.lib(stm32f10x_can.o)
    0x080036e8   0x00000010   Code   RO          819    i.CAN_ITConfig      lib.lib(stm32f10x_can.o)
    0x080036f8   0x000000f4   Code   RO          820    i.CAN_Init          lib.lib(stm32f10x_can.o)
    0x080037ec   0x000000b2   Code   RO          822    i.CAN_Receive       lib.lib(stm32f10x_can.o)
    0x0800389e   0x00000020   Code   RO          825    i.CAN_StructInit    lib.lib(stm32f10x_can.o)
    0x080038be   0x000000b8   Code   RO          826    i.CAN_Transmit      lib.lib(stm32f10x_can.o)
    0x08003976   0x00000082   Code   RO          827    i.CAN_TransmitStatus  lib.lib(stm32f10x_can.o)
    0x080039f8   0x00000018   Code   RO         1010    i.FLASH_PrefetchBufferCmd  lib.lib(stm32f10x_flash.o)
    0x08003a10   0x00000014   Code   RO         1015    i.FLASH_SetLatency  lib.lib(stm32f10x_flash.o)
    0x08003a24   0x000000ca   Code   RO         1146    i.GPIO_Init         lib.lib(stm32f10x_gpio.o)
    0x08003aee   0x00000002   PAD
    0x08003af0   0x00000058   Code   RO         1148    i.GPIO_PinRemapConfig  lib.lib(stm32f10x_gpio.o)
    0x08003b48   0x0000000e   Code   RO         1152    i.GPIO_ReadOutputDataBit  lib.lib(stm32f10x_gpio.o)
    0x08003b56   0x00000004   Code   RO         1153    i.GPIO_ResetBits    lib.lib(stm32f10x_gpio.o)
    0x08003b5a   0x00000004   Code   RO         1154    i.GPIO_SetBits      lib.lib(stm32f10x_gpio.o)
    0x08003b5e   0x00000010   Code   RO         1155    i.GPIO_StructInit   lib.lib(stm32f10x_gpio.o)
    0x08003b6e   0x0000006c   Code   RO          470    i.NVIC_Init         lib.lib(misc.o)
    0x08003bda   0x00000002   PAD
    0x08003bdc   0x00000014   Code   RO          471    i.NVIC_PriorityGroupConfig  lib.lib(misc.o)
    0x08003bf0   0x00000014   Code   RO          472    i.NVIC_SetVectorTable  lib.lib(misc.o)
    0x08003c04   0x00000014   Code   RO         1254    i.RCC_ADCCLKConfig  lib.lib(stm32f10x_rcc.o)
    0x08003c18   0x00000018   Code   RO         1256    i.RCC_APB1PeriphClockCmd  lib.lib(stm32f10x_rcc.o)
    0x08003c30   0x00000018   Code   RO         1257    i.RCC_APB1PeriphResetCmd  lib.lib(stm32f10x_rcc.o)
    0x08003c48   0x00000018   Code   RO         1258    i.RCC_APB2PeriphClockCmd  lib.lib(stm32f10x_rcc.o)
    0x08003c60   0x00000040   Code   RO         1265    i.RCC_DeInit        lib.lib(stm32f10x_rcc.o)
    0x08003ca0   0x000000a4   Code   RO         1266    i.RCC_GetClocksFreq  lib.lib(stm32f10x_rcc.o)
    0x08003d44   0x00000030   Code   RO         1267    i.RCC_GetFlagStatus  lib.lib(stm32f10x_rcc.o)
    0x08003d74   0x00000010   Code   RO         1269    i.RCC_GetSYSCLKSource  lib.lib(stm32f10x_rcc.o)
    0x08003d84   0x00000014   Code   RO         1270    i.RCC_HCLKConfig    lib.lib(stm32f10x_rcc.o)
    0x08003d98   0x00000038   Code   RO         1271    i.RCC_HSEConfig     lib.lib(stm32f10x_rcc.o)
    0x08003dd0   0x0000000c   Code   RO         1272    i.RCC_HSICmd        lib.lib(stm32f10x_rcc.o)
    0x08003ddc   0x00000014   Code   RO         1277    i.RCC_PCLK1Config   lib.lib(stm32f10x_rcc.o)
    0x08003df0   0x00000014   Code   RO         1278    i.RCC_PCLK2Config   lib.lib(stm32f10x_rcc.o)
    0x08003e04   0x0000000c   Code   RO         1279    i.RCC_PLLCmd        lib.lib(stm32f10x_rcc.o)
    0x08003e10   0x00000014   Code   RO         1280    i.RCC_PLLConfig     lib.lib(stm32f10x_rcc.o)
    0x08003e24   0x00000014   Code   RO         1283    i.RCC_SYSCLKConfig  lib.lib(stm32f10x_rcc.o)
    0x08003e38   0x00000034   Code   RO         1285    i.RCC_WaitForHSEStartUp  lib.lib(stm32f10x_rcc.o)
    0x08003e6c   0x00000016   Code   RO          474    i.SysTick_CLKSourceConfig  lib.lib(misc.o)
    0x08003e82   0x00000006   Code   RO         1460    i.TIM_ClearFlag     lib.lib(stm32f10x_tim.o)
    0x08003e88   0x00000016   Code   RO         1466    i.TIM_Cmd           lib.lib(stm32f10x_tim.o)
    0x08003e9e   0x0000001a   Code   RO         1487    i.TIM_GetITStatus   lib.lib(stm32f10x_tim.o)
    0x08003eb8   0x00000010   Code   RO         1491    i.TIM_ITConfig      lib.lib(stm32f10x_tim.o)
    0x08003ec8   0x0000003c   Code   RO         1537    i.TIM_TimeBaseInit  lib.lib(stm32f10x_tim.o)
    0x08003f04   0x00000012   Code   RO         1981    i.USART_Cmd         lib.lib(stm32f10x_usart.o)
    0x08003f16   0x0000000e   Code   RO         1984    i.USART_GetFlagStatus  lib.lib(stm32f10x_usart.o)
    0x08003f24   0x00000044   Code   RO         1985    i.USART_GetITStatus  lib.lib(stm32f10x_usart.o)
    0x08003f68   0x00000030   Code   RO         1987    i.USART_ITConfig    lib.lib(stm32f10x_usart.o)
    0x08003f98   0x00000090   Code   RO         1988    i.USART_Init        lib.lib(stm32f10x_usart.o)
    0x08004028   0x00000008   Code   RO         1993    i.USART_ReceiveData  lib.lib(stm32f10x_usart.o)
    0x08004030   0x00000008   Code   RO         1996    i.USART_SendData    lib.lib(stm32f10x_usart.o)
    0x08004038   0x00000016   Code   RO         2002    i.USART_StructInit  lib.lib(stm32f10x_usart.o)
    0x0800404e   0x0000000e   Code   RO         2426    i.__mathlib_dbl_overflow  m_ws.l(dunder.o)
    0x0800405c   0x00000010   Code   RO         2428    i.__mathlib_dbl_underflow  m_ws.l(dunder.o)
    0x0800406c   0x00000010   Code   RO         2328    i.__mathlib_narrow  m_ws.l(narrow.o)
    0x0800407c   0x00000088   Code   RO         2329    i.__mathlib_tofloat  m_ws.l(narrow.o)
    0x08004104   0x00000016   Code   RO         2385    i.__support_ldexp   m_ws.l(ldexp.o)
    0x0800411a   0x0000000e   Code   RO         2221    i._is_digit         c_w.l(scanf_fp.o)
    0x08004128   0x0000002a   Code   RO         2170    i.atof              m_ws.l(atof.o)
    0x08004152   0x00000002   PAD
    0x08004154   0x00000058   Code   RO         2356    i.frexp             m_ws.l(frexp.o)
    0x080041ac   0x00000074   Code   RO         2386    i.ldexp             m_ws.l(ldexp.o)
    0x08004220   0x0000002c   Code   RO         2208    locale$$code        c_w.l(lc_numeric_c.o)
    0x0800424c   0x0000002c   Code   RO         2311    locale$$code        c_w.l(lc_ctype_c.o)
    0x08004278   0x00000062   Code   RO         2349    x$fpl$d2f           fz_ws.l(d2f.o)
    0x080042da   0x00000002   PAD
    0x080042dc   0x00000150   Code   RO         2153    x$fpl$dadd          fz_ws.l(daddsub_clz.o)
    0x0800442c   0x00000010   Code   RO         2420    x$fpl$dcheck1       fz_ws.l(dcheck1.o)
    0x0800443c   0x00000018   Code   RO         2376    x$fpl$dcmpinf       fz_ws.l(dcmpi.o)
    0x08004454   0x000002b0   Code   RO         2160    x$fpl$ddiv          fz_ws.l(ddiv.o)
    0x08004704   0x00000078   Code   RO         2351    x$fpl$deqf          fz_ws.l(deqf.o)
    0x0800477c   0x0000005e   Code   RO         2163    x$fpl$dfix          fz_ws.l(dfix.o)
    0x080047da   0x00000002   PAD
    0x080047dc   0x00000078   Code   RO         2378    x$fpl$dleqf         fz_ws.l(dleqf.o)
    0x08004854   0x00000154   Code   RO         2167    x$fpl$dmul          fz_ws.l(dmul.o)
    0x080049a8   0x0000009c   Code   RO         2178    x$fpl$dnaninf       fz_ws.l(dnaninf.o)
    0x08004a44   0x0000000c   Code   RO         2180    x$fpl$dretinf       fz_ws.l(dretinf.o)
    0x08004a50   0x0000006c   Code   RO         2353    x$fpl$drleqf        fz_ws.l(drleqf.o)
    0x08004abc   0x000001d4   Code   RO         2155    x$fpl$dsub          fz_ws.l(daddsub_clz.o)
    0x08004c90   0x0000000a   Code   RO         2380    x$fpl$fretinf       fz_ws.l(fretinf.o)
    0x08004c9a   0x00000064   Code   RO         2441    x$fpl$retnan        fz_ws.l(retnan.o)
    0x08004cfe   0x0000005c   Code   RO         2382    x$fpl$scalbn        fz_ws.l(scalbn.o)
    0x08004d5a   0x00000004   Code   RO         2210    x$fpl$scanf1        fz_ws.l(scanf1.o)
    0x08004d5e   0x00000008   Code   RO         2322    x$fpl$scanf2        fz_ws.l(scanf2.o)
    0x08004d66   0x00000030   Code   RO         2447    x$fpl$trapveneer    fz_ws.l(trapv.o)
    0x08004d96   0x00000000   Code   RO         2182    x$fpl$usenofp       fz_ws.l(usenofp.o)
    0x08004d96   0x00000002   PAD
    0x08004d98   0x00000094   Data   RO         2286    .constdata          c_w.l(bigflt0.o)
    0x08004e2c   0x00000020   Data   RO         2465    Region$$Table       anon$$obj.o
    0x08004e4c   0x00000008   Data   RO         2315    c$$dinf             fz_ws.l(fpconst.o)
    0x08004e54   0x0000001c   Data   RO         2207    locale$$data        c_w.l(lc_numeric_c.o)
    0x08004e70   0x00000110   Data   RO         2310    locale$$data        c_w.l(lc_ctype_c.o)


    Execution Region RW_IRAM1 (Base: 0x20000000, Size: 0x000021c8, Max: 0x00005000, ABSOLUTE, COMPRESSED[0x00000088])

    Base Addr    Size         Type   Attr      Idx    E Section Name        Object

    0x20000000   0x000000cc   Data   RW          167    .data               gps.o
    0x200000cc   0x0000000c   Data   RW          193    .data               hmc6343.o
    0x200000d8   0x0000005d   Data   RW          212    .data               main_navigation_box.o
    0x20000135   0x00000003   PAD
    0x20000138   0x00000006   Data   RW          333    .data               setcan.o
    0x2000013e   0x00000002   PAD
    0x20000140   0x0000000d   Data   RW          363    .data               setsystick.o
    0x2000014d   0x00000003   PAD
    0x20000150   0x0000000c   Data   RW          382    .data               setuart.o
    0x2000015c   0x00000005   Data   RW          405    .data               system_error_status.o
    0x20000161   0x00000014   Data   RW         1286    .data               lib.lib(stm32f10x_rcc.o)
    0x20000175   0x00000003   PAD
    0x20000178   0x00000052   Zero   RW          165    .bss                gps.o
    0x200001ca   0x00000002   PAD
    0x200001cc   0x0000099e   Zero   RW          210    .bss                main_navigation_box.o
    0x20000b6a   0x00000002   PAD
    0x20000b6c   0x00000ff8   Zero   RW          331    .bss                setcan.o
    0x20001b64   0x00000060   Zero   RW         2213    .bss                c_w.l(libspace.o)
    0x20001bc4   0x00000004   PAD
    0x20001bc8   0x00000200   Zero   RW          464    HEAP                startup_stm32f10x_md.o
    0x20001dc8   0x00000400   Zero   RW          463    STACK               startup_stm32f10x_md.o


==============================================================================

Image component sizes


      Code (inc. data)   RO Data    RW Data    ZI Data      Debug   Object Name

         0          0          0          0          0     226604   adxl345.o
       808          6          0          0          0       3441   cmdcoder.o
         0          0          0          0          0         32   core_cm3.o
       220          0          0          0          0       2679   fifo.o
       232          0          0          0          0       2935   fifo_void.o
       784         52          0        204         82       4965   gps.o
       964         28          0         12          0       4065   hmc6343.o
        34          0          0          0          0       2431   main.o
      1208         88          0         93       2462       4967   main_navigation_box.o
       228          6          0          0          0       1244   navigation_box_led.o
      1172         74          0          6       4088       4516   setcan.o
       368          0          0          0          0        744   setclock.o
       300         12          0          0          0        638   setgpio_1.o
       368         26          0         13          0       7217   setsystick.o
       292          6          0          0          0      17957   settimer.o
       692         26          0         12          0       3347   setuart.o
        56         22        236          0       1536        820   startup_stm32f10x_md.o
       264         26          0          5          0       1567   system_error_status.o

    ----------------------------------------------------------------------
      7992        372        268        353       8172     290169   Object Totals
         0          0         32          0          0          0   (incl. Generated)
         2          0          0          8          4          0   (incl. Padding)

    ----------------------------------------------------------------------

      Code (inc. data)   RO Data    RW Data    ZI Data      Debug   Library Member Name

        90          0          0          0          0          0   __dczerorl2.o
         8          0          0          0          0         68   __main.o
         0          0          0          0          0          0   __rtentry.o
        12          0          0          0          0          0   __rtentry2.o
         6          0          0          0          0          0   __rtentry4.o
        52          8          0          0          0          0   __scatter.o
        28          0          0          0          0          0   __scatter_zi.o
        28          0          0          0          0         68   _chval.o
        22          0          0          0          0        100   _rserrno.o
        64          0          0          0          0         84   _sgetc.o
       220          4        148          0          0         96   bigflt0.o
      1846        132          0          0          0        736   btod.o
        12          0          0          0          0         72   exit.o
         6          0          0          0          0        152   heapauxi.o
         0          0          0          0          0          0   indicate_semi.o
        18          0          0          0          0         76   isspace.o
        44         10        272          0          0         76   lc_ctype_c.o
        44         10         28          0          0         76   lc_numeric_c.o
         2          0          0          0          0          0   libinit.o
        30          0          0          0          0          0   libinit2.o
         2          0          0          0          0          0   libshutdown.o
         2          0          0          0          0          0   libshutdown2.o
         8          4          0          0         96         68   libspace.o
        38          0          0          0          0         68   llshl.o
        16          4          0          0          0         76   rt_ctype_table.o
         8          4          0          0          0         68   rt_errno_addr_intlibspace.o
         8          4          0          0          0         68   rt_locale_intlibspace.o
       100          0          0          0          0         80   rt_memcpy_w.o
         2          0          0          0          0          0   rtexit.o
        10          0          0          0          0          0   rtexit2.o
      1202         12          0          0          0        216   scanf_fp.o
       792         14          0          0          0        100   scanf_hexfp.o
       308         16          0          0          0        100   scanf_infnan.o
       128          0          0          0          0         68   strcmpv7m.o
       160         12          0          0          0        120   strtod.o
        12          4          0          0          0         68   sys_exit.o
        74          0          0          0          0         80   sys_stackheap_outer.o
         2          0          0          0          0         68   use_no_semi.o
        98          4          0          0          0         92   d2f.o
       804         16          0          0          0        272   daddsub_clz.o
        16          4          0          0          0         68   dcheck1.o
        24          0          0          0          0         68   dcmpi.o
       688        140          0          0          0        208   ddiv.o
       120          4          0          0          0         92   deqf.o
        94          4          0          0          0         92   dfix.o
       120          4          0          0          0         92   dleqf.o
       340         12          0          0          0        104   dmul.o
       156          4          0          0          0         92   dnaninf.o
        12          0          0          0          0         68   dretinf.o
       108          0          0          0          0         80   drleqf.o
         0          0          8          0          0          0   fpconst.o
        10          0          0          0          0         68   fretinf.o
       100          0          0          0          0         68   retnan.o
        92          0          0          0          0         68   scalbn.o
         4          0          0          0          0         68   scanf1.o
         8          0          0          0          0         84   scanf2.o
        48          0          0          0          0         68   trapv.o
         0          0          0          0          0          0   usenofp.o
       170         10          0          0          0     250919   misc.o
      1302          6          0          0          0       9275   stm32f10x_can.o
        44         12          0          0          0        937   stm32f10x_flash.o
       328          4          0          0          0       4565   stm32f10x_gpio.o
       616        110          0         20          0      10975   stm32f10x_rcc.o
       130          0          0          0          0       6529   stm32f10x_tim.o
       330          4          0          0          0       5988   stm32f10x_usart.o
        42          0          0          0          0         84   atof.o
        30          6          0          0          0        136   dunder.o
        88          8          0          0          0         76   frexp.o
       138          0          0          0          0        160   ldexp.o
       152          4          0          0          0        168   narrow.o

    ----------------------------------------------------------------------
     11636        594        456         23        100     294416   Library Totals
        20          0          0          3          4          0   (incl. Padding)

    ----------------------------------------------------------------------

      Code (inc. data)   RO Data    RW Data    ZI Data      Debug   Library Name

      5404        238        448          0         96       2852   c_w.l
      2842        192          8          0          0       1752   fz_ws.l
      2920        146          0         20          0     289188   lib.lib
       450         18          0          0          0        624   m_ws.l

    ----------------------------------------------------------------------
     11636        594        456         23        100     294416   Library Totals

    ----------------------------------------------------------------------

==============================================================================


      Code (inc. data)   RO Data    RW Data    ZI Data      Debug   

     19628        966        724        376       8272     578485   Grand Totals
     19628        966        724        136       8272     578485   ELF Image Totals (compressed)
     19628        966        724        136          0          0   ROM Totals

==============================================================================

    Total RO  Size (Code + RO Data)                20352 (  19.88kB)
    Total RW  Size (RW Data + ZI Data)              8648 (   8.45kB)
    Total ROM Size (Code + RO Data + RW Data)      20488 (  20.01kB)

==============================================================================

