Component: ARM Compiler 5.05 update 1 (build 106) Tool: armlink [4d0efa]

==============================================================================

Section Cross References

    ds18b20.o(.text) refers to stm32f10x_gpio.o(i.GPIO_Init) for GPIO_Init
    ds18b20.o(.text) refers to setsystick.o(.text) for delay_us
    setadc.o(.text) refers to stm32f10x_rcc.o(i.RCC_APB2PeriphClockCmd) for RCC_APB2PeriphClockCmd
    setadc.o(.text) refers to stm32f10x_rcc.o(i.RCC_AHBPeriphClockCmd) for RCC_AHBPeriphClockCmd
    setadc.o(.text) refers to stm32f10x_adc.o(i.ADC_Init) for ADC_Init
    setadc.o(.text) refers to stm32f10x_adc.o(i.ADC_RegularChannelConfig) for ADC_RegularChannelConfig
    setadc.o(.text) refers to stm32f10x_adc.o(i.ADC_TempSensorVrefintCmd) for ADC_TempSensorVrefintCmd
    setadc.o(.text) refers to stm32f10x_adc.o(i.ADC_DMACmd) for ADC_DMACmd
    setadc.o(.text) refers to stm32f10x_adc.o(i.ADC_Cmd) for ADC_Cmd
    setadc.o(.text) refers to stm32f10x_adc.o(i.ADC_ResetCalibration) for ADC_ResetCalibration
    setadc.o(.text) refers to stm32f10x_adc.o(i.ADC_GetResetCalibrationStatus) for ADC_GetResetCalibrationStatus
    setadc.o(.text) refers to stm32f10x_adc.o(i.ADC_StartCalibration) for ADC_StartCalibration
    setadc.o(.text) refers to stm32f10x_adc.o(i.ADC_GetCalibrationStatus) for ADC_GetCalibrationStatus
    setadc.o(.text) refers to stm32f10x_adc.o(i.ADC_SoftwareStartConvCmd) for ADC_SoftwareStartConvCmd
    setadc.o(.text) refers to stm32f10x_dma.o(i.DMA_DeInit) for DMA_DeInit
    setadc.o(.text) refers to stm32f10x_dma.o(i.DMA_Init) for DMA_Init
    setadc.o(.text) refers to stm32f10x_dma.o(i.DMA_Cmd) for DMA_Cmd
    setadc.o(.text) refers to setadc.o(.bss) for ADCConvert
    settimer.o(.text) refers to stm32f10x_rcc.o(i.RCC_APB2PeriphClockCmd) for RCC_APB2PeriphClockCmd
    settimer.o(.text) refers to stm32f10x_rcc.o(i.RCC_APB1PeriphClockCmd) for RCC_APB1PeriphClockCmd
    settimer.o(.text) refers to misc.o(i.NVIC_PriorityGroupConfig) for NVIC_PriorityGroupConfig
    settimer.o(.text) refers to misc.o(i.NVIC_Init) for NVIC_Init
    settimer.o(.text) refers to stm32f10x_tim.o(i.TIM_TimeBaseInit) for TIM_TimeBaseInit
    settimer.o(.text) refers to stm32f10x_tim.o(i.TIM_ClearFlag) for TIM_ClearFlag
    settimer.o(.text) refers to stm32f10x_tim.o(i.TIM_ITConfig) for TIM_ITConfig
    settimer.o(.text) refers to stm32f10x_tim.o(i.TIM_Cmd) for TIM_Cmd
    settimer.o(.text) refers to stm32f10x_tim.o(i.TIM_GetITStatus) for TIM_GetITStatus
    setgpio.o(.text) refers to stm32f10x_rcc.o(i.RCC_APB2PeriphClockCmd) for RCC_APB2PeriphClockCmd
    setgpio.o(.text) refers to stm32f10x_gpio.o(i.GPIO_StructInit) for GPIO_StructInit
    setgpio.o(.text) refers to stm32f10x_gpio.o(i.GPIO_Init) for GPIO_Init
    setgpio.o(.text) refers to stm32f10x_gpio.o(i.GPIO_PinRemapConfig) for GPIO_PinRemapConfig
    gps.o(.text) refers to setuart.o(.text) for Uart_PutChar
    gps.o(.text) refers to setsystick.o(.text) for delay_us
    gps.o(.text) refers to navigation_box_led.o(.text) for Nbl_Led_toggle
    gps.o(.text) refers to gps.o(.data) for gps_uart
    gps.o(.text) refers to gps.o(.bss) for GPS_Command_Buffer
    hmc6343.o(.text) refers to setsystick.o(.text) for delay_us
    hmc6343.o(.text) refers to hmc6343.o(.data) for heading_msb
    navigation_box_led.o(.text) refers to stm32f10x_gpio.o(i.GPIO_ResetBits) for GPIO_ResetBits
    navigation_box_led.o(.text) refers to stm32f10x_gpio.o(i.GPIO_SetBits) for GPIO_SetBits
    navigation_box_led.o(.text) refers to stm32f10x_gpio.o(i.GPIO_ReadOutputDataBit) for GPIO_ReadOutputDataBit
    navigation_box_led.o(.text) refers to stm32f10x_gpio.o(i.GPIO_StructInit) for GPIO_StructInit
    navigation_box_led.o(.text) refers to stm32f10x_gpio.o(i.GPIO_Init) for GPIO_Init
    setgpio_1.o(.text) refers to stm32f10x_rcc.o(i.RCC_APB2PeriphClockCmd) for RCC_APB2PeriphClockCmd
    setgpio_1.o(.text) refers to stm32f10x_gpio.o(i.GPIO_StructInit) for GPIO_StructInit
    setgpio_1.o(.text) refers to stm32f10x_gpio.o(i.GPIO_Init) for GPIO_Init
    setgpio_1.o(.text) refers to stm32f10x_gpio.o(i.GPIO_PinRemapConfig) for GPIO_PinRemapConfig
    main_esc_box.o(.text) refers to setuart.o(.text) for Uart_GetChar
    main_esc_box.o(.text) refers to setcan.o(.text) for Can1_Send_Ext
    main_esc_box.o(.text) refers to esc_box_led.o(.text) for Esc_Led_toggle
    main_esc_box.o(.text) refers to setsystick.o(.text) for delay_us
    main_esc_box.o(.text) refers to esc_box_log.o(.text) for logd_uint
    main_esc_box.o(.text) refers to esc_80_yaw_control.o(.text) for yaw_set_yaw_pwm
    main_esc_box.o(.text) refers to esc_80_pump_pitch_control.o(.text) for Esc_Pump_Pitch_Middle
    main_esc_box.o(.text) refers to crc16.o(.text) for crc_calculate
    main_esc_box.o(.text) refers to rtu_485_runtime.o(.text) for Rtu_485_Runtime_send_RawCmd
    main_esc_box.o(.text) refers to main_esc_box.o(.bss) for rxmsg
    main_esc_box.o(.text) refers to main_esc_box.o(.data) for tag
[...]
    .text                                    0x08008334   Section        8  libspace.o(.text)
    .text                                    0x0800833c   Section        0  sys_exit.o(.text)
    .text                                    0x08008348   Section        2  use_no_semi.o(.text)
    .text                                    0x0800834a   Section        0  indicate_semi.o(.text)
    i.ADC_Cmd                                0x0800834a   Section        0  stm32f10x_adc.o(i.ADC_Cmd)
    i.ADC_DMACmd                             0x0800835c   Section        0  stm32f10x_adc.o(i.ADC_DMACmd)
    i.ADC_GetCalibrationStatus               0x0800836e   Section        0  stm32f10x_adc.o(i.ADC_GetCalibrationStatus)
    i.ADC_GetResetCalibrationStatus          0x0800837e   Section        0  stm32f10x_adc.o(i.ADC_GetResetCalibrationStatus)
    i.ADC_Init                               0x08008390   Section        0  stm32f10x_adc.o(i.ADC_Init)
    i.ADC_RegularChannelConfig               0x080083e0   Section        0  stm32f10x_adc.o(i.ADC_RegularChannelConfig)
    i.ADC_ResetCalibration                   0x08008470   Section        0  stm32f10x_adc.o(i.ADC_ResetCalibration)
    i.ADC_SoftwareStartConvCmd               0x0800847a   Section        0  stm32f10x_adc.o(i.ADC_SoftwareStartConvCmd)
    i.ADC_StartCalibration                   0x0800848c   Section        0  stm32f10x_adc.o(i.ADC_StartCalibration)
    i.CAN_DeInit                             0x08008496   Section        0  stm32f10x_can.o(i.CAN_DeInit)
    i.CAN_FilterInit                         0x080084d0   Section        0  stm32f10x_can.o(i.CAN_FilterInit)
    i.CAN_GetITStatus                        0x080085b4   Section        0  stm32f10x_can.o(i.CAN_GetITStatus)
    i.CAN_ITConfig                           0x0800869c   Section        0  stm32f10x_can.o(i.CAN_ITConfig)
    i.CAN_Init                               0x080086ac   Section        0  stm32f10x_can.o(i.CAN_Init)
    i.CAN_Receive                            0x080087a0   Section        0  stm32f10x_can.o(i.CAN_Receive)
    i.CAN_StructInit                         0x08008852   Section        0  stm32f10x_can.o(i.CAN_StructInit)
    i.CAN_Transmit                           0x08008872   Section        0  stm32f10x_can.o(i.CAN_Transmit)
    i.CAN_TransmitStatus                     0x0800892a   Section        0  stm32f10x_can.o(i.CAN_TransmitStatus)
    i.DMA_ClearITPendingBit                  0x080089ac   Section        0  stm32f10x_dma.o(i.DMA_ClearITPendingBit)
    i.DMA_Cmd                                0x080089c0   Section        0  stm32f10x_dma.o(i.DMA_Cmd)
    i.DMA_DeInit                             0x080089d4   Section        0  stm32f10x_dma.o(i.DMA_DeInit)
    i.DMA_GetITStatus                        0x08008adc   Section        0  stm32f10x_dma.o(i.DMA_GetITStatus)
    i.DMA_ITConfig                           0x08008afc   Section        0  stm32f10x_dma.o(i.DMA_ITConfig)
    i.DMA_Init                               0x08008b0c   Section        0  stm32f10x_dma.o(i.DMA_Init)
    i.FLASH_ClearFlag                        0x08008b54   Section        0  stm32f10x_flash.o(i.FLASH_ClearFlag)
    i.FLASH_ErasePage                        0x08008b60   Section        0  stm32f10x_flash.o(i.FLASH_ErasePage)
    i.FLASH_Lock                             0x08008ba4   Section        0  stm32f10x_flash.o(i.FLASH_Lock)
    i.FLASH_PrefetchBufferCmd                0x08008bb4   Section        0  stm32f10x_flash.o(i.FLASH_PrefetchBufferCmd)
    i.FLASH_ProgramWord                      0x08008bcc   Section        0  stm32f10x_flash.o(i.FLASH_ProgramWord)
    i.FLASH_SetLatency                       0x08008c1c   Section        0  stm32f10x_flash.o(i.FLASH_SetLatency)
    i.FLASH_Unlock                           0x08008c30   Section        0  stm32f10x_flash.o(i.FLASH_Unlock)
    i.FLASH_WaitForLastOperation             0x08008c48   Section        0  stm32f10x_flash.o(i.FLASH_WaitForLastOperation)
    i.GPIO_Init                              0x08008cb4   Section        0  stm32f10x_gpio.o(i.GPIO_Init)
    i.GPIO_PinRemapConfig                    0x08008d80   Section        0  stm32f10x_gpio.o(i.GPIO_PinRemapConfig)
    i.GPIO_ReadInputDataBit                  0x08008dd8   Section        0  stm32f10x_gpio.o(i.GPIO_ReadInputDataBit)
    i.GPIO_ReadOutputDataBit                 0x08008de6   Section        0  stm32f10x_gpio.o(i.GPIO_ReadOutputDataBit)
    i.GPIO_ResetBits                         0x08008df4   Section        0  stm32f10x_gpio.o(i.GPIO_ResetBits)
    i.GPIO_SetBits                           0x08008df8   Section        0  stm32f10x_gpio.o(i.GPIO_SetBits)
    i.GPIO_StructInit                        0x08008dfc   Section        0  stm32f10x_gpio.o(i.GPIO_StructInit)
    i.NVIC_Init                              0x08008e0c   Section        0  misc.o(i.NVIC_Init)
    i.NVIC_PriorityGroupConfig               0x08008e78   Section        0  misc.o(i.NVIC_PriorityGroupConfig)
    i.NVIC_SetVectorTable                    0x08008e8c   Section        0  misc.o(i.NVIC_SetVectorTable)
    i.RCC_ADCCLKConfig                       0x08008ea0   Section        0  stm32f10x_rcc.o(i.RCC_ADCCLKConfig)
    i.RCC_AHBPeriphClockCmd                  0x08008eb4   Section        0  stm32f10x_rcc.o(i.RCC_AHBPeriphClockCmd)
    i.RCC_APB1PeriphClockCmd                 0x08008ecc   Section        0  stm32f10x_rcc.o(i.RCC_APB1PeriphClockCmd)
    i.RCC_APB1PeriphResetCmd                 0x08008ee4   Section        0  stm32f10x_rcc.o(i.RCC_APB1PeriphResetCmd)
    i.RCC_APB2PeriphClockCmd                 0x08008efc   Section        0  stm32f10x_rcc.o(i.RCC_APB2PeriphClockCmd)
    i.RCC_DeInit                             0x08008f14   Section        0  stm32f10x_rcc.o(i.RCC_DeInit)
    i.RCC_GetClocksFreq                      0x08008f54   Section        0  stm32f10x_rcc.o(i.RCC_GetClocksFreq)
    i.RCC_GetFlagStatus                      0x08008ff8   Section        0  stm32f10x_rcc.o(i.RCC_GetFlagStatus)
    i.RCC_GetSYSCLKSource                    0x08009028   Section        0  stm32f10x_rcc.o(i.RCC_GetSYSCLKSource)
    i.RCC_HCLKConfig                         0x08009038   Section        0  stm32f10x_rcc.o(i.RCC_HCLKConfig)
    i.RCC_HSEConfig                          0x0800904c   Section        0  stm32f10x_rcc.o(i.RCC_HSEConfig)
    i.RCC_HSICmd                             0x08009084   Section        0  stm32f10x_rcc.o(i.RCC_HSICmd)
    i.RCC_PCLK1Config                        0x08009090   Section        0  stm32f10x_rcc.o(i.RCC_PCLK1Config)
    i.RCC_PCLK2Config                        0x080090a4   Section        0  stm32f10x_rcc.o(i.RCC_PCLK2Config)
    i.RCC_PLLCmd                             0x080090b8   Section        0  stm32f10x_rcc.o(i.RCC_PLLCmd)
    i.RCC_PLLConfig                          0x080090c4   Section        0  stm32f10x_rcc.o(i.RCC_PLLConfig)
    i.RCC_SYSCLKConfig                       0x080090d8   Section        0  stm32f10x_rcc.o(i.RCC_SYSCLKConfig)
    i.RCC_WaitForHSEStartUp                  0x080090ec   Section        0  stm32f10x_rcc.o(i.RCC_WaitForHSEStartUp)
    i.SysTick_CLKSourceConfig                0x08009120   Section        0  misc.o(i.SysTick_CLKSourceConfig)
    i.TIM_ARRPreloadConfig                   0x08009136   Section        0  stm32f10x_tim.o(i.TIM_ARRPreloadConfig)
    i.TIM_ClearFlag                          0x0800914c   Section        0  stm32f10x_tim.o(i.TIM_ClearFlag)
    i.TIM_Cmd                                0x08009152   Section        0  stm32f10x_tim.o(i.TIM_Cmd)
    i.TIM_CtrlPWMOutputs                     0x08009168   Section        0  stm32f10x_tim.o(i.TIM_CtrlPWMOutputs)
    i.TIM_GetITStatus                        0x0800917e   Section        0  stm32f10x_tim.o(i.TIM_GetITStatus)
    i.TIM_ITConfig                           0x08009198   Section        0  stm32f10x_tim.o(i.TIM_ITConfig)
    i.TIM_OC2Init                            0x080091a8   Section        0  stm32f10x_tim.o(i.TIM_OC2Init)
    i.TIM_OC2PreloadConfig                   0x0800922c   Section        0  stm32f10x_tim.o(i.TIM_OC2PreloadConfig)
    i.TIM_OC3Init                            0x0800923a   Section        0  stm32f10x_tim.o(i.TIM_OC3Init)
    i.TIM_OC3PreloadConfig                   0x080092ba   Section        0  stm32f10x_tim.o(i.TIM_OC3PreloadConfig)
    i.TIM_OC4Init                            0x080092c8   Section        0  stm32f10x_tim.o(i.TIM_OC4Init)
    i.TIM_OC4PreloadConfig                   0x0800932e   Section        0  stm32f10x_tim.o(i.TIM_OC4PreloadConfig)
    i.TIM_OCStructInit                       0x0800933c   Section        0  stm32f10x_tim.o(i.TIM_OCStructInit)
    i.TIM_TimeBaseInit                       0x08009350   Section        0  stm32f10x_tim.o(i.TIM_TimeBaseInit)
    i.USART_Cmd                              0x0800938c   Section        0  stm32f10x_usart.o(i.USART_Cmd)
    i.USART_GetFlagStatus                    0x0800939e   Section        0  stm32f10x_usart.o(i.USART_GetFlagStatus)
    i.USART_GetITStatus                      0x080093ac   Section        0  stm32f10x_usart.o(i.USART_GetITStatus)
    i.USART_ITConfig                         0x080093f0   Section        0  stm32f10x_usart.o(i.USART_ITConfig)
    i.USART_Init                             0x08009420   Section        0  stm32f10x_usart.o(i.USART_Init)
    i.USART_ReceiveData                      0x080094b0   Section        0  stm32f10x_usart.o(i.USART_ReceiveData)
    i.USART_SendData                         0x080094b8   Section        0  stm32f10x_usart.o(i.USART_SendData)
    i.USART_StructInit                       0x080094c0   Section        0  stm32f10x_usart.o(i.USART_StructInit)
    x$fpl$ffltu                              0x080094d8   Section       38  fflt_clz.o(x$fpl$ffltu)
    x$fpl$usenofp                            0x080094fe   Section        0  usenofp.o(x$fpl$usenofp)
    .data                                    0x20000000   Section        6  main_esc_box.o(.data)
    tag                                      0x20000004   Data           1  main_esc_box.o(.data)
    index                                    0x20000005   Data           1  main_esc_box.o(.data)
    .data                                    0x20000008   Section        4  adc_config.o(.data)
    .data                                    0x2000000c   Section        4  esc_box_led.o(.data)
    led_count                                0x2000000c   Data           4  esc_box_led.o(.data)
    .data                                    0x20000010   Section        4  esc_80_pump_pitch_control.o(.data)
    .data                                    0x20000014   Section       45  esc_80_yaw_control.o(.data)
    step                                     0x20000040   Data           1  esc_80_yaw_control.o(.data)
    .data                                    0x20000044   Section       47  rtu_485_runtime.o(.data)
    _485_device_seq                          0x20000070   Data           1  rtu_485_runtime.o(.data)
    step                                     0x20000071   Data           1  rtu_485_runtime.o(.data)
    step                                     0x20000072   Data           1  rtu_485_runtime.o(.data)
    .data                                    0x20000074   Section       13  esc_can_listener.o(.data)
    step                                     0x20000080   Data           1  esc_can_listener.o(.data)
    .data                                    0x20000082   Section       10  esc_box_ke4_speed.o(.data)
    .data                                    0x2000008c   Section        1  esc_limit_alarm.o(.data)
    .data                                    0x20000090   Section       12  rtu_485.o(.data)
    .data                                    0x2000009c   Section        6  setcan.o(.data)
    .data                                    0x200000a4   Section        4  setclock.o(.data)
    .data                                    0x200000a8   Section       13  setsystick.o(.data)
    .data                                    0x200000b8   Section       12  setuart.o(.data)
    .data                                    0x200000c4   Section        5  system_error_status.o(.data)
    .data                                    0x200000cc   Section        4  iap_jumper.o(.data)
    .data                                    0x200000d0   Section       20  stm32f10x_rcc.o(.data)
    ADCPrescTable                            0x200000d0   Data           4  stm32f10x_rcc.o(.data)
    APBAHBPrescTable                         0x200000d4   Data          16  stm32f10x_rcc.o(.data)
    .bss                                     0x200000e4   Section     3388  main_esc_box.o(.bss)
    data                                     0x20000e00   Data          32  main_esc_box.o(.bss)
    .bss                                     0x20000e20   Section      180  adc_config.o(.bss)
    escADCConvert                            0x20000e20   Data         180  adc_config.o(.bss)
    .bss                                     0x20000ed4   Section       12  esc_box_led.o(.bss)
    led_toggle_ms                            0x20000ed4   Data          12  esc_box_led.o(.bss)
    .bss                                     0x20000ee0   Section       12  esc_80_yaw_control.o(.bss)
    .bss                                     0x20000eec   Section      688  rtu_485_runtime.o(.bss)
    .bss                                     0x2000119c   Section       20  esc_can_listener.o(.bss)
    .bss                                     0x200011b0   Section      272  rtu_485.o(.bss)
    .bss                                     0x200012c0   Section     4088  setcan.o(.bss)
    .bss                                     0x200022b8   Section      296  iap_jumper.o(.bss)
    aip_decoder                              0x200022b8   Data         148  iap_jumper.o(.bss)
    .bss                                     0x200023e0   Section       96  libspace.o(.bss)
    HEAP                                     0x20002440   Section      512  startup_stm32f10x_md.o(HEAP)
    Heap_Mem                                 0x20002440   Data         512  startup_stm32f10x_md.o(HEAP)
    STACK                                    0x20002640   Section     1024  startup_stm32f10x_md.o(STACK)
    Stack_Mem                                0x20002640   Data        1024  startup_stm32f10x_md.o(STACK)
    __initial_sp                             0x20002a40   Data           0  startup_stm32f10x_md.o(STACK)

    Global Symbols

    Symbol Name                              Value     Ov Type        Size  Object(Section)

    BuildAttributes$$THM_ISAv4$P$D$K$B$S$PE$A:L22UL41UL21$X:L11$S22US41US21$IEEE1$IW$USESV6$~STKCKD$USESV7$~SHL$OTIME$ROPI$EBA8$UX$STANDARDLIB$REQ8$PRES8$EABIv2 0x00000000   Number         0  anon$$obj.o ABSOLUTE
    __ARM_use_no_argv                        0x00000000   Number         0  main.o ABSOLUTE
    __ARM_exceptions_init                     - Undefined Weak Reference
    __alloca_initialize                       - Undefined Weak Reference
    __arm_preinit_                            - Undefined Weak Reference
    __cpp_initialize__aeabi_                  - Undefined Weak Reference
    __cxa_finalize                            - Undefined Weak Reference
    __rt_locale                               - Undefined Weak Reference
    __sigvec_lookup                           - Undefined Weak Reference
    _atexit_init                              - Undefined Weak Reference
    _call_atexit_fns                          - Undefined Weak Reference
    _clock_init                               - Undefined Weak Reference
    _fp_trap_init                             - Undefined Weak Reference
    _fp_trap_shutdown                         - Undefined Weak Reference
    _get_lc_collate                           - Undefined Weak Reference
    _get_lc_ctype                             - Undefined Weak Reference
    _get_lc_monetary                          - Undefined Weak Reference
    _get_lc_numeric                           - Undefined Weak Reference
    _get_lc_time                              - Undefined Weak Reference
    _getenv_init                              - Undefined Weak Reference
    _handle_redirection                       - Undefined Weak Reference
    _init_alloc                               - Undefined Weak Reference
    _init_user_alloc                          - Undefined Weak Reference
    _initio                                   - Undefined Weak Reference
    _rand_init                                - Undefined Weak Reference
    _signal_finish                            - Undefined Weak Reference
    _signal_init                              - Undefined Weak Reference
    _terminate_alloc                          - Undefined Weak Reference
    _terminate_user_alloc                     - Undefined Weak Reference
    _terminateio                              - Undefined Weak Reference
    main_deinit                               - Undefined Weak Reference
    __Vectors_Size                           0x000000ec   Number         0  startup_stm32f10x_md.o ABSOLUTE
    __Vectors                                0x08004000   Data           4  startup_stm32f10x_md.o(RESET)
    __Vectors_End                            0x080040ec   Data           0  startup_stm32f10x_md.o(RESET)
    __main                                   0x080040ed   Thumb Code     8  __main.o(!!!main)
    __scatterload                            0x080040f5   Thumb Code     0  __scatter.o(!!!scatter)
    __scatterload_rt2                        0x080040f5   Thumb Code    44  __scatter.o(!!!scatter)
    __scatterload_rt2_thumb_only             0x080040f5   Thumb Code     0  __scatter.o(!!!scatter)
    __scatterload_null                       0x08004103   Thumb Code     0  __scatter.o(!!!scatter)
    __scatterload_copy                       0x08004129   Thumb Code    26  __scatter_copy.o(!!handler_copy)
    __scatterload_zeroinit                   0x08004145   Thumb Code    28  __scatter_zi.o(!!handler_zi)
    __rt_lib_init                            0x08004161   Thumb Code     0  libinit.o(.ARM.Collect$$libinit$$00000000)
    __rt_lib_init_alloca_1                   0x08004163   Thumb Code     0  libinit2.o(.ARM.Collect$$libinit$$0000002E)
    __rt_lib_init_argv_1                     0x08004163   Thumb Code     0  libinit2.o(.ARM.Collect$$libinit$$0000002C)
    __rt_lib_init_atexit_1                   0x08004163   Thumb Code     0  libinit2.o(.ARM.Collect$$libinit$$0000001B)
    __rt_lib_init_clock_1                    0x08004163   Thumb Code     0  libinit2.o(.ARM.Collect$$libinit$$00000021)
    __rt_lib_init_cpp_1                      0x08004163   Thumb Code     0  libinit2.o(.ARM.Collect$$libinit$$00000032)
    __rt_lib_init_exceptions_1               0x08004163   Thumb Code     0  libinit2.o(.ARM.Collect$$libinit$$00000030)
    __rt_lib_init_fp_1                       0x08004163   Thumb Code     0  libinit2.o(.ARM.Collect$$libinit$$00000002)
    __rt_lib_init_fp_trap_1                  0x08004163   Thumb Code     0  libinit2.o(.ARM.Collect$$libinit$$0000001F)
    __rt_lib_init_getenv_1                   0x08004163   Thumb Code     0  libinit2.o(.ARM.Collect$$libinit$$00000023)
    __rt_lib_init_heap_1                     0x08004163   Thumb Code     0  libinit2.o(.ARM.Collect$$libinit$$0000000A)
    __rt_lib_init_lc_collate_1               0x08004163   Thumb Code     0  libinit2.o(.ARM.Collect$$libinit$$00000011)
    __rt_lib_init_lc_ctype_1                 0x08004163   Thumb Code     0  libinit2.o(.ARM.Collect$$libinit$$00000013)
    __rt_lib_init_lc_monetary_1              0x08004163   Thumb Code     0  libinit2.o(.ARM.Collect$$libinit$$00000015)
    __rt_lib_init_lc_numeric_1               0x08004163   Thumb Code     0  libinit2.o(.ARM.Collect$$libinit$$00000017)
    __rt_lib_init_lc_time_1                  0x08004163   Thumb Code     0  libinit2.o(.ARM.Collect$$libinit$$00000019)
    __rt_lib_init_preinit_1                  0x08004163   Thumb Code     0  libinit2.o(.ARM.Collect$$libinit$$00000004)
    __rt_lib_init_rand_1                     0x08004163   Thumb Code     0  libinit2.o(.ARM.Collect$$libinit$$0000000E)
    __rt_lib_init_return                     0x08004163   Thumb Code     0  libinit2.o(.ARM.Collect$$libinit$$00000033)
    __rt_lib_init_signal_1                   0x08004163   Thumb Code     0  libinit2.o(.ARM.Collect$$libinit$$0000001D)
    __rt_lib_init_stdio_1                    0x08004163   Thumb Code     0  libinit2.o(.ARM.Collect$$libinit$$00000025)
    __rt_lib_init_user_alloc_1               0x08004163   Thumb Code     0  libinit2.o(.ARM.Collect$$libinit$$0000000C)
    __rt_lib_shutdown                        0x08004165   Thumb Code     0  libshutdown.o(.ARM.Collect$$libshutdown$$00000000)
    __rt_lib_shutdown_fp_trap_1              0x08004167   Thumb Code     0  libshutdown2.o(.ARM.Collect$$libshutdown$$00000006)
    __rt_lib_shutdown_heap_1                 0x08004167   Thumb Code     0  libshutdown2.o(.ARM.Collect$$libshutdown$$0000000E)
    __rt_lib_shutdown_return                 0x08004167   Thumb Code     0  libshutdown2.o(.ARM.Collect$$libshutdown$$0000000F)
    __rt_lib_shutdown_signal_1               0x08004167   Thumb Code     0  libshutdown2.o(.ARM.Collect$$libshutdown$$00000009)
    __rt_lib_shutdown_stdio_1                0x08004167   Thumb Code     0  libshutdown2.o(.ARM.Collect$$libshutdown$$00000003)
    __rt_lib_shutdown_user_alloc_1           0x08004167   Thumb Code     0  libshutdown2.o(.ARM.Collect$$libshutdown$$0000000B)
    __rt_entry                               0x08004169   Thumb Code     0  __rtentry.o(.ARM.Collect$$rtentry$$00000000)
    __rt_entry_presh_1                       0x08004169   Thumb Code     0  __rtentry2.o(.ARM.Collect$$rtentry$$00000002)
    __rt_entry_sh                            0x08004169   Thumb Code     0  __rtentry4.o(.ARM.Collect$$rtentry$$00000004)
    __rt_entry_li                            0x0800416f   Thumb Code     0  __rtentry2.o(.ARM.Collect$$rtentry$$0000000A)
    __rt_entry_postsh_1                      0x0800416f   Thumb Code     0  __rtentry2.o(.ARM.Collect$$rtentry$$00000009)
    __rt_entry_main                          0x08004173   Thumb Code     0  __rtentry2.o(.ARM.Collect$$rtentry$$0000000D)
    __rt_entry_postli_1                      0x08004173   Thumb Code     0  __rtentry2.o(.ARM.Collect$$rtentry$$0000000C)
    __rt_exit                                0x0800417b   Thumb Code     0  rtexit.o(.ARM.Collect$$rtexit$$00000000)
    __rt_exit_ls                             0x0800417d   Thumb Code     0  rtexit2.o(.ARM.Collect$$rtexit$$00000003)
    __rt_exit_prels_1                        0x0800417d   Thumb Code     0  rtexit2.o(.ARM.Collect$$rtexit$$00000002)
    __rt_exit_exit                           0x08004181   Thumb Code     0  rtexit2.o(.ARM.Collect$$rtexit$$00000004)
    __get_PSP                                0x08004189   Thumb Code     6  core_cm3.o(.emb_text)
    __set_PSP                                0x0800418f   Thumb Code     6  core_cm3.o(.emb_text)
    __get_MSP                                0x08004195   Thumb Code     6  core_cm3.o(.emb_text)
    __set_MSP                                0x0800419b   Thumb Code     6  core_cm3.o(.emb_text)
    __REV16                                  0x080041a1   Thumb Code     4  core_cm3.o(.emb_text)
    __REVSH                                  0x080041a5   Thumb Code     4  core_cm3.o(.emb_text)
    Timer_Configuration                      0x080041a9   Thumb Code   206  settimer.o(.text)
    TIM1_UP_IRQHandler                       0x08004277   Thumb Code    40  settimer.o(.text)
    TIM2_IRQHandler                          0x0800429f   Thumb Code    40  settimer.o(.text)
    uart_echo_test                           0x080042cd   Thumb Code    28  main_esc_box.o(.text)
    test_can_send                            0x080042e9   Thumb Code    34  main_esc_box.o(.text)
    test_can1                                0x0800430b   Thumb Code    32  main_esc_box.o(.text)
    test_uart123_can1                        0x0800432b   Thumb Code    20  main_esc_box.o(.text)
    print_uint                               0x0800433f   Thumb Code    86  main_esc_box.o(.text)
    str_to_int                               0x08004395   Thumb Code    36  main_esc_box.o(.text)
    read_num_by_uart                         0x080043b9   Thumb Code   126  main_esc_box.o(.text)
    test_yaw_pwm                             0x08004437   Thumb Code    48  main_esc_box.o(.text)
    test_yaw_angle                           0x08004467   Thumb Code    48  main_esc_box.o(.text)
    test_pitch                               0x08004497   Thumb Code    86  main_esc_box.o(.text)
    test_h_bridge                            0x080044ed   Thumb Code    96  main_esc_box.o(.text)
    char_to_hex                              0x0800454d   Thumb Code    34  main_esc_box.o(.text)
    cmd_uart_485cmd                          0x0800456f   Thumb Code   172  main_esc_box.o(.text)
    dam_control_test                         0x0800461b   Thumb Code   306  main_esc_box.o(.text)
    test_can_send_msg                        0x0800474d   Thumb Code   182  main_esc_box.o(.text)
    test_ke4                                 0x08004803   Thumb Code    48  main_esc_box.o(.text)
    listen_cmd                               0x08004833   Thumb Code   130  main_esc_box.o(.text)
    main_setup                               0x080048b5   Thumb Code   232  main_esc_box.o(.text)
    main_loop                                0x0800499d   Thumb Code   142  main_esc_box.o(.text)
    Esc_GPIO_Configuration                   0x08004a8d   Thumb Code   286  setgpio_2.o(.text)
    Esc_ADC_Configuration                    0x08004bb9   Thumb Code   398  adc_config.o(.text)
    DMA1_Channel1_IRQHandler                 0x08004d47   Thumb Code    30  adc_config.o(.text)
    Cali_Adc_Value                           0x08004d65   Thumb Code    72  adc_config.o(.text)
    Get_Oil_Mass_Adc_value                   0x08004dad   Thumb Code    10  adc_config.o(.text)
    Get_ISA_Adc_value                        0x08004db7   Thumb Code    10  adc_config.o(.text)
    Get_PUMP_ANGLE_Adc_value                 0x08004dc1   Thumb Code    10  adc_config.o(.text)
    _Esc_Led_on                              0x08004de1   Thumb Code    46  esc_box_led.o(.text)
    _Esc_Led_off                             0x08004e0f   Thumb Code    46  esc_box_led.o(.text)
    Esc_Led_toggle                           0x08004e87   Thumb Code    28  esc_box_led.o(.text)
    Esc_Led_set_toggle                       0x08004ea3   Thumb Code     8  esc_box_led.o(.text)
    Esc_Led_Event                            0x08004eab   Thumb Code    76  esc_box_led.o(.text)
    Esc_Led_on                               0x08004ef7   Thumb Code    20  esc_box_led.o(.text)
    Esc_Led_off                              0x08004f0b   Thumb Code    20  esc_box_led.o(.text)
    Esc_Led_Configuration                    0x08004f1f   Thumb Code   140  esc_box_led.o(.text)
    TIM3_Mode_Config                         0x08004fbd   Thumb Code   266  esc_80_pump_pitch_control.o(.text)
    _esc_pump_pin_control_forward            0x080050c7   Thumb Code   116  esc_80_pump_pitch_control.o(.text)
    _esc_pump_pin_control_back               0x0800513b   Thumb Code   116  esc_80_pump_pitch_control.o(.text)
    _esc_pump_pin_control_middle             0x080051af   Thumb Code   116  esc_80_pump_pitch_control.o(.text)
    Esc_Pump_Pitch_Pin_Control_Config        0x08005223   Thumb Code    16  esc_80_pump_pitch_control.o(.text)
    Esc_Pump_Pitch_Config                    0x08005233   Thumb Code     8  esc_80_pump_pitch_control.o(.text)
    esc_set_pwmA                             0x0800523b   Thumb Code    28  esc_80_pump_pitch_control.o(.text)
    esc_set_pwmB                             0x08005257   Thumb Code    28  esc_80_pump_pitch_control.o(.text)
    esc_set_pump_pitch_pwm                   0x08005273   Thumb Code    12  esc_80_pump_pitch_control.o(.text)
    Esc_Pump_Pitch_Back                      0x0800527f   Thumb Code     8  esc_80_pump_pitch_control.o(.text)
    Esc_Pump_Pitch_Middle                    0x08005287   Thumb Code     8  esc_80_pump_pitch_control.o(.text)
    Esc_Pump_Pitch_Forward                   0x0800528f   Thumb Code     8  esc_80_pump_pitch_control.o(.text)
    Esc_Get_Current_Value                    0x080052b1   Thumb Code    24  esc_80_yaw_control.o(.text)
    Esc_Get_Oil_Mass_Value                   0x080052c9   Thumb Code    30  esc_80_yaw_control.o(.text)
    Esc_Get_Angle_Value                      0x080052e7   Thumb Code    44  esc_80_yaw_control.o(.text)
    TIM1_Pwm_Config                          0x08005313   Thumb Code   196  esc_80_yaw_control.o(.text)
    _yaw_change_pwm                          0x080053d7   Thumb Code    26  esc_80_yaw_control.o(.text)
    yaw_set_yaw_pwm                          0x080053f1   Thumb Code    34  esc_80_yaw_control.o(.text)
    _yaw_control_shutdown                    0x08005413   Thumb Code    24  esc_80_yaw_control.o(.text)
    _yaw_control_poweron                     0x0800542b   Thumb Code    12  esc_80_yaw_control.o(.text)
    _yaw_control_forward                     0x08005437   Thumb Code    24  esc_80_yaw_control.o(.text)
    _yaw_control_back                        0x0800544f   Thumb Code    24  esc_80_yaw_control.o(.text)
    _yaw_control_reduce_angle_adc_value      0x08005467   Thumb Code    14  esc_80_yaw_control.o(.text)
    _yaw_control_add_angle_adc_value         0x08005475   Thumb Code    14  esc_80_yaw_control.o(.text)
    _yaw_control_get_direction               0x08005483   Thumb Code     6  esc_80_yaw_control.o(.text)
    _is_yaw_control_stoped                   0x08005489   Thumb Code    16  esc_80_yaw_control.o(.text)
    _yaw_control_angle_to_adc                0x08005499   Thumb Code    74  esc_80_yaw_control.o(.text)
    is_reach_expect_value                    0x080054e3   Thumb Code    38  esc_80_yaw_control.o(.text)
    _is_failsafe                             0x08005509   Thumb Code    26  esc_80_yaw_control.o(.text)
    yaw_control_failsafe                     0x08005523   Thumb Code    16  esc_80_yaw_control.o(.text)
    _check_current_failsafe                  0x08005533   Thumb Code    38  esc_80_yaw_control.o(.text)
    _check_angle_failsafe                    0x08005559   Thumb Code    32  esc_80_yaw_control.o(.text)
    _esc_yaw_adc_update_event                0x08005579   Thumb Code    94  esc_80_yaw_control.o(.text)
    _yaw_control_move_to_expect_adc          0x080055d7   Thumb Code    50  esc_80_yaw_control.o(.text)
    _yaw_control_initFunc                    0x08005609   Thumb Code   116  esc_80_yaw_control.o(.text)
    _try_go_back_in_failsafe                 0x0800567d   Thumb Code   228  esc_80_yaw_control.o(.text)
    Esc_Yaw_Control_GetAngleAdc              0x08005761   Thumb Code     6  esc_80_yaw_control.o(.text)
    Esc_Yaw_Control_GetCurrentAdc            0x08005767   Thumb Code     6  esc_80_yaw_control.o(.text)
    Esc_Yaw_Control_GetOilMassAdc            0x0800576d   Thumb Code     8  esc_80_yaw_control.o(.text)
    Esc_Yaw_Control_SetAngle                 0x08005775   Thumb Code    38  esc_80_yaw_control.o(.text)
    Esc_Yaw_Control_Event                    0x0800579b   Thumb Code   142  esc_80_yaw_control.o(.text)
    Esc_Yaw_Control_Configure                0x08005829   Thumb Code   116  esc_80_yaw_control.o(.text)
    _print_uint                              0x08005929   Thumb Code    86  esc_box_log.o(.text)
    logd                                     0x0800597f   Thumb Code    14  esc_box_log.o(.text)
    logd_uint                                0x0800598d   Thumb Code    32  esc_box_log.o(.text)
    _Th11sb_config                           0x080059b5   Thumb Code    22  rtu_485_runtime.o(.text)
    _Th11sb_485_runtime                      0x080059cb   Thumb Code   158  rtu_485_runtime.o(.text)
    _dam_config                              0x08005a69   Thumb Code    88  rtu_485_runtime.o(.text)
    _dam_485_runtime                         0x08005ac1   Thumb Code   130  rtu_485_runtime.o(.text)
    _dam_readInput_485_runtime               0x08005b43   Thumb Code   166  rtu_485_runtime.o(.text)
    Rtu_485_Runtime_sendCmd                  0x08005be9   Thumb Code   130  rtu_485_runtime.o(.text)
    _dam_485_send_on_off_cmd                 0x08005c6b   Thumb Code    52  rtu_485_runtime.o(.text)
    Rtu_485_Runtime_send_RawCmd              0x08005c9f   Thumb Code    78  rtu_485_runtime.o(.text)
    _dam_485_send_flash                      0x08005ced   Thumb Code   154  rtu_485_runtime.o(.text)
    _dam_flash_on_off_cmd                    0x08005d87   Thumb Code   356  rtu_485_runtime.o(.text)
    _dam_flash_on_off_loop                   0x08005eeb   Thumb Code    60  rtu_485_runtime.o(.text)
    Rtu_485_Dam_Cmd                          0x08005f27   Thumb Code    92  rtu_485_runtime.o(.text)
    powerAdc6_config                         0x08005f83   Thumb Code    32  rtu_485_runtime.o(.text)
    _powerAdc_485_runtime                    0x08005fa3   Thumb Code   142  rtu_485_runtime.o(.text)
    pgw636_config                            0x08006031   Thumb Code    18  rtu_485_runtime.o(.text)
    _pgw636_485_runtime                      0x08006043   Thumb Code   144  rtu_485_runtime.o(.text)
    _rtu_485_devices_runtime                 0x080060d3   Thumb Code   268  rtu_485_runtime.o(.text)
    _rtu_485_sendcmd_runtime                 0x080061df   Thumb Code   132  rtu_485_runtime.o(.text)
    Rtu_485_SendCmd_runtime_loop             0x08006263   Thumb Code   364  rtu_485_runtime.o(.text)
    Rtu_485_Devices_runtime_loop             0x080063cf   Thumb Code    78  rtu_485_runtime.o(.text)
    Rtu_485_Runtime_Configure                0x0800641d   Thumb Code    40  rtu_485_runtime.o(.text)
    Rtu_485_Runtime_loop                     0x08006445   Thumb Code   140  rtu_485_runtime.o(.text)
    handle_dam_can_cmd                       0x08006525   Thumb Code    50  esc_can_listener.o(.text)
    Listen_Can1                              0x08006557   Thumb Code   170  esc_can_listener.o(.text)
    Can1_Listener_Check_connect_event        0x08006601   Thumb Code    34  esc_can_listener.o(.text)
    Can1_Listener_Report_Event               0x08006623   Thumb Code  1126  esc_can_listener.o(.text)
    is_Can1_Lost_Connect                     0x08006a89   Thumb Code    20  esc_can_listener.o(.text)
    Ke4_Speed_Control_Loop                   0x08006ab1   Thumb Code    52  esc_box_ke4_speed.o(.text)
    Ke4_Set_Speed                            0x08006ae5   Thumb Code    18  esc_box_ke4_speed.o(.text)
    Esc_Limit_Configuration                  0x08006b01   Thumb Code    98  esc_limit_alarm.o(.text)
    esc_check_limit_gpio_loop                0x08006b63   Thumb Code   118  esc_limit_alarm.o(.text)
    get_esc_limit_gpio_status                0x08006bd9   Thumb Code     6  esc_limit_alarm.o(.text)
    Alarm_limit_Position                     0x08006bdf   Thumb Code    26  esc_limit_alarm.o(.text)
    crc_accumulate                           0x08006c05   Thumb Code    46  crc16.o(.text)
    crc_init                                 0x08006c33   Thumb Code     8  crc16.o(.text)
    crc_calculate                            0x08006c3b   Thumb Code    38  crc16.o(.text)
    _485_cail_ack_len                        0x08006c61   Thumb Code    96  rtu_485.o(.text)
    rtu_485_ack_init                         0x08006cc1   Thumb Code    28  rtu_485.o(.text)
    recive_485_parse                         0x08006cdd   Thumb Code   258  rtu_485.o(.text)
    clean_uart_buff                          0x08006ddf   Thumb Code    20  rtu_485.o(.text)
    Rtu_485_send_cmd                         0x08006df3   Thumb Code   118  rtu_485.o(.text)
    Rtu_485_send_raw_cmd                     0x08006e69   Thumb Code    50  rtu_485.o(.text)
    Rtu_485_Event                            0x08006e9b   Thumb Code   128  rtu_485.o(.text)
    Rtu_485_Get_Ack                          0x08006f1b   Thumb Code    40  rtu_485.o(.text)
    Rtu_485_Configure                        0x08006f43   Thumb Code    16  rtu_485.o(.text)
    cmdcoder_init                            0x08006fc9   Thumb Code    30  cmdcoder.o(.text)
    cmdcoder_Parse_byte                      0x08006fe7   Thumb Code   416  cmdcoder.o(.text)
    cmdcoder_encode_and_send                 0x08007187   Thumb Code   244  cmdcoder.o(.text)
    cmdcoder_send_bytes                      0x0800727b   Thumb Code    70  cmdcoder.o(.text)
    fifo_init                                0x080072c1   Thumb Code    22  fifo.o(.text)
    fifo_avail                               0x080072d7   Thumb Code     6  fifo.o(.text)
    fifo_free                                0x080072dd   Thumb Code    12  fifo.o(.text)
    fifo_enabled                             0x080072e9   Thumb Code     6  fifo.o(.text)
    is_fifo_overflow                         0x080072ef   Thumb Code     6  fifo.o(.text)
    fifo_put                                 0x080072f5   Thumb Code    50  fifo.o(.text)
    fifo_recovery_put                        0x08007327   Thumb Code    68  fifo.o(.text)
    fifo_get                                 0x0800736b   Thumb Code    50  fifo.o(.text)
    fifo_void_init                           0x0800739d   Thumb Code    24  fifo_void.o(.text)
    fifo_void_avail                          0x080073b5   Thumb Code    24  fifo_void.o(.text)
    fifo_void_free                           0x080073cd   Thumb Code    18  fifo_void.o(.text)
    fifo_void_enabled                        0x080073df   Thumb Code     6  fifo_void.o(.text)
    is_fifo_void_overflow                    0x080073e5   Thumb Code     6  fifo_void.o(.text)
    fifo_void_put                            0x080073eb   Thumb Code    48  fifo_void.o(.text)
    fifo_void_recovery_put                   0x0800741b   Thumb Code    60  fifo_void.o(.text)
    fifo_void_get                            0x08007457   Thumb Code    46  fifo_void.o(.text)
    main                                     0x08007485   Thumb Code    24  main.o(.text)
    can_rx_put_cb                            0x0800749d   Thumb Code    26  setcan.o(.text)
    can_rx_get_cb                            0x080074b7   Thumb Code    26  setcan.o(.text)
    can_tx_put_cb                            0x080074d1   Thumb Code    26  setcan.o(.text)
    can_tx_get_cb                            0x080074eb   Thumb Code    26  setcan.o(.text)
    Can1_Configuration_mask                  0x08007505   Thumb Code   478  setcan.o(.text)
    Can1_Configuration_withRate              0x080076e3   Thumb Code    40  setcan.o(.text)
    Can1_Configuration                       0x0800770b   Thumb Code    36  setcan.o(.text)
    Can1_Send_Message                        0x0800772f   Thumb Code   126  setcan.o(.text)
    Can1_Send_Ext                            0x080077ad   Thumb Code   116  setcan.o(.text)
    Can1_Send                                0x08007821   Thumb Code   132  setcan.o(.text)
    Can1_Get_CanRxMsg                        0x080078a5   Thumb Code    58  setcan.o(.text)
    USB_LP_CAN1_RX0_IRQHandler               0x080078df   Thumb Code    54  setcan.o(.text)
    CAN1_RX1_IRQHandler                      0x08007915   Thumb Code    22  setcan.o(.text)
    USB_HP_CAN1_TX_IRQHandler                0x0800792b   Thumb Code   202  setcan.o(.text)
    configHisClock                           0x08007a19   Thumb Code   110  setclock.o(.text)
    SetupPllClock                            0x08007a87   Thumb Code   184  setclock.o(.text)
    SysTick_Configuration                    0x08007b4d   Thumb Code    90  setsystick.o(.text)
    SysTick_Deinit                           0x08007ba7   Thumb Code    28  setsystick.o(.text)
    SysTick_Handler                          0x08007bc3   Thumb Code    28  setsystick.o(.text)
    Systick_Event                            0x08007bdf   Thumb Code   102  setsystick.o(.text)
    delay_us                                 0x08007c45   Thumb Code    16  setsystick.o(.text)
    systick_time_start                       0x08007c55   Thumb Code    40  setsystick.o(.text)
    check_systick_time                       0x08007c7d   Thumb Code    66  setsystick.o(.text)
    get_system_ms                            0x08007cbf   Thumb Code     6  setsystick.o(.text)
    Uart_Configuration                       0x08007cdd   Thumb Code   278  setuart.o(.text)
    Uart_DeInit                              0x08007df3   Thumb Code    38  setuart.o(.text)
    _uart_irq_function                       0x08007e19   Thumb Code   158  setuart.o(.text)
    USART1_IRQHandler                        0x08007eb7   Thumb Code    12  setuart.o(.text)
    USART2_IRQHandler                        0x08007ec3   Thumb Code    12  setuart.o(.text)
    USART3_IRQHandler                        0x08007ecf   Thumb Code    12  setuart.o(.text)
    Uart_GetChar                             0x08007edb   Thumb Code    48  setuart.o(.text)
    Uart_PutChar                             0x08007f0b   Thumb Code   102  setuart.o(.text)
    Uart_PutString                           0x08007f71   Thumb Code    26  setuart.o(.text)
    Uart_PutBytes                            0x08007f8b   Thumb Code    32  setuart.o(.text)
    system_error_init                        0x08007fc5   Thumb Code    10  system_error_status.o(.text)
    system_error_get                         0x08007fcf   Thumb Code     4  system_error_status.o(.text)
    system_Error_Callback                    0x08007fd3   Thumb Code   234  system_error_status.o(.text)
    get_iap_tag                              0x080080cd   Thumb Code     6  iap_jumper.o(.text)
    set_iap_tag                              0x080080d3   Thumb Code   122  iap_jumper.o(.text)
    aipjumperEnodeCallback                   0x0800814d   Thumb Code    18  iap_jumper.o(.text)
    iap_jumper_answer_ack_false              0x0800815f   Thumb Code    38  iap_jumper.o(.text)
    jump_by_reset                            0x08008185   Thumb Code    30  iap_jumper.o(.text)
    jump_to_iap_program                      0x080081a3   Thumb Code    36  iap_jumper.o(.text)
    jump_iap                                 0x080081c7   Thumb Code     4  iap_jumper.o(.text)
    iapUartReadCallBack                      0x080081cb   Thumb Code    50  iap_jumper.o(.text)
    Iap_Configure                            0x080081fd   Thumb Code    16  iap_jumper.o(.text)
    Iap_Jump                                 0x0800820d   Thumb Code    22  iap_jumper.o(.text)
    Reset_Handler                            0x0800823d   Thumb Code     4  startup_stm32f10x_md.o(.text)
    NMI_Handler                              0x08008241   Thumb Code     2  startup_stm32f10x_md.o(.text)
    HardFault_Handler                        0x08008243   Thumb Code     2  startup_stm32f10x_md.o(.text)
    MemManage_Handler                        0x08008245   Thumb Code     2  startup_stm32f10x_md.o(.text)
    BusFault_Handler                         0x08008247   Thumb Code     2  startup_stm32f10x_md.o(.text)
    UsageFault_Handler                       0x08008249   Thumb Code     2  startup_stm32f10x_md.o(.text)
    SVC_Handler                              0x0800824b   Thumb Code     2  startup_stm32f10x_md.o(.text)
    DebugMon_Handler                         0x0800824d   Thumb Code     2  startup_stm32f10x_md.o(.text)
    PendSV_Handler                           0x0800824f   Thumb Code     2  startup_stm32f10x_md.o(.text)
    ADC1_2_IRQHandler                        0x08008253   Thumb Code     0  startup_stm32f10x_md.o(.text)
    CAN1_SCE_IRQHandler                      0x08008253   Thumb Code     0  startup_stm32f10x_md.o(.text)
    DMA1_Channel2_IRQHandler                 0x08008253   Thumb Code     0  startup_stm32f10x_md.o(.text)
    DMA1_Channel3_IRQHandler                 0x08008253   Thumb Code     0  startup_stm32f10x_md.o(.text)
    DMA1_Channel4_IRQHandler                 0x08008253   Thumb Code     0  startup_stm32f10x_md.o(.text)
    DMA1_Channel5_IRQHandler                 0x08008253   Thumb Code     0  startup_stm32f10x_md.o(.text)
    DMA1_Channel6_IRQHandler                 0x08008253   Thumb Code     0  startup_stm32f10x_md.o(.text)
    DMA1_Channel7_IRQHandler                 0x08008253   Thumb Code     0  startup_stm32f10x_md.o(.text)
    EXTI0_IRQHandler                         0x08008253   Thumb Code     0  startup_stm32f10x_md.o(.text)
    EXTI15_10_IRQHandler                     0x08008253   Thumb Code     0  startup_stm32f10x_md.o(.text)
    EXTI1_IRQHandler                         0x08008253   Thumb Code     0  startup_stm32f10x_md.o(.text)
    EXTI2_IRQHandler                         0x08008253   Thumb Code     0  startup_stm32f10x_md.o(.text)
    EXTI3_IRQHandler                         0x08008253   Thumb Code     0  startup_stm32f10x_md.o(.text)
    EXTI4_IRQHandler                         0x08008253   Thumb Code     0  startup_stm32f10x_md.o(.text)
    EXTI9_5_IRQHandler                       0x08008253   Thumb Code     0  startup_stm32f10x_md.o(.text)
    FLASH_IRQHandler                         0x08008253   Thumb Code     0  startup_stm32f10x_md.o(.text)
    I2C1_ER_IRQHandler                       0x08008253   Thumb Code     0  startup_stm32f10x_md.o(.text)
    I2C1_EV_IRQHandler                       0x08008253   Thumb Code     0  startup_stm32f10x_md.o(.text)
    I2C2_ER_IRQHandler                       0x08008253   Thumb Code     0  startup_stm32f10x_md.o(.text)
    I2C2_EV_IRQHandler                       0x08008253   Thumb Code     0  startup_stm32f10x_md.o(.text)
    PVD_IRQHandler                           0x08008253   Thumb Code     0  startup_stm32f10x_md.o(.text)
    RCC_IRQHandler                           0x08008253   Thumb Code     0  startup_stm32f10x_md.o(.text)
    RTCAlarm_IRQHandler                      0x08008253   Thumb Code     0  startup_stm32f10x_md.o(.text)
    RTC_IRQHandler                           0x08008253   Thumb Code     0  startup_stm32f10x_md.o(.text)
    SPI1_IRQHandler                          0x08008253   Thumb Code     0  startup_stm32f10x_md.o(.text)
    SPI2_IRQHandler                          0x08008253   Thumb Code     0  startup_stm32f10x_md.o(.text)
    TAMPER_IRQHandler                        0x08008253   Thumb Code     0  startup_stm32f10x_md.o(.text)
    TIM1_BRK_IRQHandler                      0x08008253   Thumb Code     0  startup_stm32f10x_md.o(.text)
    TIM1_CC_IRQHandler                       0x08008253   Thumb Code     0  startup_stm32f10x_md.o(.text)
    TIM1_TRG_COM_IRQHandler                  0x08008253   Thumb Code     0  startup_stm32f10x_md.o(.text)
    TIM3_IRQHandler                          0x08008253   Thumb Code     0  startup_stm32f10x_md.o(.text)
    TIM4_IRQHandler                          0x08008253   Thumb Code     0  startup_stm32f10x_md.o(.text)
    USBWakeUp_IRQHandler                     0x08008253   Thumb Code     0  startup_stm32f10x_md.o(.text)
    WWDG_IRQHandler                          0x08008253   Thumb Code     0  startup_stm32f10x_md.o(.text)
    __user_initial_stackheap                 0x08008255   Thumb Code     0  startup_stm32f10x_md.o(.text)
    __aeabi_memcpy4                          0x08008275   Thumb Code     0  rt_memcpy_w.o(.text)
    __aeabi_memcpy8                          0x08008275   Thumb Code     0  rt_memcpy_w.o(.text)
    __rt_memcpy_w                            0x08008275   Thumb Code   100  rt_memcpy_w.o(.text)
    _memcpy_lastbytes_aligned                0x080082bd   Thumb Code     0  rt_memcpy_w.o(.text)
    __use_two_region_memory                  0x080082d9   Thumb Code     2  heapauxi.o(.text)
    __rt_heap_escrow$2region                 0x080082db   Thumb Code     2  heapauxi.o(.text)
    __rt_heap_expand$2region                 0x080082dd   Thumb Code     2  heapauxi.o(.text)
    __user_setup_stackheap                   0x080082df   Thumb Code    74  sys_stackheap_outer.o(.text)
    exit                                     0x08008329   Thumb Code    12  exit.o(.text)
    __user_libspace                          0x08008335   Thumb Code     8  libspace.o(.text)
    __user_perproc_libspace                  0x08008335   Thumb Code     0  libspace.o(.text)
    __user_perthread_libspace                0x08008335   Thumb Code     0  libspace.o(.text)
    _sys_exit                                0x0800833d   Thumb Code     8  sys_exit.o(.text)
    __I$use$semihosting                      0x08008349   Thumb Code     0  use_no_semi.o(.text)
    __use_no_semihosting_swi                 0x08008349   Thumb Code     2  use_no_semi.o(.text)
    ADC_Cmd                                  0x0800834b   Thumb Code    18  stm32f10x_adc.o(i.ADC_Cmd)
    __semihosting_library_function           0x0800834b   Thumb Code     0  indicate_semi.o(.text)
    ADC_DMACmd                               0x0800835d   Thumb Code    18  stm32f10x_adc.o(i.ADC_DMACmd)
    ADC_GetCalibrationStatus                 0x0800836f   Thumb Code    16  stm32f10x_adc.o(i.ADC_GetCalibrationStatus)
    ADC_GetResetCalibrationStatus            0x0800837f   Thumb Code    16  stm32f10x_adc.o(i.ADC_GetResetCalibrationStatus)
    ADC_Init                                 0x08008391   Thumb Code    74  stm32f10x_adc.o(i.ADC_Init)
    ADC_RegularChannelConfig                 0x080083e1   Thumb Code   144  stm32f10x_adc.o(i.ADC_RegularChannelConfig)
    ADC_ResetCalibration                     0x08008471   Thumb Code    10  stm32f10x_adc.o(i.ADC_ResetCalibration)
    ADC_SoftwareStartConvCmd                 0x0800847b   Thumb Code    18  stm32f10x_adc.o(i.ADC_SoftwareStartConvCmd)
    ADC_StartCalibration                     0x0800848d   Thumb Code    10  stm32f10x_adc.o(i.ADC_StartCalibration)
    CAN_DeInit                               0x08008497   Thumb Code    58  stm32f10x_can.o(i.CAN_DeInit)
    CAN_FilterInit                           0x080084d1   Thumb Code   222  stm32f10x_can.o(i.CAN_FilterInit)
    CAN_GetITStatus                          0x080085b5   Thumb Code   232  stm32f10x_can.o(i.CAN_GetITStatus)
    CAN_ITConfig                             0x0800869d   Thumb Code    16  stm32f10x_can.o(i.CAN_ITConfig)
    CAN_Init                                 0x080086ad   Thumb Code   244  stm32f10x_can.o(i.CAN_Init)
    CAN_Receive                              0x080087a1   Thumb Code   178  stm32f10x_can.o(i.CAN_Receive)
    CAN_StructInit                           0x08008853   Thumb Code    32  stm32f10x_can.o(i.CAN_StructInit)
    CAN_Transmit                             0x08008873   Thumb Code   184  stm32f10x_can.o(i.CAN_Transmit)
    CAN_TransmitStatus                       0x0800892b   Thumb Code   130  stm32f10x_can.o(i.CAN_TransmitStatus)
    DMA_ClearITPendingBit                    0x080089ad   Thumb Code    16  stm32f10x_dma.o(i.DMA_ClearITPendingBit)
    DMA_Cmd                                  0x080089c1   Thumb Code    18  stm32f10x_dma.o(i.DMA_Cmd)
    DMA_DeInit                               0x080089d5   Thumb Code   210  stm32f10x_dma.o(i.DMA_DeInit)
    DMA_GetITStatus                          0x08008add   Thumb Code    26  stm32f10x_dma.o(i.DMA_GetITStatus)
    DMA_ITConfig                             0x08008afd   Thumb Code    16  stm32f10x_dma.o(i.DMA_ITConfig)
    DMA_Init                                 0x08008b0d   Thumb Code    72  stm32f10x_dma.o(i.DMA_Init)
    FLASH_ClearFlag                          0x08008b55   Thumb Code     6  stm32f10x_flash.o(i.FLASH_ClearFlag)
    FLASH_ErasePage                          0x08008b61   Thumb Code    64  stm32f10x_flash.o(i.FLASH_ErasePage)
    FLASH_Lock                               0x08008ba5   Thumb Code    12  stm32f10x_flash.o(i.FLASH_Lock)
    FLASH_PrefetchBufferCmd                  0x08008bb5   Thumb Code    18  stm32f10x_flash.o(i.FLASH_PrefetchBufferCmd)
    FLASH_ProgramWord                        0x08008bcd   Thumb Code    74  stm32f10x_flash.o(i.FLASH_ProgramWord)
    FLASH_SetLatency                         0x08008c1d   Thumb Code    14  stm32f10x_flash.o(i.FLASH_SetLatency)
    FLASH_Unlock                             0x08008c31   Thumb Code    12  stm32f10x_flash.o(i.FLASH_Unlock)
    FLASH_WaitForLastOperation               0x08008c49   Thumb Code   102  stm32f10x_flash.o(i.FLASH_WaitForLastOperation)
    GPIO_Init                                0x08008cb5   Thumb Code   202  stm32f10x_gpio.o(i.GPIO_Init)
    GPIO_PinRemapConfig                      0x08008d81   Thumb Code    84  stm32f10x_gpio.o(i.GPIO_PinRemapConfig)
    GPIO_ReadInputDataBit                    0x08008dd9   Thumb Code    14  stm32f10x_gpio.o(i.GPIO_ReadInputDataBit)
    GPIO_ReadOutputDataBit                   0x08008de7   Thumb Code    14  stm32f10x_gpio.o(i.GPIO_ReadOutputDataBit)
    GPIO_ResetBits                           0x08008df5   Thumb Code     4  stm32f10x_gpio.o(i.GPIO_ResetBits)
    GPIO_SetBits                             0x08008df9   Thumb Code     4  stm32f10x_gpio.o(i.GPIO_SetBits)
    GPIO_StructInit                          0x08008dfd   Thumb Code    16  stm32f10x_gpio.o(i.GPIO_StructInit)
    NVIC_Init                                0x08008e0d   Thumb Code   108  misc.o(i.NVIC_Init)
    NVIC_PriorityGroupConfig                 0x08008e79   Thumb Code    14  misc.o(i.NVIC_PriorityGroupConfig)
    NVIC_SetVectorTable                      0x08008e8d   Thumb Code    16  misc.o(i.NVIC_SetVectorTable)
    RCC_ADCCLKConfig                         0x08008ea1   Thumb Code    14  stm32f10x_rcc.o(i.RCC_ADCCLKConfig)
    RCC_AHBPeriphClockCmd                    0x08008eb5   Thumb Code    18  stm32f10x_rcc.o(i.RCC_AHBPeriphClockCmd)
    RCC_APB1PeriphClockCmd                   0x08008ecd   Thumb Code    18  stm32f10x_rcc.o(i.RCC_APB1PeriphClockCmd)
    RCC_APB1PeriphResetCmd                   0x08008ee5   Thumb Code    18  stm32f10x_rcc.o(i.RCC_APB1PeriphResetCmd)
    RCC_APB2PeriphClockCmd                   0x08008efd   Thumb Code    18  stm32f10x_rcc.o(i.RCC_APB2PeriphClockCmd)
    RCC_DeInit                               0x08008f15   Thumb Code    54  stm32f10x_rcc.o(i.RCC_DeInit)
    RCC_GetClocksFreq                        0x08008f55   Thumb Code   148  stm32f10x_rcc.o(i.RCC_GetClocksFreq)
    RCC_GetFlagStatus                        0x08008ff9   Thumb Code    42  stm32f10x_rcc.o(i.RCC_GetFlagStatus)
    RCC_GetSYSCLKSource                      0x08009029   Thumb Code    10  stm32f10x_rcc.o(i.RCC_GetSYSCLKSource)
    RCC_HCLKConfig                           0x08009039   Thumb Code    14  stm32f10x_rcc.o(i.RCC_HCLKConfig)
    RCC_HSEConfig                            0x0800904d   Thumb Code    50  stm32f10x_rcc.o(i.RCC_HSEConfig)
    RCC_HSICmd                               0x08009085   Thumb Code     6  stm32f10x_rcc.o(i.RCC_HSICmd)
    RCC_PCLK1Config                          0x08009091   Thumb Code    14  stm32f10x_rcc.o(i.RCC_PCLK1Config)
    RCC_PCLK2Config                          0x080090a5   Thumb Code    16  stm32f10x_rcc.o(i.RCC_PCLK2Config)
    RCC_PLLCmd                               0x080090b9   Thumb Code     6  stm32f10x_rcc.o(i.RCC_PLLCmd)
    RCC_PLLConfig                            0x080090c5   Thumb Code    16  stm32f10x_rcc.o(i.RCC_PLLConfig)
    RCC_SYSCLKConfig                         0x080090d9   Thumb Code    14  stm32f10x_rcc.o(i.RCC_SYSCLKConfig)
    RCC_WaitForHSEStartUp                    0x080090ed   Thumb Code    48  stm32f10x_rcc.o(i.RCC_WaitForHSEStartUp)
    SysTick_CLKSourceConfig                  0x08009121   Thumb Code    22  misc.o(i.SysTick_CLKSourceConfig)
    TIM_ARRPreloadConfig                     0x08009137   Thumb Code    22  stm32f10x_tim.o(i.TIM_ARRPreloadConfig)
    TIM_ClearFlag                            0x0800914d   Thumb Code     6  stm32f10x_tim.o(i.TIM_ClearFlag)
    TIM_Cmd                                  0x08009153   Thumb Code    22  stm32f10x_tim.o(i.TIM_Cmd)
    TIM_CtrlPWMOutputs                       0x08009169   Thumb Code    22  stm32f10x_tim.o(i.TIM_CtrlPWMOutputs)
    TIM_GetITStatus                          0x0800917f   Thumb Code    26  stm32f10x_tim.o(i.TIM_GetITStatus)
    TIM_ITConfig                             0x08009199   Thumb Code    16  stm32f10x_tim.o(i.TIM_ITConfig)
    TIM_OC2Init                              0x080091a9   Thumb Code   132  stm32f10x_tim.o(i.TIM_OC2Init)
    TIM_OC2PreloadConfig                     0x0800922d   Thumb Code    14  stm32f10x_tim.o(i.TIM_OC2PreloadConfig)
    TIM_OC3Init                              0x0800923b   Thumb Code   128  stm32f10x_tim.o(i.TIM_OC3Init)
    TIM_OC3PreloadConfig                     0x080092bb   Thumb Code    12  stm32f10x_tim.o(i.TIM_OC3PreloadConfig)
    TIM_OC4Init                              0x080092c9   Thumb Code   102  stm32f10x_tim.o(i.TIM_OC4Init)
    TIM_OC4PreloadConfig                     0x0800932f   Thumb Code    14  stm32f10x_tim.o(i.TIM_OC4PreloadConfig)
    TIM_OCStructInit                         0x0800933d   Thumb Code    20  stm32f10x_tim.o(i.TIM_OCStructInit)
    TIM_TimeBaseInit                         0x08009351   Thumb Code    60  stm32f10x_tim.o(i.TIM_TimeBaseInit)
    USART_Cmd                                0x0800938d   Thumb Code    18  stm32f10x_usart.o(i.USART_Cmd)
    USART_GetFlagStatus                      0x0800939f   Thumb Code    14  stm32f10x_usart.o(i.USART_GetFlagStatus)
    USART_GetITStatus                        0x080093ad   Thumb Code    68  stm32f10x_usart.o(i.USART_GetITStatus)
    USART_ITConfig                           0x080093f1   Thumb Code    48  stm32f10x_usart.o(i.USART_ITConfig)
    USART_Init                               0x08009421   Thumb Code   140  stm32f10x_usart.o(i.USART_Init)
    USART_ReceiveData                        0x080094b1   Thumb Code     8  stm32f10x_usart.o(i.USART_ReceiveData)
    USART_SendData                           0x080094b9   Thumb Code     8  stm32f10x_usart.o(i.USART_SendData)
    USART_StructInit                         0x080094c1   Thumb Code    22  stm32f10x_usart.o(i.USART_StructInit)
    __aeabi_ui2f                             0x080094d9   Thumb Code     0  fflt_clz.o(x$fpl$ffltu)
    _ffltu                                   0x080094d9   Thumb Code    38  fflt_clz.o(x$fpl$ffltu)
    __I$use$fp                               0x080094fe   Number         0  usenofp.o(x$fpl$usenofp)
    Region$$Table$$Base                      0x08009500   Number         0  anon$$obj.o(Region$$Table)
    Region$$Table$$Limit                     0x08009520   Number         0  anon$$obj.o(Region$$Table)
    speeker_ms                               0x20000000   Data           4  main_esc_box.o(.data)
    adc_sample_irq_function                  0x20000008   Data           4  adc_config.o(.data)
    pwmA_ccr                                 0x20000010   Data           2  esc_80_pump_pitch_control.o(.data)
    pwmB_ccr                                 0x20000012   Data           2  esc_80_pump_pitch_control.o(.data)
    yawAngleLowPartAdcValueR                 0x20000014   Data           2  esc_80_yaw_control.o(.data)
    yawAngleHightPartAdcValueR               0x20000016   Data           2  esc_80_yaw_control.o(.data)
    yawAngleAdcValue                         0x20000018   Data           2  esc_80_yaw_control.o(.data)
    yawExpectAngle                           0x2000001c   Data           4  esc_80_yaw_control.o(.data)
    yawExpectAngleAdcValue                   0x20000020   Data           2  esc_80_yaw_control.o(.data)
    yawCurrentAdcValue                       0x20000022   Data           2  esc_80_yaw_control.o(.data)
    yawCurrentMaxFailSafeAdcValue            0x20000024   Data           2  esc_80_yaw_control.o(.data)
    yawControlInited                         0x20000028   Data           4  esc_80_yaw_control.o(.data)
    _failsafe_time_ms                        0x2000002c   Data           4  esc_80_yaw_control.o(.data)
    yaw_pwm                                  0x20000030   Data           2  esc_80_yaw_control.o(.data)
    _yaw_angle_direction                     0x20000032   Data           1  esc_80_yaw_control.o(.data)
    failsafe_AngleOverFlow                   0x20000033   Data           1  esc_80_yaw_control.o(.data)
    failsafe_CurrentOverFlow                 0x20000034   Data           1  esc_80_yaw_control.o(.data)
    failsafe_AdcUpdateError                  0x20000035   Data           1  esc_80_yaw_control.o(.data)
    _current_overflow_count                  0x20000038   Data           4  esc_80_yaw_control.o(.data)
    _esc_yaw_check_adc_hz                    0x2000003c   Data           4  esc_80_yaw_control.o(.data)
    th11sb_head                              0x20000044   Data           6  rtu_485_runtime.o(.data)
    th11sb_tail                              0x2000004a   Data           6  rtu_485_runtime.o(.data)
    _dam_flash_delay_ms                      0x20000050   Data           4  rtu_485_runtime.o(.data)
    _dam_flash_ms_counter                    0x20000054   Data           4  rtu_485_runtime.o(.data)
    _dam_flash_numId                         0x20000058   Data           1  rtu_485_runtime.o(.data)
    _dam_flash_on_off                        0x20000059   Data           1  rtu_485_runtime.o(.data)
    _dam_flash_dev                           0x2000005c   Data           4  rtu_485_runtime.o(.data)
    _rtu_485_devices_report_hz               0x20000060   Data           4  rtu_485_runtime.o(.data)
    _rtu_485_devices_report_counter          0x20000064   Data           4  rtu_485_runtime.o(.data)
    _rtu_485_runtime_running                 0x20000068   Data           1  rtu_485_runtime.o(.data)
    _rtu_485_loop_type                       0x20000069   Data           1  rtu_485_runtime.o(.data)
    loop_counter                             0x2000006c   Data           4  rtu_485_runtime.o(.data)
    can1_lost_connect_counter                0x20000074   Data           4  esc_can_listener.o(.data)
    reportBuffer                             0x20000078   Data           8  esc_can_listener.o(.data)
    _ke4_speed                               0x20000082   Data           2  esc_box_ke4_speed.o(.data)
    ke4_cmd                                  0x20000084   Data           8  esc_box_ke4_speed.o(.data)
    limit_status                             0x2000008c   Data           1  esc_limit_alarm.o(.data)
    rtu485_uart                              0x20000090   Data           4  rtu_485.o(.data)
    is_485_bus_status                        0x20000094   Data           1  rtu_485.o(.data)
    _rtu_ms                                  0x20000098   Data           4  rtu_485.o(.data)
    resend_count                             0x2000009c   Data           4  setcan.o(.data)
    in_send_loop                             0x200000a0   Data           1  setcan.o(.data)
    TransmitMailbox                          0x200000a1   Data           1  setcan.o(.data)
    systemClk                                0x200000a4   Data           4  setclock.o(.data)
    TimingDelay                              0x200000a8   Data           4  setsystick.o(.data)
    systick_ms                               0x200000ac   Data           4  setsystick.o(.data)
    systick_us                               0x200000b0   Data           4  setsystick.o(.data)
    systick_ms_overflow                      0x200000b4   Data           1  setsystick.o(.data)
    uart1_p                                  0x200000b8   Data           4  setuart.o(.data)
    uart2_p                                  0x200000bc   Data           4  setuart.o(.data)
    uart3_p                                  0x200000c0   Data           4  setuart.o(.data)
    _system_error                            0x200000c4   Data           5  system_error_status.o(.data)
    remoterUart                              0x200000cc   Data           4  iap_jumper.o(.data)
    report_t                                 0x200000e4   Data          12  main_esc_box.o(.bss)
    led_t                                    0x200000f0   Data          12  main_esc_box.o(.bss)
    ke4_speed_t                              0x200000fc   Data          12  main_esc_box.o(.bss)
    Uart1                                    0x20000108   Data        1080  main_esc_box.o(.bss)
    Uart2                                    0x20000540   Data        1080  main_esc_box.o(.bss)
    Uart3                                    0x20000978   Data        1080  main_esc_box.o(.bss)
    TxMessage1                               0x20000db0   Data          20  main_esc_box.o(.bss)
    RxMessage1                               0x20000dc4   Data          20  main_esc_box.o(.bss)
    rxmsg                                    0x20000dd8   Data          20  main_esc_box.o(.bss)
    txmsg                                    0x20000dec   Data          20  main_esc_box.o(.bss)
    _yaw_t                                   0x20000ee0   Data          12  esc_80_yaw_control.o(.bss)
    dam4_02                                  0x20000eec   Data          10  rtu_485_runtime.o(.bss)
    dam4_04                                  0x20000ef6   Data          10  rtu_485_runtime.o(.bss)
    dam4_05                                  0x20000f00   Data          10  rtu_485_runtime.o(.bss)
    dam16_08                                 0x20000f0a   Data          10  rtu_485_runtime.o(.bss)
    dam4_09                                  0x20000f14   Data          10  rtu_485_runtime.o(.bss)
    powerAdc6_01                             0x20000f1e   Data          14  rtu_485_runtime.o(.bss)
    powerAdc6_06                             0x20000f2c   Data          14  rtu_485_runtime.o(.bss)
    powerAdc6_07                             0x20000f3a   Data          14  rtu_485_runtime.o(.bss)
    pgw636_03                                0x20000f48   Data          16  rtu_485_runtime.o(.bss)
    rtu_485_time_t                           0x20000f58   Data          12  rtu_485_runtime.o(.bss)
    rtu_485_cmd_fifo                         0x20000f64   Data          24  rtu_485_runtime.o(.bss)
    rtu_485_cmd_fifo_buff                    0x20000f7c   Data         512  rtu_485_runtime.o(.bss)
    _rtu_485_sendcmd                         0x2000117c   Data          32  rtu_485_runtime.o(.bss)
    RxMsg                                    0x2000119c   Data          20  esc_can_listener.o(.bss)
    rtu485_ack                               0x200011b0   Data         272  rtu_485.o(.bss)
    RxMessage                                0x200012c0   Data          20  setcan.o(.bss)
    TxMessage                                0x200012d4   Data          20  setcan.o(.bss)
    TxMessageArray                           0x200012e8   Data        2000  setcan.o(.bss)
    RxMessageArray                           0x20001ab8   Data        2000  setcan.o(.bss)
    can1_tx_msg_fifo                         0x20002288   Data          24  setcan.o(.bss)
    can1_rx_msg_fifo                         0x200022a0   Data          24  setcan.o(.bss)
    iapJumperEncoder                         0x2000234c   Data         148  iap_jumper.o(.bss)
    __libspace_start                         0x200023e0   Data          96  libspace.o(.bss)
    __temporary_stack_top$libspace           0x20002440   Data           0  libspace.o(.bss)



==============================================================================

Memory Map of the image

  Image Entry point : 0x080040ed

  Load Region LR_IROM1 (Base: 0x08004000, Size: 0x00005604, Max: 0x0000c000, ABSOLUTE)

    Execution Region ER_IROM1 (Base: 0x08004000, Size: 0x00005520, Max: 0x0000c000, ABSOLUTE)

    Base Addr    Size         Type   Attr      Idx    E Section Name        Object

    0x08004000   0x000000ec   Data   RO          745    RESET               startup_stm32f10x_md.o
    0x080040ec   0x00000008   Code   RO         2431  * !!!main             c_w.l(__main.o)
    0x080040f4   0x00000034   Code   RO         2594    !!!scatter          c_w.l(__scatter.o)
    0x08004128   0x0000001a   Code   RO         2596    !!handler_copy      c_w.l(__scatter_copy.o)
    0x08004142   0x00000002   PAD
    0x08004144   0x0000001c   Code   RO         2598    !!handler_zi        c_w.l(__scatter_zi.o)
    0x08004160   0x00000002   Code   RO         2465    .ARM.Collect$$libinit$$00000000  c_w.l(libinit.o)
    0x08004162   0x00000000   Code   RO         2472    .ARM.Collect$$libinit$$00000002  c_w.l(libinit2.o)
    0x08004162   0x00000000   Code   RO         2474    .ARM.Collect$$libinit$$00000004  c_w.l(libinit2.o)
    0x08004162   0x00000000   Code   RO         2477    .ARM.Collect$$libinit$$0000000A  c_w.l(libinit2.o)
    0x08004162   0x00000000   Code   RO         2479    .ARM.Collect$$libinit$$0000000C  c_w.l(libinit2.o)
    0x08004162   0x00000000   Code   RO         2481    .ARM.Collect$$libinit$$0000000E  c_w.l(libinit2.o)
    0x08004162   0x00000000   Code   RO         2484    .ARM.Collect$$libinit$$00000011  c_w.l(libinit2.o)
    0x08004162   0x00000000   Code   RO         2486    .ARM.Collect$$libinit$$00000013  c_w.l(libinit2.o)
    0x08004162   0x00000000   Code   RO         2488    .ARM.Collect$$libinit$$00000015  c_w.l(libinit2.o)
    0x08004162   0x00000000   Code   RO         2490    .ARM.Collect$$libinit$$00000017  c_w.l(libinit2.o)
    0x08004162   0x00000000   Code   RO         2492    .ARM.Collect$$libinit$$00000019  c_w.l(libinit2.o)
    0x08004162   0x00000000   Code   RO         2494    .ARM.Collect$$libinit$$0000001B  c_w.l(libinit2.o)
    0x08004162   0x00000000   Code   RO         2496    .ARM.Collect$$libinit$$0000001D  c_w.l(libinit2.o)
    0x08004162   0x00000000   Code   RO         2498    .ARM.Collect$$libinit$$0000001F  c_w.l(libinit2.o)
    0x08004162   0x00000000   Code   RO         2500    .ARM.Collect$$libinit$$00000021  c_w.l(libinit2.o)
    0x08004162   0x00000000   Code   RO         2502    .ARM.Collect$$libinit$$00000023  c_w.l(libinit2.o)
    0x08004162   0x00000000   Code   RO         2504    .ARM.Collect$$libinit$$00000025  c_w.l(libinit2.o)
    0x08004162   0x00000000   Code   RO         2508    .ARM.Collect$$libinit$$0000002C  c_w.l(libinit2.o)
    0x08004162   0x00000000   Code   RO         2510    .ARM.Collect$$libinit$$0000002E  c_w.l(libinit2.o)
    0x08004162   0x00000000   Code   RO         2512    .ARM.Collect$$libinit$$00000030  c_w.l(libinit2.o)
    0x08004162   0x00000000   Code   RO         2514    .ARM.Collect$$libinit$$00000032  c_w.l(libinit2.o)
    0x08004162   0x00000002   Code   RO         2515    .ARM.Collect$$libinit$$00000033  c_w.l(libinit2.o)
    0x08004164   0x00000002   Code   RO         2535    .ARM.Collect$$libshutdown$$00000000  c_w.l(libshutdown.o)
    0x08004166   0x00000000   Code   RO         2549    .ARM.Collect$$libshutdown$$00000003  c_w.l(libshutdown2.o)
    0x08004166   0x00000000   Code   RO         2552    .ARM.Collect$$libshutdown$$00000006  c_w.l(libshutdown2.o)
    0x08004166   0x00000000   Code   RO         2555    .ARM.Collect$$libshutdown$$00000009  c_w.l(libshutdown2.o)
    0x08004166   0x00000000   Code   RO         2557    .ARM.Collect$$libshutdown$$0000000B  c_w.l(libshutdown2.o)
    0x08004166   0x00000000   Code   RO         2560    .ARM.Collect$$libshutdown$$0000000E  c_w.l(libshutdown2.o)
    0x08004166   0x00000002   Code   RO         2561    .ARM.Collect$$libshutdown$$0000000F  c_w.l(libshutdown2.o)
    0x08004168   0x00000000   Code   RO         2439    .ARM.Collect$$rtentry$$00000000  c_w.l(__rtentry.o)
    0x08004168   0x00000000   Code   RO         2442    .ARM.Collect$$rtentry$$00000002  c_w.l(__rtentry2.o)
    0x08004168   0x00000006   Code   RO         2454    .ARM.Collect$$rtentry$$00000004  c_w.l(__rtentry4.o)
    0x0800416e   0x00000000   Code   RO         2444    .ARM.Collect$$rtentry$$00000009  c_w.l(__rtentry2.o)
    0x0800416e   0x00000004   Code   RO         2445    .ARM.Collect$$rtentry$$0000000A  c_w.l(__rtentry2.o)
    0x08004172   0x00000000   Code   RO         2447    .ARM.Collect$$rtentry$$0000000C  c_w.l(__rtentry2.o)
    0x08004172   0x00000008   Code   RO         2448    .ARM.Collect$$rtentry$$0000000D  c_w.l(__rtentry2.o)
    0x0800417a   0x00000002   Code   RO         2469    .ARM.Collect$$rtexit$$00000000  c_w.l(rtexit.o)
    0x0800417c   0x00000000   Code   RO         2517    .ARM.Collect$$rtexit$$00000002  c_w.l(rtexit2.o)
    0x0800417c   0x00000004   Code   RO         2518    .ARM.Collect$$rtexit$$00000003  c_w.l(rtexit2.o)
    0x08004180   0x00000006   Code   RO         2519    .ARM.Collect$$rtexit$$00000004  c_w.l(rtexit2.o)
    0x08004186   0x00000002   PAD
    0x08004188   0x00000020   Code   RO          699    .emb_text           core_cm3.o
    0x080041a8   0x00000124   Code   RO          125    .text               settimer.o
    0x080042cc   0x000007c0   Code   RO          247    .text               main_esc_box.o
    0x08004a8c   0x0000012c   Code   RO          268    .text               setgpio_2.o
    0x08004bb8   0x00000228   Code   RO          282    .text               adc_config.o
    0x08004de0   0x000001dc   Code   RO          299    .text               esc_box_led.o
    0x08004fbc   0x000002f4   Code   RO          315    .text               esc_80_pump_pitch_control.o
    0x080052b0   0x00000678   Code   RO          331    .text               esc_80_yaw_control.o
    0x08005928   0x0000008c   Code   RO          348    .text               esc_box_log.o
    0x080059b4   0x00000b70   Code   RO          363    .text               rtu_485_runtime.o
    0x08006524   0x0000058c   Code   RO          383    .text               esc_can_listener.o
    0x08006ab0   0x00000050   Code   RO          400    .text               esc_box_ke4_speed.o
    0x08006b00   0x00000104   Code   RO          416    .text               esc_limit_alarm.o
    0x08006c04   0x0000005c   Code   RO          440    .text               crc16.o
    0x08006c60   0x00000338   Code   RO          489    .text               rtu_485.o
    0x08006f98   0x00000328   Code   RO          507    .text               cmdcoder.o
    0x080072c0   0x000000dc   Code   RO          522    .text               fifo.o
    0x0800739c   0x000000e8   Code   RO          537    .text               fifo_void.o
    0x08007484   0x00000018   Code   RO          552    .text               main.o
    0x0800749c   0x0000057c   Code   RO          579    .text               setcan.o
    0x08007a18   0x00000134   Code   RO          599    .text               setclock.o
    0x08007b4c   0x00000190   Code   RO          618    .text               setsystick.o
    0x08007cdc   0x000002e8   Code   RO          637    .text               setuart.o
    0x08007fc4   0x00000108   Code   RO          660    .text               system_error_status.o
    0x080080cc   0x00000170   Code   RO          676    .text               iap_jumper.o
    0x0800823c   0x00000038   Code   RO          746    .text               startup_stm32f10x_md.o
    0x08008274   0x00000064   Code   RO         2427    .text               c_w.l(rt_memcpy_w.o)
    0x080082d8   0x00000006   Code   RO         2429    .text               c_w.l(heapauxi.o)
    0x080082de   0x0000004a   Code   RO         2456    .text               c_w.l(sys_stackheap_outer.o)
    0x08008328   0x0000000c   Code   RO         2458    .text               c_w.l(exit.o)
    0x08008334   0x00000008   Code   RO         2466    .text               c_w.l(libspace.o)
    0x0800833c   0x0000000c   Code   RO         2527    .text               c_w.l(sys_exit.o)
    0x08008348   0x00000002   Code   RO         2538    .text               c_w.l(use_no_semi.o)
    0x0800834a   0x00000000   Code   RO         2540    .text               c_w.l(indicate_semi.o)
    0x0800834a   0x00000012   Code   RO          874    i.ADC_Cmd           lib.lib(stm32f10x_adc.o)
    0x0800835c   0x00000012   Code   RO          875    i.ADC_DMACmd        lib.lib(stm32f10x_adc.o)
    0x0800836e   0x00000010   Code   RO          882    i.ADC_GetCalibrationStatus  lib.lib(stm32f10x_adc.o)
    0x0800837e   0x00000010   Code   RO          888    i.ADC_GetResetCalibrationStatus  lib.lib(stm32f10x_adc.o)
    0x0800838e   0x00000002   PAD
    0x08008390   0x00000050   Code   RO          892    i.ADC_Init          lib.lib(stm32f10x_adc.o)
    0x080083e0   0x00000090   Code   RO          896    i.ADC_RegularChannelConfig  lib.lib(stm32f10x_adc.o)
    0x08008470   0x0000000a   Code   RO          897    i.ADC_ResetCalibration  lib.lib(stm32f10x_adc.o)
    0x0800847a   0x00000012   Code   RO          899    i.ADC_SoftwareStartConvCmd  lib.lib(stm32f10x_adc.o)
    0x0800848c   0x0000000a   Code   RO          901    i.ADC_StartCalibration  lib.lib(stm32f10x_adc.o)
    0x08008496   0x0000003a   Code   RO         1094    i.CAN_DeInit        lib.lib(stm32f10x_can.o)
    0x080084d0   0x000000e4   Code   RO         1096    i.CAN_FilterInit    lib.lib(stm32f10x_can.o)
    0x080085b4   0x000000e8   Code   RO         1098    i.CAN_GetITStatus   lib.lib(stm32f10x_can.o)
    0x0800869c   0x00000010   Code   RO         1099    i.CAN_ITConfig      lib.lib(stm32f10x_can.o)
    0x080086ac   0x000000f4   Code   RO         1100    i.CAN_Init          lib.lib(stm32f10x_can.o)
    0x080087a0   0x000000b2   Code   RO         1102    i.CAN_Receive       lib.lib(stm32f10x_can.o)
    0x08008852   0x00000020   Code   RO         1105    i.CAN_StructInit    lib.lib(stm32f10x_can.o)
    0x08008872   0x000000b8   Code   RO         1106    i.CAN_Transmit      lib.lib(stm32f10x_can.o)
    0x0800892a   0x00000082   Code   RO         1107    i.CAN_TransmitStatus  lib.lib(stm32f10x_can.o)
    0x080089ac   0x00000014   Code   RO         1211    i.DMA_ClearITPendingBit  lib.lib(stm32f10x_dma.o)
    0x080089c0   0x00000012   Code   RO         1212    i.DMA_Cmd           lib.lib(stm32f10x_dma.o)
    0x080089d2   0x00000002   PAD
    0x080089d4   0x00000108   Code   RO         1213    i.DMA_DeInit        lib.lib(stm32f10x_dma.o)
    0x08008adc   0x00000020   Code   RO         1216    i.DMA_GetITStatus   lib.lib(stm32f10x_dma.o)
    0x08008afc   0x00000010   Code   RO         1217    i.DMA_ITConfig      lib.lib(stm32f10x_dma.o)
    0x08008b0c   0x00000048   Code   RO         1218    i.DMA_Init          lib.lib(stm32f10x_dma.o)
    0x08008b54   0x0000000c   Code   RO         1276    i.FLASH_ClearFlag   lib.lib(stm32f10x_flash.o)
    0x08008b60   0x00000044   Code   RO         1280    i.FLASH_ErasePage   lib.lib(stm32f10x_flash.o)
    0x08008ba4   0x00000010   Code   RO         1289    i.FLASH_Lock        lib.lib(stm32f10x_flash.o)
    0x08008bb4   0x00000018   Code   RO         1290    i.FLASH_PrefetchBufferCmd  lib.lib(stm32f10x_flash.o)
    0x08008bcc   0x00000050   Code   RO         1293    i.FLASH_ProgramWord  lib.lib(stm32f10x_flash.o)
    0x08008c1c   0x00000014   Code   RO         1295    i.FLASH_SetLatency  lib.lib(stm32f10x_flash.o)
    0x08008c30   0x00000018   Code   RO         1296    i.FLASH_Unlock      lib.lib(stm32f10x_flash.o)
    0x08008c48   0x0000006c   Code   RO         1298    i.FLASH_WaitForLastOperation  lib.lib(stm32f10x_flash.o)
    0x08008cb4   0x000000ca   Code   RO         1426    i.GPIO_Init         lib.lib(stm32f10x_gpio.o)
    0x08008d7e   0x00000002   PAD
    0x08008d80   0x00000058   Code   RO         1428    i.GPIO_PinRemapConfig  lib.lib(stm32f10x_gpio.o)
    0x08008dd8   0x0000000e   Code   RO         1430    i.GPIO_ReadInputDataBit  lib.lib(stm32f10x_gpio.o)
    0x08008de6   0x0000000e   Code   RO         1432    i.GPIO_ReadOutputDataBit  lib.lib(stm32f10x_gpio.o)
    0x08008df4   0x00000004   Code   RO         1433    i.GPIO_ResetBits    lib.lib(stm32f10x_gpio.o)
    0x08008df8   0x00000004   Code   RO         1434    i.GPIO_SetBits      lib.lib(stm32f10x_gpio.o)
    0x08008dfc   0x00000010   Code   RO         1435    i.GPIO_StructInit   lib.lib(stm32f10x_gpio.o)
    0x08008e0c   0x0000006c   Code   RO          750    i.NVIC_Init         lib.lib(misc.o)
    0x08008e78   0x00000014   Code   RO          751    i.NVIC_PriorityGroupConfig  lib.lib(misc.o)
    0x08008e8c   0x00000014   Code   RO          752    i.NVIC_SetVectorTable  lib.lib(misc.o)
    0x08008ea0   0x00000014   Code   RO         1534    i.RCC_ADCCLKConfig  lib.lib(stm32f10x_rcc.o)
    0x08008eb4   0x00000018   Code   RO         1535    i.RCC_AHBPeriphClockCmd  lib.lib(stm32f10x_rcc.o)
    0x08008ecc   0x00000018   Code   RO         1536    i.RCC_APB1PeriphClockCmd  lib.lib(stm32f10x_rcc.o)
    0x08008ee4   0x00000018   Code   RO         1537    i.RCC_APB1PeriphResetCmd  lib.lib(stm32f10x_rcc.o)
    0x08008efc   0x00000018   Code   RO         1538    i.RCC_APB2PeriphClockCmd  lib.lib(stm32f10x_rcc.o)
    0x08008f14   0x00000040   Code   RO         1545    i.RCC_DeInit        lib.lib(stm32f10x_rcc.o)
    0x08008f54   0x000000a4   Code   RO         1546    i.RCC_GetClocksFreq  lib.lib(stm32f10x_rcc.o)
    0x08008ff8   0x00000030   Code   RO         1547    i.RCC_GetFlagStatus  lib.lib(stm32f10x_rcc.o)
    0x08009028   0x00000010   Code   RO         1549    i.RCC_GetSYSCLKSource  lib.lib(stm32f10x_rcc.o)
    0x08009038   0x00000014   Code   RO         1550    i.RCC_HCLKConfig    lib.lib(stm32f10x_rcc.o)
    0x0800904c   0x00000038   Code   RO         1551    i.RCC_HSEConfig     lib.lib(stm32f10x_rcc.o)
    0x08009084   0x0000000c   Code   RO         1552    i.RCC_HSICmd        lib.lib(stm32f10x_rcc.o)
    0x08009090   0x00000014   Code   RO         1557    i.RCC_PCLK1Config   lib.lib(stm32f10x_rcc.o)
    0x080090a4   0x00000014   Code   RO         1558    i.RCC_PCLK2Config   lib.lib(stm32f10x_rcc.o)
    0x080090b8   0x0000000c   Code   RO         1559    i.RCC_PLLCmd        lib.lib(stm32f10x_rcc.o)
    0x080090c4   0x00000014   Code   RO         1560    i.RCC_PLLConfig     lib.lib(stm32f10x_rcc.o)
    0x080090d8   0x00000014   Code   RO         1563    i.RCC_SYSCLKConfig  lib.lib(stm32f10x_rcc.o)
    0x080090ec   0x00000034   Code   RO         1565    i.RCC_WaitForHSEStartUp  lib.lib(stm32f10x_rcc.o)
    0x08009120   0x00000016   Code   RO          754    i.SysTick_CLKSourceConfig  lib.lib(misc.o)
    0x08009136   0x00000016   Code   RO         1734    i.TIM_ARRPreloadConfig  lib.lib(stm32f10x_tim.o)
    0x0800914c   0x00000006   Code   RO         1740    i.TIM_ClearFlag     lib.lib(stm32f10x_tim.o)
    0x08009152   0x00000016   Code   RO         1746    i.TIM_Cmd           lib.lib(stm32f10x_tim.o)
    0x08009168   0x00000016   Code   RO         1748    i.TIM_CtrlPWMOutputs  lib.lib(stm32f10x_tim.o)
    0x0800917e   0x0000001a   Code   RO         1767    i.TIM_GetITStatus   lib.lib(stm32f10x_tim.o)
    0x08009198   0x00000010   Code   RO         1771    i.TIM_ITConfig      lib.lib(stm32f10x_tim.o)
    0x080091a8   0x00000084   Code   RO         1780    i.TIM_OC2Init       lib.lib(stm32f10x_tim.o)
    0x0800922c   0x0000000e   Code   RO         1783    i.TIM_OC2PreloadConfig  lib.lib(stm32f10x_tim.o)
    0x0800923a   0x00000080   Code   RO         1785    i.TIM_OC3Init       lib.lib(stm32f10x_tim.o)
    0x080092ba   0x0000000c   Code   RO         1788    i.TIM_OC3PreloadConfig  lib.lib(stm32f10x_tim.o)
    0x080092c6   0x00000002   PAD
    0x080092c8   0x00000066   Code   RO         1790    i.TIM_OC4Init       lib.lib(stm32f10x_tim.o)
    0x0800932e   0x0000000e   Code   RO         1792    i.TIM_OC4PreloadConfig  lib.lib(stm32f10x_tim.o)
    0x0800933c   0x00000014   Code   RO         1793    i.TIM_OCStructInit  lib.lib(stm32f10x_tim.o)
    0x08009350   0x0000003c   Code   RO         1817    i.TIM_TimeBaseInit  lib.lib(stm32f10x_tim.o)
    0x0800938c   0x00000012   Code   RO         2261    i.USART_Cmd         lib.lib(stm32f10x_usart.o)
    0x0800939e   0x0000000e   Code   RO         2264    i.USART_GetFlagStatus  lib.lib(stm32f10x_usart.o)
    0x080093ac   0x00000044   Code   RO         2265    i.USART_GetITStatus  lib.lib(stm32f10x_usart.o)
    0x080093f0   0x00000030   Code   RO         2267    i.USART_ITConfig    lib.lib(stm32f10x_usart.o)
    0x08009420   0x00000090   Code   RO         2268    i.USART_Init        lib.lib(stm32f10x_usart.o)
    0x080094b0   0x00000008   Code   RO         2273    i.USART_ReceiveData  lib.lib(stm32f10x_usart.o)
    0x080094b8   0x00000008   Code   RO         2276    i.USART_SendData    lib.lib(stm32f10x_usart.o)
    0x080094c0   0x00000016   Code   RO         2282    i.USART_StructInit  lib.lib(stm32f10x_usart.o)
    0x080094d6   0x00000002   PAD
    0x080094d8   0x00000026   Code   RO         2433    x$fpl$ffltu         fz_ws.l(fflt_clz.o)
    0x080094fe   0x00000000   Code   RO         2440    x$fpl$usenofp       fz_ws.l(usenofp.o)
    0x080094fe   0x00000002   PAD
    0x08009500   0x00000020   Data   RO         2592    Region$$Table       anon$$obj.o


    Execution Region RW_IRAM1 (Base: 0x20000000, Size: 0x00002a40, Max: 0x00005000, ABSOLUTE)

    Base Addr    Size         Type   Attr      Idx    E Section Name        Object

    0x20000000   0x00000006   Data   RW          250    .data               main_esc_box.o
    0x20000006   0x00000002   PAD
    0x20000008   0x00000004   Data   RW          285    .data               adc_config.o
    0x2000000c   0x00000004   Data   RW          302    .data               esc_box_led.o
    0x20000010   0x00000004   Data   RW          317    .data               esc_80_pump_pitch_control.o
    0x20000014   0x0000002d   Data   RW          334    .data               esc_80_yaw_control.o
    0x20000041   0x00000003   PAD
    0x20000044   0x0000002f   Data   RW          366    .data               rtu_485_runtime.o
    0x20000073   0x00000001   PAD
    0x20000074   0x0000000d   Data   RW          386    .data               esc_can_listener.o
    0x20000081   0x00000001   PAD
    0x20000082   0x0000000a   Data   RW          402    .data               esc_box_ke4_speed.o
    0x2000008c   0x00000001   Data   RW          418    .data               esc_limit_alarm.o
    0x2000008d   0x00000003   PAD
    0x20000090   0x0000000c   Data   RW          492    .data               rtu_485.o
    0x2000009c   0x00000006   Data   RW          582    .data               setcan.o
    0x200000a2   0x00000002   PAD
    0x200000a4   0x00000004   Data   RW          601    .data               setclock.o
    0x200000a8   0x0000000d   Data   RW          620    .data               setsystick.o
    0x200000b5   0x00000003   PAD
    0x200000b8   0x0000000c   Data   RW          639    .data               setuart.o
    0x200000c4   0x00000005   Data   RW          662    .data               system_error_status.o
    0x200000c9   0x00000003   PAD
    0x200000cc   0x00000004   Data   RW          679    .data               iap_jumper.o
    0x200000d0   0x00000014   Data   RW         1566    .data               lib.lib(stm32f10x_rcc.o)
    0x200000e4   0x00000d3c   Zero   RW          248    .bss                main_esc_box.o
    0x20000e20   0x000000b4   Zero   RW          283    .bss                adc_config.o
    0x20000ed4   0x0000000c   Zero   RW          300    .bss                esc_box_led.o
    0x20000ee0   0x0000000c   Zero   RW          332    .bss                esc_80_yaw_control.o
    0x20000eec   0x000002b0   Zero   RW          364    .bss                rtu_485_runtime.o
    0x2000119c   0x00000014   Zero   RW          384    .bss                esc_can_listener.o
    0x200011b0   0x00000110   Zero   RW          490    .bss                rtu_485.o
    0x200012c0   0x00000ff8   Zero   RW          580    .bss                setcan.o
    0x200022b8   0x00000128   Zero   RW          677    .bss                iap_jumper.o
    0x200023e0   0x00000060   Zero   RW         2467    .bss                c_w.l(libspace.o)
    0x20002440   0x00000200   Zero   RW          744    HEAP                startup_stm32f10x_md.o
    0x20002640   0x00000400   Zero   RW          743    STACK               startup_stm32f10x_md.o


==============================================================================

Image component sizes


      Code (inc. data)   RO Data    RW Data    ZI Data      Debug   Object Name

       552         22          0          4        180       2756   adc_config.o
         0          0          0          0          0     252100   adxl345.o
       808          6          0          0          0       3581   cmdcoder.o
        32          0          0          0          0        588   core_cm3.o
        92          0          0          0          0       1444   crc16.o
       756         26          0          4          0       3871   esc_80_pump_pitch_control.o
      1656        300          0         45         12       9129   esc_80_yaw_control.o
        80         10          0         10          0       1620   esc_box_ke4_speed.o
       476         18          0          4         12       2972   esc_box_led.o
       140          8          0          0          0       1533   esc_box_log.o
      1420        114          0         13         20       3382   esc_can_listener.o
       260         12          0          1          0       1562   esc_limit_alarm.o
       220          0          0          0          0       2731   fifo.o
       232          0          0          0          0       2983   fifo_void.o
       368         26          0          4        296       7914   iap_jumper.o
        24          0          0          0          0       4215   main.o
      1984        216          0          6       3388       9231   main_esc_box.o
       824         76          0         12        272       3883   rtu_485.o
      2928        644          0         47        688      12794   rtu_485_runtime.o
      1404         72          0          6       4088       6406   setcan.o
       308         14          0          4          0       1195   setclock.o
       300         14          0          0          0        657   setgpio_2.o
       400         24          0         13          0       7634   setsystick.o
       292          6          0          0          0      18025   settimer.o
       744         26          0         12          0       3623   setuart.o
        56         22        236          0       1536        836   startup_stm32f10x_md.o
       264         26          0          5          0       1671   system_error_status.o

    ----------------------------------------------------------------------
     16620       1682        268        208      10492     368336   Object Totals
         0          0         32          0          0          0   (incl. Generated)
         0          0          0         18          0          0   (incl. Padding)

    ----------------------------------------------------------------------

      Code (inc. data)   RO Data    RW Data    ZI Data      Debug   Library Member Name

         8          0          0          0          0         68   __main.o
         0          0          0          0          0          0   __rtentry.o
        12          0          0          0          0          0   __rtentry2.o
         6          0          0          0          0          0   __rtentry4.o
        52          8          0          0          0          0   __scatter.o
        26          0          0          0          0          0   __scatter_copy.o
        28          0          0          0          0          0   __scatter_zi.o
        12          0          0          0          0         72   exit.o
         6          0          0          0          0        152   heapauxi.o
         0          0          0          0          0          0   indicate_semi.o
         2          0          0          0          0          0   libinit.o
         2          0          0          0          0          0   libinit2.o
         2          0          0          0          0          0   libshutdown.o
         2          0          0          0          0          0   libshutdown2.o
         8          4          0          0         96         68   libspace.o
       100          0          0          0          0         80   rt_memcpy_w.o
         2          0          0          0          0          0   rtexit.o
        10          0          0          0          0          0   rtexit2.o
        12          4          0          0          0         68   sys_exit.o
        74          0          0          0          0         80   sys_stackheap_outer.o
         2          0          0          0          0         68   use_no_semi.o
        38          0          0          0          0         68   fflt_clz.o
         0          0          0          0          0          0   usenofp.o
       170         10          0          0          0     275419   misc.o
       330          6          0          0          0       6965   stm32f10x_adc.o
      1302          6          0          0          0       9275   stm32f10x_can.o
       422         64          0          0          0       4311   stm32f10x_dma.o
       352         50          0          0          0       5668   stm32f10x_flash.o
       342          4          0          0          0       5145   stm32f10x_gpio.o
       640        116          0         20          0      11483   stm32f10x_rcc.o
       596          0          0          0          0      11591   stm32f10x_tim.o
       330          4          0          0          0       5988   stm32f10x_usart.o

    ----------------------------------------------------------------------
      4904        276          0         20         96     336569   Library Totals
        16          0          0          0          0          0   (incl. Padding)

    ----------------------------------------------------------------------

      Code (inc. data)   RO Data    RW Data    ZI Data      Debug   Library Name

       366         16          0          0         96        656   c_w.l
        38          0          0          0          0         68   fz_ws.l
      4484        260          0         20          0     335845   lib.lib

    ----------------------------------------------------------------------
      4904        276          0         20         96     336569   Library Totals

    ----------------------------------------------------------------------

==============================================================================


      Code (inc. data)   RO Data    RW Data    ZI Data      Debug   

     21524       1958        268        228      10588     698453   Grand Totals
     21524       1958        268        228      10588     698453   ELF Image Totals
     21524       1958        268        228          0          0   ROM Totals

==============================================================================

    Total RO  Size (Code + RO Data)                21792 (  21.28kB)
    Total RW  Size (RW Data + ZI Data)             10816 (  10.56kB)
    Total ROM Size (Code + RO Data + RW Data)      22020 (  21.50kB)

==============================================================================

