Component: ARM Compiler 5.05 update 1 (build 106) Tool: armlink [4d0efa]

==============================================================================

Section Cross References

    ds18b20.o(.text) refers to stm32f10x_gpio.o(i.GPIO_Init) for GPIO_Init
    ds18b20.o(.text) refers to setsystick.o(.text) for delay_us
    setadc.o(.text) refers to stm32f10x_rcc.o(i.RCC_APB2PeriphClockCmd) for RCC_APB2PeriphClockCmd
    setadc.o(.text) refers to stm32f10x_rcc.o(i.RCC_AHBPeriphClockCmd) for RCC_AHBPeriphClockCmd
    setadc.o(.text) refers to stm32f10x_adc.o(i.ADC_Init) for ADC_Init
    setadc.o(.text) refers to stm32f10x_adc.o(i.ADC_RegularChannelConfig) for ADC_RegularChannelConfig
    setadc.o(.text) refers to stm32f10x_adc.o(i.ADC_TempSensorVrefintCmd) for ADC_TempSensorVrefintCmd
    setadc.o(.text) refers to stm32f10x_adc.o(i.ADC_DMACmd) for ADC_DMACmd
    setadc.o(.text) refers to stm32f10x_adc.o(i.ADC_Cmd) for ADC_Cmd
    setadc.o(.text) refers to stm32f10x_adc.o(i.ADC_ResetCalibration) for ADC_ResetCalibration
    setadc.o(.text) refers to stm32f10x_adc.o(i.ADC_GetResetCalibrationStatus) for ADC_GetResetCalibrationStatus
    setadc.o(.text) refers to stm32f10x_adc.o(i.ADC_StartCalibration) for ADC_StartCalibration
    setadc.o(.text) refers to stm32f10x_adc.o(i.ADC_GetCalibrationStatus) for ADC_GetCalibrationStatus
    setadc.o(.text) refers to stm32f10x_adc.o(i.ADC_SoftwareStartConvCmd) for ADC_SoftwareStartConvCmd
    setadc.o(.text) refers to stm32f10x_dma.o(i.DMA_DeInit) for DMA_DeInit
    setadc.o(.text) refers to stm32f10x_dma.o(i.DMA_Init) for DMA_Init
    setadc.o(.text) refers to stm32f10x_dma.o(i.DMA_Cmd) for DMA_Cmd
    setadc.o(.text) refers to setadc.o(.bss) for ADCConvert
    settimer.o(.text) refers to stm32f10x_rcc.o(i.RCC_APB2PeriphClockCmd) for RCC_APB2PeriphClockCmd
    settimer.o(.text) refers to stm32f10x_rcc.o(i.RCC_APB1PeriphClockCmd) for RCC_APB1PeriphClockCmd
    settimer.o(.text) refers to misc.o(i.NVIC_PriorityGroupConfig) for NVIC_PriorityGroupConfig
    settimer.o(.text) refers to misc.o(i.NVIC_Init) for NVIC_Init
    settimer.o(.text) refers to stm32f10x_tim.o(i.TIM_TimeBaseInit) for TIM_TimeBaseInit
    settimer.o(.text) refers to stm32f10x_tim.o(i.TIM_ClearFlag) for TIM_ClearFlag
    settimer.o(.text) refers to stm32f10x_tim.o(i.TIM_ITConfig) for TIM_ITConfig
    settimer.o(.text) refers to stm32f10x_tim.o(i.TIM_Cmd) for TIM_Cmd
    settimer.o(.text) refers to stm32f10x_tim.o(i.TIM_GetITStatus) for TIM_GetITStatus
    setgpio.o(.text) refers to stm32f10x_rcc.o(i.RCC_APB2PeriphClockCmd) for RCC_APB2PeriphClockCmd
    setgpio.o(.text) refers to stm32f10x_gpio.o(i.GPIO_StructInit) for GPIO_StructInit
    setgpio.o(.text) refers to stm32f10x_gpio.o(i.GPIO_Init) for GPIO_Init
    setgpio.o(.text) refers to stm32f10x_gpio.o(i.GPIO_PinRemapConfig) for GPIO_PinRemapConfig
    gps.o(.text) refers to setuart.o(.text) for Uart_PutChar
    gps.o(.text) refers to setsystick.o(.text) for delay_us
    gps.o(.text) refers to navigation_box_led.o(.text) for Nbl_Led_toggle
    gps.o(.text) refers to gps.o(.data) for gps_uart
    gps.o(.text) refers to gps.o(.bss) for GPS_Command_Buffer
    hmc6343.o(.text) refers to setsystick.o(.text) for delay_us
    hmc6343.o(.text) refers to hmc6343.o(.data) for heading_msb
    main_navigation_box.o(.text) refers to atof.o(i.atof) for atof
    main_navigation_box.o(.text) refers to ddiv.o(x$fpl$ddiv) for __aeabi_ddiv
    main_navigation_box.o(.text) refers to daddsub_clz.o(x$fpl$dadd) for __aeabi_dadd
    main_navigation_box.o(.text) refers to dmul.o(x$fpl$dmul) for __aeabi_dmul
    main_navigation_box.o(.text) refers to dfix.o(x$fpl$dfix) for __aeabi_d2iz
    main_navigation_box.o(.text) refers to setcan.o(.text) for Can1_Send
    main_navigation_box.o(.text) refers to cmdcoder.o(.text) for cmdcoder_send_bytes
    main_navigation_box.o(.text) refers to setuart.o(.text) for Uart_PutChar
    main_navigation_box.o(.text) refers to setclock.o(.text) for SetupPllClock
    main_navigation_box.o(.text) refers to setgpio_1.o(.text) for Navi_GPIO_Configuration
    main_navigation_box.o(.text) refers to iap_jumper.o(.text) for Iap_Configure
    main_navigation_box.o(.text) refers to navigation_box_led.o(.text) for Nbl_Led_Configuration
    main_navigation_box.o(.text) refers to hmc6343.o(.text) for HMC6343_Configuration
    main_navigation_box.o(.text) refers to gps.o(.text) for gps_config
    main_navigation_box.o(.text) refers to setsystick.o(.text) for systick_time_start
    main_navigation_box.o(.text) refers to main_navigation_box.o(.bss) for tempstr
    main_navigation_box.o(.text) refers to main_navigation_box.o(.data) for GPSLat
    main_navigation_box.o(.text) refers to stm32f10x_gpio.o(i.GPIO_ReadInputDataBit) for GPIO_ReadInputDataBit
    navigation_box_led.o(.text) refers to stm32f10x_gpio.o(i.GPIO_ResetBits) for GPIO_ResetBits
    navigation_box_led.o(.text) refers to stm32f10x_gpio.o(i.GPIO_SetBits) for GPIO_SetBits
[...]
    i.DMA_Cmd                                0x08008584   Section        0  stm32f10x_dma.o(i.DMA_Cmd)
    i.DMA_DeInit                             0x08008598   Section        0  stm32f10x_dma.o(i.DMA_DeInit)
    i.DMA_GetITStatus                        0x080086a0   Section        0  stm32f10x_dma.o(i.DMA_GetITStatus)
    i.DMA_ITConfig                           0x080086c0   Section        0  stm32f10x_dma.o(i.DMA_ITConfig)
    i.DMA_Init                               0x080086d0   Section        0  stm32f10x_dma.o(i.DMA_Init)
    i.FLASH_ClearFlag                        0x08008718   Section        0  stm32f10x_flash.o(i.FLASH_ClearFlag)
    i.FLASH_ErasePage                        0x08008724   Section        0  stm32f10x_flash.o(i.FLASH_ErasePage)
    i.FLASH_Lock                             0x08008768   Section        0  stm32f10x_flash.o(i.FLASH_Lock)
    i.FLASH_PrefetchBufferCmd                0x08008778   Section        0  stm32f10x_flash.o(i.FLASH_PrefetchBufferCmd)
    i.FLASH_ProgramWord                      0x08008790   Section        0  stm32f10x_flash.o(i.FLASH_ProgramWord)
    i.FLASH_SetLatency                       0x080087e0   Section        0  stm32f10x_flash.o(i.FLASH_SetLatency)
    i.FLASH_Unlock                           0x080087f4   Section        0  stm32f10x_flash.o(i.FLASH_Unlock)
    i.FLASH_WaitForLastOperation             0x0800880c   Section        0  stm32f10x_flash.o(i.FLASH_WaitForLastOperation)
    i.GPIO_Init                              0x08008878   Section        0  stm32f10x_gpio.o(i.GPIO_Init)
    i.GPIO_PinRemapConfig                    0x08008944   Section        0  stm32f10x_gpio.o(i.GPIO_PinRemapConfig)
    i.GPIO_ReadInputDataBit                  0x0800899c   Section        0  stm32f10x_gpio.o(i.GPIO_ReadInputDataBit)
    i.GPIO_ReadOutputDataBit                 0x080089aa   Section        0  stm32f10x_gpio.o(i.GPIO_ReadOutputDataBit)
    i.GPIO_ResetBits                         0x080089b8   Section        0  stm32f10x_gpio.o(i.GPIO_ResetBits)
    i.GPIO_SetBits                           0x080089bc   Section        0  stm32f10x_gpio.o(i.GPIO_SetBits)
    i.GPIO_StructInit                        0x080089c0   Section        0  stm32f10x_gpio.o(i.GPIO_StructInit)
    i.NVIC_Init                              0x080089d0   Section        0  misc.o(i.NVIC_Init)
    i.NVIC_PriorityGroupConfig               0x08008a3c   Section        0  misc.o(i.NVIC_PriorityGroupConfig)
    i.NVIC_SetVectorTable                    0x08008a50   Section        0  misc.o(i.NVIC_SetVectorTable)
    i.RCC_ADCCLKConfig                       0x08008a64   Section        0  stm32f10x_rcc.o(i.RCC_ADCCLKConfig)
    i.RCC_AHBPeriphClockCmd                  0x08008a78   Section        0  stm32f10x_rcc.o(i.RCC_AHBPeriphClockCmd)
    i.RCC_APB1PeriphClockCmd                 0x08008a90   Section        0  stm32f10x_rcc.o(i.RCC_APB1PeriphClockCmd)
    i.RCC_APB1PeriphResetCmd                 0x08008aa8   Section        0  stm32f10x_rcc.o(i.RCC_APB1PeriphResetCmd)
    i.RCC_APB2PeriphClockCmd                 0x08008ac0   Section        0  stm32f10x_rcc.o(i.RCC_APB2PeriphClockCmd)
    i.RCC_DeInit                             0x08008ad8   Section        0  stm32f10x_rcc.o(i.RCC_DeInit)
    i.RCC_GetClocksFreq                      0x08008b18   Section        0  stm32f10x_rcc.o(i.RCC_GetClocksFreq)
    i.RCC_GetFlagStatus                      0x08008bbc   Section        0  stm32f10x_rcc.o(i.RCC_GetFlagStatus)
    i.RCC_GetSYSCLKSource                    0x08008bec   Section        0  stm32f10x_rcc.o(i.RCC_GetSYSCLKSource)
    i.RCC_HCLKConfig                         0x08008bfc   Section        0  stm32f10x_rcc.o(i.RCC_HCLKConfig)
    i.RCC_HSEConfig                          0x08008c10   Section        0  stm32f10x_rcc.o(i.RCC_HSEConfig)
    i.RCC_HSICmd                             0x08008c48   Section        0  stm32f10x_rcc.o(i.RCC_HSICmd)
    i.RCC_PCLK1Config                        0x08008c54   Section        0  stm32f10x_rcc.o(i.RCC_PCLK1Config)
    i.RCC_PCLK2Config                        0x08008c68   Section        0  stm32f10x_rcc.o(i.RCC_PCLK2Config)
    i.RCC_PLLCmd                             0x08008c7c   Section        0  stm32f10x_rcc.o(i.RCC_PLLCmd)
    i.RCC_PLLConfig                          0x08008c88   Section        0  stm32f10x_rcc.o(i.RCC_PLLConfig)
    i.RCC_SYSCLKConfig                       0x08008c9c   Section        0  stm32f10x_rcc.o(i.RCC_SYSCLKConfig)
    i.RCC_WaitForHSEStartUp                  0x08008cb0   Section        0  stm32f10x_rcc.o(i.RCC_WaitForHSEStartUp)
    i.SysTick_CLKSourceConfig                0x08008ce4   Section        0  misc.o(i.SysTick_CLKSourceConfig)
    i.TIM_ClearFlag                          0x08008cfa   Section        0  stm32f10x_tim.o(i.TIM_ClearFlag)
    i.TIM_Cmd                                0x08008d00   Section        0  stm32f10x_tim.o(i.TIM_Cmd)
    i.TIM_GetITStatus                        0x08008d16   Section        0  stm32f10x_tim.o(i.TIM_GetITStatus)
    i.TIM_ITConfig                           0x08008d30   Section        0  stm32f10x_tim.o(i.TIM_ITConfig)
    i.TIM_TimeBaseInit                       0x08008d40   Section        0  stm32f10x_tim.o(i.TIM_TimeBaseInit)
    i.USART_Cmd                              0x08008d7c   Section        0  stm32f10x_usart.o(i.USART_Cmd)
    i.USART_GetFlagStatus                    0x08008d8e   Section        0  stm32f10x_usart.o(i.USART_GetFlagStatus)
    i.USART_GetITStatus                      0x08008d9c   Section        0  stm32f10x_usart.o(i.USART_GetITStatus)
    i.USART_ITConfig                         0x08008de0   Section        0  stm32f10x_usart.o(i.USART_ITConfig)
    i.USART_Init                             0x08008e10   Section        0  stm32f10x_usart.o(i.USART_Init)
    i.USART_ReceiveData                      0x08008ea0   Section        0  stm32f10x_usart.o(i.USART_ReceiveData)
    i.USART_SendData                         0x08008ea8   Section        0  stm32f10x_usart.o(i.USART_SendData)
    i.USART_StructInit                       0x08008eb0   Section        0  stm32f10x_usart.o(i.USART_StructInit)
    i.__mathlib_dbl_overflow                 0x08008ec6   Section        0  dunder.o(i.__mathlib_dbl_overflow)
    i.__mathlib_dbl_underflow                0x08008ed4   Section        0  dunder.o(i.__mathlib_dbl_underflow)
    i.__mathlib_narrow                       0x08008ee4   Section        0  narrow.o(i.__mathlib_narrow)
    i.__mathlib_tofloat                      0x08008ef4   Section        0  narrow.o(i.__mathlib_tofloat)
    i.__support_ldexp                        0x08008f7c   Section        0  ldexp.o(i.__support_ldexp)
    i._is_digit                              0x08008f92   Section        0  scanf_fp.o(i._is_digit)
    i.atof                                   0x08008fa0   Section        0  atof.o(i.atof)
    i.frexp                                  0x08008fcc   Section        0  frexp.o(i.frexp)
    i.ldexp                                  0x08009024   Section        0  ldexp.o(i.ldexp)
    locale$$code                             0x08009098   Section       44  lc_numeric_c.o(locale$$code)
    locale$$code                             0x080090c4   Section       44  lc_ctype_c.o(locale$$code)
    x$fpl$d2f                                0x080090f0   Section       98  d2f.o(x$fpl$d2f)
    x$fpl$dadd                               0x08009154   Section      336  daddsub_clz.o(x$fpl$dadd)
    _dadd1                                   0x08009165   Thumb Code     0  daddsub_clz.o(x$fpl$dadd)
    x$fpl$dcheck1                            0x080092a4   Section       16  dcheck1.o(x$fpl$dcheck1)
    x$fpl$dcmpinf                            0x080092b4   Section       24  dcmpi.o(x$fpl$dcmpinf)
    x$fpl$ddiv                               0x080092cc   Section      688  ddiv.o(x$fpl$ddiv)
    ddiv_entry                               0x080092d3   Thumb Code     0  ddiv.o(x$fpl$ddiv)
    x$fpl$deqf                               0x0800957c   Section      120  deqf.o(x$fpl$deqf)
    x$fpl$dfix                               0x080095f4   Section       94  dfix.o(x$fpl$dfix)
    x$fpl$dleqf                              0x08009654   Section      120  dleqf.o(x$fpl$dleqf)
    x$fpl$dmul                               0x080096cc   Section      340  dmul.o(x$fpl$dmul)
    x$fpl$dnaninf                            0x08009820   Section      156  dnaninf.o(x$fpl$dnaninf)
    x$fpl$dretinf                            0x080098bc   Section       12  dretinf.o(x$fpl$dretinf)
    x$fpl$drleqf                             0x080098c8   Section      108  drleqf.o(x$fpl$drleqf)
    x$fpl$dsub                               0x08009934   Section      468  daddsub_clz.o(x$fpl$dsub)
    _dsub1                                   0x08009945   Thumb Code     0  daddsub_clz.o(x$fpl$dsub)
    x$fpl$fretinf                            0x08009b08   Section       10  fretinf.o(x$fpl$fretinf)
    x$fpl$retnan                             0x08009b12   Section      100  retnan.o(x$fpl$retnan)
    x$fpl$scalbn                             0x08009b76   Section       92  scalbn.o(x$fpl$scalbn)
    x$fpl$scanf1                             0x08009bd2   Section        4  scanf1.o(x$fpl$scanf1)
    x$fpl$scanf2                             0x08009bd6   Section        8  scanf2.o(x$fpl$scanf2)
    x$fpl$trapveneer                         0x08009bde   Section       48  trapv.o(x$fpl$trapveneer)
    x$fpl$usenofp                            0x08009c0e   Section        0  usenofp.o(x$fpl$usenofp)
    .constdata                               0x08009c10   Section      148  bigflt0.o(.constdata)
    tenpwrs_x                                0x08009c10   Data          60  bigflt0.o(.constdata)
    tenpwrs_i                                0x08009c4c   Data          64  bigflt0.o(.constdata)
    c$$dinf                                  0x08009cc4   Section        8  fpconst.o(c$$dinf)
    locale$$data                             0x08009ccc   Section       28  lc_numeric_c.o(locale$$data)
    __lcnum_c_name                           0x08009cd0   Data           2  lc_numeric_c.o(locale$$data)
    __lcnum_c_start                          0x08009cd8   Data           0  lc_numeric_c.o(locale$$data)
    __lcnum_c_point                          0x08009ce4   Data           0  lc_numeric_c.o(locale$$data)
    __lcnum_c_thousands                      0x08009ce6   Data           0  lc_numeric_c.o(locale$$data)
    __lcnum_c_grouping                       0x08009ce7   Data           0  lc_numeric_c.o(locale$$data)
    locale$$data                             0x08009ce8   Section      272  lc_ctype_c.o(locale$$data)
    __lcnum_c_end                            0x08009ce8   Data           0  lc_numeric_c.o(locale$$data)
    __lcctype_c_name                         0x08009cec   Data           2  lc_ctype_c.o(locale$$data)
    __lcctype_c_start                        0x08009cf4   Data           0  lc_ctype_c.o(locale$$data)
    __lcctype_c_end                          0x08009df8   Data           0  lc_ctype_c.o(locale$$data)
    .data                                    0x20000000   Section      204  gps.o(.data)
    .data                                    0x200000cc   Section       12  hmc6343.o(.data)
    heading_msb                              0x200000cc   Data           2  hmc6343.o(.data)
    heading_lsb                              0x200000ce   Data           2  hmc6343.o(.data)
    pitch_msb                                0x200000d0   Data           2  hmc6343.o(.data)
    pitch_lsb                                0x200000d2   Data           2  hmc6343.o(.data)
    roll_msb                                 0x200000d4   Data           2  hmc6343.o(.data)
    roll_lsb                                 0x200000d6   Data           2  hmc6343.o(.data)
    .data                                    0x200000d8   Section      110  main_navigation_box.o(.data)
    .data                                    0x20000148   Section        4  adc_config.o(.data)
    .data                                    0x2000014c   Section        6  setcan.o(.data)
    .data                                    0x20000154   Section        4  setclock.o(.data)
    .data                                    0x20000158   Section       13  setsystick.o(.data)
    .data                                    0x20000168   Section       12  setuart.o(.data)
    .data                                    0x20000174   Section        5  system_error_status.o(.data)
    .data                                    0x2000017c   Section        4  iap_jumper.o(.data)
    .data                                    0x20000180   Section       20  stm32f10x_rcc.o(.data)
    ADCPrescTable                            0x20000180   Data           4  stm32f10x_rcc.o(.data)
    APBAHBPrescTable                         0x20000184   Data          16  stm32f10x_rcc.o(.data)
    .bss                                     0x20000194   Section       82  gps.o(.bss)
    .bss                                     0x200001e8   Section     2474  main_navigation_box.o(.bss)
    .bss                                     0x20000b92   Section      180  adc_config.o(.bss)
    escADCConvert                            0x20000b92   Data         180  adc_config.o(.bss)
    .bss                                     0x20000c48   Section     4088  setcan.o(.bss)
    .bss                                     0x20001c40   Section      296  iap_jumper.o(.bss)
    aip_decoder                              0x20001c40   Data         148  iap_jumper.o(.bss)
    .bss                                     0x20001d68   Section       96  libspace.o(.bss)
    HEAP                                     0x20001dc8   Section      512  startup_stm32f10x_md.o(HEAP)
    Heap_Mem                                 0x20001dc8   Data         512  startup_stm32f10x_md.o(HEAP)
    STACK                                    0x20001fc8   Section     1024  startup_stm32f10x_md.o(STACK)
    Stack_Mem                                0x20001fc8   Data        1024  startup_stm32f10x_md.o(STACK)
    __initial_sp                             0x200023c8   Data           0  startup_stm32f10x_md.o(STACK)

    Global Symbols

    Symbol Name                              Value     Ov Type        Size  Object(Section)

    BuildAttributes$$THM_ISAv4$P$D$K$B$S$PE$A:L22UL41UL21$X:L11$S22US41US21$IEEE1$IW$USESV6$~STKCKD$USESV7$~SHL$OTIME$ROPI$IEEEX$EBA8$UX$STANDARDLIB$REQ8$PRES8$EABIv2 0x00000000   Number         0  anon$$obj.o ABSOLUTE
    __ARM_use_no_argv                        0x00000000   Number         0  main.o ABSOLUTE
    __ARM_exceptions_init                     - Undefined Weak Reference
    __alloca_initialize                       - Undefined Weak Reference
    __arm_preinit_                            - Undefined Weak Reference
    __cpp_initialize__aeabi_                  - Undefined Weak Reference
    __cxa_finalize                            - Undefined Weak Reference
    __sigvec_lookup                           - Undefined Weak Reference
    _atexit_init                              - Undefined Weak Reference
    _call_atexit_fns                          - Undefined Weak Reference
    _clock_init                               - Undefined Weak Reference
    _fp_trap_init                             - Undefined Weak Reference
    _fp_trap_shutdown                         - Undefined Weak Reference
    _get_lc_collate                           - Undefined Weak Reference
    _get_lc_monetary                          - Undefined Weak Reference
    _get_lc_time                              - Undefined Weak Reference
    _getenv_init                              - Undefined Weak Reference
    _handle_redirection                       - Undefined Weak Reference
    _init_alloc                               - Undefined Weak Reference
    _init_user_alloc                          - Undefined Weak Reference
    _initio                                   - Undefined Weak Reference
    _rand_init                                - Undefined Weak Reference
    _signal_finish                            - Undefined Weak Reference
    _signal_init                              - Undefined Weak Reference
    _terminate_alloc                          - Undefined Weak Reference
    _terminate_user_alloc                     - Undefined Weak Reference
    _terminateio                              - Undefined Weak Reference
    __Vectors_Size                           0x000000ec   Number         0  startup_stm32f10x_md.o ABSOLUTE
    __Vectors                                0x08004400   Data           4  startup_stm32f10x_md.o(RESET)
    __Vectors_End                            0x080044ec   Data           0  startup_stm32f10x_md.o(RESET)
    __main                                   0x080044ed   Thumb Code     8  __main.o(!!!main)
    __scatterload                            0x080044f5   Thumb Code     0  __scatter.o(!!!scatter)
    __scatterload_rt2                        0x080044f5   Thumb Code    44  __scatter.o(!!!scatter)
    __scatterload_rt2_thumb_only             0x080044f5   Thumb Code     0  __scatter.o(!!!scatter)
    __scatterload_null                       0x08004503   Thumb Code     0  __scatter.o(!!!scatter)
    __decompress                             0x08004529   Thumb Code    90  __dczerorl2.o(!!dczerorl2)
    __decompress1                            0x08004529   Thumb Code     0  __dczerorl2.o(!!dczerorl2)
    __scatterload_zeroinit                   0x08004585   Thumb Code    28  __scatter_zi.o(!!handler_zi)
    __rt_lib_init                            0x080045a1   Thumb Code     0  libinit.o(.ARM.Collect$$libinit$$00000000)
    __rt_lib_init_fp_1                       0x080045a3   Thumb Code     0  libinit2.o(.ARM.Collect$$libinit$$00000002)
    __rt_lib_init_heap_1                     0x080045a3   Thumb Code     0  libinit2.o(.ARM.Collect$$libinit$$0000000A)
    __rt_lib_init_lc_common                  0x080045a3   Thumb Code     0  libinit2.o(.ARM.Collect$$libinit$$0000000F)
    __rt_lib_init_preinit_1                  0x080045a3   Thumb Code     0  libinit2.o(.ARM.Collect$$libinit$$00000004)
    __rt_lib_init_rand_1                     0x080045a3   Thumb Code     0  libinit2.o(.ARM.Collect$$libinit$$0000000E)
    __rt_lib_init_user_alloc_1               0x080045a3   Thumb Code     0  libinit2.o(.ARM.Collect$$libinit$$0000000C)
    __rt_lib_init_lc_collate_1               0x080045a9   Thumb Code     0  libinit2.o(.ARM.Collect$$libinit$$00000011)
    __rt_lib_init_lc_ctype_2                 0x080045a9   Thumb Code     0  libinit2.o(.ARM.Collect$$libinit$$00000012)
    __rt_lib_init_lc_ctype_1                 0x080045b5   Thumb Code     0  libinit2.o(.ARM.Collect$$libinit$$00000013)
    __rt_lib_init_lc_monetary_1              0x080045b5   Thumb Code     0  libinit2.o(.ARM.Collect$$libinit$$00000015)
    __rt_lib_init_lc_numeric_2               0x080045b5   Thumb Code     0  libinit2.o(.ARM.Collect$$libinit$$00000016)
    __rt_lib_init_alloca_1                   0x080045bf   Thumb Code     0  libinit2.o(.ARM.Collect$$libinit$$0000002E)
    __rt_lib_init_argv_1                     0x080045bf   Thumb Code     0  libinit2.o(.ARM.Collect$$libinit$$0000002C)
    __rt_lib_init_atexit_1                   0x080045bf   Thumb Code     0  libinit2.o(.ARM.Collect$$libinit$$0000001B)
    __rt_lib_init_clock_1                    0x080045bf   Thumb Code     0  libinit2.o(.ARM.Collect$$libinit$$00000021)
    __rt_lib_init_cpp_1                      0x080045bf   Thumb Code     0  libinit2.o(.ARM.Collect$$libinit$$00000032)
    __rt_lib_init_exceptions_1               0x080045bf   Thumb Code     0  libinit2.o(.ARM.Collect$$libinit$$00000030)
    __rt_lib_init_fp_trap_1                  0x080045bf   Thumb Code     0  libinit2.o(.ARM.Collect$$libinit$$0000001F)
    __rt_lib_init_getenv_1                   0x080045bf   Thumb Code     0  libinit2.o(.ARM.Collect$$libinit$$00000023)
    __rt_lib_init_lc_numeric_1               0x080045bf   Thumb Code     0  libinit2.o(.ARM.Collect$$libinit$$00000017)
    __rt_lib_init_lc_time_1                  0x080045bf   Thumb Code     0  libinit2.o(.ARM.Collect$$libinit$$00000019)
    __rt_lib_init_return                     0x080045bf   Thumb Code     0  libinit2.o(.ARM.Collect$$libinit$$00000033)
    __rt_lib_init_signal_1                   0x080045bf   Thumb Code     0  libinit2.o(.ARM.Collect$$libinit$$0000001D)
    __rt_lib_init_stdio_1                    0x080045bf   Thumb Code     0  libinit2.o(.ARM.Collect$$libinit$$00000025)
    __rt_lib_shutdown                        0x080045c1   Thumb Code     0  libshutdown.o(.ARM.Collect$$libshutdown$$00000000)
    __rt_lib_shutdown_fp_trap_1              0x080045c3   Thumb Code     0  libshutdown2.o(.ARM.Collect$$libshutdown$$00000006)
    __rt_lib_shutdown_heap_1                 0x080045c3   Thumb Code     0  libshutdown2.o(.ARM.Collect$$libshutdown$$0000000E)
    __rt_lib_shutdown_return                 0x080045c3   Thumb Code     0  libshutdown2.o(.ARM.Collect$$libshutdown$$0000000F)
    __rt_lib_shutdown_signal_1               0x080045c3   Thumb Code     0  libshutdown2.o(.ARM.Collect$$libshutdown$$00000009)
    __rt_lib_shutdown_stdio_1                0x080045c3   Thumb Code     0  libshutdown2.o(.ARM.Collect$$libshutdown$$00000003)
    __rt_lib_shutdown_user_alloc_1           0x080045c3   Thumb Code     0  libshutdown2.o(.ARM.Collect$$libshutdown$$0000000B)
    __rt_entry                               0x080045c5   Thumb Code     0  __rtentry.o(.ARM.Collect$$rtentry$$00000000)
    __rt_entry_presh_1                       0x080045c5   Thumb Code     0  __rtentry2.o(.ARM.Collect$$rtentry$$00000002)
    __rt_entry_sh                            0x080045c5   Thumb Code     0  __rtentry4.o(.ARM.Collect$$rtentry$$00000004)
    __rt_entry_li                            0x080045cb   Thumb Code     0  __rtentry2.o(.ARM.Collect$$rtentry$$0000000A)
    __rt_entry_postsh_1                      0x080045cb   Thumb Code     0  __rtentry2.o(.ARM.Collect$$rtentry$$00000009)
    __rt_entry_main                          0x080045cf   Thumb Code     0  __rtentry2.o(.ARM.Collect$$rtentry$$0000000D)
    __rt_entry_postli_1                      0x080045cf   Thumb Code     0  __rtentry2.o(.ARM.Collect$$rtentry$$0000000C)
    __rt_exit                                0x080045d7   Thumb Code     0  rtexit.o(.ARM.Collect$$rtexit$$00000000)
    __rt_exit_ls                             0x080045d9   Thumb Code     0  rtexit2.o(.ARM.Collect$$rtexit$$00000003)
    __rt_exit_prels_1                        0x080045d9   Thumb Code     0  rtexit2.o(.ARM.Collect$$rtexit$$00000002)
    __rt_exit_exit                           0x080045dd   Thumb Code     0  rtexit2.o(.ARM.Collect$$rtexit$$00000004)
    __get_PSP                                0x080045e5   Thumb Code     6  core_cm3.o(.emb_text)
    __set_PSP                                0x080045eb   Thumb Code     6  core_cm3.o(.emb_text)
    __get_MSP                                0x080045f1   Thumb Code     6  core_cm3.o(.emb_text)
    __set_MSP                                0x080045f7   Thumb Code     6  core_cm3.o(.emb_text)
    __REV16                                  0x080045fd   Thumb Code     4  core_cm3.o(.emb_text)
    __REVSH                                  0x08004601   Thumb Code     4  core_cm3.o(.emb_text)
    Timer_Configuration                      0x08004605   Thumb Code   206  settimer.o(.text)
    TIM1_UP_IRQHandler                       0x080046d3   Thumb Code    40  settimer.o(.text)
    TIM2_IRQHandler                          0x080046fb   Thumb Code    40  settimer.o(.text)
    send_commad                              0x08004729   Thumb Code    38  gps.o(.text)
    gps_config                               0x0800474f   Thumb Code    88  gps.o(.text)
    GPS_Analyze                              0x080047a7   Thumb Code   382  gps.o(.text)
    gps_parse                                0x08004925   Thumb Code   184  gps.o(.text)
    gps_event                                0x080049dd   Thumb Code    40  gps.o(.text)
    Delay_Nms                                0x08004c47   Thumb Code    18  hmc6343.o(.text)
    HMC6343_Configuration                    0x08004c59   Thumb Code    76  hmc6343.o(.text)
    HMC6343_Calibrate                        0x08004ca5   Thumb Code    80  hmc6343.o(.text)
    HMC6343_Read                             0x08004cf5   Thumb Code   236  hmc6343.o(.text)
    DoubleToBytes                            0x08004dfd   Thumb Code    38  main_navigation_box.o(.text)
    BytesToDouble                            0x08004e23   Thumb Code    38  main_navigation_box.o(.text)
    tempsubstr                               0x08004e49   Thumb Code    40  main_navigation_box.o(.text)
    navi_report                              0x08004e71   Thumb Code   830  main_navigation_box.o(.text)
    encodeCallback                           0x080051af   Thumb Code    16  main_navigation_box.o(.text)
    main_setup                               0x080051bf   Thumb Code   210  main_navigation_box.o(.text)
    main_deinit                              0x08005291   Thumb Code     2  main_navigation_box.o(.text)
    main_loop                                0x08005293   Thumb Code   338  main_navigation_box.o(.text)
    Nbl_Led_on                               0x0800540d   Thumb Code    32  navigation_box_led.o(.text)
    Nbl_Led_off                              0x0800542d   Thumb Code    32  navigation_box_led.o(.text)
    is_led_on                                0x0800544d   Thumb Code    52  navigation_box_led.o(.text)
    Nbl_Led_toggle                           0x08005481   Thumb Code    28  navigation_box_led.o(.text)
    Nbl_Led_Configuration                    0x0800549d   Thumb Code    78  navigation_box_led.o(.text)
    Navi_GPIO_Configuration                  0x080054f1   Thumb Code   288  setgpio_1.o(.text)
    Esc_ADC_Configuration                    0x0800561d   Thumb Code   398  adc_config.o(.text)
    DMA1_Channel1_IRQHandler                 0x080057ab   Thumb Code    30  adc_config.o(.text)
    Cali_Adc_Value                           0x080057c9   Thumb Code    72  adc_config.o(.text)
    Get_Oil_Mass_Adc_value                   0x08005811   Thumb Code    10  adc_config.o(.text)
    Get_ISA_Adc_value                        0x0800581b   Thumb Code    10  adc_config.o(.text)
    Get_PUMP_ANGLE_Adc_value                 0x08005825   Thumb Code    10  adc_config.o(.text)
    cmdcoder_init                            0x08005875   Thumb Code    30  cmdcoder.o(.text)
    cmdcoder_Parse_byte                      0x08005893   Thumb Code   416  cmdcoder.o(.text)
    cmdcoder_encode_and_send                 0x08005a33   Thumb Code   244  cmdcoder.o(.text)
    cmdcoder_send_bytes                      0x08005b27   Thumb Code    70  cmdcoder.o(.text)
    fifo_init                                0x08005b6d   Thumb Code    22  fifo.o(.text)
    fifo_avail                               0x08005b83   Thumb Code     6  fifo.o(.text)
    fifo_free                                0x08005b89   Thumb Code    12  fifo.o(.text)
    fifo_enabled                             0x08005b95   Thumb Code     6  fifo.o(.text)
    is_fifo_overflow                         0x08005b9b   Thumb Code     6  fifo.o(.text)
    fifo_put                                 0x08005ba1   Thumb Code    50  fifo.o(.text)
    fifo_recovery_put                        0x08005bd3   Thumb Code    68  fifo.o(.text)
    fifo_get                                 0x08005c17   Thumb Code    50  fifo.o(.text)
    fifo_void_init                           0x08005c49   Thumb Code    24  fifo_void.o(.text)
    fifo_void_avail                          0x08005c61   Thumb Code    24  fifo_void.o(.text)
    fifo_void_free                           0x08005c79   Thumb Code    18  fifo_void.o(.text)
    fifo_void_enabled                        0x08005c8b   Thumb Code     6  fifo_void.o(.text)
    is_fifo_void_overflow                    0x08005c91   Thumb Code     6  fifo_void.o(.text)
    fifo_void_put                            0x08005c97   Thumb Code    48  fifo_void.o(.text)
    fifo_void_recovery_put                   0x08005cc7   Thumb Code    60  fifo_void.o(.text)
    fifo_void_get                            0x08005d03   Thumb Code    46  fifo_void.o(.text)
    main                                     0x08005d31   Thumb Code    24  main.o(.text)
    can_rx_put_cb                            0x08005d49   Thumb Code    26  setcan.o(.text)
    can_rx_get_cb                            0x08005d63   Thumb Code    26  setcan.o(.text)
    can_tx_put_cb                            0x08005d7d   Thumb Code    26  setcan.o(.text)
    can_tx_get_cb                            0x08005d97   Thumb Code    26  setcan.o(.text)
    Can1_Configuration_mask                  0x08005db1   Thumb Code   478  setcan.o(.text)
    Can1_Configuration_withRate              0x08005f8f   Thumb Code    40  setcan.o(.text)
    Can1_Configuration                       0x08005fb7   Thumb Code    36  setcan.o(.text)
    Can1_Send_Message                        0x08005fdb   Thumb Code   126  setcan.o(.text)
    Can1_Send_Ext                            0x08006059   Thumb Code   116  setcan.o(.text)
    Can1_Send                                0x080060cd   Thumb Code   132  setcan.o(.text)
    Can1_Get_CanRxMsg                        0x08006151   Thumb Code    58  setcan.o(.text)
    USB_LP_CAN1_RX0_IRQHandler               0x0800618b   Thumb Code    54  setcan.o(.text)
    CAN1_RX1_IRQHandler                      0x080061c1   Thumb Code    22  setcan.o(.text)
    USB_HP_CAN1_TX_IRQHandler                0x080061d7   Thumb Code   202  setcan.o(.text)
    configHisClock                           0x080062c5   Thumb Code   122  setclock.o(.text)
    SetupPllClock                            0x0800633f   Thumb Code   204  setclock.o(.text)
    SysTick_Configuration                    0x08006421   Thumb Code    90  setsystick.o(.text)
    SysTick_Deinit                           0x0800647b   Thumb Code    28  setsystick.o(.text)
    SysTick_Handler                          0x08006497   Thumb Code    28  setsystick.o(.text)
    Systick_Event                            0x080064b3   Thumb Code   102  setsystick.o(.text)
    delay_us                                 0x08006519   Thumb Code    16  setsystick.o(.text)
    systick_time_start                       0x08006529   Thumb Code    40  setsystick.o(.text)
    check_systick_time                       0x08006551   Thumb Code    66  setsystick.o(.text)
    get_system_ms                            0x08006593   Thumb Code     6  setsystick.o(.text)
    Uart_Configuration                       0x080065b1   Thumb Code   278  setuart.o(.text)
    Uart_DeInit                              0x080066c7   Thumb Code    38  setuart.o(.text)
    _uart_irq_function                       0x080066ed   Thumb Code   158  setuart.o(.text)
    USART1_IRQHandler                        0x0800678b   Thumb Code    12  setuart.o(.text)
    USART2_IRQHandler                        0x08006797   Thumb Code    12  setuart.o(.text)
    USART3_IRQHandler                        0x080067a3   Thumb Code    12  setuart.o(.text)
    Uart_GetChar                             0x080067af   Thumb Code    48  setuart.o(.text)
    Uart_PutChar                             0x080067df   Thumb Code   102  setuart.o(.text)
    Uart_PutString                           0x08006845   Thumb Code    26  setuart.o(.text)
    Uart_PutBytes                            0x0800685f   Thumb Code    32  setuart.o(.text)
    system_error_init                        0x08006899   Thumb Code    10  system_error_status.o(.text)
    system_error_get                         0x080068a3   Thumb Code     4  system_error_status.o(.text)
    system_Error_Callback                    0x080068a7   Thumb Code   234  system_error_status.o(.text)
    get_iap_tag                              0x080069a1   Thumb Code     6  iap_jumper.o(.text)
    set_iap_tag                              0x080069a7   Thumb Code   122  iap_jumper.o(.text)
    aipjumperEnodeCallback                   0x08006a21   Thumb Code    18  iap_jumper.o(.text)
    iap_jumper_answer_ack_false              0x08006a33   Thumb Code    38  iap_jumper.o(.text)
    jump_by_reset                            0x08006a59   Thumb Code    30  iap_jumper.o(.text)
    jump_to_iap_program                      0x08006a77   Thumb Code    36  iap_jumper.o(.text)
    jump_iap                                 0x08006a9b   Thumb Code     4  iap_jumper.o(.text)
    iapUartReadCallBack                      0x08006a9f   Thumb Code    50  iap_jumper.o(.text)
    Iap_Configure                            0x08006ad1   Thumb Code    16  iap_jumper.o(.text)
    Iap_Jump                                 0x08006ae1   Thumb Code    22  iap_jumper.o(.text)
    Reset_Handler                            0x08006b11   Thumb Code     4  startup_stm32f10x_md.o(.text)
    NMI_Handler                              0x08006b15   Thumb Code     2  startup_stm32f10x_md.o(.text)
    HardFault_Handler                        0x08006b17   Thumb Code     2  startup_stm32f10x_md.o(.text)
    MemManage_Handler                        0x08006b19   Thumb Code     2  startup_stm32f10x_md.o(.text)
    BusFault_Handler                         0x08006b1b   Thumb Code     2  startup_stm32f10x_md.o(.text)
    UsageFault_Handler                       0x08006b1d   Thumb Code     2  startup_stm32f10x_md.o(.text)
    SVC_Handler                              0x08006b1f   Thumb Code     2  startup_stm32f10x_md.o(.text)
    DebugMon_Handler                         0x08006b21   Thumb Code     2  startup_stm32f10x_md.o(.text)
    PendSV_Handler                           0x08006b23   Thumb Code     2  startup_stm32f10x_md.o(.text)
    ADC1_2_IRQHandler                        0x08006b27   Thumb Code     0  startup_stm32f10x_md.o(.text)
    CAN1_SCE_IRQHandler                      0x08006b27   Thumb Code     0  startup_stm32f10x_md.o(.text)
    DMA1_Channel2_IRQHandler                 0x08006b27   Thumb Code     0  startup_stm32f10x_md.o(.text)
    DMA1_Channel3_IRQHandler                 0x08006b27   Thumb Code     0  startup_stm32f10x_md.o(.text)
    DMA1_Channel4_IRQHandler                 0x08006b27   Thumb Code     0  startup_stm32f10x_md.o(.text)
    DMA1_Channel5_IRQHandler                 0x08006b27   Thumb Code     0  startup_stm32f10x_md.o(.text)
    DMA1_Channel6_IRQHandler                 0x08006b27   Thumb Code     0  startup_stm32f10x_md.o(.text)
    DMA1_Channel7_IRQHandler                 0x08006b27   Thumb Code     0  startup_stm32f10x_md.o(.text)
    EXTI0_IRQHandler                         0x08006b27   Thumb Code     0  startup_stm32f10x_md.o(.text)
    EXTI15_10_IRQHandler                     0x08006b27   Thumb Code     0  startup_stm32f10x_md.o(.text)
    EXTI1_IRQHandler                         0x08006b27   Thumb Code     0  startup_stm32f10x_md.o(.text)
    EXTI2_IRQHandler                         0x08006b27   Thumb Code     0  startup_stm32f10x_md.o(.text)
    EXTI3_IRQHandler                         0x08006b27   Thumb Code     0  startup_stm32f10x_md.o(.text)
    EXTI4_IRQHandler                         0x08006b27   Thumb Code     0  startup_stm32f10x_md.o(.text)
    EXTI9_5_IRQHandler                       0x08006b27   Thumb Code     0  startup_stm32f10x_md.o(.text)
    FLASH_IRQHandler                         0x08006b27   Thumb Code     0  startup_stm32f10x_md.o(.text)
    I2C1_ER_IRQHandler                       0x08006b27   Thumb Code     0  startup_stm32f10x_md.o(.text)
    I2C1_EV_IRQHandler                       0x08006b27   Thumb Code     0  startup_stm32f10x_md.o(.text)
    I2C2_ER_IRQHandler                       0x08006b27   Thumb Code     0  startup_stm32f10x_md.o(.text)
    I2C2_EV_IRQHandler                       0x08006b27   Thumb Code     0  startup_stm32f10x_md.o(.text)
    PVD_IRQHandler                           0x08006b27   Thumb Code     0  startup_stm32f10x_md.o(.text)
    RCC_IRQHandler                           0x08006b27   Thumb Code     0  startup_stm32f10x_md.o(.text)
    RTCAlarm_IRQHandler                      0x08006b27   Thumb Code     0  startup_stm32f10x_md.o(.text)
    RTC_IRQHandler                           0x08006b27   Thumb Code     0  startup_stm32f10x_md.o(.text)
    SPI1_IRQHandler                          0x08006b27   Thumb Code     0  startup_stm32f10x_md.o(.text)
    SPI2_IRQHandler                          0x08006b27   Thumb Code     0  startup_stm32f10x_md.o(.text)
    TAMPER_IRQHandler                        0x08006b27   Thumb Code     0  startup_stm32f10x_md.o(.text)
    TIM1_BRK_IRQHandler                      0x08006b27   Thumb Code     0  startup_stm32f10x_md.o(.text)
    TIM1_CC_IRQHandler                       0x08006b27   Thumb Code     0  startup_stm32f10x_md.o(.text)
    TIM1_TRG_COM_IRQHandler                  0x08006b27   Thumb Code     0  startup_stm32f10x_md.o(.text)
    TIM3_IRQHandler                          0x08006b27   Thumb Code     0  startup_stm32f10x_md.o(.text)
    TIM4_IRQHandler                          0x08006b27   Thumb Code     0  startup_stm32f10x_md.o(.text)
    USBWakeUp_IRQHandler                     0x08006b27   Thumb Code     0  startup_stm32f10x_md.o(.text)
    WWDG_IRQHandler                          0x08006b27   Thumb Code     0  startup_stm32f10x_md.o(.text)
    __user_initial_stackheap                 0x08006b29   Thumb Code     0  startup_stm32f10x_md.o(.text)
    __aeabi_memcpy4                          0x08006b49   Thumb Code     0  rt_memcpy_w.o(.text)
    __aeabi_memcpy8                          0x08006b49   Thumb Code     0  rt_memcpy_w.o(.text)
    __rt_memcpy_w                            0x08006b49   Thumb Code   100  rt_memcpy_w.o(.text)
    _memcpy_lastbytes_aligned                0x08006b91   Thumb Code     0  rt_memcpy_w.o(.text)
    __use_two_region_memory                  0x08006bad   Thumb Code     2  heapauxi.o(.text)
    __rt_heap_escrow$2region                 0x08006baf   Thumb Code     2  heapauxi.o(.text)
    __rt_heap_expand$2region                 0x08006bb1   Thumb Code     2  heapauxi.o(.text)
    __read_errno                             0x08006bb3   Thumb Code    10  _rserrno.o(.text)
    __set_errno                              0x08006bbd   Thumb Code    12  _rserrno.o(.text)
    __strtod_int                             0x08006c05   Thumb Code    88  strtod.o(.text)
    __aeabi_errno_addr                       0x08006c69   Thumb Code     8  rt_errno_addr_intlibspace.o(.text)
    __errno$intlibspace                      0x08006c69   Thumb Code     0  rt_errno_addr_intlibspace.o(.text)
    __rt_errno_addr$intlibspace              0x08006c69   Thumb Code     0  rt_errno_addr_intlibspace.o(.text)
    isspace                                  0x08006c71   Thumb Code    18  isspace.o(.text)
    _sgetc                                   0x08006c83   Thumb Code    30  _sgetc.o(.text)
    _sbackspace                              0x08006ca1   Thumb Code    34  _sgetc.o(.text)
    __user_libspace                          0x08006cc5   Thumb Code     8  libspace.o(.text)
    __user_perproc_libspace                  0x08006cc5   Thumb Code     0  libspace.o(.text)
    __user_perthread_libspace                0x08006cc5   Thumb Code     0  libspace.o(.text)
    __user_setup_stackheap                   0x08006ccd   Thumb Code    74  sys_stackheap_outer.o(.text)
    __rt_ctype_table                         0x08006d19   Thumb Code    16  rt_ctype_table.o(.text)
    _scanf_really_real                       0x08006f25   Thumb Code   668  scanf_fp.o(.text)
    exit                                     0x080071cd   Thumb Code    12  exit.o(.text)
    strcmp                                   0x080071d9   Thumb Code   128  strcmpv7m.o(.text)
    __rt_locale                              0x08007259   Thumb Code     8  rt_locale_intlibspace.o(.text)
    _btod_etento                             0x08007261   Thumb Code   216  bigflt0.o(.text)
    _scanf_really_hex_real                   0x0800733d   Thumb Code   778  scanf_hexfp.o(.text)
    _scanf_really_infnan                     0x08007655   Thumb Code   292  scanf_infnan.o(.text)
    _sys_exit                                0x08007789   Thumb Code     8  sys_exit.o(.text)
    __aeabi_llsl                             0x08007795   Thumb Code     0  llshl.o(.text)
    _ll_shift_l                              0x08007795   Thumb Code    38  llshl.o(.text)
    _chval                                   0x080077bb   Thumb Code    28  _chval.o(.text)
    __I$use$semihosting                      0x080077d7   Thumb Code     0  use_no_semi.o(.text)
    __use_no_semihosting_swi                 0x080077d7   Thumb Code     2  use_no_semi.o(.text)
    __btod_div_common                        0x080077d9   Thumb Code   696  btod.o(CL$$btod_div_common)
    __semihosting_library_function           0x080077d9   Thumb Code     0  indicate_semi.o(.text)
    _e2d                                     0x08007b11   Thumb Code    80  btod.o(CL$$btod_e2d)
    _e2e                                     0x08007b65   Thumb Code   198  btod.o(CL$$btod_e2e)
    _btod_ediv                               0x08007c2b   Thumb Code    40  btod.o(CL$$btod_ediv)
    _btod_edivd                              0x08007c53   Thumb Code    40  btod.o(CL$$btod_edivd)
    _btod_emul                               0x08007c7b   Thumb Code    40  btod.o(CL$$btod_emul)
    _btod_emuld                              0x08007ca3   Thumb Code    40  btod.o(CL$$btod_emuld)
    __btod_mult_common                       0x08007ccb   Thumb Code   580  btod.o(CL$$btod_mult_common)
    ADC_Cmd                                  0x08007f0f   Thumb Code    18  stm32f10x_adc.o(i.ADC_Cmd)
    ADC_DMACmd                               0x08007f21   Thumb Code    18  stm32f10x_adc.o(i.ADC_DMACmd)
    ADC_GetCalibrationStatus                 0x08007f33   Thumb Code    16  stm32f10x_adc.o(i.ADC_GetCalibrationStatus)
    ADC_GetResetCalibrationStatus            0x08007f43   Thumb Code    16  stm32f10x_adc.o(i.ADC_GetResetCalibrationStatus)
    ADC_Init                                 0x08007f55   Thumb Code    74  stm32f10x_adc.o(i.ADC_Init)
    ADC_RegularChannelConfig                 0x08007fa5   Thumb Code   144  stm32f10x_adc.o(i.ADC_RegularChannelConfig)
    ADC_ResetCalibration                     0x08008035   Thumb Code    10  stm32f10x_adc.o(i.ADC_ResetCalibration)
    ADC_SoftwareStartConvCmd                 0x0800803f   Thumb Code    18  stm32f10x_adc.o(i.ADC_SoftwareStartConvCmd)
    ADC_StartCalibration                     0x08008051   Thumb Code    10  stm32f10x_adc.o(i.ADC_StartCalibration)
    CAN_DeInit                               0x0800805b   Thumb Code    58  stm32f10x_can.o(i.CAN_DeInit)
    CAN_FilterInit                           0x08008095   Thumb Code   222  stm32f10x_can.o(i.CAN_FilterInit)
    CAN_GetITStatus                          0x08008179   Thumb Code   232  stm32f10x_can.o(i.CAN_GetITStatus)
    CAN_ITConfig                             0x08008261   Thumb Code    16  stm32f10x_can.o(i.CAN_ITConfig)
    CAN_Init                                 0x08008271   Thumb Code   244  stm32f10x_can.o(i.CAN_Init)
    CAN_Receive                              0x08008365   Thumb Code   178  stm32f10x_can.o(i.CAN_Receive)
    CAN_StructInit                           0x08008417   Thumb Code    32  stm32f10x_can.o(i.CAN_StructInit)
    CAN_Transmit                             0x08008437   Thumb Code   184  stm32f10x_can.o(i.CAN_Transmit)
    CAN_TransmitStatus                       0x080084ef   Thumb Code   130  stm32f10x_can.o(i.CAN_TransmitStatus)
    DMA_ClearITPendingBit                    0x08008571   Thumb Code    16  stm32f10x_dma.o(i.DMA_ClearITPendingBit)
    DMA_Cmd                                  0x08008585   Thumb Code    18  stm32f10x_dma.o(i.DMA_Cmd)
    DMA_DeInit                               0x08008599   Thumb Code   210  stm32f10x_dma.o(i.DMA_DeInit)
    DMA_GetITStatus                          0x080086a1   Thumb Code    26  stm32f10x_dma.o(i.DMA_GetITStatus)
    DMA_ITConfig                             0x080086c1   Thumb Code    16  stm32f10x_dma.o(i.DMA_ITConfig)
    DMA_Init                                 0x080086d1   Thumb Code    72  stm32f10x_dma.o(i.DMA_Init)
    FLASH_ClearFlag                          0x08008719   Thumb Code     6  stm32f10x_flash.o(i.FLASH_ClearFlag)
    FLASH_ErasePage                          0x08008725   Thumb Code    64  stm32f10x_flash.o(i.FLASH_ErasePage)
    FLASH_Lock                               0x08008769   Thumb Code    12  stm32f10x_flash.o(i.FLASH_Lock)
    FLASH_PrefetchBufferCmd                  0x08008779   Thumb Code    18  stm32f10x_flash.o(i.FLASH_PrefetchBufferCmd)
    FLASH_ProgramWord                        0x08008791   Thumb Code    74  stm32f10x_flash.o(i.FLASH_ProgramWord)
    FLASH_SetLatency                         0x080087e1   Thumb Code    14  stm32f10x_flash.o(i.FLASH_SetLatency)
    FLASH_Unlock                             0x080087f5   Thumb Code    12  stm32f10x_flash.o(i.FLASH_Unlock)
    FLASH_WaitForLastOperation               0x0800880d   Thumb Code   102  stm32f10x_flash.o(i.FLASH_WaitForLastOperation)
    GPIO_Init                                0x08008879   Thumb Code   202  stm32f10x_gpio.o(i.GPIO_Init)
    GPIO_PinRemapConfig                      0x08008945   Thumb Code    84  stm32f10x_gpio.o(i.GPIO_PinRemapConfig)
    GPIO_ReadInputDataBit                    0x0800899d   Thumb Code    14  stm32f10x_gpio.o(i.GPIO_ReadInputDataBit)
    GPIO_ReadOutputDataBit                   0x080089ab   Thumb Code    14  stm32f10x_gpio.o(i.GPIO_ReadOutputDataBit)
    GPIO_ResetBits                           0x080089b9   Thumb Code     4  stm32f10x_gpio.o(i.GPIO_ResetBits)
    GPIO_SetBits                             0x080089bd   Thumb Code     4  stm32f10x_gpio.o(i.GPIO_SetBits)
    GPIO_StructInit                          0x080089c1   Thumb Code    16  stm32f10x_gpio.o(i.GPIO_StructInit)
    NVIC_Init                                0x080089d1   Thumb Code   108  misc.o(i.NVIC_Init)
    NVIC_PriorityGroupConfig                 0x08008a3d   Thumb Code    14  misc.o(i.NVIC_PriorityGroupConfig)
    NVIC_SetVectorTable                      0x08008a51   Thumb Code    16  misc.o(i.NVIC_SetVectorTable)
    RCC_ADCCLKConfig                         0x08008a65   Thumb Code    14  stm32f10x_rcc.o(i.RCC_ADCCLKConfig)
    RCC_AHBPeriphClockCmd                    0x08008a79   Thumb Code    18  stm32f10x_rcc.o(i.RCC_AHBPeriphClockCmd)
    RCC_APB1PeriphClockCmd                   0x08008a91   Thumb Code    18  stm32f10x_rcc.o(i.RCC_APB1PeriphClockCmd)
    RCC_APB1PeriphResetCmd                   0x08008aa9   Thumb Code    18  stm32f10x_rcc.o(i.RCC_APB1PeriphResetCmd)
    RCC_APB2PeriphClockCmd                   0x08008ac1   Thumb Code    18  stm32f10x_rcc.o(i.RCC_APB2PeriphClockCmd)
    RCC_DeInit                               0x08008ad9   Thumb Code    54  stm32f10x_rcc.o(i.RCC_DeInit)
    RCC_GetClocksFreq                        0x08008b19   Thumb Code   148  stm32f10x_rcc.o(i.RCC_GetClocksFreq)
    RCC_GetFlagStatus                        0x08008bbd   Thumb Code    42  stm32f10x_rcc.o(i.RCC_GetFlagStatus)
    RCC_GetSYSCLKSource                      0x08008bed   Thumb Code    10  stm32f10x_rcc.o(i.RCC_GetSYSCLKSource)
    RCC_HCLKConfig                           0x08008bfd   Thumb Code    14  stm32f10x_rcc.o(i.RCC_HCLKConfig)
    RCC_HSEConfig                            0x08008c11   Thumb Code    50  stm32f10x_rcc.o(i.RCC_HSEConfig)
    RCC_HSICmd                               0x08008c49   Thumb Code     6  stm32f10x_rcc.o(i.RCC_HSICmd)
    RCC_PCLK1Config                          0x08008c55   Thumb Code    14  stm32f10x_rcc.o(i.RCC_PCLK1Config)
    RCC_PCLK2Config                          0x08008c69   Thumb Code    16  stm32f10x_rcc.o(i.RCC_PCLK2Config)
    RCC_PLLCmd                               0x08008c7d   Thumb Code     6  stm32f10x_rcc.o(i.RCC_PLLCmd)
    RCC_PLLConfig                            0x08008c89   Thumb Code    16  stm32f10x_rcc.o(i.RCC_PLLConfig)
    RCC_SYSCLKConfig                         0x08008c9d   Thumb Code    14  stm32f10x_rcc.o(i.RCC_SYSCLKConfig)
    RCC_WaitForHSEStartUp                    0x08008cb1   Thumb Code    48  stm32f10x_rcc.o(i.RCC_WaitForHSEStartUp)
    SysTick_CLKSourceConfig                  0x08008ce5   Thumb Code    22  misc.o(i.SysTick_CLKSourceConfig)
    TIM_ClearFlag                            0x08008cfb   Thumb Code     6  stm32f10x_tim.o(i.TIM_ClearFlag)
    TIM_Cmd                                  0x08008d01   Thumb Code    22  stm32f10x_tim.o(i.TIM_Cmd)
    TIM_GetITStatus                          0x08008d17   Thumb Code    26  stm32f10x_tim.o(i.TIM_GetITStatus)
    TIM_ITConfig                             0x08008d31   Thumb Code    16  stm32f10x_tim.o(i.TIM_ITConfig)
    TIM_TimeBaseInit                         0x08008d41   Thumb Code    60  stm32f10x_tim.o(i.TIM_TimeBaseInit)
    USART_Cmd                                0x08008d7d   Thumb Code    18  stm32f10x_usart.o(i.USART_Cmd)
    USART_GetFlagStatus                      0x08008d8f   Thumb Code    14  stm32f10x_usart.o(i.USART_GetFlagStatus)
    USART_GetITStatus                        0x08008d9d   Thumb Code    68  stm32f10x_usart.o(i.USART_GetITStatus)
    USART_ITConfig                           0x08008de1   Thumb Code    48  stm32f10x_usart.o(i.USART_ITConfig)
    USART_Init                               0x08008e11   Thumb Code   140  stm32f10x_usart.o(i.USART_Init)
    USART_ReceiveData                        0x08008ea1   Thumb Code     8  stm32f10x_usart.o(i.USART_ReceiveData)
    USART_SendData                           0x08008ea9   Thumb Code     8  stm32f10x_usart.o(i.USART_SendData)
    USART_StructInit                         0x08008eb1   Thumb Code    22  stm32f10x_usart.o(i.USART_StructInit)
    __mathlib_dbl_overflow                   0x08008ec7   Thumb Code    14  dunder.o(i.__mathlib_dbl_overflow)
    __mathlib_dbl_underflow                  0x08008ed5   Thumb Code    10  dunder.o(i.__mathlib_dbl_underflow)
    __mathlib_narrow                         0x08008ee5   Thumb Code    16  narrow.o(i.__mathlib_narrow)
    __mathlib_tofloat                        0x08008ef5   Thumb Code   132  narrow.o(i.__mathlib_tofloat)
    __support_ldexp                          0x08008f7d   Thumb Code    22  ldexp.o(i.__support_ldexp)
    _is_digit                                0x08008f93   Thumb Code    14  scanf_fp.o(i._is_digit)
    atof                                     0x08008fa1   Thumb Code    42  atof.o(i.atof)
    frexp                                    0x08008fcd   Thumb Code    80  frexp.o(i.frexp)
    ldexp                                    0x08009025   Thumb Code   116  ldexp.o(i.ldexp)
    _get_lc_numeric                          0x08009099   Thumb Code    44  lc_numeric_c.o(locale$$code)
    _get_lc_ctype                            0x080090c5   Thumb Code    44  lc_ctype_c.o(locale$$code)
    __aeabi_d2f                              0x080090f1   Thumb Code     0  d2f.o(x$fpl$d2f)
    _d2f                                     0x080090f1   Thumb Code    98  d2f.o(x$fpl$d2f)
    __aeabi_dadd                             0x08009155   Thumb Code     0  daddsub_clz.o(x$fpl$dadd)
    _dadd                                    0x08009155   Thumb Code   332  daddsub_clz.o(x$fpl$dadd)
    __fpl_dcheck_NaN1                        0x080092a5   Thumb Code    10  dcheck1.o(x$fpl$dcheck1)
    __fpl_dcmp_Inf                           0x080092b5   Thumb Code    24  dcmpi.o(x$fpl$dcmpinf)
    __aeabi_ddiv                             0x080092cd   Thumb Code     0  ddiv.o(x$fpl$ddiv)
    _ddiv                                    0x080092cd   Thumb Code   552  ddiv.o(x$fpl$ddiv)
    __aeabi_cdcmpeq                          0x0800957d   Thumb Code     0  deqf.o(x$fpl$deqf)
    _dcmpeq                                  0x0800957d   Thumb Code   120  deqf.o(x$fpl$deqf)
    __aeabi_d2iz                             0x080095f5   Thumb Code     0  dfix.o(x$fpl$dfix)
    _dfix                                    0x080095f5   Thumb Code    94  dfix.o(x$fpl$dfix)
    __aeabi_cdcmple                          0x08009655   Thumb Code     0  dleqf.o(x$fpl$dleqf)
    _dcmple                                  0x08009655   Thumb Code   120  dleqf.o(x$fpl$dleqf)
    __fpl_dcmple_InfNaN                      0x080096b7   Thumb Code     0  dleqf.o(x$fpl$dleqf)
    __aeabi_dmul                             0x080096cd   Thumb Code     0  dmul.o(x$fpl$dmul)
    _dmul                                    0x080096cd   Thumb Code   332  dmul.o(x$fpl$dmul)
    __fpl_dnaninf                            0x08009821   Thumb Code   156  dnaninf.o(x$fpl$dnaninf)
    __fpl_dretinf                            0x080098bd   Thumb Code    12  dretinf.o(x$fpl$dretinf)
    __aeabi_cdrcmple                         0x080098c9   Thumb Code     0  drleqf.o(x$fpl$drleqf)
    _drcmple                                 0x080098c9   Thumb Code   108  drleqf.o(x$fpl$drleqf)
    __aeabi_dsub                             0x08009935   Thumb Code     0  daddsub_clz.o(x$fpl$dsub)
    _dsub                                    0x08009935   Thumb Code   464  daddsub_clz.o(x$fpl$dsub)
    __fpl_fretinf                            0x08009b09   Thumb Code    10  fretinf.o(x$fpl$fretinf)
    __fpl_return_NaN                         0x08009b13   Thumb Code   100  retnan.o(x$fpl$retnan)
    __ARM_scalbn                             0x08009b77   Thumb Code    92  scalbn.o(x$fpl$scalbn)
    _scanf_real                              0x08009bd3   Thumb Code     4  scanf1.o(x$fpl$scanf1)
    _scanf_hex_real                          0x08009bd7   Thumb Code     4  scanf2.o(x$fpl$scanf2)
    _scanf_infnan                            0x08009bdb   Thumb Code     4  scanf2.o(x$fpl$scanf2)
    __fpl_cmpreturn                          0x08009bdf   Thumb Code    48  trapv.o(x$fpl$trapveneer)
    __I$use$fp                               0x08009c0e   Number         0  usenofp.o(x$fpl$usenofp)
    Region$$Table$$Base                      0x08009ca4   Number         0  anon$$obj.o(Region$$Table)
    Region$$Table$$Limit                     0x08009cc4   Number         0  anon$$obj.o(Region$$Table)
    __aeabi_HUGE_VAL                         0x08009cc4   Data           0  fpconst.o(c$$dinf)
    __aeabi_HUGE_VALL                        0x08009cc4   Data           0  fpconst.o(c$$dinf)
    __aeabi_INFINITY                         0x08009cc4   Data           0  fpconst.o(c$$dinf)
    __dInf                                   0x08009cc4   Data           0  fpconst.o(c$$dinf)
    __huge_val                               0x08009cc4   Data           0  fpconst.o(c$$dinf)
    __ctype                                  0x08009cf5   Data           0  lc_ctype_c.o(locale$$data)
    SetCfgRate1hz                            0x20000000   Data          14  gps.o(.data)
    SetCfgRate2hz                            0x2000000e   Data          14  gps.o(.data)
    SetCfgRate5hz                            0x2000001c   Data          14  gps.o(.data)
    PollCfgRate                              0x2000002a   Data           7  gps.o(.data)
    CfgPort                                  0x20000031   Data          28  gps.o(.data)
    Close_GGA                                0x2000004d   Data          16  gps.o(.data)
    Close_GLL                                0x2000005d   Data          16  gps.o(.data)
    Close_GSA                                0x2000006d   Data          16  gps.o(.data)
    Close_GSV                                0x2000007d   Data          16  gps.o(.data)
    Close_VTG                                0x2000008d   Data          16  gps.o(.data)
    Open_RMC                                 0x2000009d   Data          16  gps.o(.data)
    CfgCfgSave                               0x200000ad   Data          21  gps.o(.data)
    GPS_Command_PTR                          0x200000c2   Data           1  gps.o(.data)
    gps_uart                                 0x200000c4   Data           4  gps.o(.data)
    gps_d                                    0x200000c8   Data           4  gps.o(.data)
    key_count                                0x200000d8   Data           4  main_navigation_box.o(.data)
    _navigation_need_recali                  0x200000dc   Data           1  main_navigation_box.o(.data)
    GPSLat                                   0x200000e0   Data           8  main_navigation_box.o(.data)
    GPSLatDec1                               0x200000e8   Data           8  main_navigation_box.o(.data)
    GPSLatDec2                               0x200000f0   Data           8  main_navigation_box.o(.data)
    GPSLatDec2Len                            0x200000f8   Data           8  main_navigation_box.o(.data)
    GPSLon                                   0x20000100   Data           8  main_navigation_box.o(.data)
    GPSLonDec1                               0x20000108   Data           8  main_navigation_box.o(.data)
    GPSLonDec2                               0x20000110   Data           8  main_navigation_box.o(.data)
    GPSLonDec2Len                            0x20000118   Data           8  main_navigation_box.o(.data)
    GPSSpeed                                 0x20000120   Data           8  main_navigation_box.o(.data)
    LatBytes                                 0x20000128   Data           8  main_navigation_box.o(.data)
    LonBytes                                 0x20000130   Data           8  main_navigation_box.o(.data)
    Speed16                                  0x20000138   Data           2  main_navigation_box.o(.data)
    SpeedBytes                               0x2000013a   Data           2  main_navigation_box.o(.data)
    already_send_time                        0x2000013c   Data           1  main_navigation_box.o(.data)
    _cmd_buffer                              0x2000013d   Data           8  main_navigation_box.o(.data)
    _index                                   0x20000145   Data           1  main_navigation_box.o(.data)
    adc_sample_irq_function                  0x20000148   Data           4  adc_config.o(.data)
    resend_count                             0x2000014c   Data           4  setcan.o(.data)
    in_send_loop                             0x20000150   Data           1  setcan.o(.data)
    TransmitMailbox                          0x20000151   Data           1  setcan.o(.data)
    systemClk                                0x20000154   Data           4  setclock.o(.data)
    TimingDelay                              0x20000158   Data           4  setsystick.o(.data)
    systick_ms                               0x2000015c   Data           4  setsystick.o(.data)
    systick_us                               0x20000160   Data           4  setsystick.o(.data)
    systick_ms_overflow                      0x20000164   Data           1  setsystick.o(.data)
    uart1_p                                  0x20000168   Data           4  setuart.o(.data)
    uart2_p                                  0x2000016c   Data           4  setuart.o(.data)
    uart3_p                                  0x20000170   Data           4  setuart.o(.data)
    _system_error                            0x20000174   Data           5  system_error_status.o(.data)
    remoterUart                              0x2000017c   Data           4  iap_jumper.o(.data)
    GPS_Command_Buffer                       0x20000194   Data          82  gps.o(.bss)
    report_t                                 0x200001e8   Data          12  main_navigation_box.o(.bss)
    gps_delay_t                              0x200001f4   Data          12  main_navigation_box.o(.bss)
    key_dect_t                               0x20000200   Data          12  main_navigation_box.o(.bss)
    compass_data                             0x2000020c   Data          12  main_navigation_box.o(.bss)
    gps_data                                 0x20000218   Data          86  main_navigation_box.o(.bss)
    Uart1                                    0x20000270   Data        1080  main_navigation_box.o(.bss)
    Uart2                                    0x200006a8   Data        1080  main_navigation_box.o(.bss)
    encoder                                  0x20000ae0   Data         148  main_navigation_box.o(.bss)
    TxMessage1                               0x20000b74   Data          20  main_navigation_box.o(.bss)
    tempstr                                  0x20000b88   Data          10  main_navigation_box.o(.bss)
    RxMessage                                0x20000c48   Data          20  setcan.o(.bss)
    TxMessage                                0x20000c5c   Data          20  setcan.o(.bss)
    TxMessageArray                           0x20000c70   Data        2000  setcan.o(.bss)
    RxMessageArray                           0x20001440   Data        2000  setcan.o(.bss)
    can1_tx_msg_fifo                         0x20001c10   Data          24  setcan.o(.bss)
    can1_rx_msg_fifo                         0x20001c28   Data          24  setcan.o(.bss)
    iapJumperEncoder                         0x20001cd4   Data         148  iap_jumper.o(.bss)
    __libspace_start                         0x20001d68   Data          96  libspace.o(.bss)
    __temporary_stack_top$libspace           0x20001dc8   Data           0  libspace.o(.bss)



==============================================================================

Memory Map of the image

  Image Entry point : 0x080044ed

  Load Region LR_IROM1 (Base: 0x08004400, Size: 0x00005b8c, Max: 0x0000bc00, ABSOLUTE, COMPRESSED[0x00005a84])

    Execution Region ER_IROM1 (Base: 0x08004400, Size: 0x000059f8, Max: 0x0000bc00, ABSOLUTE)

    Base Addr    Size         Type   Attr      Idx    E Section Name        Object

    0x08004400   0x000000ec   Data   RO          720    RESET               startup_stm32f10x_md.o
    0x080044ec   0x00000008   Code   RO         2406  * !!!main             c_w.l(__main.o)
    0x080044f4   0x00000034   Code   RO         2730    !!!scatter          c_w.l(__scatter.o)
    0x08004528   0x0000005a   Code   RO         2728    !!dczerorl2         c_w.l(__dczerorl2.o)
    0x08004582   0x00000002   PAD
    0x08004584   0x0000001c   Code   RO         2732    !!handler_zi        c_w.l(__scatter_zi.o)
    0x080045a0   0x00000002   Code   RO         2493    .ARM.Collect$$libinit$$00000000  c_w.l(libinit.o)
    0x080045a2   0x00000000   Code   RO         2495    .ARM.Collect$$libinit$$00000002  c_w.l(libinit2.o)
    0x080045a2   0x00000000   Code   RO         2497    .ARM.Collect$$libinit$$00000004  c_w.l(libinit2.o)
    0x080045a2   0x00000000   Code   RO         2500    .ARM.Collect$$libinit$$0000000A  c_w.l(libinit2.o)
    0x080045a2   0x00000000   Code   RO         2502    .ARM.Collect$$libinit$$0000000C  c_w.l(libinit2.o)
    0x080045a2   0x00000000   Code   RO         2504    .ARM.Collect$$libinit$$0000000E  c_w.l(libinit2.o)
    0x080045a2   0x00000006   Code   RO         2505    .ARM.Collect$$libinit$$0000000F  c_w.l(libinit2.o)
    0x080045a8   0x00000000   Code   RO         2507    .ARM.Collect$$libinit$$00000011  c_w.l(libinit2.o)
    0x080045a8   0x0000000c   Code   RO         2508    .ARM.Collect$$libinit$$00000012  c_w.l(libinit2.o)
    0x080045b4   0x00000000   Code   RO         2509    .ARM.Collect$$libinit$$00000013  c_w.l(libinit2.o)
    0x080045b4   0x00000000   Code   RO         2511    .ARM.Collect$$libinit$$00000015  c_w.l(libinit2.o)
    0x080045b4   0x0000000a   Code   RO         2512    .ARM.Collect$$libinit$$00000016  c_w.l(libinit2.o)
    0x080045be   0x00000000   Code   RO         2513    .ARM.Collect$$libinit$$00000017  c_w.l(libinit2.o)
    0x080045be   0x00000000   Code   RO         2515    .ARM.Collect$$libinit$$00000019  c_w.l(libinit2.o)
    0x080045be   0x00000000   Code   RO         2517    .ARM.Collect$$libinit$$0000001B  c_w.l(libinit2.o)
    0x080045be   0x00000000   Code   RO         2519    .ARM.Collect$$libinit$$0000001D  c_w.l(libinit2.o)
    0x080045be   0x00000000   Code   RO         2521    .ARM.Collect$$libinit$$0000001F  c_w.l(libinit2.o)
    0x080045be   0x00000000   Code   RO         2523    .ARM.Collect$$libinit$$00000021  c_w.l(libinit2.o)
    0x080045be   0x00000000   Code   RO         2525    .ARM.Collect$$libinit$$00000023  c_w.l(libinit2.o)
    0x080045be   0x00000000   Code   RO         2527    .ARM.Collect$$libinit$$00000025  c_w.l(libinit2.o)
    0x080045be   0x00000000   Code   RO         2531    .ARM.Collect$$libinit$$0000002C  c_w.l(libinit2.o)
    0x080045be   0x00000000   Code   RO         2533    .ARM.Collect$$libinit$$0000002E  c_w.l(libinit2.o)
    0x080045be   0x00000000   Code   RO         2535    .ARM.Collect$$libinit$$00000030  c_w.l(libinit2.o)
    0x080045be   0x00000000   Code   RO         2537    .ARM.Collect$$libinit$$00000032  c_w.l(libinit2.o)
    0x080045be   0x00000002   Code   RO         2538    .ARM.Collect$$libinit$$00000033  c_w.l(libinit2.o)
    0x080045c0   0x00000002   Code   RO         2636    .ARM.Collect$$libshutdown$$00000000  c_w.l(libshutdown.o)
    0x080045c2   0x00000000   Code   RO         2668    .ARM.Collect$$libshutdown$$00000003  c_w.l(libshutdown2.o)
    0x080045c2   0x00000000   Code   RO         2671    .ARM.Collect$$libshutdown$$00000006  c_w.l(libshutdown2.o)
    0x080045c2   0x00000000   Code   RO         2674    .ARM.Collect$$libshutdown$$00000009  c_w.l(libshutdown2.o)
    0x080045c2   0x00000000   Code   RO         2676    .ARM.Collect$$libshutdown$$0000000B  c_w.l(libshutdown2.o)
    0x080045c2   0x00000000   Code   RO         2679    .ARM.Collect$$libshutdown$$0000000E  c_w.l(libshutdown2.o)
    0x080045c2   0x00000002   Code   RO         2680    .ARM.Collect$$libshutdown$$0000000F  c_w.l(libshutdown2.o)
    0x080045c4   0x00000000   Code   RO         2434    .ARM.Collect$$rtentry$$00000000  c_w.l(__rtentry.o)
    0x080045c4   0x00000000   Code   RO         2445    .ARM.Collect$$rtentry$$00000002  c_w.l(__rtentry2.o)
    0x080045c4   0x00000006   Code   RO         2457    .ARM.Collect$$rtentry$$00000004  c_w.l(__rtentry4.o)
    0x080045ca   0x00000000   Code   RO         2447    .ARM.Collect$$rtentry$$00000009  c_w.l(__rtentry2.o)
    0x080045ca   0x00000004   Code   RO         2448    .ARM.Collect$$rtentry$$0000000A  c_w.l(__rtentry2.o)
    0x080045ce   0x00000000   Code   RO         2450    .ARM.Collect$$rtentry$$0000000C  c_w.l(__rtentry2.o)
    0x080045ce   0x00000008   Code   RO         2451    .ARM.Collect$$rtentry$$0000000D  c_w.l(__rtentry2.o)
    0x080045d6   0x00000002   Code   RO         2539    .ARM.Collect$$rtexit$$00000000  c_w.l(rtexit.o)
    0x080045d8   0x00000000   Code   RO         2596    .ARM.Collect$$rtexit$$00000002  c_w.l(rtexit2.o)
    0x080045d8   0x00000004   Code   RO         2597    .ARM.Collect$$rtexit$$00000003  c_w.l(rtexit2.o)
    0x080045dc   0x00000006   Code   RO         2598    .ARM.Collect$$rtexit$$00000004  c_w.l(rtexit2.o)
    0x080045e2   0x00000002   PAD
    0x080045e4   0x00000020   Code   RO          674    .emb_text           core_cm3.o
    0x08004604   0x00000124   Code   RO          146    .text               settimer.o
    0x08004728   0x00000310   Code   RO          177    .text               gps.o
    0x08004a38   0x000003c4   Code   RO          201    .text               hmc6343.o
    0x08004dfc   0x00000610   Code   RO          219    .text               main_navigation_box.o
    0x0800540c   0x000000e4   Code   RO          239    .text               navigation_box_led.o
    0x080054f0   0x0000012c   Code   RO          253    .text               setgpio_1.o
    0x0800561c   0x00000228   Code   RO          293    .text               adc_config.o
    0x08005844   0x00000328   Code   RO          475    .text               cmdcoder.o
    0x08005b6c   0x000000dc   Code   RO          490    .text               fifo.o
    0x08005c48   0x000000e8   Code   RO          505    .text               fifo_void.o
    0x08005d30   0x00000018   Code   RO          520    .text               main.o
    0x08005d48   0x0000057c   Code   RO          541    .text               setcan.o
    0x080062c4   0x0000015c   Code   RO          558    .text               setclock.o
    0x08006420   0x00000190   Code   RO          580    .text               setsystick.o
    0x080065b0   0x000002e8   Code   RO          599    .text               setuart.o
    0x08006898   0x00000108   Code   RO          622    .text               system_error_status.o
    0x080069a0   0x00000170   Code   RO          638    .text               iap_jumper.o
    0x08006b10   0x00000038   Code   RO          721    .text               startup_stm32f10x_md.o
    0x08006b48   0x00000064   Code   RO         2402    .text               c_w.l(rt_memcpy_w.o)
    0x08006bac   0x00000006   Code   RO         2404    .text               c_w.l(heapauxi.o)
    0x08006bb2   0x00000016   Code   RO         2435    .text               c_w.l(_rserrno.o)
    0x08006bc8   0x000000a0   Code   RO         2437    .text               c_w.l(strtod.o)
    0x08006c68   0x00000008   Code   RO         2462    .text               c_w.l(rt_errno_addr_intlibspace.o)
    0x08006c70   0x00000012   Code   RO         2464    .text               c_w.l(isspace.o)
    0x08006c82   0x00000040   Code   RO         2466    .text               c_w.l(_sgetc.o)
    0x08006cc2   0x00000002   PAD
    0x08006cc4   0x00000008   Code   RO         2473    .text               c_w.l(libspace.o)
    0x08006ccc   0x0000004a   Code   RO         2476    .text               c_w.l(sys_stackheap_outer.o)
    0x08006d16   0x00000002   PAD
    0x08006d18   0x00000010   Code   RO         2478    .text               c_w.l(rt_ctype_table.o)
    0x08006d28   0x000004a4   Code   RO         2480    .text               c_w.l(scanf_fp.o)
    0x080071cc   0x0000000c   Code   RO         2484    .text               c_w.l(exit.o)
    0x080071d8   0x00000080   Code   RO         2486    .text               c_w.l(strcmpv7m.o)
    0x08007258   0x00000008   Code   RO         2544    .text               c_w.l(rt_locale_intlibspace.o)
    0x08007260   0x000000dc   Code   RO         2546    .text               c_w.l(bigflt0.o)
    0x0800733c   0x00000318   Code   RO         2602    .text               c_w.l(scanf_hexfp.o)
    0x08007654   0x00000134   Code   RO         2604    .text               c_w.l(scanf_infnan.o)
    0x08007788   0x0000000c   Code   RO         2622    .text               c_w.l(sys_exit.o)
    0x08007794   0x00000026   Code   RO         2626    .text               c_w.l(llshl.o)
    0x080077ba   0x0000001c   Code   RO         2628    .text               c_w.l(_chval.o)
    0x080077d6   0x00000002   Code   RO         2657    .text               c_w.l(use_no_semi.o)
    0x080077d8   0x00000000   Code   RO         2659    .text               c_w.l(indicate_semi.o)
    0x080077d8   0x00000338   Code   RO         2559    CL$$btod_div_common  c_w.l(btod.o)
    0x08007b10   0x00000054   Code   RO         2557    CL$$btod_e2d        c_w.l(btod.o)
    0x08007b64   0x000000c6   Code   RO         2556    CL$$btod_e2e        c_w.l(btod.o)
    0x08007c2a   0x00000028   Code   RO         2553    CL$$btod_ediv       c_w.l(btod.o)
    0x08007c52   0x00000028   Code   RO         2555    CL$$btod_edivd      c_w.l(btod.o)
    0x08007c7a   0x00000028   Code   RO         2552    CL$$btod_emul       c_w.l(btod.o)
    0x08007ca2   0x00000028   Code   RO         2554    CL$$btod_emuld      c_w.l(btod.o)
    0x08007cca   0x00000244   Code   RO         2558    CL$$btod_mult_common  c_w.l(btod.o)
    0x08007f0e   0x00000012   Code   RO          849    i.ADC_Cmd           lib.lib(stm32f10x_adc.o)
    0x08007f20   0x00000012   Code   RO          850    i.ADC_DMACmd        lib.lib(stm32f10x_adc.o)
    0x08007f32   0x00000010   Code   RO          857    i.ADC_GetCalibrationStatus  lib.lib(stm32f10x_adc.o)
    0x08007f42   0x00000010   Code   RO          863    i.ADC_GetResetCalibrationStatus  lib.lib(stm32f10x_adc.o)
    0x08007f52   0x00000002   PAD
    0x08007f54   0x00000050   Code   RO          867    i.ADC_Init          lib.lib(stm32f10x_adc.o)
    0x08007fa4   0x00000090   Code   RO          871    i.ADC_RegularChannelConfig  lib.lib(stm32f10x_adc.o)
    0x08008034   0x0000000a   Code   RO          872    i.ADC_ResetCalibration  lib.lib(stm32f10x_adc.o)
    0x0800803e   0x00000012   Code   RO          874    i.ADC_SoftwareStartConvCmd  lib.lib(stm32f10x_adc.o)
    0x08008050   0x0000000a   Code   RO          876    i.ADC_StartCalibration  lib.lib(stm32f10x_adc.o)
    0x0800805a   0x0000003a   Code   RO         1069    i.CAN_DeInit        lib.lib(stm32f10x_can.o)
    0x08008094   0x000000e4   Code   RO         1071    i.CAN_FilterInit    lib.lib(stm32f10x_can.o)
    0x08008178   0x000000e8   Code   RO         1073    i.CAN_GetITStatus   lib.lib(stm32f10x_can.o)
    0x08008260   0x00000010   Code   RO         1074    i.CAN_ITConfig      lib.lib(stm32f10x_can.o)
    0x08008270   0x000000f4   Code   RO         1075    i.CAN_Init          lib.lib(stm32f10x_can.o)
    0x08008364   0x000000b2   Code   RO         1077    i.CAN_Receive       lib.lib(stm32f10x_can.o)
    0x08008416   0x00000020   Code   RO         1080    i.CAN_StructInit    lib.lib(stm32f10x_can.o)
    0x08008436   0x000000b8   Code   RO         1081    i.CAN_Transmit      lib.lib(stm32f10x_can.o)
    0x080084ee   0x00000082   Code   RO         1082    i.CAN_TransmitStatus  lib.lib(stm32f10x_can.o)
    0x08008570   0x00000014   Code   RO         1186    i.DMA_ClearITPendingBit  lib.lib(stm32f10x_dma.o)
    0x08008584   0x00000012   Code   RO         1187    i.DMA_Cmd           lib.lib(stm32f10x_dma.o)
    0x08008596   0x00000002   PAD
    0x08008598   0x00000108   Code   RO         1188    i.DMA_DeInit        lib.lib(stm32f10x_dma.o)
    0x080086a0   0x00000020   Code   RO         1191    i.DMA_GetITStatus   lib.lib(stm32f10x_dma.o)
    0x080086c0   0x00000010   Code   RO         1192    i.DMA_ITConfig      lib.lib(stm32f10x_dma.o)
    0x080086d0   0x00000048   Code   RO         1193    i.DMA_Init          lib.lib(stm32f10x_dma.o)
    0x08008718   0x0000000c   Code   RO         1251    i.FLASH_ClearFlag   lib.lib(stm32f10x_flash.o)
    0x08008724   0x00000044   Code   RO         1255    i.FLASH_ErasePage   lib.lib(stm32f10x_flash.o)
    0x08008768   0x00000010   Code   RO         1264    i.FLASH_Lock        lib.lib(stm32f10x_flash.o)
    0x08008778   0x00000018   Code   RO         1265    i.FLASH_PrefetchBufferCmd  lib.lib(stm32f10x_flash.o)
    0x08008790   0x00000050   Code   RO         1268    i.FLASH_ProgramWord  lib.lib(stm32f10x_flash.o)
    0x080087e0   0x00000014   Code   RO         1270    i.FLASH_SetLatency  lib.lib(stm32f10x_flash.o)
    0x080087f4   0x00000018   Code   RO         1271    i.FLASH_Unlock      lib.lib(stm32f10x_flash.o)
    0x0800880c   0x0000006c   Code   RO         1273    i.FLASH_WaitForLastOperation  lib.lib(stm32f10x_flash.o)
    0x08008878   0x000000ca   Code   RO         1401    i.GPIO_Init         lib.lib(stm32f10x_gpio.o)
    0x08008942   0x00000002   PAD
    0x08008944   0x00000058   Code   RO         1403    i.GPIO_PinRemapConfig  lib.lib(stm32f10x_gpio.o)
    0x0800899c   0x0000000e   Code   RO         1405    i.GPIO_ReadInputDataBit  lib.lib(stm32f10x_gpio.o)
    0x080089aa   0x0000000e   Code   RO         1407    i.GPIO_ReadOutputDataBit  lib.lib(stm32f10x_gpio.o)
    0x080089b8   0x00000004   Code   RO         1408    i.GPIO_ResetBits    lib.lib(stm32f10x_gpio.o)
    0x080089bc   0x00000004   Code   RO         1409    i.GPIO_SetBits      lib.lib(stm32f10x_gpio.o)
    0x080089c0   0x00000010   Code   RO         1410    i.GPIO_StructInit   lib.lib(stm32f10x_gpio.o)
    0x080089d0   0x0000006c   Code   RO          725    i.NVIC_Init         lib.lib(misc.o)
    0x08008a3c   0x00000014   Code   RO          726    i.NVIC_PriorityGroupConfig  lib.lib(misc.o)
    0x08008a50   0x00000014   Code   RO          727    i.NVIC_SetVectorTable  lib.lib(misc.o)
    0x08008a64   0x00000014   Code   RO         1509    i.RCC_ADCCLKConfig  lib.lib(stm32f10x_rcc.o)
    0x08008a78   0x00000018   Code   RO         1510    i.RCC_AHBPeriphClockCmd  lib.lib(stm32f10x_rcc.o)
    0x08008a90   0x00000018   Code   RO         1511    i.RCC_APB1PeriphClockCmd  lib.lib(stm32f10x_rcc.o)
    0x08008aa8   0x00000018   Code   RO         1512    i.RCC_APB1PeriphResetCmd  lib.lib(stm32f10x_rcc.o)
    0x08008ac0   0x00000018   Code   RO         1513    i.RCC_APB2PeriphClockCmd  lib.lib(stm32f10x_rcc.o)
    0x08008ad8   0x00000040   Code   RO         1520    i.RCC_DeInit        lib.lib(stm32f10x_rcc.o)
    0x08008b18   0x000000a4   Code   RO         1521    i.RCC_GetClocksFreq  lib.lib(stm32f10x_rcc.o)
    0x08008bbc   0x00000030   Code   RO         1522    i.RCC_GetFlagStatus  lib.lib(stm32f10x_rcc.o)
    0x08008bec   0x00000010   Code   RO         1524    i.RCC_GetSYSCLKSource  lib.lib(stm32f10x_rcc.o)
    0x08008bfc   0x00000014   Code   RO         1525    i.RCC_HCLKConfig    lib.lib(stm32f10x_rcc.o)
    0x08008c10   0x00000038   Code   RO         1526    i.RCC_HSEConfig     lib.lib(stm32f10x_rcc.o)
    0x08008c48   0x0000000c   Code   RO         1527    i.RCC_HSICmd        lib.lib(stm32f10x_rcc.o)
    0x08008c54   0x00000014   Code   RO         1532    i.RCC_PCLK1Config   lib.lib(stm32f10x_rcc.o)
    0x08008c68   0x00000014   Code   RO         1533    i.RCC_PCLK2Config   lib.lib(stm32f10x_rcc.o)
    0x08008c7c   0x0000000c   Code   RO         1534    i.RCC_PLLCmd        lib.lib(stm32f10x_rcc.o)
    0x08008c88   0x00000014   Code   RO         1535    i.RCC_PLLConfig     lib.lib(stm32f10x_rcc.o)
    0x08008c9c   0x00000014   Code   RO         1538    i.RCC_SYSCLKConfig  lib.lib(stm32f10x_rcc.o)
    0x08008cb0   0x00000034   Code   RO         1540    i.RCC_WaitForHSEStartUp  lib.lib(stm32f10x_rcc.o)
    0x08008ce4   0x00000016   Code   RO          729    i.SysTick_CLKSourceConfig  lib.lib(misc.o)
    0x08008cfa   0x00000006   Code   RO         1715    i.TIM_ClearFlag     lib.lib(stm32f10x_tim.o)
    0x08008d00   0x00000016   Code   RO         1721    i.TIM_Cmd           lib.lib(stm32f10x_tim.o)
    0x08008d16   0x0000001a   Code   RO         1742    i.TIM_GetITStatus   lib.lib(stm32f10x_tim.o)
    0x08008d30   0x00000010   Code   RO         1746    i.TIM_ITConfig      lib.lib(stm32f10x_tim.o)
    0x08008d40   0x0000003c   Code   RO         1792    i.TIM_TimeBaseInit  lib.lib(stm32f10x_tim.o)
    0x08008d7c   0x00000012   Code   RO         2236    i.USART_Cmd         lib.lib(stm32f10x_usart.o)
    0x08008d8e   0x0000000e   Code   RO         2239    i.USART_GetFlagStatus  lib.lib(stm32f10x_usart.o)
    0x08008d9c   0x00000044   Code   RO         2240    i.USART_GetITStatus  lib.lib(stm32f10x_usart.o)
    0x08008de0   0x00000030   Code   RO         2242    i.USART_ITConfig    lib.lib(stm32f10x_usart.o)
    0x08008e10   0x00000090   Code   RO         2243    i.USART_Init        lib.lib(stm32f10x_usart.o)
    0x08008ea0   0x00000008   Code   RO         2248    i.USART_ReceiveData  lib.lib(stm32f10x_usart.o)
    0x08008ea8   0x00000008   Code   RO         2251    i.USART_SendData    lib.lib(stm32f10x_usart.o)
    0x08008eb0   0x00000016   Code   RO         2257    i.USART_StructInit  lib.lib(stm32f10x_usart.o)
    0x08008ec6   0x0000000e   Code   RO         2687    i.__mathlib_dbl_overflow  m_ws.l(dunder.o)
    0x08008ed4   0x00000010   Code   RO         2689    i.__mathlib_dbl_underflow  m_ws.l(dunder.o)
    0x08008ee4   0x00000010   Code   RO         2589    i.__mathlib_narrow  m_ws.l(narrow.o)
    0x08008ef4   0x00000088   Code   RO         2590    i.__mathlib_tofloat  m_ws.l(narrow.o)
    0x08008f7c   0x00000016   Code   RO         2646    i.__support_ldexp   m_ws.l(ldexp.o)
    0x08008f92   0x0000000e   Code   RO         2482    i._is_digit         c_w.l(scanf_fp.o)
    0x08008fa0   0x0000002a   Code   RO         2431    i.atof              m_ws.l(atof.o)
    0x08008fca   0x00000002   PAD
    0x08008fcc   0x00000058   Code   RO         2617    i.frexp             m_ws.l(frexp.o)
    0x08009024   0x00000074   Code   RO         2647    i.ldexp             m_ws.l(ldexp.o)
    0x08009098   0x0000002c   Code   RO         2469    locale$$code        c_w.l(lc_numeric_c.o)
    0x080090c4   0x0000002c   Code   RO         2572    locale$$code        c_w.l(lc_ctype_c.o)
    0x080090f0   0x00000062   Code   RO         2610    x$fpl$d2f           fz_ws.l(d2f.o)
    0x08009152   0x00000002   PAD
    0x08009154   0x00000150   Code   RO         2408    x$fpl$dadd          fz_ws.l(daddsub_clz.o)
    0x080092a4   0x00000010   Code   RO         2681    x$fpl$dcheck1       fz_ws.l(dcheck1.o)
    0x080092b4   0x00000018   Code   RO         2637    x$fpl$dcmpinf       fz_ws.l(dcmpi.o)
    0x080092cc   0x000002b0   Code   RO         2415    x$fpl$ddiv          fz_ws.l(ddiv.o)
    0x0800957c   0x00000078   Code   RO         2612    x$fpl$deqf          fz_ws.l(deqf.o)
    0x080095f4   0x0000005e   Code   RO         2418    x$fpl$dfix          fz_ws.l(dfix.o)
    0x08009652   0x00000002   PAD
    0x08009654   0x00000078   Code   RO         2639    x$fpl$dleqf         fz_ws.l(dleqf.o)
    0x080096cc   0x00000154   Code   RO         2422    x$fpl$dmul          fz_ws.l(dmul.o)
    0x08009820   0x0000009c   Code   RO         2439    x$fpl$dnaninf       fz_ws.l(dnaninf.o)
    0x080098bc   0x0000000c   Code   RO         2441    x$fpl$dretinf       fz_ws.l(dretinf.o)
    0x080098c8   0x0000006c   Code   RO         2614    x$fpl$drleqf        fz_ws.l(drleqf.o)
    0x08009934   0x000001d4   Code   RO         2410    x$fpl$dsub          fz_ws.l(daddsub_clz.o)
    0x08009b08   0x0000000a   Code   RO         2641    x$fpl$fretinf       fz_ws.l(fretinf.o)
    0x08009b12   0x00000064   Code   RO         2702    x$fpl$retnan        fz_ws.l(retnan.o)
    0x08009b76   0x0000005c   Code   RO         2643    x$fpl$scalbn        fz_ws.l(scalbn.o)
    0x08009bd2   0x00000004   Code   RO         2471    x$fpl$scanf1        fz_ws.l(scanf1.o)
    0x08009bd6   0x00000008   Code   RO         2583    x$fpl$scanf2        fz_ws.l(scanf2.o)
    0x08009bde   0x00000030   Code   RO         2708    x$fpl$trapveneer    fz_ws.l(trapv.o)
    0x08009c0e   0x00000000   Code   RO         2443    x$fpl$usenofp       fz_ws.l(usenofp.o)
    0x08009c0e   0x00000002   PAD
    0x08009c10   0x00000094   Data   RO         2547    .constdata          c_w.l(bigflt0.o)
    0x08009ca4   0x00000020   Data   RO         2726    Region$$Table       anon$$obj.o
    0x08009cc4   0x00000008   Data   RO         2576    c$$dinf             fz_ws.l(fpconst.o)
    0x08009ccc   0x0000001c   Data   RO         2468    locale$$data        c_w.l(lc_numeric_c.o)
    0x08009ce8   0x00000110   Data   RO         2571    locale$$data        c_w.l(lc_ctype_c.o)


    Execution Region RW_IRAM1 (Base: 0x20000000, Size: 0x000023c8, Max: 0x00005000, ABSOLUTE, COMPRESSED[0x0000008c])

    Base Addr    Size         Type   Attr      Idx    E Section Name        Object

    0x20000000   0x000000cc   Data   RW          180    .data               gps.o
    0x200000cc   0x0000000c   Data   RW          203    .data               hmc6343.o
    0x200000d8   0x0000006e   Data   RW          222    .data               main_navigation_box.o
    0x20000146   0x00000002   PAD
    0x20000148   0x00000004   Data   RW          296    .data               adc_config.o
    0x2000014c   0x00000006   Data   RW          544    .data               setcan.o
    0x20000152   0x00000002   PAD
    0x20000154   0x00000004   Data   RW          560    .data               setclock.o
    0x20000158   0x0000000d   Data   RW          582    .data               setsystick.o
    0x20000165   0x00000003   PAD
    0x20000168   0x0000000c   Data   RW          601    .data               setuart.o
    0x20000174   0x00000005   Data   RW          624    .data               system_error_status.o
    0x20000179   0x00000003   PAD
    0x2000017c   0x00000004   Data   RW          641    .data               iap_jumper.o
    0x20000180   0x00000014   Data   RW         1541    .data               lib.lib(stm32f10x_rcc.o)
    0x20000194   0x00000052   Zero   RW          178    .bss                gps.o
    0x200001e6   0x00000002   PAD
    0x200001e8   0x000009aa   Zero   RW          220    .bss                main_navigation_box.o
    0x20000b92   0x000000b4   Zero   RW          294    .bss                adc_config.o
    0x20000c46   0x00000002   PAD
    0x20000c48   0x00000ff8   Zero   RW          542    .bss                setcan.o
    0x20001c40   0x00000128   Zero   RW          639    .bss                iap_jumper.o
    0x20001d68   0x00000060   Zero   RW         2474    .bss                c_w.l(libspace.o)
    0x20001dc8   0x00000200   Zero   RW          719    HEAP                startup_stm32f10x_md.o
    0x20001fc8   0x00000400   Zero   RW          718    STACK               startup_stm32f10x_md.o


==============================================================================

Image component sizes


      Code (inc. data)   RO Data    RW Data    ZI Data      Debug   Object Name

       552         22          0          4        180       2712   adc_config.o
       808          6          0          0          0       3601   cmdcoder.o
        32          0          0          0          0        592   core_cm3.o
       220          0          0          0          0       2743   fifo.o
       232          0          0          0          0       2995   fifo_void.o
       784         52          0        204         82       4361   gps.o
       964         28          0         12          0       4157   hmc6343.o
       368         26          0          4        296       3162   iap_jumper.o
        24          0          0          0          0       2859   main.o
         0          0          0          0          0       3032   main_esc_box.o
      1552        132          0        110       2474       5795   main_navigation_box.o
         0          0          0          0          0     252812   main_stm32f103v_box.o
       228          6          0          0          0       1264   navigation_box_led.o
      1404         72          0          6       4088       5790   setcan.o
       348         22          0          4          0       6091   setclock.o
       300         12          0          0          0        658   setgpio_1.o
       400         24          0         13          0       7582   setsystick.o
       292          6          0          0          0      18001   settimer.o
       744         26          0         12          0       3587   setuart.o
        56         22        236          0       1536        844   startup_stm32f10x_md.o
       264         26          0          5          0       1635   system_error_status.o

    ----------------------------------------------------------------------
      9572        482        268        384       8660     334273   Object Totals
         0          0         32          0          0          0   (incl. Generated)
         0          0          0         10          4          0   (incl. Padding)

    ----------------------------------------------------------------------

      Code (inc. data)   RO Data    RW Data    ZI Data      Debug   Library Member Name

        90          0          0          0          0          0   __dczerorl2.o
         8          0          0          0          0         68   __main.o
         0          0          0          0          0          0   __rtentry.o
        12          0          0          0          0          0   __rtentry2.o
         6          0          0          0          0          0   __rtentry4.o
        52          8          0          0          0          0   __scatter.o
        28          0          0          0          0          0   __scatter_zi.o
        28          0          0          0          0         68   _chval.o
        22          0          0          0          0        100   _rserrno.o
        64          0          0          0          0         84   _sgetc.o
       220          4        148          0          0         96   bigflt0.o
      1846        132          0          0          0        736   btod.o
        12          0          0          0          0         72   exit.o
         6          0          0          0          0        152   heapauxi.o
         0          0          0          0          0          0   indicate_semi.o
        18          0          0          0          0         76   isspace.o
        44         10        272          0          0         76   lc_ctype_c.o
        44         10         28          0          0         76   lc_numeric_c.o
         2          0          0          0          0          0   libinit.o
        30          0          0          0          0          0   libinit2.o
         2          0          0          0          0          0   libshutdown.o
         2          0          0          0          0          0   libshutdown2.o
         8          4          0          0         96         68   libspace.o
        38          0          0          0          0         68   llshl.o
        16          4          0          0          0         76   rt_ctype_table.o
         8          4          0          0          0         68   rt_errno_addr_intlibspace.o
         8          4          0          0          0         68   rt_locale_intlibspace.o
       100          0          0          0          0         80   rt_memcpy_w.o
         2          0          0          0          0          0   rtexit.o
        10          0          0          0          0          0   rtexit2.o
      1202         12          0          0          0        216   scanf_fp.o
       792         14          0          0          0        100   scanf_hexfp.o
       308         16          0          0          0        100   scanf_infnan.o
       128          0          0          0          0         68   strcmpv7m.o
       160         12          0          0          0        120   strtod.o
        12          4          0          0          0         68   sys_exit.o
        74          0          0          0          0         80   sys_stackheap_outer.o
         2          0          0          0          0         68   use_no_semi.o
        98          4          0          0          0         92   d2f.o
       804         16          0          0          0        272   daddsub_clz.o
        16          4          0          0          0         68   dcheck1.o
        24          0          0          0          0         68   dcmpi.o
       688        140          0          0          0        208   ddiv.o
       120          4          0          0          0         92   deqf.o
        94          4          0          0          0         92   dfix.o
       120          4          0          0          0         92   dleqf.o
       340         12          0          0          0        104   dmul.o
       156          4          0          0          0         92   dnaninf.o
        12          0          0          0          0         68   dretinf.o
       108          0          0          0          0         80   drleqf.o
         0          0          8          0          0          0   fpconst.o
        10          0          0          0          0         68   fretinf.o
       100          0          0          0          0         68   retnan.o
        92          0          0          0          0         68   scalbn.o
         4          0          0          0          0         68   scanf1.o
         8          0          0          0          0         84   scanf2.o
        48          0          0          0          0         68   trapv.o
         0          0          0          0          0          0   usenofp.o
       170         10          0          0          0     275419   misc.o
       330          6          0          0          0       6965   stm32f10x_adc.o
      1302          6          0          0          0       9275   stm32f10x_can.o
       422         64          0          0          0       4311   stm32f10x_dma.o
       352         50          0          0          0       5668   stm32f10x_flash.o
       342          4          0          0          0       5145   stm32f10x_gpio.o
       640        116          0         20          0      11483   stm32f10x_rcc.o
       130          0          0          0          0       6529   stm32f10x_tim.o
       330          4          0          0          0       5988   stm32f10x_usart.o
        42          0          0          0          0         84   atof.o
        30          6          0          0          0        136   dunder.o
        88          8          0          0          0         76   frexp.o
       138          0          0          0          0        160   ldexp.o
       152          4          0          0          0        168   narrow.o

    ----------------------------------------------------------------------
     12736        708        456         20         96     336011   Library Totals
        22          0          0          0          0          0   (incl. Padding)

    ----------------------------------------------------------------------

      Code (inc. data)   RO Data    RW Data    ZI Data      Debug   Library Name

      5404        238        448          0         96       2852   c_w.l
      2842        192          8          0          0       1752   fz_ws.l
      4018        260          0         20          0     330783   lib.lib
       450         18          0          0          0        624   m_ws.l

    ----------------------------------------------------------------------
     12736        708        456         20         96     336011   Library Totals

    ----------------------------------------------------------------------

==============================================================================


      Code (inc. data)   RO Data    RW Data    ZI Data      Debug   

     22308       1190        724        404       8756     662722   Grand Totals
     22308       1190        724        140       8756     662722   ELF Image Totals (compressed)
     22308       1190        724        140          0          0   ROM Totals

==============================================================================

    Total RO  Size (Code + RO Data)                23032 (  22.49kB)
    Total RW  Size (RW Data + ZI Data)              9160 (   8.95kB)
    Total ROM Size (Code + RO Data + RW Data)      23172 (  22.63kB)

==============================================================================

