Component: ARM Compiler 5.05 update 1 (build 106) Tool: armlink [4d0efa]

==============================================================================

Section Cross References

    main_stm32f103v_box.o(.text) refers to setuart.o(.text) for Uart_GetChar
    main_stm32f103v_box.o(.text) refers to setcan.o(.text) for Can1_Send_Ext
    main_stm32f103v_box.o(.text) refers to stm32f10x_rcc.o(.text) for RCC_APB2PeriphClockCmd
    main_stm32f103v_box.o(.text) refers to stm32f10x_gpio.o(.text) for GPIO_StructInit
    main_stm32f103v_box.o(.text) refers to iap_jumper.o(.text) for Iap_Configure
    main_stm32f103v_box.o(.text) refers to slog.o(.text) for slog_init
    main_stm32f103v_box.o(.text) refers to stm32f10x_usart.o(.text) for USART_SendData
    main_stm32f103v_box.o(.text) refers to setsystick.o(.text) for delay_us
    main_stm32f103v_box.o(.text) refers to main_stm32f103v_box.o(.bss) for Uart1
    main_stm32f103v_box.o(.text) refers to main_stm32f103v_box.o(.data) for led_status
    ds18b20.o(.text) refers to stm32f10x_gpio.o(.text) for GPIO_Init
    ds18b20.o(.text) refers to setsystick.o(.text) for delay_us
    setadc.o(.text) refers to stm32f10x_rcc.o(.text) for RCC_APB2PeriphClockCmd
    setadc.o(.text) refers to stm32f10x_adc.o(.text) for ADC_Init
    setadc.o(.text) refers to stm32f10x_dma.o(.text) for DMA_DeInit
    setadc.o(.text) refers to setadc.o(.bss) for ADCConvert
    settimer.o(.text) refers to stm32f10x_rcc.o(.text) for RCC_APB2PeriphClockCmd
    settimer.o(.text) refers to misc.o(.text) for NVIC_PriorityGroupConfig
    settimer.o(.text) refers to stm32f10x_tim.o(.text) for TIM_TimeBaseInit
    setgpio.o(.text) refers to stm32f10x_rcc.o(.text) for RCC_APB2PeriphClockCmd
    setgpio.o(.text) refers to stm32f10x_gpio.o(.text) for GPIO_StructInit
    gps.o(.text) refers to setuart.o(.text) for Uart_PutChar
    gps.o(.text) refers to setsystick.o(.text) for delay_us
    gps.o(.text) refers to navigation_box_led.o(.text) for Nbl_Led_toggle
    gps.o(.text) refers to gps.o(.data) for gps_uart
    gps.o(.text) refers to gps.o(.bss) for GPS_Command_Buffer
    hmc6343.o(.text) refers to setsystick.o(.text) for delay_us
    hmc6343.o(.text) refers to hmc6343.o(.data) for heading_msb
    navigation_box_led.o(.text) refers to stm32f10x_gpio.o(.text) for GPIO_ResetBits
    setgpio_1.o(.text) refers to stm32f10x_rcc.o(.text) for RCC_APB2PeriphClockCmd
    setgpio_1.o(.text) refers to stm32f10x_gpio.o(.text) for GPIO_StructInit
    setgpio_2.o(.text) refers to stm32f10x_rcc.o(.text) for RCC_APB2PeriphClockCmd
    setgpio_2.o(.text) refers to stm32f10x_gpio.o(.text) for GPIO_StructInit
    adc_config.o(.text) refers to stm32f10x_rcc.o(.text) for RCC_APB2PeriphClockCmd
    adc_config.o(.text) refers to stm32f10x_gpio.o(.text) for GPIO_StructInit
    adc_config.o(.text) refers to stm32f10x_adc.o(.text) for ADC_Init
    adc_config.o(.text) refers to stm32f10x_dma.o(.text) for DMA_DeInit
    adc_config.o(.text) refers to misc.o(.text) for NVIC_PriorityGroupConfig
    adc_config.o(.text) refers to adc_config.o(.bss) for escADCConvert
    adc_config.o(.text) refers to adc_config.o(.data) for adc_sample_irq_function
    esc_box_led.o(.text) refers to stm32f10x_gpio.o(.text) for GPIO_ResetBits
    esc_box_led.o(.text) refers to stm32f10x_rcc.o(.text) for RCC_APB2PeriphClockCmd
    esc_box_led.o(.text) refers to esc_box_led.o(.bss) for led_toggle_ms
    esc_box_led.o(.text) refers to esc_box_led.o(.data) for led_count
    esc_80_pump_pitch_control.o(.text) refers to stm32f10x_rcc.o(.text) for RCC_APB1PeriphClockCmd
    esc_80_pump_pitch_control.o(.text) refers to stm32f10x_gpio.o(.text) for GPIO_StructInit
    esc_80_pump_pitch_control.o(.text) refers to stm32f10x_tim.o(.text) for TIM_TimeBaseInit
    esc_80_pump_pitch_control.o(.text) refers to system_stm32f10x.o(.data) for SystemCoreClock
    esc_80_pump_pitch_control.o(.text) refers to esc_80_pump_pitch_control.o(.data) for pwmA_ccr
    esc_80_yaw_control.o(.text) refers to esc_box_log.o(.text) for is_esc_get_more_log
    esc_80_yaw_control.o(.text) refers to adc_config.o(.text) for Get_Oil_Mass_Adc_value
    esc_80_yaw_control.o(.text) refers to stm32f10x_rcc.o(.text) for RCC_APB2PeriphClockCmd
    esc_80_yaw_control.o(.text) refers to stm32f10x_gpio.o(.text) for GPIO_StructInit
    esc_80_yaw_control.o(.text) refers to stm32f10x_tim.o(.text) for TIM_TimeBaseInit
    esc_80_yaw_control.o(.text) refers to setsystick.o(.text) for get_system_ms
    esc_80_yaw_control.o(.text) refers to esc_80_yaw_control.o(.data) for yawCurrentAdcValue
    esc_80_yaw_control.o(.text) refers to system_stm32f10x.o(.data) for SystemCoreClock
    esc_80_yaw_control.o(.text) refers to fflt_clz.o(x$fpl$ffltu) for __aeabi_ui2f
    esc_80_yaw_control.o(.text) refers to esc_can_listener.o(.text) for is_Can1_Lost_Connect
    esc_80_yaw_control.o(.text) refers to esc_80_yaw_control.o(.bss) for _yaw_t
    esc_box_log.o(.text) refers to setuart.o(.text) for Uart_PutChar
[...]
    ../clib/memcpset.s                       0x00000000   Number         0  rt_memcpy_w.o ABSOLUTE
    ../clib/signal.c                         0x00000000   Number         0  defsig_rtmem_inner.o ABSOLUTE
    ../clib/signal.c                         0x00000000   Number         0  defsig_stak_inner.o ABSOLUTE
    ../clib/signal.c                         0x00000000   Number         0  defsig_rtred_inner.o ABSOLUTE
    ../clib/signal.c                         0x00000000   Number         0  defsig_fpe_inner.o ABSOLUTE
    ../clib/signal.c                         0x00000000   Number         0  defsig_abrt_inner.o ABSOLUTE
    ../clib/signal.c                         0x00000000   Number         0  defsig_exit.o ABSOLUTE
    ../clib/signal.c                         0x00000000   Number         0  defsig_pvfn_inner.o ABSOLUTE
    ../clib/signal.c                         0x00000000   Number         0  defsig_rtmem_outer.o ABSOLUTE
    ../clib/signal.c                         0x00000000   Number         0  defsig_cppl_inner.o ABSOLUTE
    ../clib/signal.c                         0x00000000   Number         0  defsig_segv_inner.o ABSOLUTE
    ../clib/signal.c                         0x00000000   Number         0  defsig_rtmem_formal.o ABSOLUTE
    ../clib/signal.c                         0x00000000   Number         0  defsig_other.o ABSOLUTE
    ../clib/signal.c                         0x00000000   Number         0  __raise.o ABSOLUTE
    ../clib/signal.c                         0x00000000   Number         0  defsig_general.o ABSOLUTE
    ../clib/signal.s                         0x00000000   Number         0  defsig.o ABSOLUTE
    ../clib/stdlib.c                         0x00000000   Number         0  exit.o ABSOLUTE
    ../fplib/fflt.s                          0x00000000   Number         0  fflt_clz.o ABSOLUTE
    ../fplib/fpinit.s                        0x00000000   Number         0  fpinit.o ABSOLUTE
    ../fplib/usenofp.s                       0x00000000   Number         0  usenofp.o ABSOLUTE
    Libraries\CMSIS_new\Device\ST\STM32F10x\Source\Templates\arm\startup_stm32f10x_md.s 0x00000000   Number         0  startup_stm32f10x_md.o ABSOLUTE
    Libraries\CMSIS_new\Device\ST\STM32F10x\Source\Templates\system_stm32f10x.c 0x00000000   Number         0  system_stm32f10x.o ABSOLUTE
    Libraries\\CMSIS_new\\Device\\ST\\STM32F10x\\Source\\Templates\\system_stm32f10x.c 0x00000000   Number         0  system_stm32f10x.o ABSOLUTE
    Libraries\\src\\misc.c                   0x00000000   Number         0  misc.o ABSOLUTE
    Libraries\\src\\stm32f10x_adc.c          0x00000000   Number         0  stm32f10x_adc.o ABSOLUTE
    Libraries\\src\\stm32f10x_bkp.c          0x00000000   Number         0  stm32f10x_bkp.o ABSOLUTE
    Libraries\\src\\stm32f10x_can.c          0x00000000   Number         0  stm32f10x_can.o ABSOLUTE
    Libraries\\src\\stm32f10x_cec.c          0x00000000   Number         0  stm32f10x_cec.o ABSOLUTE
    Libraries\\src\\stm32f10x_crc.c          0x00000000   Number         0  stm32f10x_crc.o ABSOLUTE
    Libraries\\src\\stm32f10x_dac.c          0x00000000   Number         0  stm32f10x_dac.o ABSOLUTE
    Libraries\\src\\stm32f10x_dbgmcu.c       0x00000000   Number         0  stm32f10x_dbgmcu.o ABSOLUTE
    Libraries\\src\\stm32f10x_dma.c          0x00000000   Number         0  stm32f10x_dma.o ABSOLUTE
    Libraries\\src\\stm32f10x_exti.c         0x00000000   Number         0  stm32f10x_exti.o ABSOLUTE
    Libraries\\src\\stm32f10x_flash.c        0x00000000   Number         0  stm32f10x_flash.o ABSOLUTE
    Libraries\\src\\stm32f10x_fsmc.c         0x00000000   Number         0  stm32f10x_fsmc.o ABSOLUTE
    Libraries\\src\\stm32f10x_gpio.c         0x00000000   Number         0  stm32f10x_gpio.o ABSOLUTE
    Libraries\\src\\stm32f10x_i2c.c          0x00000000   Number         0  stm32f10x_i2c.o ABSOLUTE
    Libraries\\src\\stm32f10x_iwdg.c         0x00000000   Number         0  stm32f10x_iwdg.o ABSOLUTE
    Libraries\\src\\stm32f10x_pwr.c          0x00000000   Number         0  stm32f10x_pwr.o ABSOLUTE
    Libraries\\src\\stm32f10x_rcc.c          0x00000000   Number         0  stm32f10x_rcc.o ABSOLUTE
    Libraries\\src\\stm32f10x_rtc.c          0x00000000   Number         0  stm32f10x_rtc.o ABSOLUTE
    Libraries\\src\\stm32f10x_sdio.c         0x00000000   Number         0  stm32f10x_sdio.o ABSOLUTE
    Libraries\\src\\stm32f10x_spi.c          0x00000000   Number         0  stm32f10x_spi.o ABSOLUTE
    Libraries\\src\\stm32f10x_tim.c          0x00000000   Number         0  stm32f10x_tim.o ABSOLUTE
    Libraries\\src\\stm32f10x_usart.c        0x00000000   Number         0  stm32f10x_usart.o ABSOLUTE
    Libraries\\src\\stm32f10x_wwdg.c         0x00000000   Number         0  stm32f10x_wwdg.o ABSOLUTE
    Libraries\src\misc.c                     0x00000000   Number         0  misc.o ABSOLUTE
    Libraries\src\stm32f10x_adc.c            0x00000000   Number         0  stm32f10x_adc.o ABSOLUTE
    Libraries\src\stm32f10x_bkp.c            0x00000000   Number         0  stm32f10x_bkp.o ABSOLUTE
    Libraries\src\stm32f10x_can.c            0x00000000   Number         0  stm32f10x_can.o ABSOLUTE
    Libraries\src\stm32f10x_cec.c            0x00000000   Number         0  stm32f10x_cec.o ABSOLUTE
    Libraries\src\stm32f10x_crc.c            0x00000000   Number         0  stm32f10x_crc.o ABSOLUTE
    Libraries\src\stm32f10x_dac.c            0x00000000   Number         0  stm32f10x_dac.o ABSOLUTE
    Libraries\src\stm32f10x_dbgmcu.c         0x00000000   Number         0  stm32f10x_dbgmcu.o ABSOLUTE
    Libraries\src\stm32f10x_dma.c            0x00000000   Number         0  stm32f10x_dma.o ABSOLUTE
    Libraries\src\stm32f10x_exti.c           0x00000000   Number         0  stm32f10x_exti.o ABSOLUTE
    Libraries\src\stm32f10x_flash.c          0x00000000   Number         0  stm32f10x_flash.o ABSOLUTE
    Libraries\src\stm32f10x_fsmc.c           0x00000000   Number         0  stm32f10x_fsmc.o ABSOLUTE
    Libraries\src\stm32f10x_gpio.c           0x00000000   Number         0  stm32f10x_gpio.o ABSOLUTE
    Libraries\src\stm32f10x_i2c.c            0x00000000   Number         0  stm32f10x_i2c.o ABSOLUTE
    Libraries\src\stm32f10x_iwdg.c           0x00000000   Number         0  stm32f10x_iwdg.o ABSOLUTE
    Libraries\src\stm32f10x_pwr.c            0x00000000   Number         0  stm32f10x_pwr.o ABSOLUTE
    Libraries\src\stm32f10x_rcc.c            0x00000000   Number         0  stm32f10x_rcc.o ABSOLUTE
    Libraries\src\stm32f10x_rtc.c            0x00000000   Number         0  stm32f10x_rtc.o ABSOLUTE
    Libraries\src\stm32f10x_sdio.c           0x00000000   Number         0  stm32f10x_sdio.o ABSOLUTE
    Libraries\src\stm32f10x_spi.c            0x00000000   Number         0  stm32f10x_spi.o ABSOLUTE
    Libraries\src\stm32f10x_tim.c            0x00000000   Number         0  stm32f10x_tim.o ABSOLUTE
    Libraries\src\stm32f10x_usart.c          0x00000000   Number         0  stm32f10x_usart.o ABSOLUTE
    Libraries\src\stm32f10x_wwdg.c           0x00000000   Number         0  stm32f10x_wwdg.o ABSOLUTE
    board_m80_esc\ADC_config.c               0x00000000   Number         0  adc_config.o ABSOLUTE
    board_m80_esc\Rtu_485_Runtime.c          0x00000000   Number         0  rtu_485_runtime.o ABSOLUTE
    board_m80_esc\SetGPIO.c                  0x00000000   Number         0  setgpio_2.o ABSOLUTE
    board_m80_esc\\ADC_config.c              0x00000000   Number         0  adc_config.o ABSOLUTE
    board_m80_esc\\Rtu_485_Runtime.c         0x00000000   Number         0  rtu_485_runtime.o ABSOLUTE
    board_m80_esc\\SetGPIO.c                 0x00000000   Number         0  setgpio_2.o ABSOLUTE
    board_m80_esc\\esc_80_pump_pitch_control.c 0x00000000   Number         0  esc_80_pump_pitch_control.o ABSOLUTE
    board_m80_esc\\esc_80_yaw_control.c      0x00000000   Number         0  esc_80_yaw_control.o ABSOLUTE
    board_m80_esc\\esc_box_ke4_speed.c       0x00000000   Number         0  esc_box_ke4_speed.o ABSOLUTE
    board_m80_esc\\esc_box_led.c             0x00000000   Number         0  esc_box_led.o ABSOLUTE
    board_m80_esc\\esc_box_log.c             0x00000000   Number         0  esc_box_log.o ABSOLUTE
    board_m80_esc\\esc_can_listener.c        0x00000000   Number         0  esc_can_listener.o ABSOLUTE
    board_m80_esc\\esc_limit_alarm.c         0x00000000   Number         0  esc_limit_alarm.o ABSOLUTE
    board_m80_esc\\main_esc_box.c            0x00000000   Number         0  main_esc_box.o ABSOLUTE
    board_m80_esc\esc_80_pump_pitch_control.c 0x00000000   Number         0  esc_80_pump_pitch_control.o ABSOLUTE
    board_m80_esc\esc_80_yaw_control.c       0x00000000   Number         0  esc_80_yaw_control.o ABSOLUTE
    board_m80_esc\esc_box_ke4_speed.c        0x00000000   Number         0  esc_box_ke4_speed.o ABSOLUTE
    board_m80_esc\esc_box_led.c              0x00000000   Number         0  esc_box_led.o ABSOLUTE
    board_m80_esc\esc_box_log.c              0x00000000   Number         0  esc_box_log.o ABSOLUTE
    board_m80_esc\esc_can_listener.c         0x00000000   Number         0  esc_can_listener.o ABSOLUTE
    board_m80_esc\esc_limit_alarm.c          0x00000000   Number         0  esc_limit_alarm.o ABSOLUTE
    board_m80_esc\main_esc_box.c             0x00000000   Number         0  main_esc_box.o ABSOLUTE
    board_mainController\ADXL345.c           0x00000000   Number         0  adxl345.o ABSOLUTE
    board_mainController\Ds18B20.c           0x00000000   Number         0  ds18b20.o ABSOLUTE
    board_mainController\SetADC.c            0x00000000   Number         0  setadc.o ABSOLUTE
    board_mainController\SetGPIO.c           0x00000000   Number         0  setgpio.o ABSOLUTE
    board_mainController\SetTimer.c          0x00000000   Number         0  settimer.o ABSOLUTE
    board_mainController\\ADXL345.c          0x00000000   Number         0  adxl345.o ABSOLUTE
    board_mainController\\Ds18B20.c          0x00000000   Number         0  ds18b20.o ABSOLUTE
    board_mainController\\SetADC.c           0x00000000   Number         0  setadc.o ABSOLUTE
    board_mainController\\SetGPIO.c          0x00000000   Number         0  setgpio.o ABSOLUTE
    board_mainController\\SetTimer.c         0x00000000   Number         0  settimer.o ABSOLUTE
    board_mainController\\user_main_MainController.c 0x00000000   Number         0  user_main_maincontroller.o ABSOLUTE
    board_mainController\user_main_MainController.c 0x00000000   Number         0  user_main_maincontroller.o ABSOLUTE
    board_navigationBox\HMC6343.c            0x00000000   Number         0  hmc6343.o ABSOLUTE
    board_navigationBox\SetGPIO.c            0x00000000   Number         0  setgpio_1.o ABSOLUTE
    board_navigationBox\\HMC6343.c           0x00000000   Number         0  hmc6343.o ABSOLUTE
    board_navigationBox\\SetGPIO.c           0x00000000   Number         0  setgpio_1.o ABSOLUTE
    board_navigationBox\\gps.c               0x00000000   Number         0  gps.o ABSOLUTE
    board_navigationBox\\main_navigation_box.c 0x00000000   Number         0  main_navigation_box.o ABSOLUTE
    board_navigationBox\\navigation_box_led.c 0x00000000   Number         0  navigation_box_led.o ABSOLUTE
    board_navigationBox\gps.c                0x00000000   Number         0  gps.o ABSOLUTE
    board_navigationBox\main_navigation_box.c 0x00000000   Number         0  main_navigation_box.o ABSOLUTE
    board_navigationBox\navigation_box_led.c 0x00000000   Number         0  navigation_box_led.o ABSOLUTE
    board_stm32f103v\\main_stm32f103v_box.c  0x00000000   Number         0  main_stm32f103v_box.o ABSOLUTE
    board_stm32f103v\main_stm32f103v_box.c   0x00000000   Number         0  main_stm32f103v_box.o ABSOLUTE
    dc.s                                     0x00000000   Number         0  dc.o ABSOLUTE
    misc\\crc16.c                            0x00000000   Number         0  crc16.o ABSOLUTE
    misc\\rtu_485.c                          0x00000000   Number         0  rtu_485.o ABSOLUTE
    misc\crc16.c                             0x00000000   Number         0  crc16.o ABSOLUTE
    misc\rtu_485.c                           0x00000000   Number         0  rtu_485.o ABSOLUTE
    system\SetCAN.c                          0x00000000   Number         0  setcan.o ABSOLUTE
    system\SetSysTick.c                      0x00000000   Number         0  setsystick.o ABSOLUTE
    system\SetUART.c                         0x00000000   Number         0  setuart.o ABSOLUTE
    system\\SetCAN.c                         0x00000000   Number         0  setcan.o ABSOLUTE
    system\\SetSysTick.c                     0x00000000   Number         0  setsystick.o ABSOLUTE
    system\\SetUART.c                        0x00000000   Number         0  setuart.o ABSOLUTE
    system\\iap_jumper.c                     0x00000000   Number         0  iap_jumper.o ABSOLUTE
    system\\main.c                           0x00000000   Number         0  main.o ABSOLUTE
    system\\slog.c                           0x00000000   Number         0  slog.o ABSOLUTE
    system\\system_error_status.c            0x00000000   Number         0  system_error_status.o ABSOLUTE
    system\cmdcoder.c                        0x00000000   Number         0  cmdcoder.o ABSOLUTE
    system\fifo.c                            0x00000000   Number         0  fifo.o ABSOLUTE
    system\fifo_void.c                       0x00000000   Number         0  fifo_void.o ABSOLUTE
    system\iap_jumper.c                      0x00000000   Number         0  iap_jumper.o ABSOLUTE
    system\main.c                            0x00000000   Number         0  main.o ABSOLUTE
    system\slog.c                            0x00000000   Number         0  slog.o ABSOLUTE
    system\system_error_status.c             0x00000000   Number         0  system_error_status.o ABSOLUTE
    RESET                                    0x08000000   Section      236  startup_stm32f10x_md.o(RESET)
    !!!main                                  0x080000ec   Section        8  __main.o(!!!main)
    !!!scatter                               0x080000f4   Section       52  __scatter.o(!!!scatter)
    !!handler_copy                           0x08000128   Section       26  __scatter_copy.o(!!handler_copy)
    !!handler_zi                             0x08000144   Section       28  __scatter_zi.o(!!handler_zi)
    .ARM.Collect$$libinit$$00000000          0x08000160   Section        2  libinit.o(.ARM.Collect$$libinit$$00000000)
    .ARM.Collect$$libinit$$00000002          0x08000162   Section        0  libinit2.o(.ARM.Collect$$libinit$$00000002)
    .ARM.Collect$$libinit$$00000004          0x08000162   Section        0  libinit2.o(.ARM.Collect$$libinit$$00000004)
    .ARM.Collect$$libinit$$0000000A          0x08000162   Section        0  libinit2.o(.ARM.Collect$$libinit$$0000000A)
    .ARM.Collect$$libinit$$0000000C          0x08000162   Section        0  libinit2.o(.ARM.Collect$$libinit$$0000000C)
    .ARM.Collect$$libinit$$0000000E          0x08000162   Section        0  libinit2.o(.ARM.Collect$$libinit$$0000000E)
    .ARM.Collect$$libinit$$00000011          0x08000162   Section        0  libinit2.o(.ARM.Collect$$libinit$$00000011)
    .ARM.Collect$$libinit$$00000013          0x08000162   Section        0  libinit2.o(.ARM.Collect$$libinit$$00000013)
    .ARM.Collect$$libinit$$00000015          0x08000162   Section        0  libinit2.o(.ARM.Collect$$libinit$$00000015)
    .ARM.Collect$$libinit$$00000017          0x08000162   Section        0  libinit2.o(.ARM.Collect$$libinit$$00000017)
    .ARM.Collect$$libinit$$00000019          0x08000162   Section        0  libinit2.o(.ARM.Collect$$libinit$$00000019)
    .ARM.Collect$$libinit$$0000001B          0x08000162   Section        0  libinit2.o(.ARM.Collect$$libinit$$0000001B)
    .ARM.Collect$$libinit$$0000001D          0x08000162   Section        0  libinit2.o(.ARM.Collect$$libinit$$0000001D)
    .ARM.Collect$$libinit$$0000001F          0x08000162   Section        0  libinit2.o(.ARM.Collect$$libinit$$0000001F)
    .ARM.Collect$$libinit$$00000021          0x08000162   Section        0  libinit2.o(.ARM.Collect$$libinit$$00000021)
    .ARM.Collect$$libinit$$00000023          0x08000162   Section        0  libinit2.o(.ARM.Collect$$libinit$$00000023)
    .ARM.Collect$$libinit$$00000025          0x08000162   Section        0  libinit2.o(.ARM.Collect$$libinit$$00000025)
    .ARM.Collect$$libinit$$0000002C          0x08000162   Section        0  libinit2.o(.ARM.Collect$$libinit$$0000002C)
    .ARM.Collect$$libinit$$0000002E          0x08000162   Section        0  libinit2.o(.ARM.Collect$$libinit$$0000002E)
    .ARM.Collect$$libinit$$00000030          0x08000162   Section        0  libinit2.o(.ARM.Collect$$libinit$$00000030)
    .ARM.Collect$$libinit$$00000032          0x08000162   Section        0  libinit2.o(.ARM.Collect$$libinit$$00000032)
    .ARM.Collect$$libinit$$00000033          0x08000162   Section        2  libinit2.o(.ARM.Collect$$libinit$$00000033)
    .ARM.Collect$$libshutdown$$00000000      0x08000164   Section        2  libshutdown.o(.ARM.Collect$$libshutdown$$00000000)
    .ARM.Collect$$libshutdown$$00000003      0x08000166   Section        0  libshutdown2.o(.ARM.Collect$$libshutdown$$00000003)
    .ARM.Collect$$libshutdown$$00000006      0x08000166   Section        0  libshutdown2.o(.ARM.Collect$$libshutdown$$00000006)
    .ARM.Collect$$libshutdown$$00000009      0x08000166   Section        0  libshutdown2.o(.ARM.Collect$$libshutdown$$00000009)
    .ARM.Collect$$libshutdown$$0000000B      0x08000166   Section        0  libshutdown2.o(.ARM.Collect$$libshutdown$$0000000B)
    .ARM.Collect$$libshutdown$$0000000E      0x08000166   Section        0  libshutdown2.o(.ARM.Collect$$libshutdown$$0000000E)
    .ARM.Collect$$libshutdown$$0000000F      0x08000166   Section        2  libshutdown2.o(.ARM.Collect$$libshutdown$$0000000F)
    .ARM.Collect$$rtentry$$00000000          0x08000168   Section        0  __rtentry.o(.ARM.Collect$$rtentry$$00000000)
    .ARM.Collect$$rtentry$$00000002          0x08000168   Section        0  __rtentry2.o(.ARM.Collect$$rtentry$$00000002)
    .ARM.Collect$$rtentry$$00000004          0x08000168   Section        6  __rtentry4.o(.ARM.Collect$$rtentry$$00000004)
    .ARM.Collect$$rtentry$$00000009          0x0800016e   Section        0  __rtentry2.o(.ARM.Collect$$rtentry$$00000009)
    .ARM.Collect$$rtentry$$0000000A          0x0800016e   Section        4  __rtentry2.o(.ARM.Collect$$rtentry$$0000000A)
    .ARM.Collect$$rtentry$$0000000C          0x08000172   Section        0  __rtentry2.o(.ARM.Collect$$rtentry$$0000000C)
    .ARM.Collect$$rtentry$$0000000D          0x08000172   Section        8  __rtentry2.o(.ARM.Collect$$rtentry$$0000000D)
    .ARM.Collect$$rtexit$$00000000           0x0800017a   Section        2  rtexit.o(.ARM.Collect$$rtexit$$00000000)
    .ARM.Collect$$rtexit$$00000002           0x0800017c   Section        0  rtexit2.o(.ARM.Collect$$rtexit$$00000002)
    .ARM.Collect$$rtexit$$00000003           0x0800017c   Section        4  rtexit2.o(.ARM.Collect$$rtexit$$00000003)
    .ARM.Collect$$rtexit$$00000004           0x08000180   Section        6  rtexit2.o(.ARM.Collect$$rtexit$$00000004)
    .text                                    0x08000188   Section        0  main_stm32f103v_box.o(.text)
    .text                                    0x08000398   Section        0  settimer.o(.text)
    .text                                    0x080004bc   Section        0  adc_config.o(.text)
    .text                                    0x080006e4   Section        0  cmdcoder.o(.text)
    encode_variable_len                      0x080006e5   Thumb Code    48  cmdcoder.o(.text)
    .text                                    0x08000a0c   Section        0  fifo.o(.text)
    .text                                    0x08000ae8   Section        0  fifo_void.o(.text)
    .text                                    0x08000bd0   Section        0  main.o(.text)
    .text                                    0x08000be8   Section        0  setsystick.o(.text)
    .text                                    0x08000d78   Section        0  setuart.o(.text)
    .text                                    0x08001060   Section        0  setcan.o(.text)
    .text                                    0x080015dc   Section        0  system_error_status.o(.text)
    .text                                    0x080016e4   Section        0  iap_jumper.o(.text)
    .text                                    0x08001854   Section        0  slog.o(.text)
    .text                                    0x0800193c   Section        0  misc.o(.text)
    .text                                    0x08001a18   Section        0  stm32f10x_adc.o(.text)
    .text                                    0x08001e68   Section        0  stm32f10x_can.o(.text)
    CheckITStatus                            0x0800266b   Thumb Code    18  stm32f10x_can.o(.text)
    .text                                    0x08002858   Section        0  stm32f10x_dma.o(.text)
    .text                                    0x08002aac   Section        0  stm32f10x_flash.o(.text)
    .text                                    0x08003068   Section        0  stm32f10x_gpio.o(.text)
    .text                                    0x080033c4   Section        0  stm32f10x_rcc.o(.text)
    .text                                    0x08003768   Section        0  stm32f10x_tim.o(.text)
    TI4_Config                               0x08003c0f   Thumb Code   130  stm32f10x_tim.o(.text)
    TI3_Config                               0x08003ca3   Thumb Code   122  stm32f10x_tim.o(.text)
    TI2_Config                               0x08003d37   Thumb Code   130  stm32f10x_tim.o(.text)
    TI1_Config                               0x08003dcb   Thumb Code   108  stm32f10x_tim.o(.text)
    .text                                    0x08004584   Section        0  stm32f10x_usart.o(.text)
    .text                                    0x0800498c   Section       64  startup_stm32f10x_md.o(.text)
    .text                                    0x080049cc   Section        0  system_stm32f10x.o(.text)
    SetSysClockTo72                          0x080049cd   Thumb Code   214  system_stm32f10x.o(.text)
    SetSysClock                              0x08004aa3   Thumb Code     8  system_stm32f10x.o(.text)
    .text                                    0x08004bac   Section      100  rt_memcpy_w.o(.text)
    .text                                    0x08004c10   Section        0  heapauxi.o(.text)
    .text                                    0x08004c16   Section       74  sys_stackheap_outer.o(.text)
    .text                                    0x08004c60   Section        0  exit.o(.text)
    .text                                    0x08004c6c   Section        8  libspace.o(.text)
    .text                                    0x08004c74   Section        0  sys_exit.o(.text)
    .text                                    0x08004c80   Section        2  use_no_semi.o(.text)
    .text                                    0x08004c82   Section        0  indicate_semi.o(.text)
    .data                                    0x20000000   Section        4  main_stm32f103v_box.o(.data)
    led_status                               0x20000000   Data           4  main_stm32f103v_box.o(.data)
    .data                                    0x20000004   Section        4  adc_config.o(.data)
    .data                                    0x20000008   Section       13  setsystick.o(.data)
    .data                                    0x20000018   Section       12  setuart.o(.data)
    .data                                    0x20000024   Section        6  setcan.o(.data)
    .data                                    0x2000002a   Section        5  system_error_status.o(.data)
    .data                                    0x20000030   Section        4  iap_jumper.o(.data)
    .data                                    0x20000034   Section        4  slog.o(.data)
    .data                                    0x20000038   Section       20  stm32f10x_rcc.o(.data)
    APBAHBPrescTable                         0x20000038   Data          16  stm32f10x_rcc.o(.data)
    ADCPrescTable                            0x20000048   Data           4  stm32f10x_rcc.o(.data)
    .data                                    0x2000004c   Section       20  system_stm32f10x.o(.data)
    .bss                                     0x20000060   Section     3280  main_stm32f103v_box.o(.bss)
    .bss                                     0x20000d30   Section      180  adc_config.o(.bss)
    escADCConvert                            0x20000d30   Data         180  adc_config.o(.bss)
    .bss                                     0x20000de4   Section     4088  setcan.o(.bss)
    .bss                                     0x20001ddc   Section      296  iap_jumper.o(.bss)
    aip_decoder                              0x20001ddc   Data         148  iap_jumper.o(.bss)
    .bss                                     0x20001f04   Section       96  libspace.o(.bss)
    HEAP                                     0x20001f68   Section      512  startup_stm32f10x_md.o(HEAP)
    Heap_Mem                                 0x20001f68   Data         512  startup_stm32f10x_md.o(HEAP)
    STACK                                    0x20002168   Section     1024  startup_stm32f10x_md.o(STACK)
    Stack_Mem                                0x20002168   Data        1024  startup_stm32f10x_md.o(STACK)
    __initial_sp                             0x20002568   Data           0  startup_stm32f10x_md.o(STACK)

    Global Symbols

    Symbol Name                              Value     Ov Type        Size  Object(Section)

    BuildAttributes$$THM_ISAv4$P$D$K$B$S$PE$A:L22UL41UL21$X:L11$S22US41US21$IEEE1$IW$USESV6$~STKCKD$USESV7$~SHL$OSPACE$ROPI$EBA8$UX$STANDARDLIB$REQ8$PRES8$EABIv2 0x00000000   Number         0  anon$$obj.o ABSOLUTE
    __ARM_use_no_argv                        0x00000000   Number         0  main.o ABSOLUTE
    __ARM_exceptions_init                     - Undefined Weak Reference
    __alloca_initialize                       - Undefined Weak Reference
    __arm_preinit_                            - Undefined Weak Reference
    __cpp_initialize__aeabi_                  - Undefined Weak Reference
    __cxa_finalize                            - Undefined Weak Reference
    __rt_locale                               - Undefined Weak Reference
    __sigvec_lookup                           - Undefined Weak Reference
    _atexit_init                              - Undefined Weak Reference
    _call_atexit_fns                          - Undefined Weak Reference
    _clock_init                               - Undefined Weak Reference
    _fp_trap_init                             - Undefined Weak Reference
    _fp_trap_shutdown                         - Undefined Weak Reference
    _get_lc_collate                           - Undefined Weak Reference
    _get_lc_ctype                             - Undefined Weak Reference
    _get_lc_monetary                          - Undefined Weak Reference
    _get_lc_numeric                           - Undefined Weak Reference
    _get_lc_time                              - Undefined Weak Reference
    _getenv_init                              - Undefined Weak Reference
    _handle_redirection                       - Undefined Weak Reference
    _init_alloc                               - Undefined Weak Reference
    _init_user_alloc                          - Undefined Weak Reference
    _initio                                   - Undefined Weak Reference
    _rand_init                                - Undefined Weak Reference
    _signal_finish                            - Undefined Weak Reference
    _signal_init                              - Undefined Weak Reference
    _terminate_alloc                          - Undefined Weak Reference
    _terminate_user_alloc                     - Undefined Weak Reference
    _terminateio                              - Undefined Weak Reference
    __Vectors_Size                           0x000000ec   Number         0  startup_stm32f10x_md.o ABSOLUTE
    __Vectors                                0x08000000   Data           4  startup_stm32f10x_md.o(RESET)
    __Vectors_End                            0x080000ec   Data           0  startup_stm32f10x_md.o(RESET)
    __main                                   0x080000ed   Thumb Code     8  __main.o(!!!main)
    __scatterload                            0x080000f5   Thumb Code     0  __scatter.o(!!!scatter)
    __scatterload_rt2                        0x080000f5   Thumb Code    44  __scatter.o(!!!scatter)
    __scatterload_rt2_thumb_only             0x080000f5   Thumb Code     0  __scatter.o(!!!scatter)
    __scatterload_null                       0x08000103   Thumb Code     0  __scatter.o(!!!scatter)
    __scatterload_copy                       0x08000129   Thumb Code    26  __scatter_copy.o(!!handler_copy)
    __scatterload_zeroinit                   0x08000145   Thumb Code    28  __scatter_zi.o(!!handler_zi)
    __rt_lib_init                            0x08000161   Thumb Code     0  libinit.o(.ARM.Collect$$libinit$$00000000)
    __rt_lib_init_alloca_1                   0x08000163   Thumb Code     0  libinit2.o(.ARM.Collect$$libinit$$0000002E)
    __rt_lib_init_argv_1                     0x08000163   Thumb Code     0  libinit2.o(.ARM.Collect$$libinit$$0000002C)
    __rt_lib_init_atexit_1                   0x08000163   Thumb Code     0  libinit2.o(.ARM.Collect$$libinit$$0000001B)
    __rt_lib_init_clock_1                    0x08000163   Thumb Code     0  libinit2.o(.ARM.Collect$$libinit$$00000021)
    __rt_lib_init_cpp_1                      0x08000163   Thumb Code     0  libinit2.o(.ARM.Collect$$libinit$$00000032)
    __rt_lib_init_exceptions_1               0x08000163   Thumb Code     0  libinit2.o(.ARM.Collect$$libinit$$00000030)
    __rt_lib_init_fp_1                       0x08000163   Thumb Code     0  libinit2.o(.ARM.Collect$$libinit$$00000002)
    __rt_lib_init_fp_trap_1                  0x08000163   Thumb Code     0  libinit2.o(.ARM.Collect$$libinit$$0000001F)
    __rt_lib_init_getenv_1                   0x08000163   Thumb Code     0  libinit2.o(.ARM.Collect$$libinit$$00000023)
    __rt_lib_init_heap_1                     0x08000163   Thumb Code     0  libinit2.o(.ARM.Collect$$libinit$$0000000A)
    __rt_lib_init_lc_collate_1               0x08000163   Thumb Code     0  libinit2.o(.ARM.Collect$$libinit$$00000011)
    __rt_lib_init_lc_ctype_1                 0x08000163   Thumb Code     0  libinit2.o(.ARM.Collect$$libinit$$00000013)
    __rt_lib_init_lc_monetary_1              0x08000163   Thumb Code     0  libinit2.o(.ARM.Collect$$libinit$$00000015)
    __rt_lib_init_lc_numeric_1               0x08000163   Thumb Code     0  libinit2.o(.ARM.Collect$$libinit$$00000017)
    __rt_lib_init_lc_time_1                  0x08000163   Thumb Code     0  libinit2.o(.ARM.Collect$$libinit$$00000019)
    __rt_lib_init_preinit_1                  0x08000163   Thumb Code     0  libinit2.o(.ARM.Collect$$libinit$$00000004)
    __rt_lib_init_rand_1                     0x08000163   Thumb Code     0  libinit2.o(.ARM.Collect$$libinit$$0000000E)
    __rt_lib_init_return                     0x08000163   Thumb Code     0  libinit2.o(.ARM.Collect$$libinit$$00000033)
    __rt_lib_init_signal_1                   0x08000163   Thumb Code     0  libinit2.o(.ARM.Collect$$libinit$$0000001D)
    __rt_lib_init_stdio_1                    0x08000163   Thumb Code     0  libinit2.o(.ARM.Collect$$libinit$$00000025)
    __rt_lib_init_user_alloc_1               0x08000163   Thumb Code     0  libinit2.o(.ARM.Collect$$libinit$$0000000C)
    __rt_lib_shutdown                        0x08000165   Thumb Code     0  libshutdown.o(.ARM.Collect$$libshutdown$$00000000)
    __rt_lib_shutdown_fp_trap_1              0x08000167   Thumb Code     0  libshutdown2.o(.ARM.Collect$$libshutdown$$00000006)
    __rt_lib_shutdown_heap_1                 0x08000167   Thumb Code     0  libshutdown2.o(.ARM.Collect$$libshutdown$$0000000E)
    __rt_lib_shutdown_return                 0x08000167   Thumb Code     0  libshutdown2.o(.ARM.Collect$$libshutdown$$0000000F)
    __rt_lib_shutdown_signal_1               0x08000167   Thumb Code     0  libshutdown2.o(.ARM.Collect$$libshutdown$$00000009)
    __rt_lib_shutdown_stdio_1                0x08000167   Thumb Code     0  libshutdown2.o(.ARM.Collect$$libshutdown$$00000003)
    __rt_lib_shutdown_user_alloc_1           0x08000167   Thumb Code     0  libshutdown2.o(.ARM.Collect$$libshutdown$$0000000B)
    __rt_entry                               0x08000169   Thumb Code     0  __rtentry.o(.ARM.Collect$$rtentry$$00000000)
    __rt_entry_presh_1                       0x08000169   Thumb Code     0  __rtentry2.o(.ARM.Collect$$rtentry$$00000002)
    __rt_entry_sh                            0x08000169   Thumb Code     0  __rtentry4.o(.ARM.Collect$$rtentry$$00000004)
    __rt_entry_li                            0x0800016f   Thumb Code     0  __rtentry2.o(.ARM.Collect$$rtentry$$0000000A)
    __rt_entry_postsh_1                      0x0800016f   Thumb Code     0  __rtentry2.o(.ARM.Collect$$rtentry$$00000009)
    __rt_entry_main                          0x08000173   Thumb Code     0  __rtentry2.o(.ARM.Collect$$rtentry$$0000000D)
    __rt_entry_postli_1                      0x08000173   Thumb Code     0  __rtentry2.o(.ARM.Collect$$rtentry$$0000000C)
    __rt_exit                                0x0800017b   Thumb Code     0  rtexit.o(.ARM.Collect$$rtexit$$00000000)
    __rt_exit_ls                             0x0800017d   Thumb Code     0  rtexit2.o(.ARM.Collect$$rtexit$$00000003)
    __rt_exit_prels_1                        0x0800017d   Thumb Code     0  rtexit2.o(.ARM.Collect$$rtexit$$00000002)
    __rt_exit_exit                           0x08000181   Thumb Code     0  rtexit2.o(.ARM.Collect$$rtexit$$00000004)
    uart_echo_test                           0x08000189   Thumb Code    28  main_stm32f103v_box.o(.text)
    test_can_send                            0x080001a5   Thumb Code    28  main_stm32f103v_box.o(.text)
    Stm32f103v_GPIO_Configuration            0x080001c1   Thumb Code   282  main_stm32f103v_box.o(.text)
    led_on                                   0x080002db   Thumb Code    14  main_stm32f103v_box.o(.text)
    led_off                                  0x080002e9   Thumb Code    14  main_stm32f103v_box.o(.text)
    main_setup                               0x080002f7   Thumb Code    66  main_stm32f103v_box.o(.text)
    main_deinit                              0x08000339   Thumb Code     2  main_stm32f103v_box.o(.text)
    main_loop                                0x0800033b   Thumb Code    50  main_stm32f103v_box.o(.text)
    Timer_Configuration                      0x08000399   Thumb Code   206  settimer.o(.text)
    TIM1_UP_IRQHandler                       0x08000467   Thumb Code    40  settimer.o(.text)
    TIM2_IRQHandler                          0x0800048f   Thumb Code    40  settimer.o(.text)
    Esc_ADC_Configuration                    0x080004bd   Thumb Code   398  adc_config.o(.text)
    DMA1_Channel1_IRQHandler                 0x0800064b   Thumb Code    30  adc_config.o(.text)
    Cali_Adc_Value                           0x08000669   Thumb Code    72  adc_config.o(.text)
    Get_Oil_Mass_Adc_value                   0x080006b1   Thumb Code    10  adc_config.o(.text)
    Get_ISA_Adc_value                        0x080006bb   Thumb Code    10  adc_config.o(.text)
    Get_PUMP_ANGLE_Adc_value                 0x080006c5   Thumb Code    10  adc_config.o(.text)
    cmdcoder_init                            0x08000715   Thumb Code    30  cmdcoder.o(.text)
    cmdcoder_Parse_byte                      0x08000733   Thumb Code   416  cmdcoder.o(.text)
    cmdcoder_encode_and_send                 0x080008d3   Thumb Code   244  cmdcoder.o(.text)
    cmdcoder_send_bytes                      0x080009c7   Thumb Code    70  cmdcoder.o(.text)
    fifo_init                                0x08000a0d   Thumb Code    22  fifo.o(.text)
    fifo_avail                               0x08000a23   Thumb Code     6  fifo.o(.text)
    fifo_free                                0x08000a29   Thumb Code    12  fifo.o(.text)
    fifo_enabled                             0x08000a35   Thumb Code     6  fifo.o(.text)
    is_fifo_overflow                         0x08000a3b   Thumb Code     6  fifo.o(.text)
    fifo_put                                 0x08000a41   Thumb Code    50  fifo.o(.text)
    fifo_recovery_put                        0x08000a73   Thumb Code    68  fifo.o(.text)
    fifo_get                                 0x08000ab7   Thumb Code    50  fifo.o(.text)
    fifo_void_init                           0x08000ae9   Thumb Code    24  fifo_void.o(.text)
    fifo_void_avail                          0x08000b01   Thumb Code    24  fifo_void.o(.text)
    fifo_void_free                           0x08000b19   Thumb Code    18  fifo_void.o(.text)
    fifo_void_enabled                        0x08000b2b   Thumb Code     6  fifo_void.o(.text)
    is_fifo_void_overflow                    0x08000b31   Thumb Code     6  fifo_void.o(.text)
    fifo_void_put                            0x08000b37   Thumb Code    48  fifo_void.o(.text)
    fifo_void_recovery_put                   0x08000b67   Thumb Code    60  fifo_void.o(.text)
    fifo_void_get                            0x08000ba3   Thumb Code    46  fifo_void.o(.text)
    main                                     0x08000bd1   Thumb Code    24  main.o(.text)
    SysTick_Configuration                    0x08000be9   Thumb Code    90  setsystick.o(.text)
    SysTick_Deinit                           0x08000c43   Thumb Code    28  setsystick.o(.text)
    SysTick_Handler                          0x08000c5f   Thumb Code    28  setsystick.o(.text)
    Systick_Event                            0x08000c7b   Thumb Code   102  setsystick.o(.text)
    delay_us                                 0x08000ce1   Thumb Code    16  setsystick.o(.text)
    systick_time_start                       0x08000cf1   Thumb Code    40  setsystick.o(.text)
    check_systick_time                       0x08000d19   Thumb Code    66  setsystick.o(.text)
    get_system_ms                            0x08000d5b   Thumb Code     6  setsystick.o(.text)
    Uart_Configuration                       0x08000d79   Thumb Code   278  setuart.o(.text)
    Uart_DeInit                              0x08000e8f   Thumb Code    38  setuart.o(.text)
    _uart_irq_function                       0x08000eb5   Thumb Code   158  setuart.o(.text)
    USART1_IRQHandler                        0x08000f53   Thumb Code    12  setuart.o(.text)
    USART2_IRQHandler                        0x08000f5f   Thumb Code    12  setuart.o(.text)
    USART3_IRQHandler                        0x08000f6b   Thumb Code    12  setuart.o(.text)
    Uart_GetChar                             0x08000f77   Thumb Code    48  setuart.o(.text)
    Uart_PutChar                             0x08000fa7   Thumb Code   102  setuart.o(.text)
    Uart_PutString                           0x0800100d   Thumb Code    26  setuart.o(.text)
    Uart_PutBytes                            0x08001027   Thumb Code    32  setuart.o(.text)
    can_rx_put_cb                            0x08001061   Thumb Code    26  setcan.o(.text)
    can_rx_get_cb                            0x0800107b   Thumb Code    26  setcan.o(.text)
    can_tx_put_cb                            0x08001095   Thumb Code    26  setcan.o(.text)
    can_tx_get_cb                            0x080010af   Thumb Code    26  setcan.o(.text)
    Can1_Configuration_mask                  0x080010c9   Thumb Code   478  setcan.o(.text)
    Can1_Configuration_withRate              0x080012a7   Thumb Code    40  setcan.o(.text)
    Can1_Configuration                       0x080012cf   Thumb Code    36  setcan.o(.text)
    Can1_Send_Message                        0x080012f3   Thumb Code   126  setcan.o(.text)
    Can1_Send_Ext                            0x08001371   Thumb Code   116  setcan.o(.text)
    Can1_Send                                0x080013e5   Thumb Code   132  setcan.o(.text)
    Can1_Get_CanRxMsg                        0x08001469   Thumb Code    58  setcan.o(.text)
    USB_LP_CAN1_RX0_IRQHandler               0x080014a3   Thumb Code    54  setcan.o(.text)
    CAN1_RX1_IRQHandler                      0x080014d9   Thumb Code    22  setcan.o(.text)
    USB_HP_CAN1_TX_IRQHandler                0x080014ef   Thumb Code   202  setcan.o(.text)
    system_error_init                        0x080015dd   Thumb Code    10  system_error_status.o(.text)
    system_error_get                         0x080015e7   Thumb Code     4  system_error_status.o(.text)
    system_Error_Callback                    0x080015eb   Thumb Code   234  system_error_status.o(.text)
    get_iap_tag                              0x080016e5   Thumb Code     6  iap_jumper.o(.text)
    set_iap_tag                              0x080016eb   Thumb Code   122  iap_jumper.o(.text)
    aipjumperEnodeCallback                   0x08001765   Thumb Code    18  iap_jumper.o(.text)
    iap_jumper_answer_ack_false              0x08001777   Thumb Code    38  iap_jumper.o(.text)
    jump_by_reset                            0x0800179d   Thumb Code    30  iap_jumper.o(.text)
    jump_to_iap_program                      0x080017bb   Thumb Code    38  iap_jumper.o(.text)
    jump_iap                                 0x080017e1   Thumb Code     4  iap_jumper.o(.text)
    iapUartReadCallBack                      0x080017e5   Thumb Code    50  iap_jumper.o(.text)
    Iap_Configure                            0x08001817   Thumb Code    16  iap_jumper.o(.text)
    Iap_Jump                                 0x08001827   Thumb Code    22  iap_jumper.o(.text)
    __print_uint                             0x08001855   Thumb Code    86  slog.o(.text)
    is_enable                                0x080018ab   Thumb Code    14  slog.o(.text)
    slog_string                              0x080018b9   Thumb Code    26  slog.o(.text)
    slog_num                                 0x080018d3   Thumb Code    26  slog.o(.text)
    slog                                     0x080018ed   Thumb Code    36  slog.o(.text)
    slog_init                                0x08001911   Thumb Code     6  slog.o(.text)
    fputc                                    0x08001917   Thumb Code    28  slog.o(.text)
    NVIC_PriorityGroupConfig                 0x0800193d   Thumb Code    10  misc.o(.text)
    NVIC_Init                                0x08001947   Thumb Code   100  misc.o(.text)
    NVIC_SetVectorTable                      0x080019ab   Thumb Code    14  misc.o(.text)
    NVIC_SystemLPConfig                      0x080019b9   Thumb Code    34  misc.o(.text)
    SysTick_CLKSourceConfig                  0x080019db   Thumb Code    40  misc.o(.text)
    ADC_DeInit                               0x08001a19   Thumb Code    78  stm32f10x_adc.o(.text)
    ADC_Init                                 0x08001a67   Thumb Code    70  stm32f10x_adc.o(.text)
    ADC_StructInit                           0x08001aad   Thumb Code    18  stm32f10x_adc.o(.text)
    ADC_Cmd                                  0x08001abf   Thumb Code    22  stm32f10x_adc.o(.text)
    ADC_DMACmd                               0x08001ad5   Thumb Code    22  stm32f10x_adc.o(.text)
    ADC_ITConfig                             0x08001aeb   Thumb Code    24  stm32f10x_adc.o(.text)
    ADC_ResetCalibration                     0x08001b03   Thumb Code    10  stm32f10x_adc.o(.text)
    ADC_GetResetCalibrationStatus            0x08001b0d   Thumb Code    20  stm32f10x_adc.o(.text)
    ADC_StartCalibration                     0x08001b21   Thumb Code    10  stm32f10x_adc.o(.text)
    ADC_GetCalibrationStatus                 0x08001b2b   Thumb Code    20  stm32f10x_adc.o(.text)
    ADC_SoftwareStartConvCmd                 0x08001b3f   Thumb Code    22  stm32f10x_adc.o(.text)
    ADC_GetSoftwareStartConvStatus           0x08001b55   Thumb Code    20  stm32f10x_adc.o(.text)
    ADC_DiscModeChannelCountConfig           0x08001b69   Thumb Code    24  stm32f10x_adc.o(.text)
    ADC_DiscModeCmd                          0x08001b81   Thumb Code    22  stm32f10x_adc.o(.text)
    ADC_RegularChannelConfig                 0x08001b97   Thumb Code   184  stm32f10x_adc.o(.text)
    ADC_ExternalTrigConvCmd                  0x08001c4f   Thumb Code    22  stm32f10x_adc.o(.text)
    ADC_GetConversionValue                   0x08001c65   Thumb Code     8  stm32f10x_adc.o(.text)
    ADC_GetDualModeConversionValue           0x08001c6d   Thumb Code     8  stm32f10x_adc.o(.text)
    ADC_AutoInjectedConvCmd                  0x08001c75   Thumb Code    22  stm32f10x_adc.o(.text)
    ADC_InjectedDiscModeCmd                  0x08001c8b   Thumb Code    22  stm32f10x_adc.o(.text)
    ADC_ExternalTrigInjectedConvConfig       0x08001ca1   Thumb Code    16  stm32f10x_adc.o(.text)
    ADC_ExternalTrigInjectedConvCmd          0x08001cb1   Thumb Code    22  stm32f10x_adc.o(.text)
    ADC_SoftwareStartInjectedConvCmd         0x08001cc7   Thumb Code    22  stm32f10x_adc.o(.text)
    ADC_GetSoftwareStartInjectedConvCmdStatus 0x08001cdd   Thumb Code    20  stm32f10x_adc.o(.text)
    ADC_InjectedChannelConfig                0x08001cf1   Thumb Code   130  stm32f10x_adc.o(.text)
    ADC_InjectedSequencerLengthConfig        0x08001d73   Thumb Code    24  stm32f10x_adc.o(.text)
    ADC_SetInjectedOffset                    0x08001d8b   Thumb Code    20  stm32f10x_adc.o(.text)
    ADC_GetInjectedConversionValue           0x08001d9f   Thumb Code    28  stm32f10x_adc.o(.text)
    ADC_AnalogWatchdogCmd                    0x08001dbb   Thumb Code    16  stm32f10x_adc.o(.text)
    ADC_AnalogWatchdogThresholdsConfig       0x08001dcb   Thumb Code     6  stm32f10x_adc.o(.text)
    ADC_AnalogWatchdogSingleChannelConfig    0x08001dd1   Thumb Code    16  stm32f10x_adc.o(.text)
    ADC_TempSensorVrefintCmd                 0x08001de1   Thumb Code    64  stm32f10x_adc.o(.text)
    ADC_GetFlagStatus                        0x08001e21   Thumb Code    18  stm32f10x_adc.o(.text)
    ADC_ClearFlag                            0x08001e33   Thumb Code     6  stm32f10x_adc.o(.text)
    ADC_GetITStatus                          0x08001e39   Thumb Code    36  stm32f10x_adc.o(.text)
    ADC_ClearITPendingBit                    0x08001e5d   Thumb Code    10  stm32f10x_adc.o(.text)
    CAN_DeInit                               0x08001e69   Thumb Code    50  stm32f10x_can.o(.text)
    CAN_Init                                 0x08001e9b   Thumb Code   276  stm32f10x_can.o(.text)
    CAN_FilterInit                           0x08001faf   Thumb Code   258  stm32f10x_can.o(.text)
    CAN_StructInit                           0x080020b1   Thumb Code    32  stm32f10x_can.o(.text)
    CAN_SlaveStartBank                       0x080020d1   Thumb Code    48  stm32f10x_can.o(.text)
    CAN_DBGFreeze                            0x08002101   Thumb Code    22  stm32f10x_can.o(.text)
    CAN_TTComModeCmd                         0x08002117   Thumb Code   118  stm32f10x_can.o(.text)
    CAN_Transmit                             0x0800218d   Thumb Code   304  stm32f10x_can.o(.text)
    CAN_TransmitStatus                       0x080022bd   Thumb Code   138  stm32f10x_can.o(.text)
    CAN_CancelTransmit                       0x08002347   Thumb Code    48  stm32f10x_can.o(.text)
    CAN_Receive                              0x08002377   Thumb Code   240  stm32f10x_can.o(.text)
    CAN_FIFORelease                          0x08002467   Thumb Code    22  stm32f10x_can.o(.text)
    CAN_MessagePending                       0x0800247d   Thumb Code    30  stm32f10x_can.o(.text)
    CAN_OperatingModeRequest                 0x0800249b   Thumb Code   162  stm32f10x_can.o(.text)
    CAN_Sleep                                0x0800253d   Thumb Code    30  stm32f10x_can.o(.text)
    CAN_WakeUp                               0x0800255b   Thumb Code    48  stm32f10x_can.o(.text)
    CAN_GetLastErrorCode                     0x0800258b   Thumb Code    12  stm32f10x_can.o(.text)
    CAN_GetReceiveErrorCounter               0x08002597   Thumb Code    10  stm32f10x_can.o(.text)
    CAN_GetLSBTransmitErrorCounter           0x080025a1   Thumb Code    12  stm32f10x_can.o(.text)
    CAN_ITConfig                             0x080025ad   Thumb Code    18  stm32f10x_can.o(.text)
    CAN_GetFlagStatus                        0x080025bf   Thumb Code   120  stm32f10x_can.o(.text)
    CAN_ClearFlag                            0x08002637   Thumb Code    52  stm32f10x_can.o(.text)
    CAN_GetITStatus                          0x0800267d   Thumb Code   310  stm32f10x_can.o(.text)
    CAN_ClearITPendingBit                    0x080027b3   Thumb Code   162  stm32f10x_can.o(.text)
    DMA_DeInit                               0x08002859   Thumb Code   324  stm32f10x_dma.o(.text)
    DMA_Init                                 0x0800299d   Thumb Code    60  stm32f10x_dma.o(.text)
    DMA_StructInit                           0x080029d9   Thumb Code    26  stm32f10x_dma.o(.text)
    DMA_Cmd                                  0x080029f3   Thumb Code    24  stm32f10x_dma.o(.text)
    DMA_ITConfig                             0x08002a0b   Thumb Code    18  stm32f10x_dma.o(.text)
    DMA_SetCurrDataCounter                   0x08002a1d   Thumb Code     4  stm32f10x_dma.o(.text)
    DMA_GetCurrDataCounter                   0x08002a21   Thumb Code     8  stm32f10x_dma.o(.text)
    DMA_GetFlagStatus                        0x08002a29   Thumb Code    40  stm32f10x_dma.o(.text)
    DMA_ClearFlag                            0x08002a51   Thumb Code    22  stm32f10x_dma.o(.text)
    DMA_GetITStatus                          0x08002a67   Thumb Code    40  stm32f10x_dma.o(.text)
    DMA_ClearITPendingBit                    0x08002a8f   Thumb Code    22  stm32f10x_dma.o(.text)
    FLASH_SetLatency                         0x08002aad   Thumb Code    18  stm32f10x_flash.o(.text)
    FLASH_HalfCycleAccessCmd                 0x08002abf   Thumb Code    22  stm32f10x_flash.o(.text)
    FLASH_PrefetchBufferCmd                  0x08002ad5   Thumb Code    22  stm32f10x_flash.o(.text)
    FLASH_Unlock                             0x08002aeb   Thumb Code    12  stm32f10x_flash.o(.text)
    FLASH_UnlockBank1                        0x08002af7   Thumb Code    12  stm32f10x_flash.o(.text)
    FLASH_Lock                               0x08002b03   Thumb Code    14  stm32f10x_flash.o(.text)
    FLASH_LockBank1                          0x08002b11   Thumb Code    14  stm32f10x_flash.o(.text)
    FLASH_GetBank1Status                     0x08002b1f   Thumb Code    48  stm32f10x_flash.o(.text)
    FLASH_WaitForLastOperation               0x08002b4f   Thumb Code    38  stm32f10x_flash.o(.text)
    FLASH_ErasePage                          0x08002b75   Thumb Code    72  stm32f10x_flash.o(.text)
    FLASH_EraseAllPages                      0x08002bbd   Thumb Code    68  stm32f10x_flash.o(.text)
    FLASH_WaitForLastBank1Operation          0x08002c01   Thumb Code    38  stm32f10x_flash.o(.text)
    FLASH_EraseAllBank1Pages                 0x08002c27   Thumb Code    68  stm32f10x_flash.o(.text)
    FLASH_GetReadOutProtectionStatus         0x08002c6b   Thumb Code    20  stm32f10x_flash.o(.text)
    FLASH_EraseOptionBytes                   0x08002c7f   Thumb Code   150  stm32f10x_flash.o(.text)
    FLASH_ProgramWord                        0x08002d15   Thumb Code   102  stm32f10x_flash.o(.text)
    FLASH_ProgramHalfWord                    0x08002d7b   Thumb Code    60  stm32f10x_flash.o(.text)
    FLASH_ProgramOptionByteData              0x08002db7   Thumb Code    72  stm32f10x_flash.o(.text)
    FLASH_EnableWriteProtection              0x08002dff   Thumb Code   200  stm32f10x_flash.o(.text)
    FLASH_ReadOutProtection                  0x08002ec7   Thumb Code   156  stm32f10x_flash.o(.text)
    FLASH_UserOptionByteConfig               0x08002f63   Thumb Code    88  stm32f10x_flash.o(.text)
    FLASH_GetUserOptionByte                  0x08002fbb   Thumb Code     8  stm32f10x_flash.o(.text)
    FLASH_GetWriteProtectionOptionByte       0x08002fc3   Thumb Code     6  stm32f10x_flash.o(.text)
    FLASH_GetPrefetchBufferStatus            0x08002fc9   Thumb Code    20  stm32f10x_flash.o(.text)
    FLASH_ITConfig                           0x08002fdd   Thumb Code    26  stm32f10x_flash.o(.text)
    FLASH_GetFlagStatus                      0x08002ff7   Thumb Code    42  stm32f10x_flash.o(.text)
    FLASH_ClearFlag                          0x08003021   Thumb Code     6  stm32f10x_flash.o(.text)
    FLASH_GetStatus                          0x08003027   Thumb Code    48  stm32f10x_flash.o(.text)
    GPIO_DeInit                              0x08003069   Thumb Code   172  stm32f10x_gpio.o(.text)
    GPIO_AFIODeInit                          0x08003115   Thumb Code    20  stm32f10x_gpio.o(.text)
    GPIO_Init                                0x08003129   Thumb Code   278  stm32f10x_gpio.o(.text)
    GPIO_StructInit                          0x0800323f   Thumb Code    16  stm32f10x_gpio.o(.text)
    GPIO_ReadInputDataBit                    0x0800324f   Thumb Code    18  stm32f10x_gpio.o(.text)
    GPIO_ReadInputData                       0x08003261   Thumb Code     8  stm32f10x_gpio.o(.text)
    GPIO_ReadOutputDataBit                   0x08003269   Thumb Code    18  stm32f10x_gpio.o(.text)
    GPIO_ReadOutputData                      0x0800327b   Thumb Code     8  stm32f10x_gpio.o(.text)
    GPIO_SetBits                             0x08003283   Thumb Code     4  stm32f10x_gpio.o(.text)
    GPIO_ResetBits                           0x08003287   Thumb Code     4  stm32f10x_gpio.o(.text)
    GPIO_WriteBit                            0x0800328b   Thumb Code    10  stm32f10x_gpio.o(.text)
    GPIO_Write                               0x08003295   Thumb Code     4  stm32f10x_gpio.o(.text)
    GPIO_PinLockConfig                       0x08003299   Thumb Code    18  stm32f10x_gpio.o(.text)
    GPIO_EventOutputConfig                   0x080032ab   Thumb Code    26  stm32f10x_gpio.o(.text)
    GPIO_EventOutputCmd                      0x080032c5   Thumb Code     6  stm32f10x_gpio.o(.text)
    GPIO_PinRemapConfig                      0x080032cb   Thumb Code   138  stm32f10x_gpio.o(.text)
    GPIO_EXTILineConfig                      0x08003355   Thumb Code    66  stm32f10x_gpio.o(.text)
    GPIO_ETH_MediaInterfaceConfig            0x08003397   Thumb Code     8  stm32f10x_gpio.o(.text)
    RCC_DeInit                               0x080033c5   Thumb Code    64  stm32f10x_rcc.o(.text)
    RCC_HSEConfig                            0x08003405   Thumb Code    70  stm32f10x_rcc.o(.text)
    RCC_GetFlagStatus                        0x0800344b   Thumb Code    56  stm32f10x_rcc.o(.text)
    RCC_WaitForHSEStartUp                    0x08003483   Thumb Code    56  stm32f10x_rcc.o(.text)
    RCC_AdjustHSICalibrationValue            0x080034bb   Thumb Code    20  stm32f10x_rcc.o(.text)
    RCC_HSICmd                               0x080034cf   Thumb Code     6  stm32f10x_rcc.o(.text)
    RCC_PLLConfig                            0x080034d5   Thumb Code    24  stm32f10x_rcc.o(.text)
    RCC_PLLCmd                               0x080034ed   Thumb Code     6  stm32f10x_rcc.o(.text)
    RCC_SYSCLKConfig                         0x080034f3   Thumb Code    18  stm32f10x_rcc.o(.text)
    RCC_GetSYSCLKSource                      0x08003505   Thumb Code    10  stm32f10x_rcc.o(.text)
    RCC_HCLKConfig                           0x0800350f   Thumb Code    18  stm32f10x_rcc.o(.text)
    RCC_PCLK1Config                          0x08003521   Thumb Code    18  stm32f10x_rcc.o(.text)
    RCC_PCLK2Config                          0x08003533   Thumb Code    20  stm32f10x_rcc.o(.text)
    RCC_ITConfig                             0x08003547   Thumb Code    26  stm32f10x_rcc.o(.text)
    RCC_USBCLKConfig                         0x08003561   Thumb Code     8  stm32f10x_rcc.o(.text)
    RCC_ADCCLKConfig                         0x08003569   Thumb Code    18  stm32f10x_rcc.o(.text)
    RCC_LSEConfig                            0x0800357b   Thumb Code    50  stm32f10x_rcc.o(.text)
    RCC_LSICmd                               0x080035ad   Thumb Code     6  stm32f10x_rcc.o(.text)
    RCC_RTCCLKConfig                         0x080035b3   Thumb Code    12  stm32f10x_rcc.o(.text)
    RCC_RTCCLKCmd                            0x080035bf   Thumb Code     8  stm32f10x_rcc.o(.text)
    RCC_GetClocksFreq                        0x080035c7   Thumb Code   192  stm32f10x_rcc.o(.text)
    RCC_AHBPeriphClockCmd                    0x08003687   Thumb Code    26  stm32f10x_rcc.o(.text)
    RCC_APB2PeriphClockCmd                   0x080036a1   Thumb Code    26  stm32f10x_rcc.o(.text)
    RCC_APB1PeriphClockCmd                   0x080036bb   Thumb Code    26  stm32f10x_rcc.o(.text)
    RCC_APB2PeriphResetCmd                   0x080036d5   Thumb Code    26  stm32f10x_rcc.o(.text)
    RCC_APB1PeriphResetCmd                   0x080036ef   Thumb Code    26  stm32f10x_rcc.o(.text)
    RCC_BackupResetCmd                       0x08003709   Thumb Code     8  stm32f10x_rcc.o(.text)
    RCC_ClockSecuritySystemCmd               0x08003711   Thumb Code     6  stm32f10x_rcc.o(.text)
    RCC_MCOConfig                            0x08003717   Thumb Code     6  stm32f10x_rcc.o(.text)
    RCC_ClearFlag                            0x0800371d   Thumb Code    14  stm32f10x_rcc.o(.text)
    RCC_GetITStatus                          0x0800372b   Thumb Code    20  stm32f10x_rcc.o(.text)
    RCC_ClearITPendingBit                    0x0800373f   Thumb Code     6  stm32f10x_rcc.o(.text)
    TIM_DeInit                               0x08003769   Thumb Code   424  stm32f10x_tim.o(.text)
    TIM_TimeBaseInit                         0x08003911   Thumb Code   122  stm32f10x_tim.o(.text)
    TIM_OC1Init                              0x0800398b   Thumb Code   132  stm32f10x_tim.o(.text)
    TIM_OC2Init                              0x08003a0f   Thumb Code   154  stm32f10x_tim.o(.text)
    TIM_OC3Init                              0x08003aa9   Thumb Code   150  stm32f10x_tim.o(.text)
    TIM_OC4Init                              0x08003b3f   Thumb Code   182  stm32f10x_tim.o(.text)
    TIM_SetIC4Prescaler                      0x08003bf5   Thumb Code    26  stm32f10x_tim.o(.text)
    TIM_SetIC3Prescaler                      0x08003c91   Thumb Code    18  stm32f10x_tim.o(.text)
    TIM_SetIC2Prescaler                      0x08003d1d   Thumb Code    26  stm32f10x_tim.o(.text)
    TIM_SetIC1Prescaler                      0x08003db9   Thumb Code    18  stm32f10x_tim.o(.text)
    TIM_ICInit                               0x08003e37   Thumb Code   150  stm32f10x_tim.o(.text)
    TIM_PWMIConfig                           0x08003ecd   Thumb Code   124  stm32f10x_tim.o(.text)
    TIM_BDTRConfig                           0x08003f49   Thumb Code    32  stm32f10x_tim.o(.text)
    TIM_TimeBaseStructInit                   0x08003f69   Thumb Code    18  stm32f10x_tim.o(.text)
    TIM_OCStructInit                         0x08003f7b   Thumb Code    20  stm32f10x_tim.o(.text)
    TIM_ICStructInit                         0x08003f8f   Thumb Code    18  stm32f10x_tim.o(.text)
    TIM_BDTRStructInit                       0x08003fa1   Thumb Code    40  stm32f10x_tim.o(.text)
    TIM_Cmd                                  0x08003fc9   Thumb Code    24  stm32f10x_tim.o(.text)
    TIM_CtrlPWMOutputs                       0x08003fe1   Thumb Code    30  stm32f10x_tim.o(.text)
    TIM_ITConfig                             0x08003fff   Thumb Code    18  stm32f10x_tim.o(.text)
    TIM_GenerateEvent                        0x08004011   Thumb Code     4  stm32f10x_tim.o(.text)
    TIM_DMAConfig                            0x08004015   Thumb Code    10  stm32f10x_tim.o(.text)
    TIM_DMACmd                               0x0800401f   Thumb Code    18  stm32f10x_tim.o(.text)
    TIM_InternalClockConfig                  0x08004031   Thumb Code    12  stm32f10x_tim.o(.text)
    TIM_SelectInputTrigger                   0x0800403d   Thumb Code    18  stm32f10x_tim.o(.text)
    TIM_ITRxExternalClockConfig              0x0800404f   Thumb Code    24  stm32f10x_tim.o(.text)
    TIM_TIxExternalClockConfig               0x08004067   Thumb Code    62  stm32f10x_tim.o(.text)
    TIM_ETRConfig                            0x080040a5   Thumb Code    28  stm32f10x_tim.o(.text)
    TIM_ETRClockMode1Config                  0x080040c1   Thumb Code    54  stm32f10x_tim.o(.text)
    TIM_ETRClockMode2Config                  0x080040f7   Thumb Code    32  stm32f10x_tim.o(.text)
    TIM_PrescalerConfig                      0x08004117   Thumb Code     6  stm32f10x_tim.o(.text)
    TIM_CounterModeConfig                    0x0800411d   Thumb Code    18  stm32f10x_tim.o(.text)
    TIM_EncoderInterfaceConfig               0x0800412f   Thumb Code    66  stm32f10x_tim.o(.text)
    TIM_ForcedOC1Config                      0x08004171   Thumb Code    18  stm32f10x_tim.o(.text)
    TIM_ForcedOC2Config                      0x08004183   Thumb Code    26  stm32f10x_tim.o(.text)
    TIM_ForcedOC3Config                      0x0800419d   Thumb Code    18  stm32f10x_tim.o(.text)
    TIM_ForcedOC4Config                      0x080041af   Thumb Code    26  stm32f10x_tim.o(.text)
    TIM_ARRPreloadConfig                     0x080041c9   Thumb Code    24  stm32f10x_tim.o(.text)
    TIM_SelectCOM                            0x080041e1   Thumb Code    24  stm32f10x_tim.o(.text)
    TIM_SelectCCDMA                          0x080041f9   Thumb Code    24  stm32f10x_tim.o(.text)
    TIM_CCPreloadControl                     0x08004211   Thumb Code    24  stm32f10x_tim.o(.text)
    TIM_OC1PreloadConfig                     0x08004229   Thumb Code    18  stm32f10x_tim.o(.text)
    TIM_OC2PreloadConfig                     0x0800423b   Thumb Code    26  stm32f10x_tim.o(.text)
    TIM_OC3PreloadConfig                     0x08004255   Thumb Code    18  stm32f10x_tim.o(.text)
    TIM_OC4PreloadConfig                     0x08004267   Thumb Code    26  stm32f10x_tim.o(.text)
    TIM_OC1FastConfig                        0x08004281   Thumb Code    18  stm32f10x_tim.o(.text)
    TIM_OC2FastConfig                        0x08004293   Thumb Code    26  stm32f10x_tim.o(.text)
    TIM_OC3FastConfig                        0x080042ad   Thumb Code    18  stm32f10x_tim.o(.text)
    TIM_OC4FastConfig                        0x080042bf   Thumb Code    26  stm32f10x_tim.o(.text)
    TIM_ClearOC1Ref                          0x080042d9   Thumb Code    18  stm32f10x_tim.o(.text)
    TIM_ClearOC2Ref                          0x080042eb   Thumb Code    24  stm32f10x_tim.o(.text)
    TIM_ClearOC3Ref                          0x08004303   Thumb Code    18  stm32f10x_tim.o(.text)
    TIM_ClearOC4Ref                          0x08004315   Thumb Code    24  stm32f10x_tim.o(.text)
    TIM_OC1PolarityConfig                    0x0800432d   Thumb Code    18  stm32f10x_tim.o(.text)
    TIM_OC1NPolarityConfig                   0x0800433f   Thumb Code    18  stm32f10x_tim.o(.text)
    TIM_OC2PolarityConfig                    0x08004351   Thumb Code    26  stm32f10x_tim.o(.text)
    TIM_OC2NPolarityConfig                   0x0800436b   Thumb Code    26  stm32f10x_tim.o(.text)
    TIM_OC3PolarityConfig                    0x08004385   Thumb Code    26  stm32f10x_tim.o(.text)
    TIM_OC3NPolarityConfig                   0x0800439f   Thumb Code    26  stm32f10x_tim.o(.text)
    TIM_OC4PolarityConfig                    0x080043b9   Thumb Code    26  stm32f10x_tim.o(.text)
    TIM_CCxCmd                               0x080043d3   Thumb Code    30  stm32f10x_tim.o(.text)
    TIM_CCxNCmd                              0x080043f1   Thumb Code    30  stm32f10x_tim.o(.text)
    TIM_SelectOCxM                           0x0800440f   Thumb Code    82  stm32f10x_tim.o(.text)
    TIM_UpdateDisableConfig                  0x08004461   Thumb Code    24  stm32f10x_tim.o(.text)
    TIM_UpdateRequestConfig                  0x08004479   Thumb Code    24  stm32f10x_tim.o(.text)
    TIM_SelectHallSensor                     0x08004491   Thumb Code    24  stm32f10x_tim.o(.text)
    TIM_SelectOnePulseMode                   0x080044a9   Thumb Code    18  stm32f10x_tim.o(.text)
    TIM_SelectOutputTrigger                  0x080044bb   Thumb Code    18  stm32f10x_tim.o(.text)
    TIM_SelectSlaveMode                      0x080044cd   Thumb Code    18  stm32f10x_tim.o(.text)
    TIM_SelectMasterSlaveMode                0x080044df   Thumb Code    18  stm32f10x_tim.o(.text)
    TIM_SetCounter                           0x080044f1   Thumb Code     4  stm32f10x_tim.o(.text)
    TIM_SetAutoreload                        0x080044f5   Thumb Code     4  stm32f10x_tim.o(.text)
    TIM_SetCompare1                          0x080044f9   Thumb Code     4  stm32f10x_tim.o(.text)
    TIM_SetCompare2                          0x080044fd   Thumb Code     4  stm32f10x_tim.o(.text)
    TIM_SetCompare3                          0x08004501   Thumb Code     4  stm32f10x_tim.o(.text)
    TIM_SetCompare4                          0x08004505   Thumb Code     6  stm32f10x_tim.o(.text)
    TIM_SetClockDivision                     0x0800450b   Thumb Code    18  stm32f10x_tim.o(.text)
    TIM_GetCapture1                          0x0800451d   Thumb Code     6  stm32f10x_tim.o(.text)
    TIM_GetCapture2                          0x08004523   Thumb Code     6  stm32f10x_tim.o(.text)
    TIM_GetCapture3                          0x08004529   Thumb Code     6  stm32f10x_tim.o(.text)
    TIM_GetCapture4                          0x0800452f   Thumb Code     8  stm32f10x_tim.o(.text)
    TIM_GetCounter                           0x08004537   Thumb Code     6  stm32f10x_tim.o(.text)
    TIM_GetPrescaler                         0x0800453d   Thumb Code     6  stm32f10x_tim.o(.text)
    TIM_GetFlagStatus                        0x08004543   Thumb Code    18  stm32f10x_tim.o(.text)
    TIM_ClearFlag                            0x08004555   Thumb Code     6  stm32f10x_tim.o(.text)
    TIM_GetITStatus                          0x0800455b   Thumb Code    34  stm32f10x_tim.o(.text)
    TIM_ClearITPendingBit                    0x0800457d   Thumb Code     6  stm32f10x_tim.o(.text)
    USART_DeInit                             0x08004585   Thumb Code   134  stm32f10x_usart.o(.text)
    USART_Init                               0x0800460b   Thumb Code   210  stm32f10x_usart.o(.text)
    USART_StructInit                         0x080046dd   Thumb Code    24  stm32f10x_usart.o(.text)
    USART_ClockInit                          0x080046f5   Thumb Code    34  stm32f10x_usart.o(.text)
    USART_ClockStructInit                    0x08004717   Thumb Code    12  stm32f10x_usart.o(.text)
    USART_Cmd                                0x08004723   Thumb Code    24  stm32f10x_usart.o(.text)
    USART_ITConfig                           0x0800473b   Thumb Code    74  stm32f10x_usart.o(.text)
    USART_DMACmd                             0x08004785   Thumb Code    18  stm32f10x_usart.o(.text)
    USART_SetAddress                         0x08004797   Thumb Code    18  stm32f10x_usart.o(.text)
    USART_WakeUpConfig                       0x080047a9   Thumb Code    18  stm32f10x_usart.o(.text)
    USART_ReceiverWakeUpCmd                  0x080047bb   Thumb Code    24  stm32f10x_usart.o(.text)
    USART_LINBreakDetectLengthConfig         0x080047d3   Thumb Code    18  stm32f10x_usart.o(.text)
    USART_LINCmd                             0x080047e5   Thumb Code    24  stm32f10x_usart.o(.text)
    USART_SendData                           0x080047fd   Thumb Code     8  stm32f10x_usart.o(.text)
    USART_ReceiveData                        0x08004805   Thumb Code    10  stm32f10x_usart.o(.text)
    USART_SendBreak                          0x0800480f   Thumb Code    10  stm32f10x_usart.o(.text)
    USART_SetGuardTime                       0x08004819   Thumb Code    16  stm32f10x_usart.o(.text)
    USART_SetPrescaler                       0x08004829   Thumb Code    16  stm32f10x_usart.o(.text)
    USART_SmartCardCmd                       0x08004839   Thumb Code    24  stm32f10x_usart.o(.text)
    USART_SmartCardNACKCmd                   0x08004851   Thumb Code    24  stm32f10x_usart.o(.text)
    USART_HalfDuplexCmd                      0x08004869   Thumb Code    24  stm32f10x_usart.o(.text)
    USART_OverSampling8Cmd                   0x08004881   Thumb Code    22  stm32f10x_usart.o(.text)
    USART_OneBitMethodCmd                    0x08004897   Thumb Code    24  stm32f10x_usart.o(.text)
    USART_IrDAConfig                         0x080048af   Thumb Code    18  stm32f10x_usart.o(.text)
    USART_IrDACmd                            0x080048c1   Thumb Code    24  stm32f10x_usart.o(.text)
    USART_GetFlagStatus                      0x080048d9   Thumb Code    26  stm32f10x_usart.o(.text)
    USART_ClearFlag                          0x080048f3   Thumb Code    18  stm32f10x_usart.o(.text)
    USART_GetITStatus                        0x08004905   Thumb Code    84  stm32f10x_usart.o(.text)
    USART_ClearITPendingBit                  0x08004959   Thumb Code    52  stm32f10x_usart.o(.text)
    Reset_Handler                            0x0800498d   Thumb Code     8  startup_stm32f10x_md.o(.text)
    NMI_Handler                              0x08004995   Thumb Code     2  startup_stm32f10x_md.o(.text)
    HardFault_Handler                        0x08004997   Thumb Code     2  startup_stm32f10x_md.o(.text)
    MemManage_Handler                        0x08004999   Thumb Code     2  startup_stm32f10x_md.o(.text)
    BusFault_Handler                         0x0800499b   Thumb Code     2  startup_stm32f10x_md.o(.text)
    UsageFault_Handler                       0x0800499d   Thumb Code     2  startup_stm32f10x_md.o(.text)
    SVC_Handler                              0x0800499f   Thumb Code     2  startup_stm32f10x_md.o(.text)
    DebugMon_Handler                         0x080049a1   Thumb Code     2  startup_stm32f10x_md.o(.text)
    PendSV_Handler                           0x080049a3   Thumb Code     2  startup_stm32f10x_md.o(.text)
    ADC1_2_IRQHandler                        0x080049a7   Thumb Code     0  startup_stm32f10x_md.o(.text)
    CAN1_SCE_IRQHandler                      0x080049a7   Thumb Code     0  startup_stm32f10x_md.o(.text)
    DMA1_Channel2_IRQHandler                 0x080049a7   Thumb Code     0  startup_stm32f10x_md.o(.text)
    DMA1_Channel3_IRQHandler                 0x080049a7   Thumb Code     0  startup_stm32f10x_md.o(.text)
    DMA1_Channel4_IRQHandler                 0x080049a7   Thumb Code     0  startup_stm32f10x_md.o(.text)
    DMA1_Channel5_IRQHandler                 0x080049a7   Thumb Code     0  startup_stm32f10x_md.o(.text)
    DMA1_Channel6_IRQHandler                 0x080049a7   Thumb Code     0  startup_stm32f10x_md.o(.text)
    DMA1_Channel7_IRQHandler                 0x080049a7   Thumb Code     0  startup_stm32f10x_md.o(.text)
    EXTI0_IRQHandler                         0x080049a7   Thumb Code     0  startup_stm32f10x_md.o(.text)
    EXTI15_10_IRQHandler                     0x080049a7   Thumb Code     0  startup_stm32f10x_md.o(.text)
    EXTI1_IRQHandler                         0x080049a7   Thumb Code     0  startup_stm32f10x_md.o(.text)
    EXTI2_IRQHandler                         0x080049a7   Thumb Code     0  startup_stm32f10x_md.o(.text)
    EXTI3_IRQHandler                         0x080049a7   Thumb Code     0  startup_stm32f10x_md.o(.text)
    EXTI4_IRQHandler                         0x080049a7   Thumb Code     0  startup_stm32f10x_md.o(.text)
    EXTI9_5_IRQHandler                       0x080049a7   Thumb Code     0  startup_stm32f10x_md.o(.text)
    FLASH_IRQHandler                         0x080049a7   Thumb Code     0  startup_stm32f10x_md.o(.text)
    I2C1_ER_IRQHandler                       0x080049a7   Thumb Code     0  startup_stm32f10x_md.o(.text)
    I2C1_EV_IRQHandler                       0x080049a7   Thumb Code     0  startup_stm32f10x_md.o(.text)
    I2C2_ER_IRQHandler                       0x080049a7   Thumb Code     0  startup_stm32f10x_md.o(.text)
    I2C2_EV_IRQHandler                       0x080049a7   Thumb Code     0  startup_stm32f10x_md.o(.text)
    PVD_IRQHandler                           0x080049a7   Thumb Code     0  startup_stm32f10x_md.o(.text)
    RCC_IRQHandler                           0x080049a7   Thumb Code     0  startup_stm32f10x_md.o(.text)
    RTCAlarm_IRQHandler                      0x080049a7   Thumb Code     0  startup_stm32f10x_md.o(.text)
    RTC_IRQHandler                           0x080049a7   Thumb Code     0  startup_stm32f10x_md.o(.text)
    SPI1_IRQHandler                          0x080049a7   Thumb Code     0  startup_stm32f10x_md.o(.text)
    SPI2_IRQHandler                          0x080049a7   Thumb Code     0  startup_stm32f10x_md.o(.text)
    TAMPER_IRQHandler                        0x080049a7   Thumb Code     0  startup_stm32f10x_md.o(.text)
    TIM1_BRK_IRQHandler                      0x080049a7   Thumb Code     0  startup_stm32f10x_md.o(.text)
    TIM1_CC_IRQHandler                       0x080049a7   Thumb Code     0  startup_stm32f10x_md.o(.text)
    TIM1_TRG_COM_IRQHandler                  0x080049a7   Thumb Code     0  startup_stm32f10x_md.o(.text)
    TIM3_IRQHandler                          0x080049a7   Thumb Code     0  startup_stm32f10x_md.o(.text)
    TIM4_IRQHandler                          0x080049a7   Thumb Code     0  startup_stm32f10x_md.o(.text)
    USBWakeUp_IRQHandler                     0x080049a7   Thumb Code     0  startup_stm32f10x_md.o(.text)
    WWDG_IRQHandler                          0x080049a7   Thumb Code     0  startup_stm32f10x_md.o(.text)
    __user_initial_stackheap                 0x080049a9   Thumb Code     0  startup_stm32f10x_md.o(.text)
    SystemInit                               0x08004aab   Thumb Code    78  system_stm32f10x.o(.text)
    SystemCoreClockUpdate                    0x08004af9   Thumb Code   142  system_stm32f10x.o(.text)
    __aeabi_memcpy4                          0x08004bad   Thumb Code     0  rt_memcpy_w.o(.text)
    __aeabi_memcpy8                          0x08004bad   Thumb Code     0  rt_memcpy_w.o(.text)
    __rt_memcpy_w                            0x08004bad   Thumb Code   100  rt_memcpy_w.o(.text)
    _memcpy_lastbytes_aligned                0x08004bf5   Thumb Code     0  rt_memcpy_w.o(.text)
    __use_two_region_memory                  0x08004c11   Thumb Code     2  heapauxi.o(.text)
    __rt_heap_escrow$2region                 0x08004c13   Thumb Code     2  heapauxi.o(.text)
    __rt_heap_expand$2region                 0x08004c15   Thumb Code     2  heapauxi.o(.text)
    __user_setup_stackheap                   0x08004c17   Thumb Code    74  sys_stackheap_outer.o(.text)
    exit                                     0x08004c61   Thumb Code    12  exit.o(.text)
    __user_libspace                          0x08004c6d   Thumb Code     8  libspace.o(.text)
    __user_perproc_libspace                  0x08004c6d   Thumb Code     0  libspace.o(.text)
    __user_perthread_libspace                0x08004c6d   Thumb Code     0  libspace.o(.text)
    _sys_exit                                0x08004c75   Thumb Code     8  sys_exit.o(.text)
    __I$use$semihosting                      0x08004c81   Thumb Code     0  use_no_semi.o(.text)
    __use_no_semihosting_swi                 0x08004c81   Thumb Code     2  use_no_semi.o(.text)
    __semihosting_library_function           0x08004c83   Thumb Code     0  indicate_semi.o(.text)
    Region$$Table$$Base                      0x08004c84   Number         0  anon$$obj.o(Region$$Table)
    Region$$Table$$Limit                     0x08004ca4   Number         0  anon$$obj.o(Region$$Table)
    adc_sample_irq_function                  0x20000004   Data           4  adc_config.o(.data)
    TimingDelay                              0x20000008   Data           4  setsystick.o(.data)
    systick_ms                               0x2000000c   Data           4  setsystick.o(.data)
    systick_us                               0x20000010   Data           4  setsystick.o(.data)
    systick_ms_overflow                      0x20000014   Data           1  setsystick.o(.data)
    uart1_p                                  0x20000018   Data           4  setuart.o(.data)
    uart2_p                                  0x2000001c   Data           4  setuart.o(.data)
    uart3_p                                  0x20000020   Data           4  setuart.o(.data)
    resend_count                             0x20000024   Data           4  setcan.o(.data)
    in_send_loop                             0x20000028   Data           1  setcan.o(.data)
    TransmitMailbox                          0x20000029   Data           1  setcan.o(.data)
    _system_error                            0x2000002a   Data           5  system_error_status.o(.data)
    remoterUart                              0x20000030   Data           4  iap_jumper.o(.data)
    log_uart                                 0x20000034   Data           4  slog.o(.data)
    SystemCoreClock                          0x2000004c   Data           4  system_stm32f10x.o(.data)
    AHBPrescTable                            0x20000050   Data          16  system_stm32f10x.o(.data)
    Uart1                                    0x20000060   Data        1080  main_stm32f103v_box.o(.bss)
    Uart2                                    0x20000498   Data        1080  main_stm32f103v_box.o(.bss)
    Uart3                                    0x200008d0   Data        1080  main_stm32f103v_box.o(.bss)
    rxmsg                                    0x20000d08   Data          20  main_stm32f103v_box.o(.bss)
    txmsg                                    0x20000d1c   Data          20  main_stm32f103v_box.o(.bss)
    RxMessage                                0x20000de4   Data          20  setcan.o(.bss)
    TxMessage                                0x20000df8   Data          20  setcan.o(.bss)
    TxMessageArray                           0x20000e0c   Data        2000  setcan.o(.bss)
    RxMessageArray                           0x200015dc   Data        2000  setcan.o(.bss)
    can1_tx_msg_fifo                         0x20001dac   Data          24  setcan.o(.bss)
    can1_rx_msg_fifo                         0x20001dc4   Data          24  setcan.o(.bss)
    iapJumperEncoder                         0x20001e70   Data         148  iap_jumper.o(.bss)
    __libspace_start                         0x20001f04   Data          96  libspace.o(.bss)
    __temporary_stack_top$libspace           0x20001f64   Data           0  libspace.o(.bss)



==============================================================================

Memory Map of the image

  Image Entry point : 0x080000ed

  Load Region LR_IROM1 (Base: 0x08000000, Size: 0x00004d04, Max: 0x00010000, ABSOLUTE)

    Execution Region ER_IROM1 (Base: 0x08000000, Size: 0x00004ca4, Max: 0x00010000, ABSOLUTE)

    Base Addr    Size         Type   Attr      Idx    E Section Name        Object

    0x08000000   0x000000ec   Data   RO         1420    RESET               startup_stm32f10x_md.o
    0x080000ec   0x00000008   Code   RO         1457  * !!!main             c_w.l(__main.o)
    0x080000f4   0x00000034   Code   RO         1620    !!!scatter          c_w.l(__scatter.o)
    0x08000128   0x0000001a   Code   RO         1622    !!handler_copy      c_w.l(__scatter_copy.o)
    0x08000142   0x00000002   PAD
    0x08000144   0x0000001c   Code   RO         1624    !!handler_zi        c_w.l(__scatter_zi.o)
    0x08000160   0x00000002   Code   RO         1491    .ARM.Collect$$libinit$$00000000  c_w.l(libinit.o)
    0x08000162   0x00000000   Code   RO         1498    .ARM.Collect$$libinit$$00000002  c_w.l(libinit2.o)
    0x08000162   0x00000000   Code   RO         1500    .ARM.Collect$$libinit$$00000004  c_w.l(libinit2.o)
    0x08000162   0x00000000   Code   RO         1503    .ARM.Collect$$libinit$$0000000A  c_w.l(libinit2.o)
    0x08000162   0x00000000   Code   RO         1505    .ARM.Collect$$libinit$$0000000C  c_w.l(libinit2.o)
    0x08000162   0x00000000   Code   RO         1507    .ARM.Collect$$libinit$$0000000E  c_w.l(libinit2.o)
    0x08000162   0x00000000   Code   RO         1510    .ARM.Collect$$libinit$$00000011  c_w.l(libinit2.o)
    0x08000162   0x00000000   Code   RO         1512    .ARM.Collect$$libinit$$00000013  c_w.l(libinit2.o)
    0x08000162   0x00000000   Code   RO         1514    .ARM.Collect$$libinit$$00000015  c_w.l(libinit2.o)
    0x08000162   0x00000000   Code   RO         1516    .ARM.Collect$$libinit$$00000017  c_w.l(libinit2.o)
    0x08000162   0x00000000   Code   RO         1518    .ARM.Collect$$libinit$$00000019  c_w.l(libinit2.o)
    0x08000162   0x00000000   Code   RO         1520    .ARM.Collect$$libinit$$0000001B  c_w.l(libinit2.o)
    0x08000162   0x00000000   Code   RO         1522    .ARM.Collect$$libinit$$0000001D  c_w.l(libinit2.o)
    0x08000162   0x00000000   Code   RO         1524    .ARM.Collect$$libinit$$0000001F  c_w.l(libinit2.o)
    0x08000162   0x00000000   Code   RO         1526    .ARM.Collect$$libinit$$00000021  c_w.l(libinit2.o)
    0x08000162   0x00000000   Code   RO         1528    .ARM.Collect$$libinit$$00000023  c_w.l(libinit2.o)
    0x08000162   0x00000000   Code   RO         1530    .ARM.Collect$$libinit$$00000025  c_w.l(libinit2.o)
    0x08000162   0x00000000   Code   RO         1534    .ARM.Collect$$libinit$$0000002C  c_w.l(libinit2.o)
    0x08000162   0x00000000   Code   RO         1536    .ARM.Collect$$libinit$$0000002E  c_w.l(libinit2.o)
    0x08000162   0x00000000   Code   RO         1538    .ARM.Collect$$libinit$$00000030  c_w.l(libinit2.o)
    0x08000162   0x00000000   Code   RO         1540    .ARM.Collect$$libinit$$00000032  c_w.l(libinit2.o)
    0x08000162   0x00000002   Code   RO         1541    .ARM.Collect$$libinit$$00000033  c_w.l(libinit2.o)
    0x08000164   0x00000002   Code   RO         1561    .ARM.Collect$$libshutdown$$00000000  c_w.l(libshutdown.o)
    0x08000166   0x00000000   Code   RO         1575    .ARM.Collect$$libshutdown$$00000003  c_w.l(libshutdown2.o)
    0x08000166   0x00000000   Code   RO         1578    .ARM.Collect$$libshutdown$$00000006  c_w.l(libshutdown2.o)
    0x08000166   0x00000000   Code   RO         1581    .ARM.Collect$$libshutdown$$00000009  c_w.l(libshutdown2.o)
    0x08000166   0x00000000   Code   RO         1583    .ARM.Collect$$libshutdown$$0000000B  c_w.l(libshutdown2.o)
    0x08000166   0x00000000   Code   RO         1586    .ARM.Collect$$libshutdown$$0000000E  c_w.l(libshutdown2.o)
    0x08000166   0x00000002   Code   RO         1587    .ARM.Collect$$libshutdown$$0000000F  c_w.l(libshutdown2.o)
    0x08000168   0x00000000   Code   RO         1465    .ARM.Collect$$rtentry$$00000000  c_w.l(__rtentry.o)
    0x08000168   0x00000000   Code   RO         1468    .ARM.Collect$$rtentry$$00000002  c_w.l(__rtentry2.o)
    0x08000168   0x00000006   Code   RO         1480    .ARM.Collect$$rtentry$$00000004  c_w.l(__rtentry4.o)
    0x0800016e   0x00000000   Code   RO         1470    .ARM.Collect$$rtentry$$00000009  c_w.l(__rtentry2.o)
    0x0800016e   0x00000004   Code   RO         1471    .ARM.Collect$$rtentry$$0000000A  c_w.l(__rtentry2.o)
    0x08000172   0x00000000   Code   RO         1473    .ARM.Collect$$rtentry$$0000000C  c_w.l(__rtentry2.o)
    0x08000172   0x00000008   Code   RO         1474    .ARM.Collect$$rtentry$$0000000D  c_w.l(__rtentry2.o)
    0x0800017a   0x00000002   Code   RO         1495    .ARM.Collect$$rtexit$$00000000  c_w.l(rtexit.o)
    0x0800017c   0x00000000   Code   RO         1543    .ARM.Collect$$rtexit$$00000002  c_w.l(rtexit2.o)
    0x0800017c   0x00000004   Code   RO         1544    .ARM.Collect$$rtexit$$00000003  c_w.l(rtexit2.o)
    0x08000180   0x00000006   Code   RO         1545    .ARM.Collect$$rtexit$$00000004  c_w.l(rtexit2.o)
    0x08000186   0x00000002   PAD
    0x08000188   0x00000210   Code   RO            3    .text               main_stm32f103v_box.o
    0x08000398   0x00000124   Code   RO          210    .text               settimer.o
    0x080004bc   0x00000228   Code   RO          414    .text               adc_config.o
    0x080006e4   0x00000328   Code   RO          682    .text               cmdcoder.o
    0x08000a0c   0x000000dc   Code   RO          697    .text               fifo.o
    0x08000ae8   0x000000e8   Code   RO          712    .text               fifo_void.o
    0x08000bd0   0x00000018   Code   RO          729    .text               main.o
    0x08000be8   0x00000190   Code   RO          760    .text               setsystick.o
    0x08000d78   0x000002e8   Code   RO          788    .text               setuart.o
    0x08001060   0x0000057c   Code   RO          812    .text               setcan.o
    0x080015dc   0x00000108   Code   RO          837    .text               system_error_status.o
    0x080016e4   0x00000170   Code   RO          861    .text               iap_jumper.o
    0x08001854   0x000000e8   Code   RO          892    .text               slog.o
    0x0800193c   0x000000dc   Code   RO          916    .text               misc.o
    0x08001a18   0x0000044e   Code   RO          936    .text               stm32f10x_adc.o
    0x08001e66   0x00000002   PAD
    0x08001e68   0x000009f0   Code   RO          979    .text               stm32f10x_can.o
    0x08002858   0x00000254   Code   RO         1091    .text               stm32f10x_dma.o
    0x08002aac   0x000005bc   Code   RO         1134    .text               stm32f10x_flash.o
    0x08003068   0x0000035c   Code   RO         1177    .text               stm32f10x_gpio.o
    0x080033c4   0x000003a4   Code   RO         1266    .text               stm32f10x_rcc.o
    0x08003768   0x00000e1a   Code   RO         1357    .text               stm32f10x_tim.o
    0x08004582   0x00000002   PAD
    0x08004584   0x00000408   Code   RO         1377    .text               stm32f10x_usart.o
    0x0800498c   0x00000040   Code   RO         1421    .text               startup_stm32f10x_md.o
    0x080049cc   0x000001e0   Code   RO         1427    .text               system_stm32f10x.o
    0x08004bac   0x00000064   Code   RO         1453    .text               c_w.l(rt_memcpy_w.o)
    0x08004c10   0x00000006   Code   RO         1455    .text               c_w.l(heapauxi.o)
    0x08004c16   0x0000004a   Code   RO         1482    .text               c_w.l(sys_stackheap_outer.o)
    0x08004c60   0x0000000c   Code   RO         1484    .text               c_w.l(exit.o)
    0x08004c6c   0x00000008   Code   RO         1492    .text               c_w.l(libspace.o)
    0x08004c74   0x0000000c   Code   RO         1553    .text               c_w.l(sys_exit.o)
    0x08004c80   0x00000002   Code   RO         1564    .text               c_w.l(use_no_semi.o)
    0x08004c82   0x00000000   Code   RO         1566    .text               c_w.l(indicate_semi.o)
    0x08004c82   0x00000002   PAD
    0x08004c84   0x00000020   Data   RO         1618    Region$$Table       anon$$obj.o


    Execution Region RW_IRAM1 (Base: 0x20000000, Size: 0x00002568, Max: 0x00005000, ABSOLUTE)

    Base Addr    Size         Type   Attr      Idx    E Section Name        Object

    0x20000000   0x00000004   Data   RW            6    .data               main_stm32f103v_box.o
    0x20000004   0x00000004   Data   RW          417    .data               adc_config.o
    0x20000008   0x0000000d   Data   RW          762    .data               setsystick.o
    0x20000015   0x00000003   PAD
    0x20000018   0x0000000c   Data   RW          790    .data               setuart.o
    0x20000024   0x00000006   Data   RW          815    .data               setcan.o
    0x2000002a   0x00000005   Data   RW          839    .data               system_error_status.o
    0x2000002f   0x00000001   PAD
    0x20000030   0x00000004   Data   RW          864    .data               iap_jumper.o
    0x20000034   0x00000004   Data   RW          894    .data               slog.o
    0x20000038   0x00000014   Data   RW         1267    .data               stm32f10x_rcc.o
    0x2000004c   0x00000014   Data   RW         1428    .data               system_stm32f10x.o
    0x20000060   0x00000cd0   Zero   RW            4    .bss                main_stm32f103v_box.o
    0x20000d30   0x000000b4   Zero   RW          415    .bss                adc_config.o
    0x20000de4   0x00000ff8   Zero   RW          813    .bss                setcan.o
    0x20001ddc   0x00000128   Zero   RW          862    .bss                iap_jumper.o
    0x20001f04   0x00000060   Zero   RW         1493    .bss                c_w.l(libspace.o)
    0x20001f64   0x00000004   PAD
    0x20001f68   0x00000200   Zero   RW         1419    HEAP                startup_stm32f10x_md.o
    0x20002168   0x00000400   Zero   RW         1418    STACK               startup_stm32f10x_md.o


==============================================================================

Image component sizes


      Code (inc. data)   RO Data    RW Data    ZI Data      Debug   Object Name

       552         22          0          4        180       2736   adc_config.o
       808          6          0          0          0       3601   cmdcoder.o
       220          0          0          0          0       2743   fifo.o
       232          0          0          0          0       2995   fifo_void.o
       368         24          0          4        296       4570   iap_jumper.o
        24          0          0          0          0       2655   main.o
         0          0          0          0          0       3052   main_esc_box.o
       528         44          0          4       3280     293285   main_stm32f103v_box.o
       220         22          0          0          0       1733   misc.o
      1404         72          0          6       4088       5810   setcan.o
       400         24          0         13          0      24845   setsystick.o
       292          6          0          0          0        925   settimer.o
       744         26          0         12          0       3611   setuart.o
       232         10          0          4          0       2438   slog.o
        64         26        236          0       1536        896   startup_stm32f10x_md.o
      1102         26          0          0          0      10769   stm32f10x_adc.o
      2544         38          0          0          0       7788   stm32f10x_can.o
       596          8          0          0          0       4262   stm32f10x_dma.o
      1468         34          0          0          0       7862   stm32f10x_flash.o
       860         38          0          0          0       5577   stm32f10x_gpio.o
       932         36          0         20          0       8732   stm32f10x_rcc.o
      3610         88          0          0          0      22064   stm32f10x_tim.o
      1032         22          0          0          0       8304   stm32f10x_usart.o
       264         26          0          5          0       1659   system_error_status.o
       480         38          0         20          0       2047   system_stm32f10x.o

    ----------------------------------------------------------------------
     18980        636        268         96       9380     434959   Object Totals
         0          0         32          0          0          0   (incl. Generated)
         4          0          0          4          0          0   (incl. Padding)

    ----------------------------------------------------------------------

      Code (inc. data)   RO Data    RW Data    ZI Data      Debug   Library Member Name

         8          0          0          0          0         68   __main.o
         0          0          0          0          0          0   __rtentry.o
        12          0          0          0          0          0   __rtentry2.o
         6          0          0          0          0          0   __rtentry4.o
        52          8          0          0          0          0   __scatter.o
        26          0          0          0          0          0   __scatter_copy.o
        28          0          0          0          0          0   __scatter_zi.o
        12          0          0          0          0         72   exit.o
         6          0          0          0          0        152   heapauxi.o
         0          0          0          0          0          0   indicate_semi.o
         2          0          0          0          0          0   libinit.o
         2          0          0          0          0          0   libinit2.o
         2          0          0          0          0          0   libshutdown.o
         2          0          0          0          0          0   libshutdown2.o
         8          4          0          0         96         68   libspace.o
       100          0          0          0          0         80   rt_memcpy_w.o
         2          0          0          0          0          0   rtexit.o
        10          0          0          0          0          0   rtexit2.o
        12          4          0          0          0         68   sys_exit.o
        74          0          0          0          0         80   sys_stackheap_outer.o
         2          0          0          0          0         68   use_no_semi.o

    ----------------------------------------------------------------------
       372         16          0          0        100        656   Library Totals
         6          0          0          0          4          0   (incl. Padding)

    ----------------------------------------------------------------------

      Code (inc. data)   RO Data    RW Data    ZI Data      Debug   Library Name

       366         16          0          0         96        656   c_w.l

    ----------------------------------------------------------------------
       372         16          0          0        100        656   Library Totals

    ----------------------------------------------------------------------

==============================================================================


      Code (inc. data)   RO Data    RW Data    ZI Data      Debug   

     19352        652        268         96       9480     432803   Grand Totals
     19352        652        268         96       9480     432803   ELF Image Totals
     19352        652        268         96          0          0   ROM Totals

==============================================================================

    Total RO  Size (Code + RO Data)                19620 (  19.16kB)
    Total RW  Size (RW Data + ZI Data)              9576 (   9.35kB)
    Total ROM Size (Code + RO Data + RW Data)      19716 (  19.25kB)

==============================================================================

