Component: ARM Compiler 5.05 update 1 (build 106) Tool: armlink [4d0efa]

==============================================================================

Section Cross References

    ds18b20.o(.text) refers to stm32f10x_gpio.o(i.GPIO_Init) for GPIO_Init
    ds18b20.o(.text) refers to setsystick.o(.text) for delay_us
    setadc.o(.text) refers to stm32f10x_rcc.o(i.RCC_APB2PeriphClockCmd) for RCC_APB2PeriphClockCmd
    setadc.o(.text) refers to stm32f10x_rcc.o(i.RCC_AHBPeriphClockCmd) for RCC_AHBPeriphClockCmd
    setadc.o(.text) refers to stm32f10x_adc.o(i.ADC_Init) for ADC_Init
    setadc.o(.text) refers to stm32f10x_adc.o(i.ADC_RegularChannelConfig) for ADC_RegularChannelConfig
    setadc.o(.text) refers to stm32f10x_adc.o(i.ADC_TempSensorVrefintCmd) for ADC_TempSensorVrefintCmd
    setadc.o(.text) refers to stm32f10x_adc.o(i.ADC_DMACmd) for ADC_DMACmd
    setadc.o(.text) refers to stm32f10x_adc.o(i.ADC_Cmd) for ADC_Cmd
    setadc.o(.text) refers to stm32f10x_adc.o(i.ADC_ResetCalibration) for ADC_ResetCalibration
    setadc.o(.text) refers to stm32f10x_adc.o(i.ADC_GetResetCalibrationStatus) for ADC_GetResetCalibrationStatus
    setadc.o(.text) refers to stm32f10x_adc.o(i.ADC_StartCalibration) for ADC_StartCalibration
    setadc.o(.text) refers to stm32f10x_adc.o(i.ADC_GetCalibrationStatus) for ADC_GetCalibrationStatus
    setadc.o(.text) refers to stm32f10x_adc.o(i.ADC_SoftwareStartConvCmd) for ADC_SoftwareStartConvCmd
    setadc.o(.text) refers to stm32f10x_dma.o(i.DMA_DeInit) for DMA_DeInit
    setadc.o(.text) refers to stm32f10x_dma.o(i.DMA_Init) for DMA_Init
    setadc.o(.text) refers to stm32f10x_dma.o(i.DMA_Cmd) for DMA_Cmd
    setadc.o(.text) refers to setadc.o(.bss) for ADCConvert
    settimer.o(.text) refers to stm32f10x_rcc.o(i.RCC_APB2PeriphClockCmd) for RCC_APB2PeriphClockCmd
    settimer.o(.text) refers to stm32f10x_rcc.o(i.RCC_APB1PeriphClockCmd) for RCC_APB1PeriphClockCmd
    settimer.o(.text) refers to misc.o(i.NVIC_PriorityGroupConfig) for NVIC_PriorityGroupConfig
    settimer.o(.text) refers to misc.o(i.NVIC_Init) for NVIC_Init
    settimer.o(.text) refers to stm32f10x_tim.o(i.TIM_TimeBaseInit) for TIM_TimeBaseInit
    settimer.o(.text) refers to stm32f10x_tim.o(i.TIM_ClearFlag) for TIM_ClearFlag
    settimer.o(.text) refers to stm32f10x_tim.o(i.TIM_ITConfig) for TIM_ITConfig
    settimer.o(.text) refers to stm32f10x_tim.o(i.TIM_Cmd) for TIM_Cmd
    settimer.o(.text) refers to stm32f10x_tim.o(i.TIM_GetITStatus) for TIM_GetITStatus
    setgpio.o(.text) refers to stm32f10x_rcc.o(i.RCC_APB2PeriphClockCmd) for RCC_APB2PeriphClockCmd
    setgpio.o(.text) refers to stm32f10x_gpio.o(i.GPIO_StructInit) for GPIO_StructInit
    setgpio.o(.text) refers to stm32f10x_gpio.o(i.GPIO_Init) for GPIO_Init
    setgpio.o(.text) refers to stm32f10x_gpio.o(i.GPIO_PinRemapConfig) for GPIO_PinRemapConfig
    gps.o(.text) refers to setuart.o(.text) for Uart_PutChar
    gps.o(.text) refers to setsystick.o(.text) for delay_us
    gps.o(.text) refers to navigation_box_led.o(.text) for Nbl_Led_toggle
    gps.o(.text) refers to gps.o(.data) for gps_uart
    gps.o(.text) refers to gps.o(.bss) for GPS_Command_Buffer
    hmc6343.o(.text) refers to setsystick.o(.text) for delay_us
    hmc6343.o(.text) refers to hmc6343.o(.data) for heading_msb
    navigation_box_led.o(.text) refers to stm32f10x_gpio.o(i.GPIO_ResetBits) for GPIO_ResetBits
    navigation_box_led.o(.text) refers to stm32f10x_gpio.o(i.GPIO_SetBits) for GPIO_SetBits
    navigation_box_led.o(.text) refers to stm32f10x_gpio.o(i.GPIO_ReadOutputDataBit) for GPIO_ReadOutputDataBit
    navigation_box_led.o(.text) refers to stm32f10x_gpio.o(i.GPIO_StructInit) for GPIO_StructInit
    navigation_box_led.o(.text) refers to stm32f10x_gpio.o(i.GPIO_Init) for GPIO_Init
    setgpio_1.o(.text) refers to stm32f10x_rcc.o(i.RCC_APB2PeriphClockCmd) for RCC_APB2PeriphClockCmd
    setgpio_1.o(.text) refers to stm32f10x_gpio.o(i.GPIO_StructInit) for GPIO_StructInit
    setgpio_1.o(.text) refers to stm32f10x_gpio.o(i.GPIO_Init) for GPIO_Init
    setgpio_1.o(.text) refers to stm32f10x_gpio.o(i.GPIO_PinRemapConfig) for GPIO_PinRemapConfig
    main_esc_box.o(.text) refers to setuart.o(.text) for Uart_GetChar
    main_esc_box.o(.text) refers to setcan.o(.text) for Can1_Send
    main_esc_box.o(.text) refers to esc_box_led.o(.text) for Esc_Led_toggle
    main_esc_box.o(.text) refers to setsystick.o(.text) for delay_us
    main_esc_box.o(.text) refers to esc_box_log.o(.text) for logd_uint
    main_esc_box.o(.text) refers to esc_80_pump_pitch_control.o(.text) for esc_set_pump_pitch_pwm
    main_esc_box.o(.text) refers to esc_80_yaw_control.o(.text) for _yaw_control_back
    main_esc_box.o(.text) refers to stm32f10x_gpio.o(i.GPIO_ResetBits) for GPIO_ResetBits
    main_esc_box.o(.text) refers to crc16.o(.text) for crc_calculate
    main_esc_box.o(.text) refers to rtu_485_runtime.o(.text) for test_dam_cmd
    main_esc_box.o(.text) refers to iap_jumper.o(.text) for Iap_Jump
[...]
    .ARM.Collect$$libinit$$00000004          0x08004162   Section        0  libinit2.o(.ARM.Collect$$libinit$$00000004)
    .ARM.Collect$$libinit$$0000000A          0x08004162   Section        0  libinit2.o(.ARM.Collect$$libinit$$0000000A)
    .ARM.Collect$$libinit$$0000000C          0x08004162   Section        0  libinit2.o(.ARM.Collect$$libinit$$0000000C)
    .ARM.Collect$$libinit$$0000000E          0x08004162   Section        0  libinit2.o(.ARM.Collect$$libinit$$0000000E)
    .ARM.Collect$$libinit$$00000011          0x08004162   Section        0  libinit2.o(.ARM.Collect$$libinit$$00000011)
    .ARM.Collect$$libinit$$00000013          0x08004162   Section        0  libinit2.o(.ARM.Collect$$libinit$$00000013)
    .ARM.Collect$$libinit$$00000015          0x08004162   Section        0  libinit2.o(.ARM.Collect$$libinit$$00000015)
    .ARM.Collect$$libinit$$00000017          0x08004162   Section        0  libinit2.o(.ARM.Collect$$libinit$$00000017)
    .ARM.Collect$$libinit$$00000019          0x08004162   Section        0  libinit2.o(.ARM.Collect$$libinit$$00000019)
    .ARM.Collect$$libinit$$0000001B          0x08004162   Section        0  libinit2.o(.ARM.Collect$$libinit$$0000001B)
    .ARM.Collect$$libinit$$0000001D          0x08004162   Section        0  libinit2.o(.ARM.Collect$$libinit$$0000001D)
    .ARM.Collect$$libinit$$0000001F          0x08004162   Section        0  libinit2.o(.ARM.Collect$$libinit$$0000001F)
    .ARM.Collect$$libinit$$00000021          0x08004162   Section        0  libinit2.o(.ARM.Collect$$libinit$$00000021)
    .ARM.Collect$$libinit$$00000023          0x08004162   Section        0  libinit2.o(.ARM.Collect$$libinit$$00000023)
    .ARM.Collect$$libinit$$00000025          0x08004162   Section        0  libinit2.o(.ARM.Collect$$libinit$$00000025)
    .ARM.Collect$$libinit$$0000002C          0x08004162   Section        0  libinit2.o(.ARM.Collect$$libinit$$0000002C)
    .ARM.Collect$$libinit$$0000002E          0x08004162   Section        0  libinit2.o(.ARM.Collect$$libinit$$0000002E)
    .ARM.Collect$$libinit$$00000030          0x08004162   Section        0  libinit2.o(.ARM.Collect$$libinit$$00000030)
    .ARM.Collect$$libinit$$00000032          0x08004162   Section        0  libinit2.o(.ARM.Collect$$libinit$$00000032)
    .ARM.Collect$$libinit$$00000033          0x08004162   Section        2  libinit2.o(.ARM.Collect$$libinit$$00000033)
    .ARM.Collect$$libshutdown$$00000000      0x08004164   Section        2  libshutdown.o(.ARM.Collect$$libshutdown$$00000000)
    .ARM.Collect$$libshutdown$$00000003      0x08004166   Section        0  libshutdown2.o(.ARM.Collect$$libshutdown$$00000003)
    .ARM.Collect$$libshutdown$$00000006      0x08004166   Section        0  libshutdown2.o(.ARM.Collect$$libshutdown$$00000006)
    .ARM.Collect$$libshutdown$$00000009      0x08004166   Section        0  libshutdown2.o(.ARM.Collect$$libshutdown$$00000009)
    .ARM.Collect$$libshutdown$$0000000B      0x08004166   Section        0  libshutdown2.o(.ARM.Collect$$libshutdown$$0000000B)
    .ARM.Collect$$libshutdown$$0000000E      0x08004166   Section        0  libshutdown2.o(.ARM.Collect$$libshutdown$$0000000E)
    .ARM.Collect$$libshutdown$$0000000F      0x08004166   Section        2  libshutdown2.o(.ARM.Collect$$libshutdown$$0000000F)
    .ARM.Collect$$rtentry$$00000000          0x08004168   Section        0  __rtentry.o(.ARM.Collect$$rtentry$$00000000)
    .ARM.Collect$$rtentry$$00000002          0x08004168   Section        0  __rtentry2.o(.ARM.Collect$$rtentry$$00000002)
    .ARM.Collect$$rtentry$$00000004          0x08004168   Section        6  __rtentry4.o(.ARM.Collect$$rtentry$$00000004)
    .ARM.Collect$$rtentry$$00000009          0x0800416e   Section        0  __rtentry2.o(.ARM.Collect$$rtentry$$00000009)
    .ARM.Collect$$rtentry$$0000000A          0x0800416e   Section        4  __rtentry2.o(.ARM.Collect$$rtentry$$0000000A)
    .ARM.Collect$$rtentry$$0000000C          0x08004172   Section        0  __rtentry2.o(.ARM.Collect$$rtentry$$0000000C)
    .ARM.Collect$$rtentry$$0000000D          0x08004172   Section        8  __rtentry2.o(.ARM.Collect$$rtentry$$0000000D)
    .ARM.Collect$$rtexit$$00000000           0x0800417a   Section        2  rtexit.o(.ARM.Collect$$rtexit$$00000000)
    .ARM.Collect$$rtexit$$00000002           0x0800417c   Section        0  rtexit2.o(.ARM.Collect$$rtexit$$00000002)
    .ARM.Collect$$rtexit$$00000003           0x0800417c   Section        4  rtexit2.o(.ARM.Collect$$rtexit$$00000003)
    .ARM.Collect$$rtexit$$00000004           0x08004180   Section        6  rtexit2.o(.ARM.Collect$$rtexit$$00000004)
    .emb_text                                0x08004188   Section       32  core_cm3.o(.emb_text)
    .text                                    0x080041a8   Section        0  settimer.o(.text)
    .text                                    0x080042cc   Section        0  main_esc_box.o(.text)
    .text                                    0x0800477c   Section        0  setgpio_2.o(.text)
    .text                                    0x080048a8   Section        0  adc_config.o(.text)
    .text                                    0x08004ad0   Section        0  esc_box_led.o(.text)
    is_led_on                                0x08004b2d   Thumb Code    74  esc_box_led.o(.text)
    .text                                    0x08004cac   Section        0  esc_80_pump_pitch_control.o(.text)
    .text                                    0x08004e44   Section        0  esc_80_yaw_control.o(.text)
    .text                                    0x080053ac   Section        0  esc_box_log.o(.text)
    .text                                    0x08005438   Section        0  rtu_485_runtime.o(.text)
    .text                                    0x08005d08   Section        0  esc_can_listener.o(.text)
    .text                                    0x08005d18   Section        0  crc16.o(.text)
    .text                                    0x08005d74   Section        0  rtu_485.o(.text)
    .text                                    0x08006058   Section        0  cmdcoder.o(.text)
    encode_variable_len                      0x08006059   Thumb Code    48  cmdcoder.o(.text)
    .text                                    0x08006380   Section        0  fifo.o(.text)
    .text                                    0x0800645c   Section        0  fifo_void.o(.text)
    .text                                    0x08006544   Section        0  main.o(.text)
    .text                                    0x0800655c   Section        0  setcan.o(.text)
    .text                                    0x080069f0   Section        0  setclock.o(.text)
    .text                                    0x08006b24   Section        0  setsystick.o(.text)
    .text                                    0x08006cb4   Section        0  setuart.o(.text)
    .text                                    0x08006f9c   Section        0  system_error_status.o(.text)
    .text                                    0x080070a4   Section        0  iap_jumper.o(.text)
    .text                                    0x08007214   Section       56  startup_stm32f10x_md.o(.text)
    .text                                    0x0800724c   Section      100  rt_memcpy_w.o(.text)
    .text                                    0x080072b0   Section        0  heapauxi.o(.text)
    .text                                    0x080072b6   Section       74  sys_stackheap_outer.o(.text)
    .text                                    0x08007300   Section        0  exit.o(.text)
    .text                                    0x0800730c   Section        8  libspace.o(.text)
    .text                                    0x08007314   Section        0  sys_exit.o(.text)
    .text                                    0x08007320   Section        2  use_no_semi.o(.text)
    .text                                    0x08007322   Section        0  indicate_semi.o(.text)
    i.ADC_Cmd                                0x08007322   Section        0  stm32f10x_adc.o(i.ADC_Cmd)
    i.ADC_DMACmd                             0x08007334   Section        0  stm32f10x_adc.o(i.ADC_DMACmd)
    i.ADC_GetCalibrationStatus               0x08007346   Section        0  stm32f10x_adc.o(i.ADC_GetCalibrationStatus)
    i.ADC_GetResetCalibrationStatus          0x08007356   Section        0  stm32f10x_adc.o(i.ADC_GetResetCalibrationStatus)
    i.ADC_Init                               0x08007368   Section        0  stm32f10x_adc.o(i.ADC_Init)
    i.ADC_RegularChannelConfig               0x080073b8   Section        0  stm32f10x_adc.o(i.ADC_RegularChannelConfig)
    i.ADC_ResetCalibration                   0x08007448   Section        0  stm32f10x_adc.o(i.ADC_ResetCalibration)
    i.ADC_SoftwareStartConvCmd               0x08007452   Section        0  stm32f10x_adc.o(i.ADC_SoftwareStartConvCmd)
    i.ADC_StartCalibration                   0x08007464   Section        0  stm32f10x_adc.o(i.ADC_StartCalibration)
    i.CAN_DeInit                             0x0800746e   Section        0  stm32f10x_can.o(i.CAN_DeInit)
    i.CAN_FilterInit                         0x080074a8   Section        0  stm32f10x_can.o(i.CAN_FilterInit)
    i.CAN_GetITStatus                        0x0800758c   Section        0  stm32f10x_can.o(i.CAN_GetITStatus)
    i.CAN_ITConfig                           0x08007674   Section        0  stm32f10x_can.o(i.CAN_ITConfig)
    i.CAN_Init                               0x08007684   Section        0  stm32f10x_can.o(i.CAN_Init)
    i.CAN_Receive                            0x08007778   Section        0  stm32f10x_can.o(i.CAN_Receive)
    i.CAN_StructInit                         0x0800782a   Section        0  stm32f10x_can.o(i.CAN_StructInit)
    i.CAN_Transmit                           0x0800784a   Section        0  stm32f10x_can.o(i.CAN_Transmit)
    i.CAN_TransmitStatus                     0x08007902   Section        0  stm32f10x_can.o(i.CAN_TransmitStatus)
    i.DMA_ClearITPendingBit                  0x08007984   Section        0  stm32f10x_dma.o(i.DMA_ClearITPendingBit)
    i.DMA_Cmd                                0x08007998   Section        0  stm32f10x_dma.o(i.DMA_Cmd)
    i.DMA_DeInit                             0x080079ac   Section        0  stm32f10x_dma.o(i.DMA_DeInit)
    i.DMA_GetITStatus                        0x08007ab4   Section        0  stm32f10x_dma.o(i.DMA_GetITStatus)
    i.DMA_ITConfig                           0x08007ad4   Section        0  stm32f10x_dma.o(i.DMA_ITConfig)
    i.DMA_Init                               0x08007ae4   Section        0  stm32f10x_dma.o(i.DMA_Init)
    i.FLASH_ClearFlag                        0x08007b2c   Section        0  stm32f10x_flash.o(i.FLASH_ClearFlag)
    i.FLASH_ErasePage                        0x08007b38   Section        0  stm32f10x_flash.o(i.FLASH_ErasePage)
    i.FLASH_Lock                             0x08007b7c   Section        0  stm32f10x_flash.o(i.FLASH_Lock)
    i.FLASH_PrefetchBufferCmd                0x08007b8c   Section        0  stm32f10x_flash.o(i.FLASH_PrefetchBufferCmd)
    i.FLASH_ProgramWord                      0x08007ba4   Section        0  stm32f10x_flash.o(i.FLASH_ProgramWord)
    i.FLASH_SetLatency                       0x08007bf4   Section        0  stm32f10x_flash.o(i.FLASH_SetLatency)
    i.FLASH_Unlock                           0x08007c08   Section        0  stm32f10x_flash.o(i.FLASH_Unlock)
    i.FLASH_WaitForLastOperation             0x08007c20   Section        0  stm32f10x_flash.o(i.FLASH_WaitForLastOperation)
    i.GPIO_Init                              0x08007c8c   Section        0  stm32f10x_gpio.o(i.GPIO_Init)
    i.GPIO_PinRemapConfig                    0x08007d58   Section        0  stm32f10x_gpio.o(i.GPIO_PinRemapConfig)
    i.GPIO_ReadOutputDataBit                 0x08007db0   Section        0  stm32f10x_gpio.o(i.GPIO_ReadOutputDataBit)
    i.GPIO_ResetBits                         0x08007dbe   Section        0  stm32f10x_gpio.o(i.GPIO_ResetBits)
    i.GPIO_SetBits                           0x08007dc2   Section        0  stm32f10x_gpio.o(i.GPIO_SetBits)
    i.GPIO_StructInit                        0x08007dc6   Section        0  stm32f10x_gpio.o(i.GPIO_StructInit)
    i.NVIC_Init                              0x08007dd6   Section        0  misc.o(i.NVIC_Init)
    i.NVIC_PriorityGroupConfig               0x08007e44   Section        0  misc.o(i.NVIC_PriorityGroupConfig)
    i.NVIC_SetVectorTable                    0x08007e58   Section        0  misc.o(i.NVIC_SetVectorTable)
    i.RCC_ADCCLKConfig                       0x08007e6c   Section        0  stm32f10x_rcc.o(i.RCC_ADCCLKConfig)
    i.RCC_AHBPeriphClockCmd                  0x08007e80   Section        0  stm32f10x_rcc.o(i.RCC_AHBPeriphClockCmd)
    i.RCC_APB1PeriphClockCmd                 0x08007e98   Section        0  stm32f10x_rcc.o(i.RCC_APB1PeriphClockCmd)
    i.RCC_APB1PeriphResetCmd                 0x08007eb0   Section        0  stm32f10x_rcc.o(i.RCC_APB1PeriphResetCmd)
    i.RCC_APB2PeriphClockCmd                 0x08007ec8   Section        0  stm32f10x_rcc.o(i.RCC_APB2PeriphClockCmd)
    i.RCC_DeInit                             0x08007ee0   Section        0  stm32f10x_rcc.o(i.RCC_DeInit)
    i.RCC_GetClocksFreq                      0x08007f20   Section        0  stm32f10x_rcc.o(i.RCC_GetClocksFreq)
    i.RCC_GetFlagStatus                      0x08007fc4   Section        0  stm32f10x_rcc.o(i.RCC_GetFlagStatus)
    i.RCC_GetSYSCLKSource                    0x08007ff4   Section        0  stm32f10x_rcc.o(i.RCC_GetSYSCLKSource)
    i.RCC_HCLKConfig                         0x08008004   Section        0  stm32f10x_rcc.o(i.RCC_HCLKConfig)
    i.RCC_HSEConfig                          0x08008018   Section        0  stm32f10x_rcc.o(i.RCC_HSEConfig)
    i.RCC_HSICmd                             0x08008050   Section        0  stm32f10x_rcc.o(i.RCC_HSICmd)
    i.RCC_PCLK1Config                        0x0800805c   Section        0  stm32f10x_rcc.o(i.RCC_PCLK1Config)
    i.RCC_PCLK2Config                        0x08008070   Section        0  stm32f10x_rcc.o(i.RCC_PCLK2Config)
    i.RCC_PLLCmd                             0x08008084   Section        0  stm32f10x_rcc.o(i.RCC_PLLCmd)
    i.RCC_PLLConfig                          0x08008090   Section        0  stm32f10x_rcc.o(i.RCC_PLLConfig)
    i.RCC_SYSCLKConfig                       0x080080a4   Section        0  stm32f10x_rcc.o(i.RCC_SYSCLKConfig)
    i.RCC_WaitForHSEStartUp                  0x080080b8   Section        0  stm32f10x_rcc.o(i.RCC_WaitForHSEStartUp)
    i.SysTick_CLKSourceConfig                0x080080ec   Section        0  misc.o(i.SysTick_CLKSourceConfig)
    i.TIM_ARRPreloadConfig                   0x08008102   Section        0  stm32f10x_tim.o(i.TIM_ARRPreloadConfig)
    i.TIM_ClearFlag                          0x08008118   Section        0  stm32f10x_tim.o(i.TIM_ClearFlag)
    i.TIM_Cmd                                0x0800811e   Section        0  stm32f10x_tim.o(i.TIM_Cmd)
    i.TIM_CtrlPWMOutputs                     0x08008134   Section        0  stm32f10x_tim.o(i.TIM_CtrlPWMOutputs)
    i.TIM_GetITStatus                        0x0800814a   Section        0  stm32f10x_tim.o(i.TIM_GetITStatus)
    i.TIM_ITConfig                           0x08008164   Section        0  stm32f10x_tim.o(i.TIM_ITConfig)
    i.TIM_OC3Init                            0x08008174   Section        0  stm32f10x_tim.o(i.TIM_OC3Init)
    i.TIM_OC3PreloadConfig                   0x080081f4   Section        0  stm32f10x_tim.o(i.TIM_OC3PreloadConfig)
    i.TIM_OC4Init                            0x08008200   Section        0  stm32f10x_tim.o(i.TIM_OC4Init)
    i.TIM_OC4PreloadConfig                   0x08008266   Section        0  stm32f10x_tim.o(i.TIM_OC4PreloadConfig)
    i.TIM_OCStructInit                       0x08008274   Section        0  stm32f10x_tim.o(i.TIM_OCStructInit)
    i.TIM_TimeBaseInit                       0x08008288   Section        0  stm32f10x_tim.o(i.TIM_TimeBaseInit)
    i.USART_Cmd                              0x080082c4   Section        0  stm32f10x_usart.o(i.USART_Cmd)
    i.USART_GetFlagStatus                    0x080082d6   Section        0  stm32f10x_usart.o(i.USART_GetFlagStatus)
    i.USART_GetITStatus                      0x080082e4   Section        0  stm32f10x_usart.o(i.USART_GetITStatus)
    i.USART_ITConfig                         0x08008328   Section        0  stm32f10x_usart.o(i.USART_ITConfig)
    i.USART_Init                             0x08008358   Section        0  stm32f10x_usart.o(i.USART_Init)
    i.USART_ReceiveData                      0x080083e8   Section        0  stm32f10x_usart.o(i.USART_ReceiveData)
    i.USART_SendData                         0x080083f0   Section        0  stm32f10x_usart.o(i.USART_SendData)
    i.USART_StructInit                       0x080083f8   Section        0  stm32f10x_usart.o(i.USART_StructInit)
    x$fpl$ffltu                              0x08008410   Section       38  fflt_clz.o(x$fpl$ffltu)
    x$fpl$usenofp                            0x08008436   Section        0  usenofp.o(x$fpl$usenofp)
    .data                                    0x20000000   Section        2  main_esc_box.o(.data)
    tag                                      0x20000000   Data           1  main_esc_box.o(.data)
    index                                    0x20000001   Data           1  main_esc_box.o(.data)
    .data                                    0x20000004   Section        4  adc_config.o(.data)
    .data                                    0x20000008   Section        4  esc_box_led.o(.data)
    led_count                                0x20000008   Data           4  esc_box_led.o(.data)
    .data                                    0x2000000c   Section        4  esc_80_pump_pitch_control.o(.data)
    .data                                    0x20000010   Section       29  esc_80_yaw_control.o(.data)
    step                                     0x2000002c   Data           1  esc_80_yaw_control.o(.data)
    .data                                    0x20000030   Section       51  rtu_485_runtime.o(.data)
    _485_device_seq                          0x20000060   Data           1  rtu_485_runtime.o(.data)
    step                                     0x20000061   Data           1  rtu_485_runtime.o(.data)
    step                                     0x20000062   Data           1  rtu_485_runtime.o(.data)
    .data                                    0x20000064   Section       12  rtu_485.o(.data)
    .data                                    0x20000070   Section        6  setcan.o(.data)
    .data                                    0x20000078   Section        4  setclock.o(.data)
    .data                                    0x2000007c   Section       13  setsystick.o(.data)
    .data                                    0x2000008c   Section       12  setuart.o(.data)
    .data                                    0x20000098   Section        5  system_error_status.o(.data)
    .data                                    0x200000a0   Section        4  iap_jumper.o(.data)
    .data                                    0x200000a4   Section       20  stm32f10x_rcc.o(.data)
    ADCPrescTable                            0x200000a4   Data           4  stm32f10x_rcc.o(.data)
    APBAHBPrescTable                         0x200000a8   Data          16  stm32f10x_rcc.o(.data)
    .bss                                     0x200000b8   Section     3376  main_esc_box.o(.bss)
    data                                     0x20000dc8   Data          32  main_esc_box.o(.bss)
    .bss                                     0x20000de8   Section      180  adc_config.o(.bss)
    escADCConvert                            0x20000de8   Data         180  adc_config.o(.bss)
    .bss                                     0x20000e9c   Section       12  esc_box_led.o(.bss)
    led_toggle_ms                            0x20000e9c   Data          12  esc_box_led.o(.bss)
    .bss                                     0x20000ea8   Section       12  esc_80_yaw_control.o(.bss)
    .bss                                     0x20000eb4   Section      640  rtu_485_runtime.o(.bss)
    .bss                                     0x20001134   Section       20  esc_can_listener.o(.bss)
    .bss                                     0x20001148   Section      272  rtu_485.o(.bss)
    .bss                                     0x20001258   Section     4088  setcan.o(.bss)
    .bss                                     0x20002250   Section      296  iap_jumper.o(.bss)
    aip_decoder                              0x20002250   Data         148  iap_jumper.o(.bss)
    .bss                                     0x20002378   Section       96  libspace.o(.bss)
    HEAP                                     0x200023d8   Section      512  startup_stm32f10x_md.o(HEAP)
    Heap_Mem                                 0x200023d8   Data         512  startup_stm32f10x_md.o(HEAP)
    STACK                                    0x200025d8   Section     1024  startup_stm32f10x_md.o(STACK)
    Stack_Mem                                0x200025d8   Data        1024  startup_stm32f10x_md.o(STACK)
    __initial_sp                             0x200029d8   Data           0  startup_stm32f10x_md.o(STACK)

    Global Symbols

    Symbol Name                              Value     Ov Type        Size  Object(Section)

    BuildAttributes$$THM_ISAv4$P$D$K$B$S$PE$A:L22UL41UL21$X:L11$S22US41US21$IEEE1$IW$USESV6$~STKCKD$USESV7$~SHL$OTIME$ROPI$EBA8$UX$STANDARDLIB$REQ8$PRES8$EABIv2 0x00000000   Number         0  anon$$obj.o ABSOLUTE
    __ARM_use_no_argv                        0x00000000   Number         0  main.o ABSOLUTE
    __ARM_exceptions_init                     - Undefined Weak Reference
    __alloca_initialize                       - Undefined Weak Reference
    __arm_preinit_                            - Undefined Weak Reference
    __cpp_initialize__aeabi_                  - Undefined Weak Reference
    __cxa_finalize                            - Undefined Weak Reference
    __rt_locale                               - Undefined Weak Reference
    __sigvec_lookup                           - Undefined Weak Reference
    _atexit_init                              - Undefined Weak Reference
    _call_atexit_fns                          - Undefined Weak Reference
    _clock_init                               - Undefined Weak Reference
    _fp_trap_init                             - Undefined Weak Reference
    _fp_trap_shutdown                         - Undefined Weak Reference
    _get_lc_collate                           - Undefined Weak Reference
    _get_lc_ctype                             - Undefined Weak Reference
    _get_lc_monetary                          - Undefined Weak Reference
    _get_lc_numeric                           - Undefined Weak Reference
    _get_lc_time                              - Undefined Weak Reference
    _getenv_init                              - Undefined Weak Reference
    _handle_redirection                       - Undefined Weak Reference
    _init_alloc                               - Undefined Weak Reference
    _init_user_alloc                          - Undefined Weak Reference
    _initio                                   - Undefined Weak Reference
    _rand_init                                - Undefined Weak Reference
    _signal_finish                            - Undefined Weak Reference
    _signal_init                              - Undefined Weak Reference
    _terminate_alloc                          - Undefined Weak Reference
    _terminate_user_alloc                     - Undefined Weak Reference
    _terminateio                              - Undefined Weak Reference
    main_deinit                               - Undefined Weak Reference
    __Vectors_Size                           0x000000ec   Number         0  startup_stm32f10x_md.o ABSOLUTE
    __Vectors                                0x08004000   Data           4  startup_stm32f10x_md.o(RESET)
    __Vectors_End                            0x080040ec   Data           0  startup_stm32f10x_md.o(RESET)
    __main                                   0x080040ed   Thumb Code     8  __main.o(!!!main)
    __scatterload                            0x080040f5   Thumb Code     0  __scatter.o(!!!scatter)
    __scatterload_rt2                        0x080040f5   Thumb Code    44  __scatter.o(!!!scatter)
    __scatterload_rt2_thumb_only             0x080040f5   Thumb Code     0  __scatter.o(!!!scatter)
    __scatterload_null                       0x08004103   Thumb Code     0  __scatter.o(!!!scatter)
    __scatterload_copy                       0x08004129   Thumb Code    26  __scatter_copy.o(!!handler_copy)
    __scatterload_zeroinit                   0x08004145   Thumb Code    28  __scatter_zi.o(!!handler_zi)
    __rt_lib_init                            0x08004161   Thumb Code     0  libinit.o(.ARM.Collect$$libinit$$00000000)
    __rt_lib_init_alloca_1                   0x08004163   Thumb Code     0  libinit2.o(.ARM.Collect$$libinit$$0000002E)
    __rt_lib_init_argv_1                     0x08004163   Thumb Code     0  libinit2.o(.ARM.Collect$$libinit$$0000002C)
    __rt_lib_init_atexit_1                   0x08004163   Thumb Code     0  libinit2.o(.ARM.Collect$$libinit$$0000001B)
    __rt_lib_init_clock_1                    0x08004163   Thumb Code     0  libinit2.o(.ARM.Collect$$libinit$$00000021)
    __rt_lib_init_cpp_1                      0x08004163   Thumb Code     0  libinit2.o(.ARM.Collect$$libinit$$00000032)
    __rt_lib_init_exceptions_1               0x08004163   Thumb Code     0  libinit2.o(.ARM.Collect$$libinit$$00000030)
    __rt_lib_init_fp_1                       0x08004163   Thumb Code     0  libinit2.o(.ARM.Collect$$libinit$$00000002)
    __rt_lib_init_fp_trap_1                  0x08004163   Thumb Code     0  libinit2.o(.ARM.Collect$$libinit$$0000001F)
    __rt_lib_init_getenv_1                   0x08004163   Thumb Code     0  libinit2.o(.ARM.Collect$$libinit$$00000023)
    __rt_lib_init_heap_1                     0x08004163   Thumb Code     0  libinit2.o(.ARM.Collect$$libinit$$0000000A)
    __rt_lib_init_lc_collate_1               0x08004163   Thumb Code     0  libinit2.o(.ARM.Collect$$libinit$$00000011)
    __rt_lib_init_lc_ctype_1                 0x08004163   Thumb Code     0  libinit2.o(.ARM.Collect$$libinit$$00000013)
    __rt_lib_init_lc_monetary_1              0x08004163   Thumb Code     0  libinit2.o(.ARM.Collect$$libinit$$00000015)
    __rt_lib_init_lc_numeric_1               0x08004163   Thumb Code     0  libinit2.o(.ARM.Collect$$libinit$$00000017)
    __rt_lib_init_lc_time_1                  0x08004163   Thumb Code     0  libinit2.o(.ARM.Collect$$libinit$$00000019)
    __rt_lib_init_preinit_1                  0x08004163   Thumb Code     0  libinit2.o(.ARM.Collect$$libinit$$00000004)
    __rt_lib_init_rand_1                     0x08004163   Thumb Code     0  libinit2.o(.ARM.Collect$$libinit$$0000000E)
    __rt_lib_init_return                     0x08004163   Thumb Code     0  libinit2.o(.ARM.Collect$$libinit$$00000033)
    __rt_lib_init_signal_1                   0x08004163   Thumb Code     0  libinit2.o(.ARM.Collect$$libinit$$0000001D)
    __rt_lib_init_stdio_1                    0x08004163   Thumb Code     0  libinit2.o(.ARM.Collect$$libinit$$00000025)
    __rt_lib_init_user_alloc_1               0x08004163   Thumb Code     0  libinit2.o(.ARM.Collect$$libinit$$0000000C)
    __rt_lib_shutdown                        0x08004165   Thumb Code     0  libshutdown.o(.ARM.Collect$$libshutdown$$00000000)
    __rt_lib_shutdown_fp_trap_1              0x08004167   Thumb Code     0  libshutdown2.o(.ARM.Collect$$libshutdown$$00000006)
    __rt_lib_shutdown_heap_1                 0x08004167   Thumb Code     0  libshutdown2.o(.ARM.Collect$$libshutdown$$0000000E)
    __rt_lib_shutdown_return                 0x08004167   Thumb Code     0  libshutdown2.o(.ARM.Collect$$libshutdown$$0000000F)
    __rt_lib_shutdown_signal_1               0x08004167   Thumb Code     0  libshutdown2.o(.ARM.Collect$$libshutdown$$00000009)
    __rt_lib_shutdown_stdio_1                0x08004167   Thumb Code     0  libshutdown2.o(.ARM.Collect$$libshutdown$$00000003)
    __rt_lib_shutdown_user_alloc_1           0x08004167   Thumb Code     0  libshutdown2.o(.ARM.Collect$$libshutdown$$0000000B)
    __rt_entry                               0x08004169   Thumb Code     0  __rtentry.o(.ARM.Collect$$rtentry$$00000000)
    __rt_entry_presh_1                       0x08004169   Thumb Code     0  __rtentry2.o(.ARM.Collect$$rtentry$$00000002)
    __rt_entry_sh                            0x08004169   Thumb Code     0  __rtentry4.o(.ARM.Collect$$rtentry$$00000004)
    __rt_entry_li                            0x0800416f   Thumb Code     0  __rtentry2.o(.ARM.Collect$$rtentry$$0000000A)
    __rt_entry_postsh_1                      0x0800416f   Thumb Code     0  __rtentry2.o(.ARM.Collect$$rtentry$$00000009)
    __rt_entry_main                          0x08004173   Thumb Code     0  __rtentry2.o(.ARM.Collect$$rtentry$$0000000D)
    __rt_entry_postli_1                      0x08004173   Thumb Code     0  __rtentry2.o(.ARM.Collect$$rtentry$$0000000C)
    __rt_exit                                0x0800417b   Thumb Code     0  rtexit.o(.ARM.Collect$$rtexit$$00000000)
    __rt_exit_ls                             0x0800417d   Thumb Code     0  rtexit2.o(.ARM.Collect$$rtexit$$00000003)
    __rt_exit_prels_1                        0x0800417d   Thumb Code     0  rtexit2.o(.ARM.Collect$$rtexit$$00000002)
    __rt_exit_exit                           0x08004181   Thumb Code     0  rtexit2.o(.ARM.Collect$$rtexit$$00000004)
    __get_PSP                                0x08004189   Thumb Code     6  core_cm3.o(.emb_text)
    __set_PSP                                0x0800418f   Thumb Code     6  core_cm3.o(.emb_text)
    __get_MSP                                0x08004195   Thumb Code     6  core_cm3.o(.emb_text)
    __set_MSP                                0x0800419b   Thumb Code     6  core_cm3.o(.emb_text)
    __REV16                                  0x080041a1   Thumb Code     4  core_cm3.o(.emb_text)
    __REVSH                                  0x080041a5   Thumb Code     4  core_cm3.o(.emb_text)
    Timer_Configuration                      0x080041a9   Thumb Code   206  settimer.o(.text)
    TIM1_UP_IRQHandler                       0x08004277   Thumb Code    40  settimer.o(.text)
    TIM2_IRQHandler                          0x0800429f   Thumb Code    40  settimer.o(.text)
    uart_echo_test                           0x080042cd   Thumb Code    28  main_esc_box.o(.text)
    test_can_send                            0x080042e9   Thumb Code    28  main_esc_box.o(.text)
    test_can1                                0x08004305   Thumb Code    26  main_esc_box.o(.text)
    test_uart123_can1                        0x0800431f   Thumb Code    20  main_esc_box.o(.text)
    print_uint                               0x08004333   Thumb Code    86  main_esc_box.o(.text)
    str_to_int                               0x08004389   Thumb Code    36  main_esc_box.o(.text)
    read_num_by_uart                         0x080043ad   Thumb Code   126  main_esc_box.o(.text)
    test_pwm                                 0x0800442b   Thumb Code    48  main_esc_box.o(.text)
    test_h_bridge                            0x0800445b   Thumb Code   102  main_esc_box.o(.text)
    char_to_hex                              0x080044c1   Thumb Code    34  main_esc_box.o(.text)
    cmd_uart_485cmd                          0x080044e3   Thumb Code   176  main_esc_box.o(.text)
    dam_control_test                         0x08004593   Thumb Code   106  main_esc_box.o(.text)
    listen_cmd                               0x080045fd   Thumb Code    84  main_esc_box.o(.text)
    main_setup                               0x08004651   Thumb Code   248  main_esc_box.o(.text)
    main_loop                                0x08004749   Thumb Code    40  main_esc_box.o(.text)
    Esc_GPIO_Configuration                   0x0800477d   Thumb Code   286  setgpio_2.o(.text)
    Esc_ADC_Configuration                    0x080048a9   Thumb Code   398  adc_config.o(.text)
    DMA1_Channel1_IRQHandler                 0x08004a37   Thumb Code    30  adc_config.o(.text)
    Cali_Adc_Value                           0x08004a55   Thumb Code    72  adc_config.o(.text)
    Get_Oil_Mass_Adc_value                   0x08004a9d   Thumb Code    10  adc_config.o(.text)
    Get_ISA_Adc_value                        0x08004aa7   Thumb Code    10  adc_config.o(.text)
    Get_PUMP_ANGLE_Adc_value                 0x08004ab1   Thumb Code    10  adc_config.o(.text)
    _Esc_Led_on                              0x08004ad1   Thumb Code    46  esc_box_led.o(.text)
    _Esc_Led_off                             0x08004aff   Thumb Code    46  esc_box_led.o(.text)
    Esc_Led_toggle                           0x08004b77   Thumb Code    28  esc_box_led.o(.text)
    Esc_Led_set_toggle                       0x08004b93   Thumb Code     8  esc_box_led.o(.text)
    Esc_Led_Event                            0x08004b9b   Thumb Code    76  esc_box_led.o(.text)
    Esc_Led_on                               0x08004be7   Thumb Code    20  esc_box_led.o(.text)
    Esc_Led_off                              0x08004bfb   Thumb Code    20  esc_box_led.o(.text)
    Esc_Led_Configuration                    0x08004c0f   Thumb Code   140  esc_box_led.o(.text)
    TIM3_Mode_Config                         0x08004cad   Thumb Code   270  esc_80_pump_pitch_control.o(.text)
    esc_set_pwmA                             0x08004dbb   Thumb Code    30  esc_80_pump_pitch_control.o(.text)
    esc_set_pump_pitch_pwm                   0x08004dd9   Thumb Code    12  esc_80_pump_pitch_control.o(.text)
    Esc_Pump_Pitch_Middle                    0x08004de5   Thumb Code    10  esc_80_pump_pitch_control.o(.text)
    Esc_Pump_Pitch_Config                    0x08004def   Thumb Code    12  esc_80_pump_pitch_control.o(.text)
    esc_set_pwmB                             0x08004dfb   Thumb Code    30  esc_80_pump_pitch_control.o(.text)
    Esc_Pump_Pitch_Back                      0x08004e19   Thumb Code    12  esc_80_pump_pitch_control.o(.text)
    Esc_Pump_Pitch_Forward                   0x08004e25   Thumb Code    10  esc_80_pump_pitch_control.o(.text)
    _yaw_control_forward                     0x08004e45   Thumb Code    40  esc_80_yaw_control.o(.text)
    _yaw_control_back                        0x08004e6d   Thumb Code    40  esc_80_yaw_control.o(.text)
    _yaw_control_get_direction               0x08004e95   Thumb Code    60  esc_80_yaw_control.o(.text)
    _is_yaw_control_stoped                   0x08004ed1   Thumb Code    60  esc_80_yaw_control.o(.text)
    _yaw_control_angle_to_adc                0x08004f0d   Thumb Code    92  esc_80_yaw_control.o(.text)
    is_reach_expect_value                    0x08004f69   Thumb Code    38  esc_80_yaw_control.o(.text)
    _is_failsafe                             0x08004f8f   Thumb Code    26  esc_80_yaw_control.o(.text)
    yaw_control_failsafe                     0x08004fa9   Thumb Code    14  esc_80_yaw_control.o(.text)
    _check_current_failsafe                  0x08004fb7   Thumb Code    18  esc_80_yaw_control.o(.text)
    _check_angle_failsafe                    0x08004fc9   Thumb Code    28  esc_80_yaw_control.o(.text)
    _esc_yaw_adc_update_event                0x08004fe5   Thumb Code    96  esc_80_yaw_control.o(.text)
    _yaw_control_move_to_expect_adc          0x08005045   Thumb Code   134  esc_80_yaw_control.o(.text)
    Esc_Yaw_Control_SetAngle                 0x080050cb   Thumb Code    38  esc_80_yaw_control.o(.text)
    _yaw_control_initFunc                    0x080050f1   Thumb Code   132  esc_80_yaw_control.o(.text)
    _try_go_back_in_failsafe                 0x08005175   Thumb Code    74  esc_80_yaw_control.o(.text)
    Esc_Yaw_Control_Event                    0x080051bf   Thumb Code   314  esc_80_yaw_control.o(.text)
    Esc_Yaw_Control_Configure                0x080052f9   Thumb Code   168  esc_80_yaw_control.o(.text)
    _print_uint                              0x080053ad   Thumb Code    86  esc_box_log.o(.text)
    logd                                     0x08005403   Thumb Code    14  esc_box_log.o(.text)
    logd_uint                                0x08005411   Thumb Code    32  esc_box_log.o(.text)
    _Th11sb_config                           0x08005439   Thumb Code    14  rtu_485_runtime.o(.text)
    _Th11sb_485_runtime                      0x08005447   Thumb Code   154  rtu_485_runtime.o(.text)
    _dam_config                              0x080054e1   Thumb Code    70  rtu_485_runtime.o(.text)
    _dam_485_runtime                         0x08005527   Thumb Code   126  rtu_485_runtime.o(.text)
    Rtu_485_Runtime_sendCmd                  0x080055a5   Thumb Code   130  rtu_485_runtime.o(.text)
    _dam_485_send_on_off_cmd                 0x08005627   Thumb Code    50  rtu_485_runtime.o(.text)
    Rtu_485_Runtime_send_RawCmd              0x08005659   Thumb Code    78  rtu_485_runtime.o(.text)
    _dam_485_send_flash                      0x080056a7   Thumb Code   146  rtu_485_runtime.o(.text)
    test_dam_cmd                             0x08005739   Thumb Code    90  rtu_485_runtime.o(.text)
    powerAdc6_config                         0x08005793   Thumb Code    20  rtu_485_runtime.o(.text)
    _powerAdc_485_runtime                    0x080057a7   Thumb Code   344  rtu_485_runtime.o(.text)
    pgw636_config                            0x080058ff   Thumb Code    16  rtu_485_runtime.o(.text)
    _pgw636_485_runtime                      0x0800590f   Thumb Code   200  rtu_485_runtime.o(.text)
    _rtu_485_devices_runtime                 0x080059d7   Thumb Code    24  rtu_485_runtime.o(.text)
    _rtu_485_sendcmd_runtime                 0x080059ef   Thumb Code   132  rtu_485_runtime.o(.text)
    Rtu_485_SendCmd_runtime_loop             0x08005a73   Thumb Code    92  rtu_485_runtime.o(.text)
    Rtu_485_Devices_runtime_loop             0x08005acf   Thumb Code    94  rtu_485_runtime.o(.text)
    Rtu_485_Runtime_Configure                0x08005b2d   Thumb Code    40  rtu_485_runtime.o(.text)
    Rtu_485_Runtime_loop                     0x08005b55   Thumb Code   134  rtu_485_runtime.o(.text)
    Listen_Can1                              0x08005d09   Thumb Code    10  esc_can_listener.o(.text)
    crc_accumulate                           0x08005d19   Thumb Code    46  crc16.o(.text)
    crc_init                                 0x08005d47   Thumb Code     8  crc16.o(.text)
    crc_calculate                            0x08005d4f   Thumb Code    38  crc16.o(.text)
    _485_cail_ack_len                        0x08005d75   Thumb Code    68  rtu_485.o(.text)
    rtu_485_ack_init                         0x08005db9   Thumb Code    28  rtu_485.o(.text)
    recive_485_parse                         0x08005dd5   Thumb Code   246  rtu_485.o(.text)
    clean_uart_buff                          0x08005ecb   Thumb Code    20  rtu_485.o(.text)
    Rtu_485_send_cmd                         0x08005edf   Thumb Code   118  rtu_485.o(.text)
    Rtu_485_send_raw_cmd                     0x08005f55   Thumb Code    50  rtu_485.o(.text)
    Rtu_485_Event                            0x08005f87   Thumb Code   118  rtu_485.o(.text)
    Rtu_485_Get_Ack                          0x08005ffd   Thumb Code    40  rtu_485.o(.text)
    Rtu_485_Configure                        0x08006025   Thumb Code    16  rtu_485.o(.text)
    cmdcoder_init                            0x08006089   Thumb Code    30  cmdcoder.o(.text)
    cmdcoder_Parse_byte                      0x080060a7   Thumb Code   416  cmdcoder.o(.text)
    cmdcoder_encode_and_send                 0x08006247   Thumb Code   244  cmdcoder.o(.text)
    cmdcoder_send_bytes                      0x0800633b   Thumb Code    70  cmdcoder.o(.text)
    fifo_init                                0x08006381   Thumb Code    22  fifo.o(.text)
    fifo_avail                               0x08006397   Thumb Code     6  fifo.o(.text)
    fifo_free                                0x0800639d   Thumb Code    12  fifo.o(.text)
    fifo_enabled                             0x080063a9   Thumb Code     6  fifo.o(.text)
    is_fifo_overflow                         0x080063af   Thumb Code     6  fifo.o(.text)
    fifo_put                                 0x080063b5   Thumb Code    50  fifo.o(.text)
    fifo_recovery_put                        0x080063e7   Thumb Code    68  fifo.o(.text)
    fifo_get                                 0x0800642b   Thumb Code    50  fifo.o(.text)
    fifo_void_init                           0x0800645d   Thumb Code    24  fifo_void.o(.text)
    fifo_void_avail                          0x08006475   Thumb Code    24  fifo_void.o(.text)
    fifo_void_free                           0x0800648d   Thumb Code    18  fifo_void.o(.text)
    fifo_void_enabled                        0x0800649f   Thumb Code     6  fifo_void.o(.text)
    is_fifo_void_overflow                    0x080064a5   Thumb Code     6  fifo_void.o(.text)
    fifo_void_put                            0x080064ab   Thumb Code    48  fifo_void.o(.text)
    fifo_void_recovery_put                   0x080064db   Thumb Code    60  fifo_void.o(.text)
    fifo_void_get                            0x08006517   Thumb Code    46  fifo_void.o(.text)
    main                                     0x08006545   Thumb Code    24  main.o(.text)
    can_rx_put_cb                            0x0800655d   Thumb Code    26  setcan.o(.text)
    can_rx_get_cb                            0x08006577   Thumb Code    26  setcan.o(.text)
    can_tx_put_cb                            0x08006591   Thumb Code    26  setcan.o(.text)
    can_tx_get_cb                            0x080065ab   Thumb Code    26  setcan.o(.text)
    Can1_Configuration_mask                  0x080065c5   Thumb Code   420  setcan.o(.text)
    Can1_Configuration                       0x08006769   Thumb Code    18  setcan.o(.text)
    Can1_Send_Message                        0x0800677b   Thumb Code   126  setcan.o(.text)
    Can1_Send                                0x080067f9   Thumb Code    96  setcan.o(.text)
    Can1_Get_CanRxMsg                        0x08006859   Thumb Code    58  setcan.o(.text)
    USB_LP_CAN1_RX0_IRQHandler               0x08006893   Thumb Code    54  setcan.o(.text)
    CAN1_RX1_IRQHandler                      0x080068c9   Thumb Code    22  setcan.o(.text)
    USB_HP_CAN1_TX_IRQHandler                0x080068df   Thumb Code   246  setcan.o(.text)
    configHisClock                           0x080069f1   Thumb Code   110  setclock.o(.text)
    SetupPllClock                            0x08006a5f   Thumb Code   184  setclock.o(.text)
    SysTick_Configuration                    0x08006b25   Thumb Code    90  setsystick.o(.text)
    SysTick_Deinit                           0x08006b7f   Thumb Code    28  setsystick.o(.text)
    SysTick_Handler                          0x08006b9b   Thumb Code    28  setsystick.o(.text)
    Systick_Event                            0x08006bb7   Thumb Code   102  setsystick.o(.text)
    delay_us                                 0x08006c1d   Thumb Code    16  setsystick.o(.text)
    systick_time_start                       0x08006c2d   Thumb Code    40  setsystick.o(.text)
    check_systick_time                       0x08006c55   Thumb Code    66  setsystick.o(.text)
    get_system_ms                            0x08006c97   Thumb Code     6  setsystick.o(.text)
    Uart_Configuration                       0x08006cb5   Thumb Code   278  setuart.o(.text)
    Uart_DeInit                              0x08006dcb   Thumb Code    38  setuart.o(.text)
    _uart_irq_function                       0x08006df1   Thumb Code   158  setuart.o(.text)
    USART1_IRQHandler                        0x08006e8f   Thumb Code    12  setuart.o(.text)
    USART2_IRQHandler                        0x08006e9b   Thumb Code    12  setuart.o(.text)
    USART3_IRQHandler                        0x08006ea7   Thumb Code    12  setuart.o(.text)
    Uart_GetChar                             0x08006eb3   Thumb Code    48  setuart.o(.text)
    Uart_PutChar                             0x08006ee3   Thumb Code   102  setuart.o(.text)
    Uart_PutString                           0x08006f49   Thumb Code    26  setuart.o(.text)
    Uart_PutBytes                            0x08006f63   Thumb Code    32  setuart.o(.text)
    system_error_init                        0x08006f9d   Thumb Code    10  system_error_status.o(.text)
    system_error_get                         0x08006fa7   Thumb Code     4  system_error_status.o(.text)
    system_Error_Callback                    0x08006fab   Thumb Code   234  system_error_status.o(.text)
    get_iap_tag                              0x080070a5   Thumb Code     8  iap_jumper.o(.text)
    set_iap_tag                              0x080070ad   Thumb Code   126  iap_jumper.o(.text)
    aipjumperEnodeCallback                   0x0800712b   Thumb Code    18  iap_jumper.o(.text)
    iap_jumper_answer_ack_false              0x0800713d   Thumb Code    38  iap_jumper.o(.text)
    jump_by_reset                            0x08007163   Thumb Code    30  iap_jumper.o(.text)
    jump_to_iap_program                      0x08007181   Thumb Code    36  iap_jumper.o(.text)
    jump_iap                                 0x080071a5   Thumb Code     4  iap_jumper.o(.text)
    iapUartReadCallBack                      0x080071a9   Thumb Code    50  iap_jumper.o(.text)
    Iap_Configure                            0x080071db   Thumb Code    16  iap_jumper.o(.text)
    Iap_Jump                                 0x080071eb   Thumb Code    22  iap_jumper.o(.text)
    Reset_Handler                            0x08007215   Thumb Code     4  startup_stm32f10x_md.o(.text)
    NMI_Handler                              0x08007219   Thumb Code     2  startup_stm32f10x_md.o(.text)
    HardFault_Handler                        0x0800721b   Thumb Code     2  startup_stm32f10x_md.o(.text)
    MemManage_Handler                        0x0800721d   Thumb Code     2  startup_stm32f10x_md.o(.text)
    BusFault_Handler                         0x0800721f   Thumb Code     2  startup_stm32f10x_md.o(.text)
    UsageFault_Handler                       0x08007221   Thumb Code     2  startup_stm32f10x_md.o(.text)
    SVC_Handler                              0x08007223   Thumb Code     2  startup_stm32f10x_md.o(.text)
    DebugMon_Handler                         0x08007225   Thumb Code     2  startup_stm32f10x_md.o(.text)
    PendSV_Handler                           0x08007227   Thumb Code     2  startup_stm32f10x_md.o(.text)
    ADC1_2_IRQHandler                        0x0800722b   Thumb Code     0  startup_stm32f10x_md.o(.text)
    CAN1_SCE_IRQHandler                      0x0800722b   Thumb Code     0  startup_stm32f10x_md.o(.text)
    DMA1_Channel2_IRQHandler                 0x0800722b   Thumb Code     0  startup_stm32f10x_md.o(.text)
    DMA1_Channel3_IRQHandler                 0x0800722b   Thumb Code     0  startup_stm32f10x_md.o(.text)
    DMA1_Channel4_IRQHandler                 0x0800722b   Thumb Code     0  startup_stm32f10x_md.o(.text)
    DMA1_Channel5_IRQHandler                 0x0800722b   Thumb Code     0  startup_stm32f10x_md.o(.text)
    DMA1_Channel6_IRQHandler                 0x0800722b   Thumb Code     0  startup_stm32f10x_md.o(.text)
    DMA1_Channel7_IRQHandler                 0x0800722b   Thumb Code     0  startup_stm32f10x_md.o(.text)
    EXTI0_IRQHandler                         0x0800722b   Thumb Code     0  startup_stm32f10x_md.o(.text)
    EXTI15_10_IRQHandler                     0x0800722b   Thumb Code     0  startup_stm32f10x_md.o(.text)
    EXTI1_IRQHandler                         0x0800722b   Thumb Code     0  startup_stm32f10x_md.o(.text)
    EXTI2_IRQHandler                         0x0800722b   Thumb Code     0  startup_stm32f10x_md.o(.text)
    EXTI3_IRQHandler                         0x0800722b   Thumb Code     0  startup_stm32f10x_md.o(.text)
    EXTI4_IRQHandler                         0x0800722b   Thumb Code     0  startup_stm32f10x_md.o(.text)
    EXTI9_5_IRQHandler                       0x0800722b   Thumb Code     0  startup_stm32f10x_md.o(.text)
    FLASH_IRQHandler                         0x0800722b   Thumb Code     0  startup_stm32f10x_md.o(.text)
    I2C1_ER_IRQHandler                       0x0800722b   Thumb Code     0  startup_stm32f10x_md.o(.text)
    I2C1_EV_IRQHandler                       0x0800722b   Thumb Code     0  startup_stm32f10x_md.o(.text)
    I2C2_ER_IRQHandler                       0x0800722b   Thumb Code     0  startup_stm32f10x_md.o(.text)
    I2C2_EV_IRQHandler                       0x0800722b   Thumb Code     0  startup_stm32f10x_md.o(.text)
    PVD_IRQHandler                           0x0800722b   Thumb Code     0  startup_stm32f10x_md.o(.text)
    RCC_IRQHandler                           0x0800722b   Thumb Code     0  startup_stm32f10x_md.o(.text)
    RTCAlarm_IRQHandler                      0x0800722b   Thumb Code     0  startup_stm32f10x_md.o(.text)
    RTC_IRQHandler                           0x0800722b   Thumb Code     0  startup_stm32f10x_md.o(.text)
    SPI1_IRQHandler                          0x0800722b   Thumb Code     0  startup_stm32f10x_md.o(.text)
    SPI2_IRQHandler                          0x0800722b   Thumb Code     0  startup_stm32f10x_md.o(.text)
    TAMPER_IRQHandler                        0x0800722b   Thumb Code     0  startup_stm32f10x_md.o(.text)
    TIM1_BRK_IRQHandler                      0x0800722b   Thumb Code     0  startup_stm32f10x_md.o(.text)
    TIM1_CC_IRQHandler                       0x0800722b   Thumb Code     0  startup_stm32f10x_md.o(.text)
    TIM1_TRG_COM_IRQHandler                  0x0800722b   Thumb Code     0  startup_stm32f10x_md.o(.text)
    TIM3_IRQHandler                          0x0800722b   Thumb Code     0  startup_stm32f10x_md.o(.text)
    TIM4_IRQHandler                          0x0800722b   Thumb Code     0  startup_stm32f10x_md.o(.text)
    USBWakeUp_IRQHandler                     0x0800722b   Thumb Code     0  startup_stm32f10x_md.o(.text)
    WWDG_IRQHandler                          0x0800722b   Thumb Code     0  startup_stm32f10x_md.o(.text)
    __user_initial_stackheap                 0x0800722d   Thumb Code     0  startup_stm32f10x_md.o(.text)
    __aeabi_memcpy4                          0x0800724d   Thumb Code     0  rt_memcpy_w.o(.text)
    __aeabi_memcpy8                          0x0800724d   Thumb Code     0  rt_memcpy_w.o(.text)
    __rt_memcpy_w                            0x0800724d   Thumb Code   100  rt_memcpy_w.o(.text)
    _memcpy_lastbytes_aligned                0x08007295   Thumb Code     0  rt_memcpy_w.o(.text)
    __use_two_region_memory                  0x080072b1   Thumb Code     2  heapauxi.o(.text)
    __rt_heap_escrow$2region                 0x080072b3   Thumb Code     2  heapauxi.o(.text)
    __rt_heap_expand$2region                 0x080072b5   Thumb Code     2  heapauxi.o(.text)
    __user_setup_stackheap                   0x080072b7   Thumb Code    74  sys_stackheap_outer.o(.text)
    exit                                     0x08007301   Thumb Code    12  exit.o(.text)
    __user_libspace                          0x0800730d   Thumb Code     8  libspace.o(.text)
    __user_perproc_libspace                  0x0800730d   Thumb Code     0  libspace.o(.text)
    __user_perthread_libspace                0x0800730d   Thumb Code     0  libspace.o(.text)
    _sys_exit                                0x08007315   Thumb Code     8  sys_exit.o(.text)
    __I$use$semihosting                      0x08007321   Thumb Code     0  use_no_semi.o(.text)
    __use_no_semihosting_swi                 0x08007321   Thumb Code     2  use_no_semi.o(.text)
    ADC_Cmd                                  0x08007323   Thumb Code    18  stm32f10x_adc.o(i.ADC_Cmd)
    __semihosting_library_function           0x08007323   Thumb Code     0  indicate_semi.o(.text)
    ADC_DMACmd                               0x08007335   Thumb Code    18  stm32f10x_adc.o(i.ADC_DMACmd)
    ADC_GetCalibrationStatus                 0x08007347   Thumb Code    16  stm32f10x_adc.o(i.ADC_GetCalibrationStatus)
    ADC_GetResetCalibrationStatus            0x08007357   Thumb Code    16  stm32f10x_adc.o(i.ADC_GetResetCalibrationStatus)
    ADC_Init                                 0x08007369   Thumb Code    74  stm32f10x_adc.o(i.ADC_Init)
    ADC_RegularChannelConfig                 0x080073b9   Thumb Code   144  stm32f10x_adc.o(i.ADC_RegularChannelConfig)
    ADC_ResetCalibration                     0x08007449   Thumb Code    10  stm32f10x_adc.o(i.ADC_ResetCalibration)
    ADC_SoftwareStartConvCmd                 0x08007453   Thumb Code    18  stm32f10x_adc.o(i.ADC_SoftwareStartConvCmd)
    ADC_StartCalibration                     0x08007465   Thumb Code    10  stm32f10x_adc.o(i.ADC_StartCalibration)
    CAN_DeInit                               0x0800746f   Thumb Code    58  stm32f10x_can.o(i.CAN_DeInit)
    CAN_FilterInit                           0x080074a9   Thumb Code   222  stm32f10x_can.o(i.CAN_FilterInit)
    CAN_GetITStatus                          0x0800758d   Thumb Code   232  stm32f10x_can.o(i.CAN_GetITStatus)
    CAN_ITConfig                             0x08007675   Thumb Code    16  stm32f10x_can.o(i.CAN_ITConfig)
    CAN_Init                                 0x08007685   Thumb Code   244  stm32f10x_can.o(i.CAN_Init)
    CAN_Receive                              0x08007779   Thumb Code   178  stm32f10x_can.o(i.CAN_Receive)
    CAN_StructInit                           0x0800782b   Thumb Code    32  stm32f10x_can.o(i.CAN_StructInit)
    CAN_Transmit                             0x0800784b   Thumb Code   184  stm32f10x_can.o(i.CAN_Transmit)
    CAN_TransmitStatus                       0x08007903   Thumb Code   130  stm32f10x_can.o(i.CAN_TransmitStatus)
    DMA_ClearITPendingBit                    0x08007985   Thumb Code    16  stm32f10x_dma.o(i.DMA_ClearITPendingBit)
    DMA_Cmd                                  0x08007999   Thumb Code    18  stm32f10x_dma.o(i.DMA_Cmd)
    DMA_DeInit                               0x080079ad   Thumb Code   210  stm32f10x_dma.o(i.DMA_DeInit)
    DMA_GetITStatus                          0x08007ab5   Thumb Code    26  stm32f10x_dma.o(i.DMA_GetITStatus)
    DMA_ITConfig                             0x08007ad5   Thumb Code    16  stm32f10x_dma.o(i.DMA_ITConfig)
    DMA_Init                                 0x08007ae5   Thumb Code    72  stm32f10x_dma.o(i.DMA_Init)
    FLASH_ClearFlag                          0x08007b2d   Thumb Code     6  stm32f10x_flash.o(i.FLASH_ClearFlag)
    FLASH_ErasePage                          0x08007b39   Thumb Code    64  stm32f10x_flash.o(i.FLASH_ErasePage)
    FLASH_Lock                               0x08007b7d   Thumb Code    12  stm32f10x_flash.o(i.FLASH_Lock)
    FLASH_PrefetchBufferCmd                  0x08007b8d   Thumb Code    18  stm32f10x_flash.o(i.FLASH_PrefetchBufferCmd)
    FLASH_ProgramWord                        0x08007ba5   Thumb Code    74  stm32f10x_flash.o(i.FLASH_ProgramWord)
    FLASH_SetLatency                         0x08007bf5   Thumb Code    14  stm32f10x_flash.o(i.FLASH_SetLatency)
    FLASH_Unlock                             0x08007c09   Thumb Code    12  stm32f10x_flash.o(i.FLASH_Unlock)
    FLASH_WaitForLastOperation               0x08007c21   Thumb Code   102  stm32f10x_flash.o(i.FLASH_WaitForLastOperation)
    GPIO_Init                                0x08007c8d   Thumb Code   202  stm32f10x_gpio.o(i.GPIO_Init)
    GPIO_PinRemapConfig                      0x08007d59   Thumb Code    84  stm32f10x_gpio.o(i.GPIO_PinRemapConfig)
    GPIO_ReadOutputDataBit                   0x08007db1   Thumb Code    14  stm32f10x_gpio.o(i.GPIO_ReadOutputDataBit)
    GPIO_ResetBits                           0x08007dbf   Thumb Code     4  stm32f10x_gpio.o(i.GPIO_ResetBits)
    GPIO_SetBits                             0x08007dc3   Thumb Code     4  stm32f10x_gpio.o(i.GPIO_SetBits)
    GPIO_StructInit                          0x08007dc7   Thumb Code    16  stm32f10x_gpio.o(i.GPIO_StructInit)
    NVIC_Init                                0x08007dd7   Thumb Code   108  misc.o(i.NVIC_Init)
    NVIC_PriorityGroupConfig                 0x08007e45   Thumb Code    14  misc.o(i.NVIC_PriorityGroupConfig)
    NVIC_SetVectorTable                      0x08007e59   Thumb Code    16  misc.o(i.NVIC_SetVectorTable)
    RCC_ADCCLKConfig                         0x08007e6d   Thumb Code    14  stm32f10x_rcc.o(i.RCC_ADCCLKConfig)
    RCC_AHBPeriphClockCmd                    0x08007e81   Thumb Code    18  stm32f10x_rcc.o(i.RCC_AHBPeriphClockCmd)
    RCC_APB1PeriphClockCmd                   0x08007e99   Thumb Code    18  stm32f10x_rcc.o(i.RCC_APB1PeriphClockCmd)
    RCC_APB1PeriphResetCmd                   0x08007eb1   Thumb Code    18  stm32f10x_rcc.o(i.RCC_APB1PeriphResetCmd)
    RCC_APB2PeriphClockCmd                   0x08007ec9   Thumb Code    18  stm32f10x_rcc.o(i.RCC_APB2PeriphClockCmd)
    RCC_DeInit                               0x08007ee1   Thumb Code    54  stm32f10x_rcc.o(i.RCC_DeInit)
    RCC_GetClocksFreq                        0x08007f21   Thumb Code   148  stm32f10x_rcc.o(i.RCC_GetClocksFreq)
    RCC_GetFlagStatus                        0x08007fc5   Thumb Code    42  stm32f10x_rcc.o(i.RCC_GetFlagStatus)
    RCC_GetSYSCLKSource                      0x08007ff5   Thumb Code    10  stm32f10x_rcc.o(i.RCC_GetSYSCLKSource)
    RCC_HCLKConfig                           0x08008005   Thumb Code    14  stm32f10x_rcc.o(i.RCC_HCLKConfig)
    RCC_HSEConfig                            0x08008019   Thumb Code    50  stm32f10x_rcc.o(i.RCC_HSEConfig)
    RCC_HSICmd                               0x08008051   Thumb Code     6  stm32f10x_rcc.o(i.RCC_HSICmd)
    RCC_PCLK1Config                          0x0800805d   Thumb Code    14  stm32f10x_rcc.o(i.RCC_PCLK1Config)
    RCC_PCLK2Config                          0x08008071   Thumb Code    16  stm32f10x_rcc.o(i.RCC_PCLK2Config)
    RCC_PLLCmd                               0x08008085   Thumb Code     6  stm32f10x_rcc.o(i.RCC_PLLCmd)
    RCC_PLLConfig                            0x08008091   Thumb Code    16  stm32f10x_rcc.o(i.RCC_PLLConfig)
    RCC_SYSCLKConfig                         0x080080a5   Thumb Code    14  stm32f10x_rcc.o(i.RCC_SYSCLKConfig)
    RCC_WaitForHSEStartUp                    0x080080b9   Thumb Code    48  stm32f10x_rcc.o(i.RCC_WaitForHSEStartUp)
    SysTick_CLKSourceConfig                  0x080080ed   Thumb Code    22  misc.o(i.SysTick_CLKSourceConfig)
    TIM_ARRPreloadConfig                     0x08008103   Thumb Code    22  stm32f10x_tim.o(i.TIM_ARRPreloadConfig)
    TIM_ClearFlag                            0x08008119   Thumb Code     6  stm32f10x_tim.o(i.TIM_ClearFlag)
    TIM_Cmd                                  0x0800811f   Thumb Code    22  stm32f10x_tim.o(i.TIM_Cmd)
    TIM_CtrlPWMOutputs                       0x08008135   Thumb Code    22  stm32f10x_tim.o(i.TIM_CtrlPWMOutputs)
    TIM_GetITStatus                          0x0800814b   Thumb Code    26  stm32f10x_tim.o(i.TIM_GetITStatus)
    TIM_ITConfig                             0x08008165   Thumb Code    16  stm32f10x_tim.o(i.TIM_ITConfig)
    TIM_OC3Init                              0x08008175   Thumb Code   128  stm32f10x_tim.o(i.TIM_OC3Init)
    TIM_OC3PreloadConfig                     0x080081f5   Thumb Code    12  stm32f10x_tim.o(i.TIM_OC3PreloadConfig)
    TIM_OC4Init                              0x08008201   Thumb Code   102  stm32f10x_tim.o(i.TIM_OC4Init)
    TIM_OC4PreloadConfig                     0x08008267   Thumb Code    14  stm32f10x_tim.o(i.TIM_OC4PreloadConfig)
    TIM_OCStructInit                         0x08008275   Thumb Code    20  stm32f10x_tim.o(i.TIM_OCStructInit)
    TIM_TimeBaseInit                         0x08008289   Thumb Code    60  stm32f10x_tim.o(i.TIM_TimeBaseInit)
    USART_Cmd                                0x080082c5   Thumb Code    18  stm32f10x_usart.o(i.USART_Cmd)
    USART_GetFlagStatus                      0x080082d7   Thumb Code    14  stm32f10x_usart.o(i.USART_GetFlagStatus)
    USART_GetITStatus                        0x080082e5   Thumb Code    68  stm32f10x_usart.o(i.USART_GetITStatus)
    USART_ITConfig                           0x08008329   Thumb Code    48  stm32f10x_usart.o(i.USART_ITConfig)
    USART_Init                               0x08008359   Thumb Code   140  stm32f10x_usart.o(i.USART_Init)
    USART_ReceiveData                        0x080083e9   Thumb Code     8  stm32f10x_usart.o(i.USART_ReceiveData)
    USART_SendData                           0x080083f1   Thumb Code     8  stm32f10x_usart.o(i.USART_SendData)
    USART_StructInit                         0x080083f9   Thumb Code    22  stm32f10x_usart.o(i.USART_StructInit)
    __aeabi_ui2f                             0x08008411   Thumb Code     0  fflt_clz.o(x$fpl$ffltu)
    _ffltu                                   0x08008411   Thumb Code    38  fflt_clz.o(x$fpl$ffltu)
    __I$use$fp                               0x08008436   Number         0  usenofp.o(x$fpl$usenofp)
    Region$$Table$$Base                      0x08008438   Number         0  anon$$obj.o(Region$$Table)
    Region$$Table$$Limit                     0x08008458   Number         0  anon$$obj.o(Region$$Table)
    adc_sample_irq_function                  0x20000004   Data           4  adc_config.o(.data)
    pwmA_ccr                                 0x2000000c   Data           2  esc_80_pump_pitch_control.o(.data)
    pwmB_ccr                                 0x2000000e   Data           2  esc_80_pump_pitch_control.o(.data)
    yawAngleLowPartAdcValueR                 0x20000010   Data           2  esc_80_yaw_control.o(.data)
    yawAngleHightPartAdcValueR               0x20000012   Data           2  esc_80_yaw_control.o(.data)
    yawAngleAdcValue                         0x20000014   Data           2  esc_80_yaw_control.o(.data)
    yawExpectAngle                           0x20000018   Data           4  esc_80_yaw_control.o(.data)
    yawExpectAngleAdcValue                   0x2000001c   Data           2  esc_80_yaw_control.o(.data)
    yawCurrentAdcValue                       0x2000001e   Data           2  esc_80_yaw_control.o(.data)
    yawControlInited                         0x20000020   Data           4  esc_80_yaw_control.o(.data)
    failsafe_AngleOverFlow                   0x20000024   Data           1  esc_80_yaw_control.o(.data)
    failsafe_CurrentOverFlow                 0x20000025   Data           1  esc_80_yaw_control.o(.data)
    failsafe_AdcUpdateError                  0x20000026   Data           1  esc_80_yaw_control.o(.data)
    _esc_yaw_check_adc_hz                    0x20000028   Data           4  esc_80_yaw_control.o(.data)
    th11sb_head                              0x20000030   Data           6  rtu_485_runtime.o(.data)
    th11sb_tail                              0x20000036   Data           6  rtu_485_runtime.o(.data)
    dam4_02                                  0x2000003c   Data           4  rtu_485_runtime.o(.data)
    dam4_04                                  0x20000040   Data           4  rtu_485_runtime.o(.data)
    dam4_05                                  0x20000044   Data           4  rtu_485_runtime.o(.data)
    dam16_08                                 0x20000048   Data           4  rtu_485_runtime.o(.data)
    dam4_09                                  0x2000004c   Data           4  rtu_485_runtime.o(.data)
    _rtu_485_devices_report_hz               0x20000050   Data           4  rtu_485_runtime.o(.data)
    _rtu_485_devices_report_counter          0x20000054   Data           4  rtu_485_runtime.o(.data)
    _rtu_485_runtime_running                 0x20000058   Data           1  rtu_485_runtime.o(.data)
    _rtu_485_loop_type                       0x20000059   Data           1  rtu_485_runtime.o(.data)
    loop_counter                             0x2000005c   Data           4  rtu_485_runtime.o(.data)
    rtu485_uart                              0x20000064   Data           4  rtu_485.o(.data)
    is_485_bus_status                        0x20000068   Data           1  rtu_485.o(.data)
    _rtu_ms                                  0x2000006c   Data           4  rtu_485.o(.data)
    resend_count                             0x20000070   Data           4  setcan.o(.data)
    in_send_loop                             0x20000074   Data           1  setcan.o(.data)
    TransmitMailbox                          0x20000075   Data           1  setcan.o(.data)
    systemClk                                0x20000078   Data           4  setclock.o(.data)
    TimingDelay                              0x2000007c   Data           4  setsystick.o(.data)
    systick_ms                               0x20000080   Data           4  setsystick.o(.data)
    systick_us                               0x20000084   Data           4  setsystick.o(.data)
    systick_ms_overflow                      0x20000088   Data           1  setsystick.o(.data)
    uart1_p                                  0x2000008c   Data           4  setuart.o(.data)
    uart2_p                                  0x20000090   Data           4  setuart.o(.data)
    uart3_p                                  0x20000094   Data           4  setuart.o(.data)
    _system_error                            0x20000098   Data           5  system_error_status.o(.data)
    remoterUart                              0x200000a0   Data           4  iap_jumper.o(.data)
    report_t                                 0x200000b8   Data          12  main_esc_box.o(.bss)
    led_t                                    0x200000c4   Data          12  main_esc_box.o(.bss)
    Uart1                                    0x200000d0   Data        1080  main_esc_box.o(.bss)
    Uart2                                    0x20000508   Data        1080  main_esc_box.o(.bss)
    Uart3                                    0x20000940   Data        1080  main_esc_box.o(.bss)
    TxMessage1                               0x20000d78   Data          20  main_esc_box.o(.bss)
    RxMessage1                               0x20000d8c   Data          20  main_esc_box.o(.bss)
    rxmsg                                    0x20000da0   Data          20  main_esc_box.o(.bss)
    txmsg                                    0x20000db4   Data          20  main_esc_box.o(.bss)
    _yaw_t                                   0x20000ea8   Data          12  esc_80_yaw_control.o(.bss)
    powerAdc6_01                             0x20000eb4   Data          14  rtu_485_runtime.o(.bss)
    powerAdc6_06                             0x20000ec2   Data          14  rtu_485_runtime.o(.bss)
    powerAdc6_07                             0x20000ed0   Data          14  rtu_485_runtime.o(.bss)
    pgw636_03                                0x20000ee0   Data          16  rtu_485_runtime.o(.bss)
    rtu_485_time_t                           0x20000ef0   Data          12  rtu_485_runtime.o(.bss)
    rtu_485_cmd_fifo                         0x20000efc   Data          24  rtu_485_runtime.o(.bss)
    rtu_485_cmd_fifo_buff                    0x20000f14   Data         512  rtu_485_runtime.o(.bss)
    _rtu_485_sendcmd                         0x20001114   Data          32  rtu_485_runtime.o(.bss)
    RxMsg                                    0x20001134   Data          20  esc_can_listener.o(.bss)
    rtu485_ack                               0x20001148   Data         272  rtu_485.o(.bss)
    RxMessage                                0x20001258   Data          20  setcan.o(.bss)
    TxMessage                                0x2000126c   Data          20  setcan.o(.bss)
    TxMessageArray                           0x20001280   Data        2000  setcan.o(.bss)
    RxMessageArray                           0x20001a50   Data        2000  setcan.o(.bss)
    can1_tx_msg_fifo                         0x20002220   Data          24  setcan.o(.bss)
    can1_rx_msg_fifo                         0x20002238   Data          24  setcan.o(.bss)
    iapJumperEncoder                         0x200022e4   Data         148  iap_jumper.o(.bss)
    __libspace_start                         0x20002378   Data          96  libspace.o(.bss)
    __temporary_stack_top$libspace           0x200023d8   Data           0  libspace.o(.bss)



==============================================================================

Memory Map of the image

  Image Entry point : 0x080040ed

  Load Region LR_IROM1 (Base: 0x08004000, Size: 0x00004510, Max: 0x0000c000, ABSOLUTE)

    Execution Region ER_IROM1 (Base: 0x08004000, Size: 0x00004458, Max: 0x0000c000, ABSOLUTE)

    Base Addr    Size         Type   Attr      Idx    E Section Name        Object

    0x08004000   0x000000ec   Data   RO          662    RESET               startup_stm32f10x_md.o
    0x080040ec   0x00000008   Code   RO         2348  * !!!main             c_w.l(__main.o)
    0x080040f4   0x00000034   Code   RO         2511    !!!scatter          c_w.l(__scatter.o)
    0x08004128   0x0000001a   Code   RO         2513    !!handler_copy      c_w.l(__scatter_copy.o)
    0x08004142   0x00000002   PAD
    0x08004144   0x0000001c   Code   RO         2515    !!handler_zi        c_w.l(__scatter_zi.o)
    0x08004160   0x00000002   Code   RO         2382    .ARM.Collect$$libinit$$00000000  c_w.l(libinit.o)
    0x08004162   0x00000000   Code   RO         2389    .ARM.Collect$$libinit$$00000002  c_w.l(libinit2.o)
    0x08004162   0x00000000   Code   RO         2391    .ARM.Collect$$libinit$$00000004  c_w.l(libinit2.o)
    0x08004162   0x00000000   Code   RO         2394    .ARM.Collect$$libinit$$0000000A  c_w.l(libinit2.o)
    0x08004162   0x00000000   Code   RO         2396    .ARM.Collect$$libinit$$0000000C  c_w.l(libinit2.o)
    0x08004162   0x00000000   Code   RO         2398    .ARM.Collect$$libinit$$0000000E  c_w.l(libinit2.o)
    0x08004162   0x00000000   Code   RO         2401    .ARM.Collect$$libinit$$00000011  c_w.l(libinit2.o)
    0x08004162   0x00000000   Code   RO         2403    .ARM.Collect$$libinit$$00000013  c_w.l(libinit2.o)
    0x08004162   0x00000000   Code   RO         2405    .ARM.Collect$$libinit$$00000015  c_w.l(libinit2.o)
    0x08004162   0x00000000   Code   RO         2407    .ARM.Collect$$libinit$$00000017  c_w.l(libinit2.o)
    0x08004162   0x00000000   Code   RO         2409    .ARM.Collect$$libinit$$00000019  c_w.l(libinit2.o)
    0x08004162   0x00000000   Code   RO         2411    .ARM.Collect$$libinit$$0000001B  c_w.l(libinit2.o)
    0x08004162   0x00000000   Code   RO         2413    .ARM.Collect$$libinit$$0000001D  c_w.l(libinit2.o)
    0x08004162   0x00000000   Code   RO         2415    .ARM.Collect$$libinit$$0000001F  c_w.l(libinit2.o)
    0x08004162   0x00000000   Code   RO         2417    .ARM.Collect$$libinit$$00000021  c_w.l(libinit2.o)
    0x08004162   0x00000000   Code   RO         2419    .ARM.Collect$$libinit$$00000023  c_w.l(libinit2.o)
    0x08004162   0x00000000   Code   RO         2421    .ARM.Collect$$libinit$$00000025  c_w.l(libinit2.o)
    0x08004162   0x00000000   Code   RO         2425    .ARM.Collect$$libinit$$0000002C  c_w.l(libinit2.o)
    0x08004162   0x00000000   Code   RO         2427    .ARM.Collect$$libinit$$0000002E  c_w.l(libinit2.o)
    0x08004162   0x00000000   Code   RO         2429    .ARM.Collect$$libinit$$00000030  c_w.l(libinit2.o)
    0x08004162   0x00000000   Code   RO         2431    .ARM.Collect$$libinit$$00000032  c_w.l(libinit2.o)
    0x08004162   0x00000002   Code   RO         2432    .ARM.Collect$$libinit$$00000033  c_w.l(libinit2.o)
    0x08004164   0x00000002   Code   RO         2452    .ARM.Collect$$libshutdown$$00000000  c_w.l(libshutdown.o)
    0x08004166   0x00000000   Code   RO         2466    .ARM.Collect$$libshutdown$$00000003  c_w.l(libshutdown2.o)
    0x08004166   0x00000000   Code   RO         2469    .ARM.Collect$$libshutdown$$00000006  c_w.l(libshutdown2.o)
    0x08004166   0x00000000   Code   RO         2472    .ARM.Collect$$libshutdown$$00000009  c_w.l(libshutdown2.o)
    0x08004166   0x00000000   Code   RO         2474    .ARM.Collect$$libshutdown$$0000000B  c_w.l(libshutdown2.o)
    0x08004166   0x00000000   Code   RO         2477    .ARM.Collect$$libshutdown$$0000000E  c_w.l(libshutdown2.o)
    0x08004166   0x00000002   Code   RO         2478    .ARM.Collect$$libshutdown$$0000000F  c_w.l(libshutdown2.o)
    0x08004168   0x00000000   Code   RO         2356    .ARM.Collect$$rtentry$$00000000  c_w.l(__rtentry.o)
    0x08004168   0x00000000   Code   RO         2359    .ARM.Collect$$rtentry$$00000002  c_w.l(__rtentry2.o)
    0x08004168   0x00000006   Code   RO         2371    .ARM.Collect$$rtentry$$00000004  c_w.l(__rtentry4.o)
    0x0800416e   0x00000000   Code   RO         2361    .ARM.Collect$$rtentry$$00000009  c_w.l(__rtentry2.o)
    0x0800416e   0x00000004   Code   RO         2362    .ARM.Collect$$rtentry$$0000000A  c_w.l(__rtentry2.o)
    0x08004172   0x00000000   Code   RO         2364    .ARM.Collect$$rtentry$$0000000C  c_w.l(__rtentry2.o)
    0x08004172   0x00000008   Code   RO         2365    .ARM.Collect$$rtentry$$0000000D  c_w.l(__rtentry2.o)
    0x0800417a   0x00000002   Code   RO         2386    .ARM.Collect$$rtexit$$00000000  c_w.l(rtexit.o)
    0x0800417c   0x00000000   Code   RO         2434    .ARM.Collect$$rtexit$$00000002  c_w.l(rtexit2.o)
    0x0800417c   0x00000004   Code   RO         2435    .ARM.Collect$$rtexit$$00000003  c_w.l(rtexit2.o)
    0x08004180   0x00000006   Code   RO         2436    .ARM.Collect$$rtexit$$00000004  c_w.l(rtexit2.o)
    0x08004186   0x00000002   PAD
    0x08004188   0x00000020   Code   RO          616    .emb_text           core_cm3.o
    0x080041a8   0x00000124   Code   RO          125    .text               settimer.o
    0x080042cc   0x000004b0   Code   RO          247    .text               main_esc_box.o
    0x0800477c   0x0000012c   Code   RO          267    .text               setgpio_2.o
    0x080048a8   0x00000228   Code   RO          281    .text               adc_config.o
    0x08004ad0   0x000001dc   Code   RO          298    .text               esc_box_led.o
    0x08004cac   0x00000198   Code   RO          314    .text               esc_80_pump_pitch_control.o
    0x08004e44   0x00000568   Code   RO          330    .text               esc_80_yaw_control.o
    0x080053ac   0x0000008c   Code   RO          347    .text               esc_box_log.o
    0x08005438   0x000008d0   Code   RO          362    .text               rtu_485_runtime.o
    0x08005d08   0x00000010   Code   RO          379    .text               esc_can_listener.o
    0x08005d18   0x0000005c   Code   RO          403    .text               crc16.o
    0x08005d74   0x000002e4   Code   RO          415    .text               rtu_485.o
    0x08006058   0x00000328   Code   RO          433    .text               cmdcoder.o
    0x08006380   0x000000dc   Code   RO          448    .text               fifo.o
    0x0800645c   0x000000e8   Code   RO          463    .text               fifo_void.o
    0x08006544   0x00000018   Code   RO          478    .text               main.o
    0x0800655c   0x00000494   Code   RO          499    .text               setcan.o
    0x080069f0   0x00000134   Code   RO          516    .text               setclock.o
    0x08006b24   0x00000190   Code   RO          535    .text               setsystick.o
    0x08006cb4   0x000002e8   Code   RO          554    .text               setuart.o
    0x08006f9c   0x00000108   Code   RO          577    .text               system_error_status.o
    0x080070a4   0x00000170   Code   RO          593    .text               iap_jumper.o
    0x08007214   0x00000038   Code   RO          663    .text               startup_stm32f10x_md.o
    0x0800724c   0x00000064   Code   RO         2344    .text               c_w.l(rt_memcpy_w.o)
    0x080072b0   0x00000006   Code   RO         2346    .text               c_w.l(heapauxi.o)
    0x080072b6   0x0000004a   Code   RO         2373    .text               c_w.l(sys_stackheap_outer.o)
    0x08007300   0x0000000c   Code   RO         2375    .text               c_w.l(exit.o)
    0x0800730c   0x00000008   Code   RO         2383    .text               c_w.l(libspace.o)
    0x08007314   0x0000000c   Code   RO         2444    .text               c_w.l(sys_exit.o)
    0x08007320   0x00000002   Code   RO         2455    .text               c_w.l(use_no_semi.o)
    0x08007322   0x00000000   Code   RO         2457    .text               c_w.l(indicate_semi.o)
    0x08007322   0x00000012   Code   RO          791    i.ADC_Cmd           lib.lib(stm32f10x_adc.o)
    0x08007334   0x00000012   Code   RO          792    i.ADC_DMACmd        lib.lib(stm32f10x_adc.o)
    0x08007346   0x00000010   Code   RO          799    i.ADC_GetCalibrationStatus  lib.lib(stm32f10x_adc.o)
    0x08007356   0x00000010   Code   RO          805    i.ADC_GetResetCalibrationStatus  lib.lib(stm32f10x_adc.o)
    0x08007366   0x00000002   PAD
    0x08007368   0x00000050   Code   RO          809    i.ADC_Init          lib.lib(stm32f10x_adc.o)
    0x080073b8   0x00000090   Code   RO          813    i.ADC_RegularChannelConfig  lib.lib(stm32f10x_adc.o)
    0x08007448   0x0000000a   Code   RO          814    i.ADC_ResetCalibration  lib.lib(stm32f10x_adc.o)
    0x08007452   0x00000012   Code   RO          816    i.ADC_SoftwareStartConvCmd  lib.lib(stm32f10x_adc.o)
    0x08007464   0x0000000a   Code   RO          818    i.ADC_StartCalibration  lib.lib(stm32f10x_adc.o)
    0x0800746e   0x0000003a   Code   RO         1011    i.CAN_DeInit        lib.lib(stm32f10x_can.o)
    0x080074a8   0x000000e4   Code   RO         1013    i.CAN_FilterInit    lib.lib(stm32f10x_can.o)
    0x0800758c   0x000000e8   Code   RO         1015    i.CAN_GetITStatus   lib.lib(stm32f10x_can.o)
    0x08007674   0x00000010   Code   RO         1016    i.CAN_ITConfig      lib.lib(stm32f10x_can.o)
    0x08007684   0x000000f4   Code   RO         1017    i.CAN_Init          lib.lib(stm32f10x_can.o)
    0x08007778   0x000000b2   Code   RO         1019    i.CAN_Receive       lib.lib(stm32f10x_can.o)
    0x0800782a   0x00000020   Code   RO         1022    i.CAN_StructInit    lib.lib(stm32f10x_can.o)
    0x0800784a   0x000000b8   Code   RO         1023    i.CAN_Transmit      lib.lib(stm32f10x_can.o)
    0x08007902   0x00000082   Code   RO         1024    i.CAN_TransmitStatus  lib.lib(stm32f10x_can.o)
    0x08007984   0x00000014   Code   RO         1128    i.DMA_ClearITPendingBit  lib.lib(stm32f10x_dma.o)
    0x08007998   0x00000012   Code   RO         1129    i.DMA_Cmd           lib.lib(stm32f10x_dma.o)
    0x080079aa   0x00000002   PAD
    0x080079ac   0x00000108   Code   RO         1130    i.DMA_DeInit        lib.lib(stm32f10x_dma.o)
    0x08007ab4   0x00000020   Code   RO         1133    i.DMA_GetITStatus   lib.lib(stm32f10x_dma.o)
    0x08007ad4   0x00000010   Code   RO         1134    i.DMA_ITConfig      lib.lib(stm32f10x_dma.o)
    0x08007ae4   0x00000048   Code   RO         1135    i.DMA_Init          lib.lib(stm32f10x_dma.o)
    0x08007b2c   0x0000000c   Code   RO         1193    i.FLASH_ClearFlag   lib.lib(stm32f10x_flash.o)
    0x08007b38   0x00000044   Code   RO         1197    i.FLASH_ErasePage   lib.lib(stm32f10x_flash.o)
    0x08007b7c   0x00000010   Code   RO         1206    i.FLASH_Lock        lib.lib(stm32f10x_flash.o)
    0x08007b8c   0x00000018   Code   RO         1207    i.FLASH_PrefetchBufferCmd  lib.lib(stm32f10x_flash.o)
    0x08007ba4   0x00000050   Code   RO         1210    i.FLASH_ProgramWord  lib.lib(stm32f10x_flash.o)
    0x08007bf4   0x00000014   Code   RO         1212    i.FLASH_SetLatency  lib.lib(stm32f10x_flash.o)
    0x08007c08   0x00000018   Code   RO         1213    i.FLASH_Unlock      lib.lib(stm32f10x_flash.o)
    0x08007c20   0x0000006c   Code   RO         1215    i.FLASH_WaitForLastOperation  lib.lib(stm32f10x_flash.o)
    0x08007c8c   0x000000ca   Code   RO         1343    i.GPIO_Init         lib.lib(stm32f10x_gpio.o)
    0x08007d56   0x00000002   PAD
    0x08007d58   0x00000058   Code   RO         1345    i.GPIO_PinRemapConfig  lib.lib(stm32f10x_gpio.o)
    0x08007db0   0x0000000e   Code   RO         1349    i.GPIO_ReadOutputDataBit  lib.lib(stm32f10x_gpio.o)
    0x08007dbe   0x00000004   Code   RO         1350    i.GPIO_ResetBits    lib.lib(stm32f10x_gpio.o)
    0x08007dc2   0x00000004   Code   RO         1351    i.GPIO_SetBits      lib.lib(stm32f10x_gpio.o)
    0x08007dc6   0x00000010   Code   RO         1352    i.GPIO_StructInit   lib.lib(stm32f10x_gpio.o)
    0x08007dd6   0x0000006c   Code   RO          667    i.NVIC_Init         lib.lib(misc.o)
    0x08007e42   0x00000002   PAD
    0x08007e44   0x00000014   Code   RO          668    i.NVIC_PriorityGroupConfig  lib.lib(misc.o)
    0x08007e58   0x00000014   Code   RO          669    i.NVIC_SetVectorTable  lib.lib(misc.o)
    0x08007e6c   0x00000014   Code   RO         1451    i.RCC_ADCCLKConfig  lib.lib(stm32f10x_rcc.o)
    0x08007e80   0x00000018   Code   RO         1452    i.RCC_AHBPeriphClockCmd  lib.lib(stm32f10x_rcc.o)
    0x08007e98   0x00000018   Code   RO         1453    i.RCC_APB1PeriphClockCmd  lib.lib(stm32f10x_rcc.o)
    0x08007eb0   0x00000018   Code   RO         1454    i.RCC_APB1PeriphResetCmd  lib.lib(stm32f10x_rcc.o)
    0x08007ec8   0x00000018   Code   RO         1455    i.RCC_APB2PeriphClockCmd  lib.lib(stm32f10x_rcc.o)
    0x08007ee0   0x00000040   Code   RO         1462    i.RCC_DeInit        lib.lib(stm32f10x_rcc.o)
    0x08007f20   0x000000a4   Code   RO         1463    i.RCC_GetClocksFreq  lib.lib(stm32f10x_rcc.o)
    0x08007fc4   0x00000030   Code   RO         1464    i.RCC_GetFlagStatus  lib.lib(stm32f10x_rcc.o)
    0x08007ff4   0x00000010   Code   RO         1466    i.RCC_GetSYSCLKSource  lib.lib(stm32f10x_rcc.o)
    0x08008004   0x00000014   Code   RO         1467    i.RCC_HCLKConfig    lib.lib(stm32f10x_rcc.o)
    0x08008018   0x00000038   Code   RO         1468    i.RCC_HSEConfig     lib.lib(stm32f10x_rcc.o)
    0x08008050   0x0000000c   Code   RO         1469    i.RCC_HSICmd        lib.lib(stm32f10x_rcc.o)
    0x0800805c   0x00000014   Code   RO         1474    i.RCC_PCLK1Config   lib.lib(stm32f10x_rcc.o)
    0x08008070   0x00000014   Code   RO         1475    i.RCC_PCLK2Config   lib.lib(stm32f10x_rcc.o)
    0x08008084   0x0000000c   Code   RO         1476    i.RCC_PLLCmd        lib.lib(stm32f10x_rcc.o)
    0x08008090   0x00000014   Code   RO         1477    i.RCC_PLLConfig     lib.lib(stm32f10x_rcc.o)
    0x080080a4   0x00000014   Code   RO         1480    i.RCC_SYSCLKConfig  lib.lib(stm32f10x_rcc.o)
    0x080080b8   0x00000034   Code   RO         1482    i.RCC_WaitForHSEStartUp  lib.lib(stm32f10x_rcc.o)
    0x080080ec   0x00000016   Code   RO          671    i.SysTick_CLKSourceConfig  lib.lib(misc.o)
    0x08008102   0x00000016   Code   RO         1651    i.TIM_ARRPreloadConfig  lib.lib(stm32f10x_tim.o)
    0x08008118   0x00000006   Code   RO         1657    i.TIM_ClearFlag     lib.lib(stm32f10x_tim.o)
    0x0800811e   0x00000016   Code   RO         1663    i.TIM_Cmd           lib.lib(stm32f10x_tim.o)
    0x08008134   0x00000016   Code   RO         1665    i.TIM_CtrlPWMOutputs  lib.lib(stm32f10x_tim.o)
    0x0800814a   0x0000001a   Code   RO         1684    i.TIM_GetITStatus   lib.lib(stm32f10x_tim.o)
    0x08008164   0x00000010   Code   RO         1688    i.TIM_ITConfig      lib.lib(stm32f10x_tim.o)
    0x08008174   0x00000080   Code   RO         1702    i.TIM_OC3Init       lib.lib(stm32f10x_tim.o)
    0x080081f4   0x0000000c   Code   RO         1705    i.TIM_OC3PreloadConfig  lib.lib(stm32f10x_tim.o)
    0x08008200   0x00000066   Code   RO         1707    i.TIM_OC4Init       lib.lib(stm32f10x_tim.o)
    0x08008266   0x0000000e   Code   RO         1709    i.TIM_OC4PreloadConfig  lib.lib(stm32f10x_tim.o)
    0x08008274   0x00000014   Code   RO         1710    i.TIM_OCStructInit  lib.lib(stm32f10x_tim.o)
    0x08008288   0x0000003c   Code   RO         1734    i.TIM_TimeBaseInit  lib.lib(stm32f10x_tim.o)
    0x080082c4   0x00000012   Code   RO         2178    i.USART_Cmd         lib.lib(stm32f10x_usart.o)
    0x080082d6   0x0000000e   Code   RO         2181    i.USART_GetFlagStatus  lib.lib(stm32f10x_usart.o)
    0x080082e4   0x00000044   Code   RO         2182    i.USART_GetITStatus  lib.lib(stm32f10x_usart.o)
    0x08008328   0x00000030   Code   RO         2184    i.USART_ITConfig    lib.lib(stm32f10x_usart.o)
    0x08008358   0x00000090   Code   RO         2185    i.USART_Init        lib.lib(stm32f10x_usart.o)
    0x080083e8   0x00000008   Code   RO         2190    i.USART_ReceiveData  lib.lib(stm32f10x_usart.o)
    0x080083f0   0x00000008   Code   RO         2193    i.USART_SendData    lib.lib(stm32f10x_usart.o)
    0x080083f8   0x00000016   Code   RO         2199    i.USART_StructInit  lib.lib(stm32f10x_usart.o)
    0x0800840e   0x00000002   PAD
    0x08008410   0x00000026   Code   RO         2350    x$fpl$ffltu         fz_ws.l(fflt_clz.o)
    0x08008436   0x00000000   Code   RO         2357    x$fpl$usenofp       fz_ws.l(usenofp.o)
    0x08008436   0x00000002   PAD
    0x08008438   0x00000020   Data   RO         2509    Region$$Table       anon$$obj.o


    Execution Region RW_IRAM1 (Base: 0x20000000, Size: 0x000029d8, Max: 0x00005000, ABSOLUTE)

    Base Addr    Size         Type   Attr      Idx    E Section Name        Object

    0x20000000   0x00000002   Data   RW          250    .data               main_esc_box.o
    0x20000002   0x00000002   PAD
    0x20000004   0x00000004   Data   RW          284    .data               adc_config.o
    0x20000008   0x00000004   Data   RW          301    .data               esc_box_led.o
    0x2000000c   0x00000004   Data   RW          316    .data               esc_80_pump_pitch_control.o
    0x20000010   0x0000001d   Data   RW          333    .data               esc_80_yaw_control.o
    0x2000002d   0x00000003   PAD
    0x20000030   0x00000033   Data   RW          365    .data               rtu_485_runtime.o
    0x20000063   0x00000001   PAD
    0x20000064   0x0000000c   Data   RW          418    .data               rtu_485.o
    0x20000070   0x00000006   Data   RW          502    .data               setcan.o
    0x20000076   0x00000002   PAD
    0x20000078   0x00000004   Data   RW          518    .data               setclock.o
    0x2000007c   0x0000000d   Data   RW          537    .data               setsystick.o
    0x20000089   0x00000003   PAD
    0x2000008c   0x0000000c   Data   RW          556    .data               setuart.o
    0x20000098   0x00000005   Data   RW          579    .data               system_error_status.o
    0x2000009d   0x00000003   PAD
    0x200000a0   0x00000004   Data   RW          596    .data               iap_jumper.o
    0x200000a4   0x00000014   Data   RW         1483    .data               lib.lib(stm32f10x_rcc.o)
    0x200000b8   0x00000d30   Zero   RW          248    .bss                main_esc_box.o
    0x20000de8   0x000000b4   Zero   RW          282    .bss                adc_config.o
    0x20000e9c   0x0000000c   Zero   RW          299    .bss                esc_box_led.o
    0x20000ea8   0x0000000c   Zero   RW          331    .bss                esc_80_yaw_control.o
    0x20000eb4   0x00000280   Zero   RW          363    .bss                rtu_485_runtime.o
    0x20001134   0x00000014   Zero   RW          380    .bss                esc_can_listener.o
    0x20001148   0x00000110   Zero   RW          416    .bss                rtu_485.o
    0x20001258   0x00000ff8   Zero   RW          500    .bss                setcan.o
    0x20002250   0x00000128   Zero   RW          594    .bss                iap_jumper.o
    0x20002378   0x00000060   Zero   RW         2384    .bss                c_w.l(libspace.o)
    0x200023d8   0x00000200   Zero   RW          661    HEAP                startup_stm32f10x_md.o
    0x200025d8   0x00000400   Zero   RW          660    STACK               startup_stm32f10x_md.o


==============================================================================

Image component sizes


      Code (inc. data)   RO Data    RW Data    ZI Data      Debug   Object Name

       552         22          0          4        180       2700   adc_config.o
         0          0          0          0          0     251888   adxl345.o
       808          6          0          0          0       3581   cmdcoder.o
        32          0          0          0          0        588   core_cm3.o
        92          0          0          0          0       1444   crc16.o
       408         22          0          4          0       2963   esc_80_pump_pitch_control.o
      1384        200          0         29         12       6975   esc_80_yaw_control.o
       476         18          0          4         12       2920   esc_box_led.o
       140          8          0          0          0       1493   esc_box_log.o
        16          6          0          0         20        770   esc_can_listener.o
       220          0          0          0          0       2731   fifo.o
       232          0          0          0          0       2983   fifo_void.o
       368         20          0          4        296       7846   iap_jumper.o
        24          0          0          0          0       2819   main.o
      1200        126          0          2       3376       7451   main_esc_box.o
       740         42          0         12        272       3703   rtu_485.o
      2256        510          0         51        640       8491   rtu_485_runtime.o
      1172         72          0          6       4088       4568   setcan.o
       308         14          0          4          0       1163   setclock.o
       300         14          0          0          0        637   setgpio_2.o
       400         24          0         13          0       7566   setsystick.o
       292          6          0          0          0      17989   settimer.o
       744         26          0         12          0       3571   setuart.o
        56         22        236          0       1536        836   startup_stm32f10x_md.o
       264         26          0          5          0       1619   system_error_status.o

    ----------------------------------------------------------------------
     12484       1184        268        164      10432     349295   Object Totals
         0          0         32          0          0          0   (incl. Generated)
         0          0          0         14          0          0   (incl. Padding)

    ----------------------------------------------------------------------

      Code (inc. data)   RO Data    RW Data    ZI Data      Debug   Library Member Name

         8          0          0          0          0         68   __main.o
         0          0          0          0          0          0   __rtentry.o
        12          0          0          0          0          0   __rtentry2.o
         6          0          0          0          0          0   __rtentry4.o
        52          8          0          0          0          0   __scatter.o
        26          0          0          0          0          0   __scatter_copy.o
        28          0          0          0          0          0   __scatter_zi.o
        12          0          0          0          0         72   exit.o
         6          0          0          0          0        152   heapauxi.o
         0          0          0          0          0          0   indicate_semi.o
         2          0          0          0          0          0   libinit.o
         2          0          0          0          0          0   libinit2.o
         2          0          0          0          0          0   libshutdown.o
         2          0          0          0          0          0   libshutdown2.o
         8          4          0          0         96         68   libspace.o
       100          0          0          0          0         80   rt_memcpy_w.o
         2          0          0          0          0          0   rtexit.o
        10          0          0          0          0          0   rtexit2.o
        12          4          0          0          0         68   sys_exit.o
        74          0          0          0          0         80   sys_stackheap_outer.o
         2          0          0          0          0         68   use_no_semi.o
        38          0          0          0          0         68   fflt_clz.o
         0          0          0          0          0          0   usenofp.o
       170         10          0          0          0     275419   misc.o
       330          6          0          0          0       6965   stm32f10x_adc.o
      1302          6          0          0          0       9275   stm32f10x_can.o
       422         64          0          0          0       4311   stm32f10x_dma.o
       352         50          0          0          0       5668   stm32f10x_flash.o
       328          4          0          0          0       4565   stm32f10x_gpio.o
       640        116          0         20          0      11483   stm32f10x_rcc.o
       450          0          0          0          0      10386   stm32f10x_tim.o
       330          4          0          0          0       5988   stm32f10x_usart.o

    ----------------------------------------------------------------------
      4744        276          0         20         96     334784   Library Totals
        16          0          0          0          0          0   (incl. Padding)

    ----------------------------------------------------------------------

      Code (inc. data)   RO Data    RW Data    ZI Data      Debug   Library Name

       366         16          0          0         96        656   c_w.l
        38          0          0          0          0         68   fz_ws.l
      4324        260          0         20          0     334060   lib.lib

    ----------------------------------------------------------------------
      4744        276          0         20         96     334784   Library Totals

    ----------------------------------------------------------------------

==============================================================================


      Code (inc. data)   RO Data    RW Data    ZI Data      Debug   

     17228       1460        268        184      10528     678089   Grand Totals
     17228       1460        268        184      10528     678089   ELF Image Totals
     17228       1460        268        184          0          0   ROM Totals

==============================================================================

    Total RO  Size (Code + RO Data)                17496 (  17.09kB)
    Total RW  Size (RW Data + ZI Data)             10712 (  10.46kB)
    Total ROM Size (Code + RO Data + RW Data)      17680 (  17.27kB)

==============================================================================

