Component: ARM Compiler 5.05 update 1 (build 106) Tool: armlink [4d0efa]

==============================================================================

Section Cross References

    setgpio.o(.text) refers to stm32f10x_rcc.o(i.RCC_APB2PeriphClockCmd) for RCC_APB2PeriphClockCmd
    setgpio.o(.text) refers to stm32f10x_gpio.o(i.GPIO_StructInit) for GPIO_StructInit
    setgpio.o(.text) refers to stm32f10x_gpio.o(i.GPIO_Init) for GPIO_Init
    setgpio.o(.text) refers to stm32f10x_gpio.o(i.GPIO_PinRemapConfig) for GPIO_PinRemapConfig
    setgpio_1.o(.text) refers to stm32f10x_rcc.o(i.RCC_APB2PeriphClockCmd) for RCC_APB2PeriphClockCmd
    setgpio_1.o(.text) refers to stm32f10x_gpio.o(i.GPIO_StructInit) for GPIO_StructInit
    setgpio_1.o(.text) refers to stm32f10x_gpio.o(i.GPIO_Init) for GPIO_Init
    setgpio_1.o(.text) refers to stm32f10x_gpio.o(i.GPIO_PinRemapConfig) for GPIO_PinRemapConfig
    setgpio_2.o(.text) refers to stm32f10x_gpio.o(i.GPIO_StructInit) for GPIO_StructInit
    setgpio_2.o(.text) refers to stm32f10x_gpio.o(i.GPIO_Init) for GPIO_Init
    setgpio_2.o(.text) refers to stm32f10x_gpio.o(i.GPIO_ResetBits) for GPIO_ResetBits
    setgpio_2.o(.text) refers to stm32f10x_rcc.o(i.RCC_APB2PeriphClockCmd) for RCC_APB2PeriphClockCmd
    setgpio_2.o(.text) refers to esc_80_yaw_control.o(.text) for Esc_Yaw_Control_Configure
    setgpio_2.o(.text) refers to stm32f10x_gpio.o(i.GPIO_PinRemapConfig) for GPIO_PinRemapConfig
    esc_80_yaw_control.o(.text) refers to stm32f10x_rcc.o(i.RCC_APB2PeriphClockCmd) for RCC_APB2PeriphClockCmd
    esc_80_yaw_control.o(.text) refers to stm32f10x_gpio.o(i.GPIO_StructInit) for GPIO_StructInit
    esc_80_yaw_control.o(.text) refers to stm32f10x_gpio.o(i.GPIO_Init) for GPIO_Init
    esc_80_yaw_control.o(.text) refers to stm32f10x_tim.o(i.TIM_TimeBaseInit) for TIM_TimeBaseInit
    esc_80_yaw_control.o(.text) refers to stm32f10x_tim.o(i.TIM_OCStructInit) for TIM_OCStructInit
    esc_80_yaw_control.o(.text) refers to stm32f10x_tim.o(i.TIM_OC2Init) for TIM_OC2Init
    esc_80_yaw_control.o(.text) refers to stm32f10x_tim.o(i.TIM_OC2PreloadConfig) for TIM_OC2PreloadConfig
    esc_80_yaw_control.o(.text) refers to stm32f10x_tim.o(i.TIM_CtrlPWMOutputs) for TIM_CtrlPWMOutputs
    esc_80_yaw_control.o(.text) refers to stm32f10x_tim.o(i.TIM_ARRPreloadConfig) for TIM_ARRPreloadConfig
    esc_80_yaw_control.o(.text) refers to stm32f10x_tim.o(i.TIM_Cmd) for TIM_Cmd
    esc_80_yaw_control.o(.text) refers to stm32f10x_gpio.o(i.GPIO_ResetBits) for GPIO_ResetBits
    esc_80_yaw_control.o(.text) refers to setclock.o(.data) for systemClk
    esc_80_yaw_control.o(.text) refers to esc_80_yaw_control.o(.data) for yaw_pwm
    iap.o(.text) refers to setuart.o(.text) for Uart_PutChar
    iap.o(.text) refers to iap_jumper.o(.text) for get_iap_tag
    iap.o(.text) refers to setsystick.o(.text) for SysTick_Deinit
    iap.o(.text) refers to misc.o(i.NVIC_SetVectorTable) for NVIC_SetVectorTable
    iap.o(.text) refers to core_cm3.o(.emb_text) for __set_MSP
    iap.o(.text) refers to cmdcoder.o(.text) for cmdcoder_send_bytes
    iap.o(.text) refers to stm32f10x_flash.o(i.FLASH_ErasePage) for FLASH_ErasePage
    iap.o(.text) refers to stm32f10x_flash.o(i.FLASH_ProgramWord) for FLASH_ProgramWord
    iap.o(.text) refers to stm32f10x_flash.o(i.FLASH_Unlock) for FLASH_Unlock
    iap.o(.text) refers to stm32f10x_flash.o(i.FLASH_ClearFlag) for FLASH_ClearFlag
    iap.o(.text) refers to stm32f10x_flash.o(i.FLASH_Lock) for FLASH_Lock
    iap.o(.text) refers to iapsetgpio.o(.text) for Iap_GPIO_Configuration
    iap.o(.text) refers to iap.o(.bss) for IapUart
    iap.o(.text) refers to iap.o(.data) for FLASHStatus
    iapsetgpio.o(.text) refers to setclock.o(.text) for SetupPllClock
    iapsetgpio.o(.text) refers to setgpio_2.o(.text) for Esc_GPIO_Configuration
    main.o(.text) refers to system_error_status.o(.text) for system_error_init
    main.o(.text) refers to setsystick.o(.text) for SysTick_Configuration
    main.o(.text) refers to iap.o(.text) for main_setup
    setcan.o(.text) refers to rt_memcpy_w.o(.text) for __aeabi_memcpy4
    setcan.o(.text) refers to fifo_void.o(.text) for fifo_void_init
    setcan.o(.text) refers to stm32f10x_rcc.o(i.RCC_APB1PeriphClockCmd) for RCC_APB1PeriphClockCmd
    setcan.o(.text) refers to stm32f10x_can.o(i.CAN_DeInit) for CAN_DeInit
    setcan.o(.text) refers to stm32f10x_can.o(i.CAN_StructInit) for CAN_StructInit
    setcan.o(.text) refers to stm32f10x_can.o(i.CAN_Init) for CAN_Init
    setcan.o(.text) refers to system_error_status.o(.text) for system_Error_Callback
    setcan.o(.text) refers to stm32f10x_can.o(i.CAN_FilterInit) for CAN_FilterInit
    setcan.o(.text) refers to misc.o(i.NVIC_PriorityGroupConfig) for NVIC_PriorityGroupConfig
    setcan.o(.text) refers to misc.o(i.NVIC_Init) for NVIC_Init
    setcan.o(.text) refers to stm32f10x_can.o(i.CAN_ITConfig) for CAN_ITConfig
    setcan.o(.text) refers to stm32f10x_can.o(i.CAN_Transmit) for CAN_Transmit
[...]
    rtexit2.o(.ARM.exidx) refers to rtexit2.o(.ARM.Collect$$rtexit$$00000001) for .ARM.Collect$$rtexit$$00000001
    rtexit2.o(.ARM.exidx) refers to rtexit2.o(.ARM.Collect$$rtexit$$00000003) for .ARM.Collect$$rtexit$$00000003
    rtexit2.o(.ARM.exidx) refers to rtexit2.o(.ARM.Collect$$rtexit$$00000004) for .ARM.Collect$$rtexit$$00000004
    argv_veneer.o(.emb_text) refers to no_argv.o(.text) for __ARM_get_argv
    sys_exit.o(.text) refers (Special) to use_no_semi.o(.text) for __I$use$semihosting
    sys_exit.o(.text) refers (Special) to indicate_semi.o(.text) for __semihosting_library_function
    _get_argv_nomalloc.o(.text) refers (Special) to hrguard.o(.text) for __heap_region$guard
    _get_argv_nomalloc.o(.text) refers to defsig_rtmem_outer.o(.text) for __rt_SIGRTMEM
    _get_argv_nomalloc.o(.text) refers to sys_command.o(.text) for _sys_command_string
    libshutdown.o(.ARM.Collect$$libshutdown$$00000000) refers (Special) to libshutdown2.o(.ARM.Collect$$libshutdown$$00000006) for __rt_lib_shutdown_fp_trap_1
    libshutdown.o(.ARM.Collect$$libshutdown$$00000000) refers (Special) to libshutdown2.o(.ARM.Collect$$libshutdown$$0000000E) for __rt_lib_shutdown_heap_1
    libshutdown.o(.ARM.Collect$$libshutdown$$00000000) refers (Special) to libshutdown2.o(.ARM.Collect$$libshutdown$$0000000F) for __rt_lib_shutdown_return
    libshutdown.o(.ARM.Collect$$libshutdown$$00000000) refers (Special) to libshutdown2.o(.ARM.Collect$$libshutdown$$00000009) for __rt_lib_shutdown_signal_1
    libshutdown.o(.ARM.Collect$$libshutdown$$00000000) refers (Special) to libshutdown2.o(.ARM.Collect$$libshutdown$$00000003) for __rt_lib_shutdown_stdio_1
    libshutdown.o(.ARM.Collect$$libshutdown$$00000000) refers (Special) to libshutdown2.o(.ARM.Collect$$libshutdown$$0000000B) for __rt_lib_shutdown_user_alloc_1
    sys_command.o(.text) refers (Special) to use_no_semi.o(.text) for __I$use$semihosting
    sys_command.o(.text) refers (Special) to indicate_semi.o(.text) for __semihosting_library_function
    defsig_rtmem_outer.o(.text) refers to defsig_rtmem_inner.o(.text) for __rt_SIGRTMEM_inner
    defsig_rtmem_outer.o(.text) refers to defsig_exit.o(.text) for __sig_exit
    defsig_rtmem_formal.o(.text) refers to rt_raise.o(.text) for __rt_raise
    rt_raise.o(.text) refers to __raise.o(.text) for __raise
    rt_raise.o(.text) refers to sys_exit.o(.text) for _sys_exit
    defsig_exit.o(.text) refers to sys_exit.o(.text) for _sys_exit
    defsig_rtmem_inner.o(.text) refers to defsig_general.o(.text) for __default_signal_display
    __raise.o(.text) refers to defsig.o(CL$$defsig) for __default_signal_handler
    defsig_general.o(.text) refers to sys_wrch.o(.text) for _ttywrch
    sys_wrch.o(.text) refers (Special) to use_no_semi.o(.text) for __I$use$semihosting
    sys_wrch.o(.text) refers (Special) to indicate_semi.o(.text) for __semihosting_library_function
    defsig.o(CL$$defsig) refers to defsig_rtmem_inner.o(.text) for __rt_SIGRTMEM_inner
    defsig_abrt_inner.o(.text) refers to defsig_general.o(.text) for __default_signal_display
    defsig_fpe_inner.o(.text) refers to defsig_general.o(.text) for __default_signal_display
    defsig_rtred_inner.o(.text) refers to defsig_general.o(.text) for __default_signal_display
    defsig_stak_inner.o(.text) refers to defsig_general.o(.text) for __default_signal_display
    defsig_pvfn_inner.o(.text) refers to defsig_general.o(.text) for __default_signal_display
    defsig_cppl_inner.o(.text) refers to defsig_general.o(.text) for __default_signal_display
    defsig_segv_inner.o(.text) refers to defsig_general.o(.text) for __default_signal_display
    defsig_other.o(.text) refers to defsig_general.o(.text) for __default_signal_display


==============================================================================

Removing Unused input sections from the image.

    Removing setgpio.o(.text), (876 bytes).
    Removing setgpio.o(.constdata), (4864 bytes).
    Removing setgpio_1.o(.text), (300 bytes).
    Removing setgpio_1.o(.constdata), (4864 bytes).
    Removing setgpio_2.o(.constdata), (4864 bytes).
    Removing esc_80_yaw_control.o(.bss), (12 bytes).
    Removing esc_80_yaw_control.o(.constdata), (4864 bytes).
    Removing iap.o(.constdata), (4864 bytes).
    Removing iapsetgpio.o(.constdata), (4864 bytes).
    Removing main.o(.constdata), (4864 bytes).
    Removing setcan.o(.constdata), (4864 bytes).
    Removing setclock.o(.constdata), (4864 bytes).
    Removing setsystick.o(.constdata), (4864 bytes).
    Removing setuart.o(.constdata), (4864 bytes).
    Removing system_error_status.o(.constdata), (4864 bytes).
    Removing iap_jumper.o(.constdata), (4864 bytes).
    Removing system_stm32f10x.o(.text), (316 bytes).
    Removing system_stm32f10x.o(.constdata), (20 bytes).
    Removing misc.o(i.NVIC_SystemLPConfig), (24 bytes).
    Removing stm32f10x_can.o(i.CAN_CancelTransmit), (42 bytes).
    Removing stm32f10x_can.o(i.CAN_ClearFlag), (10 bytes).
    Removing stm32f10x_can.o(i.CAN_ClearITPendingBit), (144 bytes).
    Removing stm32f10x_can.o(i.CAN_DBGFreeze), (18 bytes).
    Removing stm32f10x_can.o(i.CAN_FIFORelease), (12 bytes).
    Removing stm32f10x_can.o(i.CAN_GetFlagStatus), (14 bytes).
    Removing stm32f10x_can.o(i.CAN_MessagePending), (26 bytes).
    Removing stm32f10x_can.o(i.CAN_SlaveStartBank), (44 bytes).
    Removing stm32f10x_can.o(i.CAN_Sleep), (30 bytes).
    Removing stm32f10x_can.o(i.CAN_WakeUp), (44 bytes).
    Removing stm32f10x_flash.o(i.FLASH_EnableWriteProtection), (176 bytes).
    Removing stm32f10x_flash.o(i.FLASH_EraseAllPages), (64 bytes).
    Removing stm32f10x_flash.o(i.FLASH_EraseOptionBytes), (124 bytes).
    Removing stm32f10x_flash.o(i.FLASH_GetFlagStatus), (36 bytes).
    Removing stm32f10x_flash.o(i.FLASH_GetPrefetchBufferStatus), (20 bytes).
    Removing stm32f10x_flash.o(i.FLASH_GetReadOutProtectionStatus), (20 bytes).
    Removing stm32f10x_flash.o(i.FLASH_GetStatus), (44 bytes).
    Removing stm32f10x_flash.o(i.FLASH_GetUserOptionByte), (12 bytes).
    Removing stm32f10x_flash.o(i.FLASH_GetWriteProtectionOptionByte), (12 bytes).
    Removing stm32f10x_flash.o(i.FLASH_HalfCycleAccessCmd), (24 bytes).
    Removing stm32f10x_flash.o(i.FLASH_ITConfig), (24 bytes).
    Removing stm32f10x_flash.o(i.FLASH_ProgramHalfWord), (60 bytes).
    Removing stm32f10x_flash.o(i.FLASH_ProgramOptionByteData), (76 bytes).
    Removing stm32f10x_flash.o(i.FLASH_ReadOutProtection), (144 bytes).
    Removing stm32f10x_flash.o(i.FLASH_UserOptionByteConfig), (92 bytes).
    Removing stm32f10x_gpio.o(i.GPIO_AFIODeInit), (22 bytes).
    Removing stm32f10x_gpio.o(i.GPIO_DeInit), (216 bytes).
    Removing stm32f10x_gpio.o(i.GPIO_ETH_MediaInterfaceConfig), (12 bytes).
    Removing stm32f10x_gpio.o(i.GPIO_EXTILineConfig), (40 bytes).
    Removing stm32f10x_gpio.o(i.GPIO_EventOutputCmd), (12 bytes).
    Removing stm32f10x_gpio.o(i.GPIO_EventOutputConfig), (28 bytes).
    Removing stm32f10x_gpio.o(i.GPIO_PinLockConfig), (16 bytes).
    Removing stm32f10x_gpio.o(i.GPIO_ReadInputData), (6 bytes).
    Removing stm32f10x_gpio.o(i.GPIO_ReadInputDataBit), (14 bytes).
    Removing stm32f10x_gpio.o(i.GPIO_ReadOutputData), (6 bytes).
    Removing stm32f10x_gpio.o(i.GPIO_ReadOutputDataBit), (14 bytes).
    Removing stm32f10x_gpio.o(i.GPIO_SetBits), (4 bytes).
    Removing stm32f10x_gpio.o(i.GPIO_Write), (4 bytes).
    Removing stm32f10x_gpio.o(i.GPIO_WriteBit), (10 bytes).
    Removing stm32f10x_rcc.o(i.RCC_AHBPeriphClockCmd), (24 bytes).
    Removing stm32f10x_rcc.o(i.RCC_APB2PeriphResetCmd), (24 bytes).
    Removing stm32f10x_rcc.o(i.RCC_AdjustHSICalibrationValue), (20 bytes).
    Removing stm32f10x_rcc.o(i.RCC_BackupResetCmd), (12 bytes).
    Removing stm32f10x_rcc.o(i.RCC_ClearFlag), (16 bytes).
    Removing stm32f10x_rcc.o(i.RCC_ClearITPendingBit), (12 bytes).
    Removing stm32f10x_rcc.o(i.RCC_ClockSecuritySystemCmd), (12 bytes).
    Removing stm32f10x_rcc.o(i.RCC_GetITStatus), (20 bytes).
    Removing stm32f10x_rcc.o(i.RCC_ITConfig), (24 bytes).
    Removing stm32f10x_rcc.o(i.RCC_LSEConfig), (36 bytes).
    Removing stm32f10x_rcc.o(i.RCC_LSICmd), (12 bytes).
    Removing stm32f10x_rcc.o(i.RCC_MCOConfig), (12 bytes).
    Removing stm32f10x_rcc.o(i.RCC_RTCCLKCmd), (12 bytes).
    Removing stm32f10x_rcc.o(i.RCC_RTCCLKConfig), (16 bytes).
    Removing stm32f10x_rcc.o(i.RCC_USBCLKConfig), (12 bytes).
    Removing stm32f10x_tim.o(i.TIM_BDTRConfig), (44 bytes).
    Removing stm32f10x_tim.o(i.TIM_BDTRStructInit), (18 bytes).
    Removing stm32f10x_tim.o(i.TIM_CCPreloadControl), (18 bytes).
    Removing stm32f10x_tim.o(i.TIM_CCxCmd), (26 bytes).
    Removing stm32f10x_tim.o(i.TIM_CCxNCmd), (26 bytes).
    Removing stm32f10x_tim.o(i.TIM_ClearFlag), (6 bytes).
    Removing stm32f10x_tim.o(i.TIM_ClearITPendingBit), (6 bytes).
    Removing stm32f10x_tim.o(i.TIM_ClearOC1Ref), (12 bytes).
    Removing stm32f10x_tim.o(i.TIM_ClearOC2Ref), (14 bytes).
    Removing stm32f10x_tim.o(i.TIM_ClearOC3Ref), (12 bytes).
    Removing stm32f10x_tim.o(i.TIM_ClearOC4Ref), (14 bytes).
    Removing stm32f10x_tim.o(i.TIM_CounterModeConfig), (16 bytes).
    Removing stm32f10x_tim.o(i.TIM_DMACmd), (16 bytes).
    Removing stm32f10x_tim.o(i.TIM_DMAConfig), (8 bytes).
    Removing stm32f10x_tim.o(i.TIM_DeInit), (244 bytes).
    Removing stm32f10x_tim.o(i.TIM_ETRClockMode1Config), (30 bytes).
    Removing stm32f10x_tim.o(i.TIM_ETRClockMode2Config), (30 bytes).
    Removing stm32f10x_tim.o(i.TIM_ETRConfig), (22 bytes).
    Removing stm32f10x_tim.o(i.TIM_EncoderInterfaceConfig), (54 bytes).
    Removing stm32f10x_tim.o(i.TIM_ForcedOC1Config), (12 bytes).
    Removing stm32f10x_tim.o(i.TIM_ForcedOC2Config), (14 bytes).
    Removing stm32f10x_tim.o(i.TIM_ForcedOC3Config), (12 bytes).
    Removing stm32f10x_tim.o(i.TIM_ForcedOC4Config), (14 bytes).
    Removing stm32f10x_tim.o(i.TIM_GenerateEvent), (4 bytes).
    Removing stm32f10x_tim.o(i.TIM_GetCapture1), (4 bytes).
    Removing stm32f10x_tim.o(i.TIM_GetCapture2), (4 bytes).
    Removing stm32f10x_tim.o(i.TIM_GetCapture3), (4 bytes).
    Removing stm32f10x_tim.o(i.TIM_GetCapture4), (6 bytes).
    Removing stm32f10x_tim.o(i.TIM_GetCounter), (4 bytes).
    Removing stm32f10x_tim.o(i.TIM_GetFlagStatus), (14 bytes).
    Removing stm32f10x_tim.o(i.TIM_GetITStatus), (26 bytes).
    Removing stm32f10x_tim.o(i.TIM_GetPrescaler), (4 bytes).
    Removing stm32f10x_tim.o(i.TIM_ICInit), (260 bytes).
    Removing stm32f10x_tim.o(i.TIM_ICStructInit), (16 bytes).
    Removing stm32f10x_tim.o(i.TIM_ITConfig), (16 bytes).
    Removing stm32f10x_tim.o(i.TIM_ITRxExternalClockConfig), (20 bytes).
    Removing stm32f10x_tim.o(i.TIM_InternalClockConfig), (10 bytes).
    Removing stm32f10x_tim.o(i.TIM_OC1FastConfig), (12 bytes).
    Removing stm32f10x_tim.o(i.TIM_OC1Init), (108 bytes).
    Removing stm32f10x_tim.o(i.TIM_OC1NPolarityConfig), (12 bytes).
    Removing stm32f10x_tim.o(i.TIM_OC1PolarityConfig), (12 bytes).
    Removing stm32f10x_tim.o(i.TIM_OC1PreloadConfig), (12 bytes).
    Removing stm32f10x_tim.o(i.TIM_OC2FastConfig), (14 bytes).
    Removing stm32f10x_tim.o(i.TIM_OC2NPolarityConfig), (14 bytes).
    Removing stm32f10x_tim.o(i.TIM_OC2PolarityConfig), (14 bytes).
    Removing stm32f10x_tim.o(i.TIM_OC3FastConfig), (12 bytes).
    Removing stm32f10x_tim.o(i.TIM_OC3Init), (128 bytes).
    Removing stm32f10x_tim.o(i.TIM_OC3NPolarityConfig), (14 bytes).
    Removing stm32f10x_tim.o(i.TIM_OC3PolarityConfig), (14 bytes).
    Removing stm32f10x_tim.o(i.TIM_OC3PreloadConfig), (12 bytes).
    Removing stm32f10x_tim.o(i.TIM_OC4FastConfig), (14 bytes).
    Removing stm32f10x_tim.o(i.TIM_OC4Init), (102 bytes).
    Removing stm32f10x_tim.o(i.TIM_OC4PolarityConfig), (14 bytes).
    Removing stm32f10x_tim.o(i.TIM_OC4PreloadConfig), (14 bytes).
    Removing stm32f10x_tim.o(i.TIM_PWMIConfig), (286 bytes).
    Removing stm32f10x_tim.o(i.TIM_PrescalerConfig), (6 bytes).
    Removing stm32f10x_tim.o(i.TIM_SelectCCDMA), (18 bytes).
    Removing stm32f10x_tim.o(i.TIM_SelectCOM), (18 bytes).
    Removing stm32f10x_tim.o(i.TIM_SelectHallSensor), (18 bytes).
    Removing stm32f10x_tim.o(i.TIM_SelectInputTrigger), (12 bytes).
    Removing stm32f10x_tim.o(i.TIM_SelectMasterSlaveMode), (16 bytes).
    Removing stm32f10x_tim.o(i.TIM_SelectOCxM), (88 bytes).
    Removing stm32f10x_tim.o(i.TIM_SelectOnePulseMode), (20 bytes).
    Removing stm32f10x_tim.o(i.TIM_SelectOutputTrigger), (16 bytes).
    Removing stm32f10x_tim.o(i.TIM_SelectSlaveMode), (16 bytes).
    Removing stm32f10x_tim.o(i.TIM_SetAutoreload), (4 bytes).
    Removing stm32f10x_tim.o(i.TIM_SetClockDivision), (14 bytes).
    Removing stm32f10x_tim.o(i.TIM_SetCompare1), (4 bytes).
    Removing stm32f10x_tim.o(i.TIM_SetCompare2), (4 bytes).
    Removing stm32f10x_tim.o(i.TIM_SetCompare3), (4 bytes).
    Removing stm32f10x_tim.o(i.TIM_SetCompare4), (6 bytes).
    Removing stm32f10x_tim.o(i.TIM_SetCounter), (4 bytes).
    Removing stm32f10x_tim.o(i.TIM_SetIC1Prescaler), (16 bytes).
    Removing stm32f10x_tim.o(i.TIM_SetIC2Prescaler), (18 bytes).
    Removing stm32f10x_tim.o(i.TIM_SetIC3Prescaler), (16 bytes).
    Removing stm32f10x_tim.o(i.TIM_SetIC4Prescaler), (18 bytes).
    Removing stm32f10x_tim.o(i.TIM_TIxExternalClockConfig), (118 bytes).
    Removing stm32f10x_tim.o(i.TIM_TimeBaseStructInit), (18 bytes).
    Removing stm32f10x_tim.o(i.TIM_UpdateDisableConfig), (22 bytes).
    Removing stm32f10x_tim.o(i.TIM_UpdateRequestConfig), (22 bytes).
    Removing stm32f10x_usart.o(i.USART_ClearFlag), (6 bytes).
    Removing stm32f10x_usart.o(i.USART_ClearITPendingBit), (14 bytes).
    Removing stm32f10x_usart.o(i.USART_ClockInit), (36 bytes).
    Removing stm32f10x_usart.o(i.USART_ClockStructInit), (12 bytes).
    Removing stm32f10x_usart.o(i.USART_DMACmd), (16 bytes).
    Removing stm32f10x_usart.o(i.USART_DeInit), (164 bytes).
    Removing stm32f10x_usart.o(i.USART_HalfDuplexCmd), (18 bytes).
    Removing stm32f10x_usart.o(i.USART_IrDACmd), (18 bytes).
    Removing stm32f10x_usart.o(i.USART_IrDAConfig), (16 bytes).
    Removing stm32f10x_usart.o(i.USART_LINBreakDetectLengthConfig), (16 bytes).
    Removing stm32f10x_usart.o(i.USART_LINCmd), (18 bytes).
    Removing stm32f10x_usart.o(i.USART_ReceiverWakeUpCmd), (18 bytes).
    Removing stm32f10x_usart.o(i.USART_SendBreak), (10 bytes).
    Removing stm32f10x_usart.o(i.USART_SetAddress), (16 bytes).
    Removing stm32f10x_usart.o(i.USART_SetGuardTime), (16 bytes).
    Removing stm32f10x_usart.o(i.USART_SetPrescaler), (16 bytes).
    Removing stm32f10x_usart.o(i.USART_SmartCardCmd), (18 bytes).
    Removing stm32f10x_usart.o(i.USART_SmartCardNACKCmd), (18 bytes).
    Removing stm32f10x_usart.o(i.USART_WakeUpConfig), (16 bytes).

172 unused section(s) (total 69606 bytes) removed from the image.

==============================================================================

Image Symbol Table

    Local Symbols

    Symbol Name                              Value     Ov Type        Size  Object(Section)

    ../clib/angel/boardlib.s                 0x00000000   Number         0  boardinit1.o ABSOLUTE
    ../clib/angel/boardlib.s                 0x00000000   Number         0  boardinit2.o ABSOLUTE
    ../clib/angel/boardlib.s                 0x00000000   Number         0  boardinit3.o ABSOLUTE
    ../clib/angel/boardlib.s                 0x00000000   Number         0  boardshut.o ABSOLUTE
    ../clib/angel/handlers.s                 0x00000000   Number         0  __scatter_zi.o ABSOLUTE
    ../clib/angel/handlers.s                 0x00000000   Number         0  __scatter_copy.o ABSOLUTE
    ../clib/angel/kernel.s                   0x00000000   Number         0  __rtentry4.o ABSOLUTE
    ../clib/angel/kernel.s                   0x00000000   Number         0  __rtentry2.o ABSOLUTE
    ../clib/angel/kernel.s                   0x00000000   Number         0  __rtentry.o ABSOLUTE
    ../clib/angel/kernel.s                   0x00000000   Number         0  rtexit2.o ABSOLUTE
    ../clib/angel/kernel.s                   0x00000000   Number         0  rtexit.o ABSOLUTE
    ../clib/angel/rt.s                       0x00000000   Number         0  rt_raise.o ABSOLUTE
    ../clib/angel/scatter.s                  0x00000000   Number         0  __scatter.o ABSOLUTE
    ../clib/angel/startup.s                  0x00000000   Number         0  __main.o ABSOLUTE
    ../clib/angel/sys.s                      0x00000000   Number         0  libspace.o ABSOLUTE
    ../clib/angel/sys.s                      0x00000000   Number         0  sys_stackheap_outer.o ABSOLUTE
    ../clib/angel/sys.s                      0x00000000   Number         0  indicate_semi.o ABSOLUTE
    ../clib/angel/sys.s                      0x00000000   Number         0  use_no_semi.o ABSOLUTE
    ../clib/angel/sysapp.c                   0x00000000   Number         0  sys_command.o ABSOLUTE
    ../clib/angel/sysapp.c                   0x00000000   Number         0  sys_exit.o ABSOLUTE
    ../clib/angel/sysapp.c                   0x00000000   Number         0  sys_wrch.o ABSOLUTE
    ../clib/armsys.c                         0x00000000   Number         0  argv_veneer.o ABSOLUTE
    ../clib/armsys.c                         0x00000000   Number         0  argv_veneer.o ABSOLUTE
    ../clib/armsys.c                         0x00000000   Number         0  no_argv.o ABSOLUTE
    ../clib/armsys.c                         0x00000000   Number         0  _get_argv_nomalloc.o ABSOLUTE
    ../clib/heapalloc.c                      0x00000000   Number         0  hrguard.o ABSOLUTE
    ../clib/heapaux.c                        0x00000000   Number         0  heapauxi.o ABSOLUTE
    ../clib/libinit.s                        0x00000000   Number         0  libinit2.o ABSOLUTE
    ../clib/libinit.s                        0x00000000   Number         0  libshutdown2.o ABSOLUTE
    ../clib/libinit.s                        0x00000000   Number         0  libinit.o ABSOLUTE
    ../clib/libinit.s                        0x00000000   Number         0  libshutdown.o ABSOLUTE
    ../clib/memcpset.s                       0x00000000   Number         0  rt_memcpy_w.o ABSOLUTE
    ../clib/signal.c                         0x00000000   Number         0  defsig_rtmem_inner.o ABSOLUTE
    ../clib/signal.c                         0x00000000   Number         0  defsig_general.o ABSOLUTE
    ../clib/signal.c                         0x00000000   Number         0  defsig_rtmem_formal.o ABSOLUTE
    ../clib/signal.c                         0x00000000   Number         0  defsig_stak_inner.o ABSOLUTE
    ../clib/signal.c                         0x00000000   Number         0  defsig_exit.o ABSOLUTE
    ../clib/signal.c                         0x00000000   Number         0  defsig_abrt_inner.o ABSOLUTE
    ../clib/signal.c                         0x00000000   Number         0  defsig_rtmem_outer.o ABSOLUTE
    ../clib/signal.c                         0x00000000   Number         0  defsig_fpe_inner.o ABSOLUTE
    ../clib/signal.c                         0x00000000   Number         0  defsig_rtred_inner.o ABSOLUTE
    ../clib/signal.c                         0x00000000   Number         0  __raise.o ABSOLUTE
    ../clib/signal.c                         0x00000000   Number         0  defsig_pvfn_inner.o ABSOLUTE
    ../clib/signal.c                         0x00000000   Number         0  defsig_cppl_inner.o ABSOLUTE
    ../clib/signal.c                         0x00000000   Number         0  defsig_segv_inner.o ABSOLUTE
    ../clib/signal.c                         0x00000000   Number         0  defsig_other.o ABSOLUTE
    ../clib/signal.s                         0x00000000   Number         0  defsig.o ABSOLUTE
    ../clib/stdlib.c                         0x00000000   Number         0  exit.o ABSOLUTE
    ../fplib/fpinit.s                        0x00000000   Number         0  fpinit.o ABSOLUTE
    Libraries\CMSIS\Core\CM3\core_cm3.c      0x00000000   Number         0  core_cm3.o ABSOLUTE
    Libraries\CMSIS\Core\CM3\startup\arm\startup_stm32f10x_md.s 0x00000000   Number         0  startup_stm32f10x_md.o ABSOLUTE
    Libraries\CMSIS\Core\CM3\system_stm32f10x.c 0x00000000   Number         0  system_stm32f10x.o ABSOLUTE
    Libraries\\CMSIS\\Core\\CM3\\core_cm3.c  0x00000000   Number         0  core_cm3.o ABSOLUTE
    board_m80_esc\SetGPIO.c                  0x00000000   Number         0  setgpio_2.o ABSOLUTE
    board_m80_esc\esc_80_yaw_control.c       0x00000000   Number         0  esc_80_yaw_control.o ABSOLUTE
    board_mainController\SetGPIO.c           0x00000000   Number         0  setgpio.o ABSOLUTE
    board_navigationBox\SetGPIO.c            0x00000000   Number         0  setgpio_1.o ABSOLUTE
    dc.s                                     0x00000000   Number         0  dc.o ABSOLUTE
    iap_firmware\iap.c                       0x00000000   Number         0  iap.o ABSOLUTE
    iap_firmware\iapSetGpio.c                0x00000000   Number         0  iapsetgpio.o ABSOLUTE
    src\misc.c                               0x00000000   Number         0  misc.o ABSOLUTE
    src\stm32f10x_can.c                      0x00000000   Number         0  stm32f10x_can.o ABSOLUTE
    src\stm32f10x_flash.c                    0x00000000   Number         0  stm32f10x_flash.o ABSOLUTE
    src\stm32f10x_gpio.c                     0x00000000   Number         0  stm32f10x_gpio.o ABSOLUTE
    src\stm32f10x_rcc.c                      0x00000000   Number         0  stm32f10x_rcc.o ABSOLUTE
    src\stm32f10x_tim.c                      0x00000000   Number         0  stm32f10x_tim.o ABSOLUTE
    src\stm32f10x_usart.c                    0x00000000   Number         0  stm32f10x_usart.o ABSOLUTE
    system\SetCAN.c                          0x00000000   Number         0  setcan.o ABSOLUTE
    system\SetClock.c                        0x00000000   Number         0  setclock.o ABSOLUTE
    system\SetSysTick.c                      0x00000000   Number         0  setsystick.o ABSOLUTE
    system\SetUART.c                         0x00000000   Number         0  setuart.o ABSOLUTE
    system\cmdcoder.c                        0x00000000   Number         0  cmdcoder.o ABSOLUTE
    system\fifo.c                            0x00000000   Number         0  fifo.o ABSOLUTE
    system\fifo_void.c                       0x00000000   Number         0  fifo_void.o ABSOLUTE
    system\iap_jumper.c                      0x00000000   Number         0  iap_jumper.o ABSOLUTE
    system\main.c                            0x00000000   Number         0  main.o ABSOLUTE
    system\system_error_status.c             0x00000000   Number         0  system_error_status.o ABSOLUTE
    RESET                                    0x08000000   Section      236  startup_stm32f10x_md.o(RESET)
    !!!main                                  0x080000ec   Section        8  __main.o(!!!main)
    !!!scatter                               0x080000f4   Section       52  __scatter.o(!!!scatter)
    !!handler_copy                           0x08000128   Section       26  __scatter_copy.o(!!handler_copy)
    !!handler_zi                             0x08000144   Section       28  __scatter_zi.o(!!handler_zi)
    .ARM.Collect$$libinit$$00000000          0x08000160   Section        2  libinit.o(.ARM.Collect$$libinit$$00000000)
    .ARM.Collect$$libinit$$00000002          0x08000162   Section        0  libinit2.o(.ARM.Collect$$libinit$$00000002)
    .ARM.Collect$$libinit$$00000004          0x08000162   Section        0  libinit2.o(.ARM.Collect$$libinit$$00000004)
    .ARM.Collect$$libinit$$0000000A          0x08000162   Section        0  libinit2.o(.ARM.Collect$$libinit$$0000000A)
    .ARM.Collect$$libinit$$0000000C          0x08000162   Section        0  libinit2.o(.ARM.Collect$$libinit$$0000000C)
    .ARM.Collect$$libinit$$0000000E          0x08000162   Section        0  libinit2.o(.ARM.Collect$$libinit$$0000000E)
    .ARM.Collect$$libinit$$00000011          0x08000162   Section        0  libinit2.o(.ARM.Collect$$libinit$$00000011)
    .ARM.Collect$$libinit$$00000013          0x08000162   Section        0  libinit2.o(.ARM.Collect$$libinit$$00000013)
    .ARM.Collect$$libinit$$00000015          0x08000162   Section        0  libinit2.o(.ARM.Collect$$libinit$$00000015)
    .ARM.Collect$$libinit$$00000017          0x08000162   Section        0  libinit2.o(.ARM.Collect$$libinit$$00000017)
    .ARM.Collect$$libinit$$00000019          0x08000162   Section        0  libinit2.o(.ARM.Collect$$libinit$$00000019)
    .ARM.Collect$$libinit$$0000001B          0x08000162   Section        0  libinit2.o(.ARM.Collect$$libinit$$0000001B)
    .ARM.Collect$$libinit$$0000001D          0x08000162   Section        0  libinit2.o(.ARM.Collect$$libinit$$0000001D)
    .ARM.Collect$$libinit$$0000001F          0x08000162   Section        0  libinit2.o(.ARM.Collect$$libinit$$0000001F)
    .ARM.Collect$$libinit$$00000021          0x08000162   Section        0  libinit2.o(.ARM.Collect$$libinit$$00000021)
    .ARM.Collect$$libinit$$00000023          0x08000162   Section        0  libinit2.o(.ARM.Collect$$libinit$$00000023)
    .ARM.Collect$$libinit$$00000025          0x08000162   Section        0  libinit2.o(.ARM.Collect$$libinit$$00000025)
    .ARM.Collect$$libinit$$0000002C          0x08000162   Section        0  libinit2.o(.ARM.Collect$$libinit$$0000002C)
    .ARM.Collect$$libinit$$0000002E          0x08000162   Section        0  libinit2.o(.ARM.Collect$$libinit$$0000002E)
    .ARM.Collect$$libinit$$00000030          0x08000162   Section        0  libinit2.o(.ARM.Collect$$libinit$$00000030)
    .ARM.Collect$$libinit$$00000032          0x08000162   Section        0  libinit2.o(.ARM.Collect$$libinit$$00000032)
    .ARM.Collect$$libinit$$00000033          0x08000162   Section        2  libinit2.o(.ARM.Collect$$libinit$$00000033)
    .ARM.Collect$$libshutdown$$00000000      0x08000164   Section        2  libshutdown.o(.ARM.Collect$$libshutdown$$00000000)
    .ARM.Collect$$libshutdown$$00000003      0x08000166   Section        0  libshutdown2.o(.ARM.Collect$$libshutdown$$00000003)
    .ARM.Collect$$libshutdown$$00000006      0x08000166   Section        0  libshutdown2.o(.ARM.Collect$$libshutdown$$00000006)
    .ARM.Collect$$libshutdown$$00000009      0x08000166   Section        0  libshutdown2.o(.ARM.Collect$$libshutdown$$00000009)
    .ARM.Collect$$libshutdown$$0000000B      0x08000166   Section        0  libshutdown2.o(.ARM.Collect$$libshutdown$$0000000B)
    .ARM.Collect$$libshutdown$$0000000E      0x08000166   Section        0  libshutdown2.o(.ARM.Collect$$libshutdown$$0000000E)
    .ARM.Collect$$libshutdown$$0000000F      0x08000166   Section        2  libshutdown2.o(.ARM.Collect$$libshutdown$$0000000F)
    .ARM.Collect$$rtentry$$00000000          0x08000168   Section        0  __rtentry.o(.ARM.Collect$$rtentry$$00000000)
    .ARM.Collect$$rtentry$$00000002          0x08000168   Section        0  __rtentry2.o(.ARM.Collect$$rtentry$$00000002)
    .ARM.Collect$$rtentry$$00000004          0x08000168   Section        6  __rtentry4.o(.ARM.Collect$$rtentry$$00000004)
    .ARM.Collect$$rtentry$$00000009          0x0800016e   Section        0  __rtentry2.o(.ARM.Collect$$rtentry$$00000009)
    .ARM.Collect$$rtentry$$0000000A          0x0800016e   Section        4  __rtentry2.o(.ARM.Collect$$rtentry$$0000000A)
    .ARM.Collect$$rtentry$$0000000C          0x08000172   Section        0  __rtentry2.o(.ARM.Collect$$rtentry$$0000000C)
    .ARM.Collect$$rtentry$$0000000D          0x08000172   Section        8  __rtentry2.o(.ARM.Collect$$rtentry$$0000000D)
    .ARM.Collect$$rtexit$$00000000           0x0800017a   Section        2  rtexit.o(.ARM.Collect$$rtexit$$00000000)
    .ARM.Collect$$rtexit$$00000002           0x0800017c   Section        0  rtexit2.o(.ARM.Collect$$rtexit$$00000002)
    .ARM.Collect$$rtexit$$00000003           0x0800017c   Section        4  rtexit2.o(.ARM.Collect$$rtexit$$00000003)
    .ARM.Collect$$rtexit$$00000004           0x08000180   Section        6  rtexit2.o(.ARM.Collect$$rtexit$$00000004)
    .emb_text                                0x08000188   Section       32  core_cm3.o(.emb_text)
    .text                                    0x080001a8   Section        0  setgpio_2.o(.text)
    .text                                    0x08000364   Section        0  esc_80_yaw_control.o(.text)
    .text                                    0x08000564   Section        0  iap.o(.text)
    .text                                    0x0800099c   Section        0  iapsetgpio.o(.text)
    .text                                    0x080009aa   Section        0  cmdcoder.o(.text)
    encode_variable_len                      0x080009ab   Thumb Code    48  cmdcoder.o(.text)
    .text                                    0x08000cd2   Section        0  fifo.o(.text)
    .text                                    0x08000dae   Section        0  fifo_void.o(.text)
    .text                                    0x08000e96   Section        0  main.o(.text)
    .text                                    0x08000eb0   Section        0  setcan.o(.text)
    .text                                    0x08001344   Section        0  setclock.o(.text)
    .text                                    0x08001478   Section        0  setsystick.o(.text)
    .text                                    0x08001604   Section        0  setuart.o(.text)
    .text                                    0x080018dc   Section        0  system_error_status.o(.text)
    .text                                    0x080019e4   Section        0  iap_jumper.o(.text)
    .text                                    0x08001b48   Section       56  startup_stm32f10x_md.o(.text)
    .text                                    0x08001b80   Section      100  rt_memcpy_w.o(.text)
    .text                                    0x08001be4   Section        0  heapauxi.o(.text)
    .text                                    0x08001bea   Section       74  sys_stackheap_outer.o(.text)
    .text                                    0x08001c34   Section        0  exit.o(.text)
    .text                                    0x08001c40   Section        8  libspace.o(.text)
    .text                                    0x08001c48   Section        0  sys_exit.o(.text)
    .text                                    0x08001c54   Section        2  use_no_semi.o(.text)
    .text                                    0x08001c56   Section        0  indicate_semi.o(.text)
    i.CAN_DeInit                             0x08001c56   Section        0  stm32f10x_can.o(i.CAN_DeInit)
    i.CAN_FilterInit                         0x08001c90   Section        0  stm32f10x_can.o(i.CAN_FilterInit)
    i.CAN_GetITStatus                        0x08001d74   Section        0  stm32f10x_can.o(i.CAN_GetITStatus)
    i.CAN_ITConfig                           0x08001e5c   Section        0  stm32f10x_can.o(i.CAN_ITConfig)
    i.CAN_Init                               0x08001e6c   Section        0  stm32f10x_can.o(i.CAN_Init)
    i.CAN_Receive                            0x08001f60   Section        0  stm32f10x_can.o(i.CAN_Receive)
    i.CAN_StructInit                         0x08002012   Section        0  stm32f10x_can.o(i.CAN_StructInit)
    i.CAN_Transmit                           0x08002032   Section        0  stm32f10x_can.o(i.CAN_Transmit)
    i.CAN_TransmitStatus                     0x080020ea   Section        0  stm32f10x_can.o(i.CAN_TransmitStatus)
    i.FLASH_ClearFlag                        0x0800216c   Section        0  stm32f10x_flash.o(i.FLASH_ClearFlag)
    i.FLASH_ErasePage                        0x08002178   Section        0  stm32f10x_flash.o(i.FLASH_ErasePage)
    i.FLASH_Lock                             0x080021bc   Section        0  stm32f10x_flash.o(i.FLASH_Lock)
    i.FLASH_PrefetchBufferCmd                0x080021cc   Section        0  stm32f10x_flash.o(i.FLASH_PrefetchBufferCmd)
    i.FLASH_ProgramWord                      0x080021e4   Section        0  stm32f10x_flash.o(i.FLASH_ProgramWord)
    i.FLASH_SetLatency                       0x08002234   Section        0  stm32f10x_flash.o(i.FLASH_SetLatency)
    i.FLASH_Unlock                           0x08002248   Section        0  stm32f10x_flash.o(i.FLASH_Unlock)
    i.FLASH_WaitForLastOperation             0x08002260   Section        0  stm32f10x_flash.o(i.FLASH_WaitForLastOperation)
    i.GPIO_Init                              0x080022cc   Section        0  stm32f10x_gpio.o(i.GPIO_Init)
    i.GPIO_PinRemapConfig                    0x08002398   Section        0  stm32f10x_gpio.o(i.GPIO_PinRemapConfig)
    i.GPIO_ResetBits                         0x080023f0   Section        0  stm32f10x_gpio.o(i.GPIO_ResetBits)
    i.GPIO_StructInit                        0x080023f4   Section        0  stm32f10x_gpio.o(i.GPIO_StructInit)
    i.NVIC_Init                              0x08002404   Section        0  misc.o(i.NVIC_Init)
    i.NVIC_PriorityGroupConfig               0x08002470   Section        0  misc.o(i.NVIC_PriorityGroupConfig)
    i.NVIC_SetVectorTable                    0x08002484   Section        0  misc.o(i.NVIC_SetVectorTable)
    i.RCC_ADCCLKConfig                       0x08002498   Section        0  stm32f10x_rcc.o(i.RCC_ADCCLKConfig)
    i.RCC_APB1PeriphClockCmd                 0x080024ac   Section        0  stm32f10x_rcc.o(i.RCC_APB1PeriphClockCmd)
    i.RCC_APB1PeriphResetCmd                 0x080024c4   Section        0  stm32f10x_rcc.o(i.RCC_APB1PeriphResetCmd)
    i.RCC_APB2PeriphClockCmd                 0x080024dc   Section        0  stm32f10x_rcc.o(i.RCC_APB2PeriphClockCmd)
    i.RCC_DeInit                             0x080024f4   Section        0  stm32f10x_rcc.o(i.RCC_DeInit)
    i.RCC_GetClocksFreq                      0x08002534   Section        0  stm32f10x_rcc.o(i.RCC_GetClocksFreq)
    i.RCC_GetFlagStatus                      0x080025d8   Section        0  stm32f10x_rcc.o(i.RCC_GetFlagStatus)
    i.RCC_GetSYSCLKSource                    0x08002608   Section        0  stm32f10x_rcc.o(i.RCC_GetSYSCLKSource)
    i.RCC_HCLKConfig                         0x08002618   Section        0  stm32f10x_rcc.o(i.RCC_HCLKConfig)
    i.RCC_HSEConfig                          0x0800262c   Section        0  stm32f10x_rcc.o(i.RCC_HSEConfig)
    i.RCC_HSICmd                             0x08002664   Section        0  stm32f10x_rcc.o(i.RCC_HSICmd)
    i.RCC_PCLK1Config                        0x08002670   Section        0  stm32f10x_rcc.o(i.RCC_PCLK1Config)
    i.RCC_PCLK2Config                        0x08002684   Section        0  stm32f10x_rcc.o(i.RCC_PCLK2Config)
    i.RCC_PLLCmd                             0x08002698   Section        0  stm32f10x_rcc.o(i.RCC_PLLCmd)
    i.RCC_PLLConfig                          0x080026a4   Section        0  stm32f10x_rcc.o(i.RCC_PLLConfig)
    i.RCC_SYSCLKConfig                       0x080026b8   Section        0  stm32f10x_rcc.o(i.RCC_SYSCLKConfig)
    i.RCC_WaitForHSEStartUp                  0x080026cc   Section        0  stm32f10x_rcc.o(i.RCC_WaitForHSEStartUp)
    i.SysTick_CLKSourceConfig                0x08002700   Section        0  misc.o(i.SysTick_CLKSourceConfig)
    i.TIM_ARRPreloadConfig                   0x08002716   Section        0  stm32f10x_tim.o(i.TIM_ARRPreloadConfig)
    i.TIM_Cmd                                0x0800272c   Section        0  stm32f10x_tim.o(i.TIM_Cmd)
    i.TIM_CtrlPWMOutputs                     0x08002742   Section        0  stm32f10x_tim.o(i.TIM_CtrlPWMOutputs)
    i.TIM_OC2Init                            0x08002758   Section        0  stm32f10x_tim.o(i.TIM_OC2Init)
    i.TIM_OC2PreloadConfig                   0x080027dc   Section        0  stm32f10x_tim.o(i.TIM_OC2PreloadConfig)
    i.TIM_OCStructInit                       0x080027ea   Section        0  stm32f10x_tim.o(i.TIM_OCStructInit)
    i.TIM_TimeBaseInit                       0x080027fe   Section        0  stm32f10x_tim.o(i.TIM_TimeBaseInit)
    i.USART_Cmd                              0x0800283a   Section        0  stm32f10x_usart.o(i.USART_Cmd)
    i.USART_GetFlagStatus                    0x0800284c   Section        0  stm32f10x_usart.o(i.USART_GetFlagStatus)
    i.USART_GetITStatus                      0x0800285a   Section        0  stm32f10x_usart.o(i.USART_GetITStatus)
    i.USART_ITConfig                         0x0800289e   Section        0  stm32f10x_usart.o(i.USART_ITConfig)
    i.USART_Init                             0x080028d0   Section        0  stm32f10x_usart.o(i.USART_Init)
    i.USART_ReceiveData                      0x08002960   Section        0  stm32f10x_usart.o(i.USART_ReceiveData)
    i.USART_SendData                         0x08002968   Section        0  stm32f10x_usart.o(i.USART_SendData)
    i.USART_StructInit                       0x08002970   Section        0  stm32f10x_usart.o(i.USART_StructInit)
    .data                                    0x20000000   Section       31  esc_80_yaw_control.o(.data)
    .data                                    0x20000020   Section       14  iap.o(.data)
    .data                                    0x20000030   Section        6  setcan.o(.data)
    .data                                    0x20000038   Section        4  setclock.o(.data)
    .data                                    0x2000003c   Section       13  setsystick.o(.data)
    .data                                    0x2000004c   Section       12  setuart.o(.data)
    .data                                    0x20000058   Section        5  system_error_status.o(.data)
    .data                                    0x20000060   Section        4  iap_jumper.o(.data)
    .data                                    0x20000064   Section       20  stm32f10x_rcc.o(.data)
    ADCPrescTable                            0x20000064   Data           4  stm32f10x_rcc.o(.data)
    APBAHBPrescTable                         0x20000068   Data          16  stm32f10x_rcc.o(.data)
    .bss                                     0x20000078   Section     2400  iap.o(.bss)
    .bss                                     0x200009d8   Section     4088  setcan.o(.bss)
    .bss                                     0x200019d0   Section      296  iap_jumper.o(.bss)
    aip_decoder                              0x200019d0   Data         148  iap_jumper.o(.bss)
    .bss                                     0x20001af8   Section       96  libspace.o(.bss)
    HEAP                                     0x20001b58   Section      512  startup_stm32f10x_md.o(HEAP)
    Heap_Mem                                 0x20001b58   Data         512  startup_stm32f10x_md.o(HEAP)
    STACK                                    0x20001d58   Section     1024  startup_stm32f10x_md.o(STACK)
    Stack_Mem                                0x20001d58   Data        1024  startup_stm32f10x_md.o(STACK)
    __initial_sp                             0x20002158   Data           0  startup_stm32f10x_md.o(STACK)

    Global Symbols

    Symbol Name                              Value     Ov Type        Size  Object(Section)

    BuildAttributes$$THM_ISAv4$P$D$K$B$S$PE$A:L22UL41UL21$X:L11$S22US41US21$IEEE1$IW$USESV6$~STKCKD$USESV7$~SHL$OTIME$ROPI$EBA8$UX$STANDARDLIB$REQ8$PRES8$EABIv2 0x00000000   Number         0  anon$$obj.o ABSOLUTE
    __ARM_use_no_argv                        0x00000000   Number         0  main.o ABSOLUTE
    __ARM_exceptions_init                     - Undefined Weak Reference
    __alloca_initialize                       - Undefined Weak Reference
    __arm_preinit_                            - Undefined Weak Reference
    __cpp_initialize__aeabi_                  - Undefined Weak Reference
    __cxa_finalize                            - Undefined Weak Reference
    __rt_locale                               - Undefined Weak Reference
    __sigvec_lookup                           - Undefined Weak Reference
    _atexit_init                              - Undefined Weak Reference
    _call_atexit_fns                          - Undefined Weak Reference
    _clock_init                               - Undefined Weak Reference
    _fp_trap_init                             - Undefined Weak Reference
    _fp_trap_shutdown                         - Undefined Weak Reference
    _get_lc_collate                           - Undefined Weak Reference
    _get_lc_ctype                             - Undefined Weak Reference
    _get_lc_monetary                          - Undefined Weak Reference
    _get_lc_numeric                           - Undefined Weak Reference
    _get_lc_time                              - Undefined Weak Reference
    _getenv_init                              - Undefined Weak Reference
    _handle_redirection                       - Undefined Weak Reference
    _init_alloc                               - Undefined Weak Reference
    _init_user_alloc                          - Undefined Weak Reference
    _initio                                   - Undefined Weak Reference
    _rand_init                                - Undefined Weak Reference
    _signal_finish                            - Undefined Weak Reference
    _signal_init                              - Undefined Weak Reference
    _terminate_alloc                          - Undefined Weak Reference
    _terminate_user_alloc                     - Undefined Weak Reference
    _terminateio                              - Undefined Weak Reference
    __Vectors_Size                           0x000000ec   Number         0  startup_stm32f10x_md.o ABSOLUTE
    __Vectors                                0x08000000   Data           4  startup_stm32f10x_md.o(RESET)
    __Vectors_End                            0x080000ec   Data           0  startup_stm32f10x_md.o(RESET)
    __main                                   0x080000ed   Thumb Code     8  __main.o(!!!main)
    __scatterload                            0x080000f5   Thumb Code     0  __scatter.o(!!!scatter)
    __scatterload_rt2                        0x080000f5   Thumb Code    44  __scatter.o(!!!scatter)
    __scatterload_rt2_thumb_only             0x080000f5   Thumb Code     0  __scatter.o(!!!scatter)
    __scatterload_null                       0x08000103   Thumb Code     0  __scatter.o(!!!scatter)
    __scatterload_copy                       0x08000129   Thumb Code    26  __scatter_copy.o(!!handler_copy)
    __scatterload_zeroinit                   0x08000145   Thumb Code    28  __scatter_zi.o(!!handler_zi)
    __rt_lib_init                            0x08000161   Thumb Code     0  libinit.o(.ARM.Collect$$libinit$$00000000)
    __rt_lib_init_alloca_1                   0x08000163   Thumb Code     0  libinit2.o(.ARM.Collect$$libinit$$0000002E)
    __rt_lib_init_argv_1                     0x08000163   Thumb Code     0  libinit2.o(.ARM.Collect$$libinit$$0000002C)
    __rt_lib_init_atexit_1                   0x08000163   Thumb Code     0  libinit2.o(.ARM.Collect$$libinit$$0000001B)
    __rt_lib_init_clock_1                    0x08000163   Thumb Code     0  libinit2.o(.ARM.Collect$$libinit$$00000021)
    __rt_lib_init_cpp_1                      0x08000163   Thumb Code     0  libinit2.o(.ARM.Collect$$libinit$$00000032)
    __rt_lib_init_exceptions_1               0x08000163   Thumb Code     0  libinit2.o(.ARM.Collect$$libinit$$00000030)
    __rt_lib_init_fp_1                       0x08000163   Thumb Code     0  libinit2.o(.ARM.Collect$$libinit$$00000002)
    __rt_lib_init_fp_trap_1                  0x08000163   Thumb Code     0  libinit2.o(.ARM.Collect$$libinit$$0000001F)
    __rt_lib_init_getenv_1                   0x08000163   Thumb Code     0  libinit2.o(.ARM.Collect$$libinit$$00000023)
    __rt_lib_init_heap_1                     0x08000163   Thumb Code     0  libinit2.o(.ARM.Collect$$libinit$$0000000A)
    __rt_lib_init_lc_collate_1               0x08000163   Thumb Code     0  libinit2.o(.ARM.Collect$$libinit$$00000011)
    __rt_lib_init_lc_ctype_1                 0x08000163   Thumb Code     0  libinit2.o(.ARM.Collect$$libinit$$00000013)
    __rt_lib_init_lc_monetary_1              0x08000163   Thumb Code     0  libinit2.o(.ARM.Collect$$libinit$$00000015)
    __rt_lib_init_lc_numeric_1               0x08000163   Thumb Code     0  libinit2.o(.ARM.Collect$$libinit$$00000017)
    __rt_lib_init_lc_time_1                  0x08000163   Thumb Code     0  libinit2.o(.ARM.Collect$$libinit$$00000019)
    __rt_lib_init_preinit_1                  0x08000163   Thumb Code     0  libinit2.o(.ARM.Collect$$libinit$$00000004)
    __rt_lib_init_rand_1                     0x08000163   Thumb Code     0  libinit2.o(.ARM.Collect$$libinit$$0000000E)
    __rt_lib_init_return                     0x08000163   Thumb Code     0  libinit2.o(.ARM.Collect$$libinit$$00000033)
    __rt_lib_init_signal_1                   0x08000163   Thumb Code     0  libinit2.o(.ARM.Collect$$libinit$$0000001D)
    __rt_lib_init_stdio_1                    0x08000163   Thumb Code     0  libinit2.o(.ARM.Collect$$libinit$$00000025)
    __rt_lib_init_user_alloc_1               0x08000163   Thumb Code     0  libinit2.o(.ARM.Collect$$libinit$$0000000C)
    __rt_lib_shutdown                        0x08000165   Thumb Code     0  libshutdown.o(.ARM.Collect$$libshutdown$$00000000)
    __rt_lib_shutdown_fp_trap_1              0x08000167   Thumb Code     0  libshutdown2.o(.ARM.Collect$$libshutdown$$00000006)
    __rt_lib_shutdown_heap_1                 0x08000167   Thumb Code     0  libshutdown2.o(.ARM.Collect$$libshutdown$$0000000E)
    __rt_lib_shutdown_return                 0x08000167   Thumb Code     0  libshutdown2.o(.ARM.Collect$$libshutdown$$0000000F)
    __rt_lib_shutdown_signal_1               0x08000167   Thumb Code     0  libshutdown2.o(.ARM.Collect$$libshutdown$$00000009)
    __rt_lib_shutdown_stdio_1                0x08000167   Thumb Code     0  libshutdown2.o(.ARM.Collect$$libshutdown$$00000003)
    __rt_lib_shutdown_user_alloc_1           0x08000167   Thumb Code     0  libshutdown2.o(.ARM.Collect$$libshutdown$$0000000B)
    __rt_entry                               0x08000169   Thumb Code     0  __rtentry.o(.ARM.Collect$$rtentry$$00000000)
    __rt_entry_presh_1                       0x08000169   Thumb Code     0  __rtentry2.o(.ARM.Collect$$rtentry$$00000002)
    __rt_entry_sh                            0x08000169   Thumb Code     0  __rtentry4.o(.ARM.Collect$$rtentry$$00000004)
    __rt_entry_li                            0x0800016f   Thumb Code     0  __rtentry2.o(.ARM.Collect$$rtentry$$0000000A)
    __rt_entry_postsh_1                      0x0800016f   Thumb Code     0  __rtentry2.o(.ARM.Collect$$rtentry$$00000009)
    __rt_entry_main                          0x08000173   Thumb Code     0  __rtentry2.o(.ARM.Collect$$rtentry$$0000000D)
    __rt_entry_postli_1                      0x08000173   Thumb Code     0  __rtentry2.o(.ARM.Collect$$rtentry$$0000000C)
    __rt_exit                                0x0800017b   Thumb Code     0  rtexit.o(.ARM.Collect$$rtexit$$00000000)
    __rt_exit_ls                             0x0800017d   Thumb Code     0  rtexit2.o(.ARM.Collect$$rtexit$$00000003)
    __rt_exit_prels_1                        0x0800017d   Thumb Code     0  rtexit2.o(.ARM.Collect$$rtexit$$00000002)
    __rt_exit_exit                           0x08000181   Thumb Code     0  rtexit2.o(.ARM.Collect$$rtexit$$00000004)
    __get_PSP                                0x08000189   Thumb Code     6  core_cm3.o(.emb_text)
    __set_PSP                                0x0800018f   Thumb Code     6  core_cm3.o(.emb_text)
    __get_MSP                                0x08000195   Thumb Code     6  core_cm3.o(.emb_text)
    __set_MSP                                0x0800019b   Thumb Code     6  core_cm3.o(.emb_text)
    __REV16                                  0x080001a1   Thumb Code     4  core_cm3.o(.emb_text)
    __REVSH                                  0x080001a5   Thumb Code     4  core_cm3.o(.emb_text)
    a_esc_pump_pin_control_middle            0x080001a9   Thumb Code   116  setgpio_2.o(.text)
    Esc_Pump_Pitch_Pin_Control_Config        0x0800021d   Thumb Code    16  setgpio_2.o(.text)
    Esc_GPIO_Configuration                   0x0800022d   Thumb Code   294  setgpio_2.o(.text)
    TIM1_Pwm_Config                          0x08000365   Thumb Code   196  esc_80_yaw_control.o(.text)
    _yaw_change_pwm                          0x08000429   Thumb Code    26  esc_80_yaw_control.o(.text)
    yaw_set_yaw_pwm                          0x08000443   Thumb Code    34  esc_80_yaw_control.o(.text)
    _yaw_control_shutdown                    0x08000465   Thumb Code    24  esc_80_yaw_control.o(.text)
    _yaw_control_poweron                     0x0800047d   Thumb Code    12  esc_80_yaw_control.o(.text)
    _yaw_control_forward                     0x08000489   Thumb Code    24  esc_80_yaw_control.o(.text)
    _yaw_control_back                        0x080004a1   Thumb Code    24  esc_80_yaw_control.o(.text)
    Esc_Yaw_Control_Configure                0x080004b9   Thumb Code   152  esc_80_yaw_control.o(.text)
    _memcpy                                  0x08000565   Thumb Code    26  iap.o(.text)
    _memset                                  0x0800057f   Thumb Code    20  iap.o(.text)
    encodeCallback                           0x08000593   Thumb Code    16  iap.o(.text)
    is_main_program_written                  0x080005a3   Thumb Code    22  iap.o(.text)
    is_iap_tag_set                           0x080005b9   Thumb Code    18  iap.o(.text)
    clean_iap_tag                            0x080005cb   Thumb Code    10  iap.o(.text)
    main_deinit                              0x080005d5   Thumb Code    14  iap.o(.text)
    jump_to_main_program                     0x080005e3   Thumb Code    40  iap.o(.text)
    answer_ack_ok                            0x0800060b   Thumb Code    20  iap.o(.text)
    answer_ack_false                         0x0800061f   Thumb Code    26  iap.o(.text)
    answer_ack_restart                       0x08000639   Thumb Code    20  iap.o(.text)
    program_page_to_flash                    0x0800064d   Thumb Code   146  iap.o(.text)
    flash_process_init                       0x080006df   Thumb Code    26  iap.o(.text)
    flash_process_end                        0x080006f9   Thumb Code     8  iap.o(.text)
    init_program_buff                        0x08000701   Thumb Code    22  iap.o(.text)
    flush_program_buff                       0x08000717   Thumb Code    60  iap.o(.text)
    handle_packget                           0x08000753   Thumb Code   142  iap.o(.text)
    catch_program_app_head_in_ms             0x080007e1   Thumb Code    72  iap.o(.text)
    main_setup                               0x08000829   Thumb Code   102  iap.o(.text)
    main_loop                                0x0800088f   Thumb Code   222  iap.o(.text)
    Iap_GPIO_Configuration                   0x0800099d   Thumb Code    14  iapsetgpio.o(.text)
    cmdcoder_init                            0x080009db   Thumb Code    30  cmdcoder.o(.text)
    cmdcoder_Parse_byte                      0x080009f9   Thumb Code   416  cmdcoder.o(.text)
    cmdcoder_encode_and_send                 0x08000b99   Thumb Code   244  cmdcoder.o(.text)
    cmdcoder_send_bytes                      0x08000c8d   Thumb Code    70  cmdcoder.o(.text)
    fifo_init                                0x08000cd3   Thumb Code    22  fifo.o(.text)
    fifo_avail                               0x08000ce9   Thumb Code     6  fifo.o(.text)
    fifo_free                                0x08000cef   Thumb Code    12  fifo.o(.text)
    fifo_enabled                             0x08000cfb   Thumb Code     6  fifo.o(.text)
    is_fifo_overflow                         0x08000d01   Thumb Code     6  fifo.o(.text)
    fifo_put                                 0x08000d07   Thumb Code    50  fifo.o(.text)
    fifo_recovery_put                        0x08000d39   Thumb Code    68  fifo.o(.text)
    fifo_get                                 0x08000d7d   Thumb Code    50  fifo.o(.text)
    fifo_void_init                           0x08000daf   Thumb Code    24  fifo_void.o(.text)
    fifo_void_avail                          0x08000dc7   Thumb Code    24  fifo_void.o(.text)
    fifo_void_free                           0x08000ddf   Thumb Code    18  fifo_void.o(.text)
    fifo_void_enabled                        0x08000df1   Thumb Code     6  fifo_void.o(.text)
    is_fifo_void_overflow                    0x08000df7   Thumb Code     6  fifo_void.o(.text)
    fifo_void_put                            0x08000dfd   Thumb Code    48  fifo_void.o(.text)
    fifo_void_recovery_put                   0x08000e2d   Thumb Code    60  fifo_void.o(.text)
    fifo_void_get                            0x08000e69   Thumb Code    46  fifo_void.o(.text)
    main                                     0x08000e97   Thumb Code    24  main.o(.text)
    can_rx_put_cb                            0x08000eb1   Thumb Code    26  setcan.o(.text)
    can_rx_get_cb                            0x08000ecb   Thumb Code    26  setcan.o(.text)
    can_tx_put_cb                            0x08000ee5   Thumb Code    26  setcan.o(.text)
    can_tx_get_cb                            0x08000eff   Thumb Code    26  setcan.o(.text)
    Can1_Configuration_mask                  0x08000f19   Thumb Code   418  setcan.o(.text)
    Can1_Configuration                       0x080010bb   Thumb Code    18  setcan.o(.text)
    Can1_Send_Message                        0x080010cd   Thumb Code   126  setcan.o(.text)
    Can1_Send                                0x0800114b   Thumb Code    96  setcan.o(.text)
    Can1_Get_CanRxMsg                        0x080011ab   Thumb Code    58  setcan.o(.text)
    USB_LP_CAN1_RX0_IRQHandler               0x080011e5   Thumb Code    54  setcan.o(.text)
    CAN1_RX1_IRQHandler                      0x0800121b   Thumb Code    22  setcan.o(.text)
    USB_HP_CAN1_TX_IRQHandler                0x08001231   Thumb Code   246  setcan.o(.text)
    configHisClock                           0x08001345   Thumb Code   110  setclock.o(.text)
    SetupPllClock                            0x080013b3   Thumb Code   184  setclock.o(.text)
    SysTick_Configuration                    0x08001479   Thumb Code    90  setsystick.o(.text)
    SysTick_Deinit                           0x080014d3   Thumb Code    28  setsystick.o(.text)
    SysTick_Handler                          0x080014ef   Thumb Code    28  setsystick.o(.text)
    Systick_Event                            0x0800150b   Thumb Code   102  setsystick.o(.text)
    delay_us                                 0x08001571   Thumb Code    16  setsystick.o(.text)
    systick_time_start                       0x08001581   Thumb Code    40  setsystick.o(.text)
    check_systick_time                       0x080015a9   Thumb Code    66  setsystick.o(.text)
    Uart_Configuration                       0x08001605   Thumb Code   274  setuart.o(.text)
    Uart_DeInit                              0x08001717   Thumb Code    38  setuart.o(.text)
    _uart_irq_function                       0x0800173d   Thumb Code   148  setuart.o(.text)
    USART1_IRQHandler                        0x080017d1   Thumb Code    12  setuart.o(.text)
    USART2_IRQHandler                        0x080017dd   Thumb Code    12  setuart.o(.text)
    USART3_IRQHandler                        0x080017e9   Thumb Code    12  setuart.o(.text)
    Uart_GetChar                             0x080017f5   Thumb Code    48  setuart.o(.text)
    Uart_PutChar                             0x08001825   Thumb Code   102  setuart.o(.text)
    Uart_PutString                           0x0800188b   Thumb Code    26  setuart.o(.text)
    Uart_PutBytes                            0x080018a5   Thumb Code    32  setuart.o(.text)
    system_error_init                        0x080018dd   Thumb Code    10  system_error_status.o(.text)
    system_error_get                         0x080018e7   Thumb Code     4  system_error_status.o(.text)
    system_Error_Callback                    0x080018eb   Thumb Code   234  system_error_status.o(.text)
    get_iap_tag                              0x080019e5   Thumb Code     6  iap_jumper.o(.text)
    set_iap_tag                              0x080019eb   Thumb Code   122  iap_jumper.o(.text)
    aipjumperEnodeCallback                   0x08001a65   Thumb Code    18  iap_jumper.o(.text)
    iap_jumper_answer_ack_false              0x08001a77   Thumb Code    38  iap_jumper.o(.text)
    jump_by_reset                            0x08001a9d   Thumb Code    30  iap_jumper.o(.text)
    jump_to_iap_program                      0x08001abb   Thumb Code    36  iap_jumper.o(.text)
    jump_iap                                 0x08001adf   Thumb Code     4  iap_jumper.o(.text)
    Iap_Configure                            0x08001ae3   Thumb Code     6  iap_jumper.o(.text)
    Iap_Event                                0x08001ae9   Thumb Code    70  iap_jumper.o(.text)
    Reset_Handler                            0x08001b49   Thumb Code     4  startup_stm32f10x_md.o(.text)
    NMI_Handler                              0x08001b4d   Thumb Code     2  startup_stm32f10x_md.o(.text)
    HardFault_Handler                        0x08001b4f   Thumb Code     2  startup_stm32f10x_md.o(.text)
    MemManage_Handler                        0x08001b51   Thumb Code     2  startup_stm32f10x_md.o(.text)
    BusFault_Handler                         0x08001b53   Thumb Code     2  startup_stm32f10x_md.o(.text)
    UsageFault_Handler                       0x08001b55   Thumb Code     2  startup_stm32f10x_md.o(.text)
    SVC_Handler                              0x08001b57   Thumb Code     2  startup_stm32f10x_md.o(.text)
    DebugMon_Handler                         0x08001b59   Thumb Code     2  startup_stm32f10x_md.o(.text)
    PendSV_Handler                           0x08001b5b   Thumb Code     2  startup_stm32f10x_md.o(.text)
    ADC1_2_IRQHandler                        0x08001b5f   Thumb Code     0  startup_stm32f10x_md.o(.text)
    CAN1_SCE_IRQHandler                      0x08001b5f   Thumb Code     0  startup_stm32f10x_md.o(.text)
    DMA1_Channel1_IRQHandler                 0x08001b5f   Thumb Code     0  startup_stm32f10x_md.o(.text)
    DMA1_Channel2_IRQHandler                 0x08001b5f   Thumb Code     0  startup_stm32f10x_md.o(.text)
    DMA1_Channel3_IRQHandler                 0x08001b5f   Thumb Code     0  startup_stm32f10x_md.o(.text)
    DMA1_Channel4_IRQHandler                 0x08001b5f   Thumb Code     0  startup_stm32f10x_md.o(.text)
    DMA1_Channel5_IRQHandler                 0x08001b5f   Thumb Code     0  startup_stm32f10x_md.o(.text)
    DMA1_Channel6_IRQHandler                 0x08001b5f   Thumb Code     0  startup_stm32f10x_md.o(.text)
    DMA1_Channel7_IRQHandler                 0x08001b5f   Thumb Code     0  startup_stm32f10x_md.o(.text)
    EXTI0_IRQHandler                         0x08001b5f   Thumb Code     0  startup_stm32f10x_md.o(.text)
    EXTI15_10_IRQHandler                     0x08001b5f   Thumb Code     0  startup_stm32f10x_md.o(.text)
    EXTI1_IRQHandler                         0x08001b5f   Thumb Code     0  startup_stm32f10x_md.o(.text)
    EXTI2_IRQHandler                         0x08001b5f   Thumb Code     0  startup_stm32f10x_md.o(.text)
    EXTI3_IRQHandler                         0x08001b5f   Thumb Code     0  startup_stm32f10x_md.o(.text)
    EXTI4_IRQHandler                         0x08001b5f   Thumb Code     0  startup_stm32f10x_md.o(.text)
    EXTI9_5_IRQHandler                       0x08001b5f   Thumb Code     0  startup_stm32f10x_md.o(.text)
    FLASH_IRQHandler                         0x08001b5f   Thumb Code     0  startup_stm32f10x_md.o(.text)
    I2C1_ER_IRQHandler                       0x08001b5f   Thumb Code     0  startup_stm32f10x_md.o(.text)
    I2C1_EV_IRQHandler                       0x08001b5f   Thumb Code     0  startup_stm32f10x_md.o(.text)
    I2C2_ER_IRQHandler                       0x08001b5f   Thumb Code     0  startup_stm32f10x_md.o(.text)
    I2C2_EV_IRQHandler                       0x08001b5f   Thumb Code     0  startup_stm32f10x_md.o(.text)
    PVD_IRQHandler                           0x08001b5f   Thumb Code     0  startup_stm32f10x_md.o(.text)
    RCC_IRQHandler                           0x08001b5f   Thumb Code     0  startup_stm32f10x_md.o(.text)
    RTCAlarm_IRQHandler                      0x08001b5f   Thumb Code     0  startup_stm32f10x_md.o(.text)
    RTC_IRQHandler                           0x08001b5f   Thumb Code     0  startup_stm32f10x_md.o(.text)
    SPI1_IRQHandler                          0x08001b5f   Thumb Code     0  startup_stm32f10x_md.o(.text)
    SPI2_IRQHandler                          0x08001b5f   Thumb Code     0  startup_stm32f10x_md.o(.text)
    TAMPER_IRQHandler                        0x08001b5f   Thumb Code     0  startup_stm32f10x_md.o(.text)
    TIM1_BRK_IRQHandler                      0x08001b5f   Thumb Code     0  startup_stm32f10x_md.o(.text)
    TIM1_CC_IRQHandler                       0x08001b5f   Thumb Code     0  startup_stm32f10x_md.o(.text)
    TIM1_TRG_COM_IRQHandler                  0x08001b5f   Thumb Code     0  startup_stm32f10x_md.o(.text)
    TIM1_UP_IRQHandler                       0x08001b5f   Thumb Code     0  startup_stm32f10x_md.o(.text)
    TIM2_IRQHandler                          0x08001b5f   Thumb Code     0  startup_stm32f10x_md.o(.text)
    TIM3_IRQHandler                          0x08001b5f   Thumb Code     0  startup_stm32f10x_md.o(.text)
    TIM4_IRQHandler                          0x08001b5f   Thumb Code     0  startup_stm32f10x_md.o(.text)
    USBWakeUp_IRQHandler                     0x08001b5f   Thumb Code     0  startup_stm32f10x_md.o(.text)
    WWDG_IRQHandler                          0x08001b5f   Thumb Code     0  startup_stm32f10x_md.o(.text)
    __user_initial_stackheap                 0x08001b61   Thumb Code     0  startup_stm32f10x_md.o(.text)
    __aeabi_memcpy4                          0x08001b81   Thumb Code     0  rt_memcpy_w.o(.text)
    __aeabi_memcpy8                          0x08001b81   Thumb Code     0  rt_memcpy_w.o(.text)
    __rt_memcpy_w                            0x08001b81   Thumb Code   100  rt_memcpy_w.o(.text)
    _memcpy_lastbytes_aligned                0x08001bc9   Thumb Code     0  rt_memcpy_w.o(.text)
    __use_two_region_memory                  0x08001be5   Thumb Code     2  heapauxi.o(.text)
    __rt_heap_escrow$2region                 0x08001be7   Thumb Code     2  heapauxi.o(.text)
    __rt_heap_expand$2region                 0x08001be9   Thumb Code     2  heapauxi.o(.text)
    __user_setup_stackheap                   0x08001beb   Thumb Code    74  sys_stackheap_outer.o(.text)
    exit                                     0x08001c35   Thumb Code    12  exit.o(.text)
    __user_libspace                          0x08001c41   Thumb Code     8  libspace.o(.text)
    __user_perproc_libspace                  0x08001c41   Thumb Code     0  libspace.o(.text)
    __user_perthread_libspace                0x08001c41   Thumb Code     0  libspace.o(.text)
    _sys_exit                                0x08001c49   Thumb Code     8  sys_exit.o(.text)
    __I$use$semihosting                      0x08001c55   Thumb Code     0  use_no_semi.o(.text)
    __use_no_semihosting_swi                 0x08001c55   Thumb Code     2  use_no_semi.o(.text)
    CAN_DeInit                               0x08001c57   Thumb Code    58  stm32f10x_can.o(i.CAN_DeInit)
    __semihosting_library_function           0x08001c57   Thumb Code     0  indicate_semi.o(.text)
    CAN_FilterInit                           0x08001c91   Thumb Code   222  stm32f10x_can.o(i.CAN_FilterInit)
    CAN_GetITStatus                          0x08001d75   Thumb Code   232  stm32f10x_can.o(i.CAN_GetITStatus)
    CAN_ITConfig                             0x08001e5d   Thumb Code    16  stm32f10x_can.o(i.CAN_ITConfig)
    CAN_Init                                 0x08001e6d   Thumb Code   244  stm32f10x_can.o(i.CAN_Init)
    CAN_Receive                              0x08001f61   Thumb Code   178  stm32f10x_can.o(i.CAN_Receive)
    CAN_StructInit                           0x08002013   Thumb Code    32  stm32f10x_can.o(i.CAN_StructInit)
    CAN_Transmit                             0x08002033   Thumb Code   184  stm32f10x_can.o(i.CAN_Transmit)
    CAN_TransmitStatus                       0x080020eb   Thumb Code   130  stm32f10x_can.o(i.CAN_TransmitStatus)
    FLASH_ClearFlag                          0x0800216d   Thumb Code     6  stm32f10x_flash.o(i.FLASH_ClearFlag)
    FLASH_ErasePage                          0x08002179   Thumb Code    64  stm32f10x_flash.o(i.FLASH_ErasePage)
    FLASH_Lock                               0x080021bd   Thumb Code    12  stm32f10x_flash.o(i.FLASH_Lock)
    FLASH_PrefetchBufferCmd                  0x080021cd   Thumb Code    18  stm32f10x_flash.o(i.FLASH_PrefetchBufferCmd)
    FLASH_ProgramWord                        0x080021e5   Thumb Code    74  stm32f10x_flash.o(i.FLASH_ProgramWord)
    FLASH_SetLatency                         0x08002235   Thumb Code    14  stm32f10x_flash.o(i.FLASH_SetLatency)
    FLASH_Unlock                             0x08002249   Thumb Code    12  stm32f10x_flash.o(i.FLASH_Unlock)
    FLASH_WaitForLastOperation               0x08002261   Thumb Code   102  stm32f10x_flash.o(i.FLASH_WaitForLastOperation)
    GPIO_Init                                0x080022cd   Thumb Code   202  stm32f10x_gpio.o(i.GPIO_Init)
    GPIO_PinRemapConfig                      0x08002399   Thumb Code    84  stm32f10x_gpio.o(i.GPIO_PinRemapConfig)
    GPIO_ResetBits                           0x080023f1   Thumb Code     4  stm32f10x_gpio.o(i.GPIO_ResetBits)
    GPIO_StructInit                          0x080023f5   Thumb Code    16  stm32f10x_gpio.o(i.GPIO_StructInit)
    NVIC_Init                                0x08002405   Thumb Code   108  misc.o(i.NVIC_Init)
    NVIC_PriorityGroupConfig                 0x08002471   Thumb Code    14  misc.o(i.NVIC_PriorityGroupConfig)
    NVIC_SetVectorTable                      0x08002485   Thumb Code    16  misc.o(i.NVIC_SetVectorTable)
    RCC_ADCCLKConfig                         0x08002499   Thumb Code    14  stm32f10x_rcc.o(i.RCC_ADCCLKConfig)
    RCC_APB1PeriphClockCmd                   0x080024ad   Thumb Code    18  stm32f10x_rcc.o(i.RCC_APB1PeriphClockCmd)
    RCC_APB1PeriphResetCmd                   0x080024c5   Thumb Code    18  stm32f10x_rcc.o(i.RCC_APB1PeriphResetCmd)
    RCC_APB2PeriphClockCmd                   0x080024dd   Thumb Code    18  stm32f10x_rcc.o(i.RCC_APB2PeriphClockCmd)
    RCC_DeInit                               0x080024f5   Thumb Code    54  stm32f10x_rcc.o(i.RCC_DeInit)
    RCC_GetClocksFreq                        0x08002535   Thumb Code   148  stm32f10x_rcc.o(i.RCC_GetClocksFreq)
    RCC_GetFlagStatus                        0x080025d9   Thumb Code    42  stm32f10x_rcc.o(i.RCC_GetFlagStatus)
    RCC_GetSYSCLKSource                      0x08002609   Thumb Code    10  stm32f10x_rcc.o(i.RCC_GetSYSCLKSource)
    RCC_HCLKConfig                           0x08002619   Thumb Code    14  stm32f10x_rcc.o(i.RCC_HCLKConfig)
    RCC_HSEConfig                            0x0800262d   Thumb Code    50  stm32f10x_rcc.o(i.RCC_HSEConfig)
    RCC_HSICmd                               0x08002665   Thumb Code     6  stm32f10x_rcc.o(i.RCC_HSICmd)
    RCC_PCLK1Config                          0x08002671   Thumb Code    14  stm32f10x_rcc.o(i.RCC_PCLK1Config)
    RCC_PCLK2Config                          0x08002685   Thumb Code    16  stm32f10x_rcc.o(i.RCC_PCLK2Config)
    RCC_PLLCmd                               0x08002699   Thumb Code     6  stm32f10x_rcc.o(i.RCC_PLLCmd)
    RCC_PLLConfig                            0x080026a5   Thumb Code    16  stm32f10x_rcc.o(i.RCC_PLLConfig)
    RCC_SYSCLKConfig                         0x080026b9   Thumb Code    14  stm32f10x_rcc.o(i.RCC_SYSCLKConfig)
    RCC_WaitForHSEStartUp                    0x080026cd   Thumb Code    48  stm32f10x_rcc.o(i.RCC_WaitForHSEStartUp)
    SysTick_CLKSourceConfig                  0x08002701   Thumb Code    22  misc.o(i.SysTick_CLKSourceConfig)
    TIM_ARRPreloadConfig                     0x08002717   Thumb Code    22  stm32f10x_tim.o(i.TIM_ARRPreloadConfig)
    TIM_Cmd                                  0x0800272d   Thumb Code    22  stm32f10x_tim.o(i.TIM_Cmd)
    TIM_CtrlPWMOutputs                       0x08002743   Thumb Code    22  stm32f10x_tim.o(i.TIM_CtrlPWMOutputs)
    TIM_OC2Init                              0x08002759   Thumb Code   132  stm32f10x_tim.o(i.TIM_OC2Init)
    TIM_OC2PreloadConfig                     0x080027dd   Thumb Code    14  stm32f10x_tim.o(i.TIM_OC2PreloadConfig)
    TIM_OCStructInit                         0x080027eb   Thumb Code    20  stm32f10x_tim.o(i.TIM_OCStructInit)
    TIM_TimeBaseInit                         0x080027ff   Thumb Code    60  stm32f10x_tim.o(i.TIM_TimeBaseInit)
    USART_Cmd                                0x0800283b   Thumb Code    18  stm32f10x_usart.o(i.USART_Cmd)
    USART_GetFlagStatus                      0x0800284d   Thumb Code    14  stm32f10x_usart.o(i.USART_GetFlagStatus)
    USART_GetITStatus                        0x0800285b   Thumb Code    68  stm32f10x_usart.o(i.USART_GetITStatus)
    USART_ITConfig                           0x0800289f   Thumb Code    48  stm32f10x_usart.o(i.USART_ITConfig)
    USART_Init                               0x080028d1   Thumb Code   140  stm32f10x_usart.o(i.USART_Init)
    USART_ReceiveData                        0x08002961   Thumb Code     8  stm32f10x_usart.o(i.USART_ReceiveData)
    USART_SendData                           0x08002969   Thumb Code     8  stm32f10x_usart.o(i.USART_SendData)
    USART_StructInit                         0x08002971   Thumb Code    22  stm32f10x_usart.o(i.USART_StructInit)
    Region$$Table$$Base                      0x08002988   Number         0  anon$$obj.o(Region$$Table)
    Region$$Table$$Limit                     0x080029a8   Number         0  anon$$obj.o(Region$$Table)
    yawAngleLowPartAdcValueR                 0x20000000   Data           2  esc_80_yaw_control.o(.data)
    yawAngleHightPartAdcValueR               0x20000002   Data           2  esc_80_yaw_control.o(.data)
    yawAngleAdcValue                         0x20000004   Data           2  esc_80_yaw_control.o(.data)
    yawExpectAngle                           0x20000008   Data           4  esc_80_yaw_control.o(.data)
    yawExpectAngleAdcValue                   0x2000000c   Data           2  esc_80_yaw_control.o(.data)
    yawCurrentAdcValue                       0x2000000e   Data           2  esc_80_yaw_control.o(.data)
    yawCurrentMaxFailSafeAdcValue            0x20000010   Data           2  esc_80_yaw_control.o(.data)
    yawControlInited                         0x20000014   Data           4  esc_80_yaw_control.o(.data)
    _failsafe_time_ms                        0x20000018   Data           4  esc_80_yaw_control.o(.data)
    yaw_pwm                                  0x2000001c   Data           2  esc_80_yaw_control.o(.data)
    _yaw_angle_direction                     0x2000001e   Data           1  esc_80_yaw_control.o(.data)
    program_step                             0x20000020   Data           1  iap.o(.data)
    program_buff_index                       0x20000024   Data           4  iap.o(.data)
    program_addr                             0x20000028   Data           4  iap.o(.data)
    program_data_frame_seq                   0x2000002c   Data           1  iap.o(.data)
    FLASHStatus                              0x2000002d   Data           1  iap.o(.data)
    resend_count                             0x20000030   Data           4  setcan.o(.data)
    in_send_loop                             0x20000034   Data           1  setcan.o(.data)
    TransmitMailbox                          0x20000035   Data           1  setcan.o(.data)
    systemClk                                0x20000038   Data           4  setclock.o(.data)
    TimingDelay                              0x2000003c   Data           4  setsystick.o(.data)
    systick_ms                               0x20000040   Data           4  setsystick.o(.data)
    systick_us                               0x20000044   Data           4  setsystick.o(.data)
    systick_ms_overflow                      0x20000048   Data           1  setsystick.o(.data)
    uart1_p                                  0x2000004c   Data           4  setuart.o(.data)
    uart2_p                                  0x20000050   Data           4  setuart.o(.data)
    uart3_p                                  0x20000054   Data           4  setuart.o(.data)
    _system_error                            0x20000058   Data           5  system_error_status.o(.data)
    remoterUart                              0x20000060   Data           4  iap_jumper.o(.data)
    programm_buff                            0x20000078   Data        1024  iap.o(.bss)
    IapUart                                  0x20000478   Data        1080  iap.o(.bss)
    decoder                                  0x200008b0   Data         148  iap.o(.bss)
    encoder                                  0x20000944   Data         148  iap.o(.bss)
    RxMessage                                0x200009d8   Data          20  setcan.o(.bss)
    TxMessage                                0x200009ec   Data          20  setcan.o(.bss)
    TxMessageArray                           0x20000a00   Data        2000  setcan.o(.bss)
    RxMessageArray                           0x200011d0   Data        2000  setcan.o(.bss)
    can1_tx_msg_fifo                         0x200019a0   Data          24  setcan.o(.bss)
    can1_rx_msg_fifo                         0x200019b8   Data          24  setcan.o(.bss)
    iapJumperEncoder                         0x20001a64   Data         148  iap_jumper.o(.bss)
    __libspace_start                         0x20001af8   Data          96  libspace.o(.bss)
    __temporary_stack_top$libspace           0x20001b58   Data           0  libspace.o(.bss)



==============================================================================

Memory Map of the image

  Image Entry point : 0x080000ed

  Load Region LR_IROM1 (Base: 0x08000000, Size: 0x00002a20, Max: 0x00004000, ABSOLUTE)

    Execution Region ER_IROM1 (Base: 0x08000000, Size: 0x000029a8, Max: 0x00004000, ABSOLUTE)

    Base Addr    Size         Type   Attr      Idx    E Section Name        Object

    0x08000000   0x000000ec   Data   RO          441    RESET               startup_stm32f10x_md.o
    0x080000ec   0x00000008   Code   RO         1839  * !!!main             c_w.l(__main.o)
    0x080000f4   0x00000034   Code   RO         1995    !!!scatter          c_w.l(__scatter.o)
    0x08000128   0x0000001a   Code   RO         1997    !!handler_copy      c_w.l(__scatter_copy.o)
    0x08000142   0x00000002   PAD
    0x08000144   0x0000001c   Code   RO         1999    !!handler_zi        c_w.l(__scatter_zi.o)
    0x08000160   0x00000002   Code   RO         1866    .ARM.Collect$$libinit$$00000000  c_w.l(libinit.o)
    0x08000162   0x00000000   Code   RO         1873    .ARM.Collect$$libinit$$00000002  c_w.l(libinit2.o)
    0x08000162   0x00000000   Code   RO         1875    .ARM.Collect$$libinit$$00000004  c_w.l(libinit2.o)
    0x08000162   0x00000000   Code   RO         1878    .ARM.Collect$$libinit$$0000000A  c_w.l(libinit2.o)
    0x08000162   0x00000000   Code   RO         1880    .ARM.Collect$$libinit$$0000000C  c_w.l(libinit2.o)
    0x08000162   0x00000000   Code   RO         1882    .ARM.Collect$$libinit$$0000000E  c_w.l(libinit2.o)
    0x08000162   0x00000000   Code   RO         1885    .ARM.Collect$$libinit$$00000011  c_w.l(libinit2.o)
    0x08000162   0x00000000   Code   RO         1887    .ARM.Collect$$libinit$$00000013  c_w.l(libinit2.o)
    0x08000162   0x00000000   Code   RO         1889    .ARM.Collect$$libinit$$00000015  c_w.l(libinit2.o)
    0x08000162   0x00000000   Code   RO         1891    .ARM.Collect$$libinit$$00000017  c_w.l(libinit2.o)
    0x08000162   0x00000000   Code   RO         1893    .ARM.Collect$$libinit$$00000019  c_w.l(libinit2.o)
    0x08000162   0x00000000   Code   RO         1895    .ARM.Collect$$libinit$$0000001B  c_w.l(libinit2.o)
    0x08000162   0x00000000   Code   RO         1897    .ARM.Collect$$libinit$$0000001D  c_w.l(libinit2.o)
    0x08000162   0x00000000   Code   RO         1899    .ARM.Collect$$libinit$$0000001F  c_w.l(libinit2.o)
    0x08000162   0x00000000   Code   RO         1901    .ARM.Collect$$libinit$$00000021  c_w.l(libinit2.o)
    0x08000162   0x00000000   Code   RO         1903    .ARM.Collect$$libinit$$00000023  c_w.l(libinit2.o)
    0x08000162   0x00000000   Code   RO         1905    .ARM.Collect$$libinit$$00000025  c_w.l(libinit2.o)
    0x08000162   0x00000000   Code   RO         1909    .ARM.Collect$$libinit$$0000002C  c_w.l(libinit2.o)
    0x08000162   0x00000000   Code   RO         1911    .ARM.Collect$$libinit$$0000002E  c_w.l(libinit2.o)
    0x08000162   0x00000000   Code   RO         1913    .ARM.Collect$$libinit$$00000030  c_w.l(libinit2.o)
    0x08000162   0x00000000   Code   RO         1915    .ARM.Collect$$libinit$$00000032  c_w.l(libinit2.o)
    0x08000162   0x00000002   Code   RO         1916    .ARM.Collect$$libinit$$00000033  c_w.l(libinit2.o)
    0x08000164   0x00000002   Code   RO         1936    .ARM.Collect$$libshutdown$$00000000  c_w.l(libshutdown.o)
    0x08000166   0x00000000   Code   RO         1950    .ARM.Collect$$libshutdown$$00000003  c_w.l(libshutdown2.o)
    0x08000166   0x00000000   Code   RO         1953    .ARM.Collect$$libshutdown$$00000006  c_w.l(libshutdown2.o)
    0x08000166   0x00000000   Code   RO         1956    .ARM.Collect$$libshutdown$$00000009  c_w.l(libshutdown2.o)
    0x08000166   0x00000000   Code   RO         1958    .ARM.Collect$$libshutdown$$0000000B  c_w.l(libshutdown2.o)
    0x08000166   0x00000000   Code   RO         1961    .ARM.Collect$$libshutdown$$0000000E  c_w.l(libshutdown2.o)
    0x08000166   0x00000002   Code   RO         1962    .ARM.Collect$$libshutdown$$0000000F  c_w.l(libshutdown2.o)
    0x08000168   0x00000000   Code   RO         1841    .ARM.Collect$$rtentry$$00000000  c_w.l(__rtentry.o)
    0x08000168   0x00000000   Code   RO         1843    .ARM.Collect$$rtentry$$00000002  c_w.l(__rtentry2.o)
    0x08000168   0x00000006   Code   RO         1855    .ARM.Collect$$rtentry$$00000004  c_w.l(__rtentry4.o)
    0x0800016e   0x00000000   Code   RO         1845    .ARM.Collect$$rtentry$$00000009  c_w.l(__rtentry2.o)
    0x0800016e   0x00000004   Code   RO         1846    .ARM.Collect$$rtentry$$0000000A  c_w.l(__rtentry2.o)
    0x08000172   0x00000000   Code   RO         1848    .ARM.Collect$$rtentry$$0000000C  c_w.l(__rtentry2.o)
    0x08000172   0x00000008   Code   RO         1849    .ARM.Collect$$rtentry$$0000000D  c_w.l(__rtentry2.o)
    0x0800017a   0x00000002   Code   RO         1870    .ARM.Collect$$rtexit$$00000000  c_w.l(rtexit.o)
    0x0800017c   0x00000000   Code   RO         1918    .ARM.Collect$$rtexit$$00000002  c_w.l(rtexit2.o)
    0x0800017c   0x00000004   Code   RO         1919    .ARM.Collect$$rtexit$$00000003  c_w.l(rtexit2.o)
    0x08000180   0x00000006   Code   RO         1920    .ARM.Collect$$rtexit$$00000004  c_w.l(rtexit2.o)
    0x08000186   0x00000002   PAD
    0x08000188   0x00000020   Code   RO          377    .emb_text           core_cm3.o
    0x080001a8   0x000001bc   Code   RO           95    .text               setgpio_2.o
    0x08000364   0x00000200   Code   RO          113    .text               esc_80_yaw_control.o
    0x08000564   0x00000438   Code   RO          147    .text               iap.o
    0x0800099c   0x0000000e   Code   RO          167    .text               iapsetgpio.o
    0x080009aa   0x00000328   Code   RO          185    .text               cmdcoder.o
    0x08000cd2   0x000000dc   Code   RO          200    .text               fifo.o
    0x08000dae   0x000000e8   Code   RO          215    .text               fifo_void.o
    0x08000e96   0x00000018   Code   RO          230    .text               main.o
    0x08000eae   0x00000002   PAD
    0x08000eb0   0x00000494   Code   RO          257    .text               setcan.o
    0x08001344   0x00000134   Code   RO          277    .text               setclock.o
    0x08001478   0x0000018c   Code   RO          296    .text               setsystick.o
    0x08001604   0x000002d8   Code   RO          315    .text               setuart.o
    0x080018dc   0x00000108   Code   RO          338    .text               system_error_status.o
    0x080019e4   0x00000164   Code   RO          354    .text               iap_jumper.o
    0x08001b48   0x00000038   Code   RO          442    .text               startup_stm32f10x_md.o
    0x08001b80   0x00000064   Code   RO         1835    .text               c_w.l(rt_memcpy_w.o)
    0x08001be4   0x00000006   Code   RO         1837    .text               c_w.l(heapauxi.o)
    0x08001bea   0x0000004a   Code   RO         1857    .text               c_w.l(sys_stackheap_outer.o)
    0x08001c34   0x0000000c   Code   RO         1859    .text               c_w.l(exit.o)
    0x08001c40   0x00000008   Code   RO         1867    .text               c_w.l(libspace.o)
    0x08001c48   0x0000000c   Code   RO         1928    .text               c_w.l(sys_exit.o)
    0x08001c54   0x00000002   Code   RO         1939    .text               c_w.l(use_no_semi.o)
    0x08001c56   0x00000000   Code   RO         1941    .text               c_w.l(indicate_semi.o)
    0x08001c56   0x0000003a   Code   RO          568    i.CAN_DeInit        lib.lib(stm32f10x_can.o)
    0x08001c90   0x000000e4   Code   RO          570    i.CAN_FilterInit    lib.lib(stm32f10x_can.o)
    0x08001d74   0x000000e8   Code   RO          572    i.CAN_GetITStatus   lib.lib(stm32f10x_can.o)
    0x08001e5c   0x00000010   Code   RO          573    i.CAN_ITConfig      lib.lib(stm32f10x_can.o)
    0x08001e6c   0x000000f4   Code   RO          574    i.CAN_Init          lib.lib(stm32f10x_can.o)
    0x08001f60   0x000000b2   Code   RO          576    i.CAN_Receive       lib.lib(stm32f10x_can.o)
    0x08002012   0x00000020   Code   RO          579    i.CAN_StructInit    lib.lib(stm32f10x_can.o)
    0x08002032   0x000000b8   Code   RO          580    i.CAN_Transmit      lib.lib(stm32f10x_can.o)
    0x080020ea   0x00000082   Code   RO          581    i.CAN_TransmitStatus  lib.lib(stm32f10x_can.o)
    0x0800216c   0x0000000c   Code   RO          684    i.FLASH_ClearFlag   lib.lib(stm32f10x_flash.o)
    0x08002178   0x00000044   Code   RO          688    i.FLASH_ErasePage   lib.lib(stm32f10x_flash.o)
    0x080021bc   0x00000010   Code   RO          697    i.FLASH_Lock        lib.lib(stm32f10x_flash.o)
    0x080021cc   0x00000018   Code   RO          698    i.FLASH_PrefetchBufferCmd  lib.lib(stm32f10x_flash.o)
    0x080021e4   0x00000050   Code   RO          701    i.FLASH_ProgramWord  lib.lib(stm32f10x_flash.o)
    0x08002234   0x00000014   Code   RO          703    i.FLASH_SetLatency  lib.lib(stm32f10x_flash.o)
    0x08002248   0x00000018   Code   RO          704    i.FLASH_Unlock      lib.lib(stm32f10x_flash.o)
    0x08002260   0x0000006c   Code   RO          706    i.FLASH_WaitForLastOperation  lib.lib(stm32f10x_flash.o)
    0x080022cc   0x000000ca   Code   RO          834    i.GPIO_Init         lib.lib(stm32f10x_gpio.o)
    0x08002396   0x00000002   PAD
    0x08002398   0x00000058   Code   RO          836    i.GPIO_PinRemapConfig  lib.lib(stm32f10x_gpio.o)
    0x080023f0   0x00000004   Code   RO          841    i.GPIO_ResetBits    lib.lib(stm32f10x_gpio.o)
    0x080023f4   0x00000010   Code   RO          843    i.GPIO_StructInit   lib.lib(stm32f10x_gpio.o)
    0x08002404   0x0000006c   Code   RO          446    i.NVIC_Init         lib.lib(misc.o)
    0x08002470   0x00000014   Code   RO          447    i.NVIC_PriorityGroupConfig  lib.lib(misc.o)
    0x08002484   0x00000014   Code   RO          448    i.NVIC_SetVectorTable  lib.lib(misc.o)
    0x08002498   0x00000014   Code   RO          942    i.RCC_ADCCLKConfig  lib.lib(stm32f10x_rcc.o)
    0x080024ac   0x00000018   Code   RO          944    i.RCC_APB1PeriphClockCmd  lib.lib(stm32f10x_rcc.o)
    0x080024c4   0x00000018   Code   RO          945    i.RCC_APB1PeriphResetCmd  lib.lib(stm32f10x_rcc.o)
    0x080024dc   0x00000018   Code   RO          946    i.RCC_APB2PeriphClockCmd  lib.lib(stm32f10x_rcc.o)
    0x080024f4   0x00000040   Code   RO          953    i.RCC_DeInit        lib.lib(stm32f10x_rcc.o)
    0x08002534   0x000000a4   Code   RO          954    i.RCC_GetClocksFreq  lib.lib(stm32f10x_rcc.o)
    0x080025d8   0x00000030   Code   RO          955    i.RCC_GetFlagStatus  lib.lib(stm32f10x_rcc.o)
    0x08002608   0x00000010   Code   RO          957    i.RCC_GetSYSCLKSource  lib.lib(stm32f10x_rcc.o)
    0x08002618   0x00000014   Code   RO          958    i.RCC_HCLKConfig    lib.lib(stm32f10x_rcc.o)
    0x0800262c   0x00000038   Code   RO          959    i.RCC_HSEConfig     lib.lib(stm32f10x_rcc.o)
    0x08002664   0x0000000c   Code   RO          960    i.RCC_HSICmd        lib.lib(stm32f10x_rcc.o)
    0x08002670   0x00000014   Code   RO          965    i.RCC_PCLK1Config   lib.lib(stm32f10x_rcc.o)
    0x08002684   0x00000014   Code   RO          966    i.RCC_PCLK2Config   lib.lib(stm32f10x_rcc.o)
    0x08002698   0x0000000c   Code   RO          967    i.RCC_PLLCmd        lib.lib(stm32f10x_rcc.o)
    0x080026a4   0x00000014   Code   RO          968    i.RCC_PLLConfig     lib.lib(stm32f10x_rcc.o)
    0x080026b8   0x00000014   Code   RO          971    i.RCC_SYSCLKConfig  lib.lib(stm32f10x_rcc.o)
    0x080026cc   0x00000034   Code   RO          973    i.RCC_WaitForHSEStartUp  lib.lib(stm32f10x_rcc.o)
    0x08002700   0x00000016   Code   RO          450    i.SysTick_CLKSourceConfig  lib.lib(misc.o)
    0x08002716   0x00000016   Code   RO         1142    i.TIM_ARRPreloadConfig  lib.lib(stm32f10x_tim.o)
    0x0800272c   0x00000016   Code   RO         1154    i.TIM_Cmd           lib.lib(stm32f10x_tim.o)
    0x08002742   0x00000016   Code   RO         1156    i.TIM_CtrlPWMOutputs  lib.lib(stm32f10x_tim.o)
    0x08002758   0x00000084   Code   RO         1188    i.TIM_OC2Init       lib.lib(stm32f10x_tim.o)
    0x080027dc   0x0000000e   Code   RO         1191    i.TIM_OC2PreloadConfig  lib.lib(stm32f10x_tim.o)
    0x080027ea   0x00000014   Code   RO         1201    i.TIM_OCStructInit  lib.lib(stm32f10x_tim.o)
    0x080027fe   0x0000003c   Code   RO         1225    i.TIM_TimeBaseInit  lib.lib(stm32f10x_tim.o)
    0x0800283a   0x00000012   Code   RO         1669    i.USART_Cmd         lib.lib(stm32f10x_usart.o)
    0x0800284c   0x0000000e   Code   RO         1672    i.USART_GetFlagStatus  lib.lib(stm32f10x_usart.o)
    0x0800285a   0x00000044   Code   RO         1673    i.USART_GetITStatus  lib.lib(stm32f10x_usart.o)
    0x0800289e   0x00000030   Code   RO         1675    i.USART_ITConfig    lib.lib(stm32f10x_usart.o)
    0x080028ce   0x00000002   PAD
    0x080028d0   0x00000090   Code   RO         1676    i.USART_Init        lib.lib(stm32f10x_usart.o)
    0x08002960   0x00000008   Code   RO         1681    i.USART_ReceiveData  lib.lib(stm32f10x_usart.o)
    0x08002968   0x00000008   Code   RO         1684    i.USART_SendData    lib.lib(stm32f10x_usart.o)
    0x08002970   0x00000016   Code   RO         1690    i.USART_StructInit  lib.lib(stm32f10x_usart.o)
    0x08002986   0x00000002   PAD
    0x08002988   0x00000020   Data   RO         1993    Region$$Table       anon$$obj.o


    Execution Region RW_IRAM1 (Base: 0x20000000, Size: 0x00002158, Max: 0x00005000, ABSOLUTE)

    Base Addr    Size         Type   Attr      Idx    E Section Name        Object

    0x20000000   0x0000001f   Data   RW          116    .data               esc_80_yaw_control.o
    0x2000001f   0x00000001   PAD
    0x20000020   0x0000000e   Data   RW          150    .data               iap.o
    0x2000002e   0x00000002   PAD
    0x20000030   0x00000006   Data   RW          260    .data               setcan.o
    0x20000036   0x00000002   PAD
    0x20000038   0x00000004   Data   RW          279    .data               setclock.o
    0x2000003c   0x0000000d   Data   RW          298    .data               setsystick.o
    0x20000049   0x00000003   PAD
    0x2000004c   0x0000000c   Data   RW          317    .data               setuart.o
    0x20000058   0x00000005   Data   RW          340    .data               system_error_status.o
    0x2000005d   0x00000003   PAD
    0x20000060   0x00000004   Data   RW          357    .data               iap_jumper.o
    0x20000064   0x00000014   Data   RW          974    .data               lib.lib(stm32f10x_rcc.o)
    0x20000078   0x00000960   Zero   RW          148    .bss                iap.o
    0x200009d8   0x00000ff8   Zero   RW          258    .bss                setcan.o
    0x200019d0   0x00000128   Zero   RW          355    .bss                iap_jumper.o
    0x20001af8   0x00000060   Zero   RW         1868    .bss                c_w.l(libspace.o)
    0x20001b58   0x00000200   Zero   RW          440    HEAP                startup_stm32f10x_md.o
    0x20001d58   0x00000400   Zero   RW          439    STACK               startup_stm32f10x_md.o


==============================================================================

Image component sizes


      Code (inc. data)   RO Data    RW Data    ZI Data      Debug   Object Name

       808          6          0          0          0       3593   cmdcoder.o
        32          0          0          0          0        592   core_cm3.o
       512         20          0         31          0      21299   esc_80_yaw_control.o
       220          0          0          0          0       2743   fifo.o
       232          0          0          0          0       2995   fifo_void.o
      1080         48          0         14       2400       7042   iap.o
       356         26          0          4        296       7739   iap_jumper.o
        14          0          0          0          0        477   iapsetgpio.o
        24          0          0          0          0       4163   main.o
      1172         74          0          6       4088       5192   setcan.o
       308         14          0          4          0       1195   setclock.o
         0          0          0          0          0     234012   setgpio.o
       444         18          0          0          0       1065   setgpio_2.o
       396         26          0         13          0       7464   setsystick.o
       728         24          0         12          0       3611   setuart.o
        56         22        236          0       1536        840   startup_stm32f10x_md.o
       264         26          0          5          0       1671   system_error_status.o

    ----------------------------------------------------------------------
      6648        304        268        100       8320     305693   Object Totals
         0          0         32          0          0          0   (incl. Generated)
         2          0          0         11          0          0   (incl. Padding)

    ----------------------------------------------------------------------

      Code (inc. data)   RO Data    RW Data    ZI Data      Debug   Library Member Name

         8          0          0          0          0         68   __main.o
         0          0          0          0          0          0   __rtentry.o
        12          0          0          0          0          0   __rtentry2.o
         6          0          0          0          0          0   __rtentry4.o
        52          8          0          0          0          0   __scatter.o
        26          0          0          0          0          0   __scatter_copy.o
        28          0          0          0          0          0   __scatter_zi.o
        12          0          0          0          0         72   exit.o
         6          0          0          0          0        152   heapauxi.o
         0          0          0          0          0          0   indicate_semi.o
         2          0          0          0          0          0   libinit.o
         2          0          0          0          0          0   libinit2.o
         2          0          0          0          0          0   libshutdown.o
         2          0          0          0          0          0   libshutdown2.o
         8          4          0          0         96         68   libspace.o
       100          0          0          0          0         80   rt_memcpy_w.o
         2          0          0          0          0          0   rtexit.o
        10          0          0          0          0          0   rtexit2.o
        12          4          0          0          0         68   sys_exit.o
        74          0          0          0          0         80   sys_stackheap_outer.o
         2          0          0          0          0         68   use_no_semi.o
       170         10          0          0          0     256759   misc.o
      1302          6          0          0          0       9275   stm32f10x_can.o
       352         50          0          0          0       5668   stm32f10x_flash.o
       310          4          0          0          0       3517   stm32f10x_gpio.o
       616        110          0         20          0      10975   stm32f10x_rcc.o
       292          0          0          0          0       7608   stm32f10x_tim.o
       330          4          0          0          0       5988   stm32f10x_usart.o

    ----------------------------------------------------------------------
      3748        200          0         20         96     300446   Library Totals
        10          0          0          0          0          0   (incl. Padding)

    ----------------------------------------------------------------------

      Code (inc. data)   RO Data    RW Data    ZI Data      Debug   Library Name

       366         16          0          0         96        656   c_w.l
      3372        184          0         20          0     299790   lib.lib

    ----------------------------------------------------------------------
      3748        200          0         20         96     300446   Library Totals

    ----------------------------------------------------------------------

==============================================================================


      Code (inc. data)   RO Data    RW Data    ZI Data      Debug   

     10396        504        268        120       8416     602235   Grand Totals
     10396        504        268        120       8416     602235   ELF Image Totals
     10396        504        268        120          0          0   ROM Totals

==============================================================================

    Total RO  Size (Code + RO Data)                10664 (  10.41kB)
    Total RW  Size (RW Data + ZI Data)              8536 (   8.34kB)
    Total ROM Size (Code + RO Data + RW Data)      10784 (  10.53kB)

==============================================================================

