Component: ARM Compiler 5.05 update 1 (build 106) Tool: armlink [4d0efa]

==============================================================================

Section Cross References

    ds18b20.o(.text) refers to stm32f10x_gpio.o(i.GPIO_Init) for GPIO_Init
    ds18b20.o(.text) refers to setsystick.o(.text) for delay_us
    setadc.o(.text) refers to stm32f10x_rcc.o(i.RCC_APB2PeriphClockCmd) for RCC_APB2PeriphClockCmd
    setadc.o(.text) refers to stm32f10x_rcc.o(i.RCC_AHBPeriphClockCmd) for RCC_AHBPeriphClockCmd
    setadc.o(.text) refers to stm32f10x_adc.o(i.ADC_Init) for ADC_Init
    setadc.o(.text) refers to stm32f10x_adc.o(i.ADC_RegularChannelConfig) for ADC_RegularChannelConfig
    setadc.o(.text) refers to stm32f10x_adc.o(i.ADC_TempSensorVrefintCmd) for ADC_TempSensorVrefintCmd
    setadc.o(.text) refers to stm32f10x_adc.o(i.ADC_DMACmd) for ADC_DMACmd
    setadc.o(.text) refers to stm32f10x_adc.o(i.ADC_Cmd) for ADC_Cmd
    setadc.o(.text) refers to stm32f10x_adc.o(i.ADC_ResetCalibration) for ADC_ResetCalibration
    setadc.o(.text) refers to stm32f10x_adc.o(i.ADC_GetResetCalibrationStatus) for ADC_GetResetCalibrationStatus
    setadc.o(.text) refers to stm32f10x_adc.o(i.ADC_StartCalibration) for ADC_StartCalibration
    setadc.o(.text) refers to stm32f10x_adc.o(i.ADC_GetCalibrationStatus) for ADC_GetCalibrationStatus
    setadc.o(.text) refers to stm32f10x_adc.o(i.ADC_SoftwareStartConvCmd) for ADC_SoftwareStartConvCmd
    setadc.o(.text) refers to stm32f10x_dma.o(i.DMA_DeInit) for DMA_DeInit
    setadc.o(.text) refers to stm32f10x_dma.o(i.DMA_Init) for DMA_Init
    setadc.o(.text) refers to stm32f10x_dma.o(i.DMA_Cmd) for DMA_Cmd
    setadc.o(.text) refers to setadc.o(.bss) for ADCConvert
    settimer.o(.text) refers to stm32f10x_rcc.o(i.RCC_APB2PeriphClockCmd) for RCC_APB2PeriphClockCmd
    settimer.o(.text) refers to stm32f10x_rcc.o(i.RCC_APB1PeriphClockCmd) for RCC_APB1PeriphClockCmd
    settimer.o(.text) refers to misc.o(i.NVIC_PriorityGroupConfig) for NVIC_PriorityGroupConfig
    settimer.o(.text) refers to misc.o(i.NVIC_Init) for NVIC_Init
    settimer.o(.text) refers to stm32f10x_tim.o(i.TIM_TimeBaseInit) for TIM_TimeBaseInit
    settimer.o(.text) refers to stm32f10x_tim.o(i.TIM_ClearFlag) for TIM_ClearFlag
    settimer.o(.text) refers to stm32f10x_tim.o(i.TIM_ITConfig) for TIM_ITConfig
    settimer.o(.text) refers to stm32f10x_tim.o(i.TIM_Cmd) for TIM_Cmd
    settimer.o(.text) refers to stm32f10x_tim.o(i.TIM_GetITStatus) for TIM_GetITStatus
    setgpio.o(.text) refers to stm32f10x_rcc.o(i.RCC_APB2PeriphClockCmd) for RCC_APB2PeriphClockCmd
    setgpio.o(.text) refers to stm32f10x_gpio.o(i.GPIO_StructInit) for GPIO_StructInit
    setgpio.o(.text) refers to stm32f10x_gpio.o(i.GPIO_Init) for GPIO_Init
    setgpio.o(.text) refers to stm32f10x_gpio.o(i.GPIO_PinRemapConfig) for GPIO_PinRemapConfig
    gps.o(.text) refers to setuart.o(.text) for Uart_PutChar
    gps.o(.text) refers to setsystick.o(.text) for delay_us
    gps.o(.text) refers to navigation_box_led.o(.text) for Nbl_Led_toggle
    gps.o(.text) refers to gps.o(.data) for gps_uart
    gps.o(.text) refers to gps.o(.bss) for GPS_Command_Buffer
    hmc6343.o(.text) refers to setsystick.o(.text) for delay_us
    hmc6343.o(.text) refers to hmc6343.o(.data) for heading_msb
    navigation_box_led.o(.text) refers to stm32f10x_gpio.o(i.GPIO_ResetBits) for GPIO_ResetBits
    navigation_box_led.o(.text) refers to stm32f10x_gpio.o(i.GPIO_SetBits) for GPIO_SetBits
    navigation_box_led.o(.text) refers to stm32f10x_gpio.o(i.GPIO_ReadOutputDataBit) for GPIO_ReadOutputDataBit
    navigation_box_led.o(.text) refers to stm32f10x_gpio.o(i.GPIO_StructInit) for GPIO_StructInit
    navigation_box_led.o(.text) refers to stm32f10x_gpio.o(i.GPIO_Init) for GPIO_Init
    setgpio_1.o(.text) refers to stm32f10x_rcc.o(i.RCC_APB2PeriphClockCmd) for RCC_APB2PeriphClockCmd
    setgpio_1.o(.text) refers to stm32f10x_gpio.o(i.GPIO_StructInit) for GPIO_StructInit
    setgpio_1.o(.text) refers to stm32f10x_gpio.o(i.GPIO_Init) for GPIO_Init
    setgpio_1.o(.text) refers to stm32f10x_gpio.o(i.GPIO_PinRemapConfig) for GPIO_PinRemapConfig
    main_esc_box.o(.text) refers to setuart.o(.text) for Uart_GetChar
    main_esc_box.o(.text) refers to setcan.o(.text) for Can1_Send
    main_esc_box.o(.text) refers to esc_box_led.o(.text) for Esc_Led_toggle
    main_esc_box.o(.text) refers to esc_80_pump_pitch_control.o(.text) for esc_set_pump_pitch_pwm
    main_esc_box.o(.text) refers to stm32f10x_gpio.o(i.GPIO_ResetBits) for GPIO_ResetBits
    main_esc_box.o(.text) refers to stm32f10x_gpio.o(i.GPIO_SetBits) for GPIO_SetBits
    main_esc_box.o(.text) refers to setsystick.o(.text) for delay_us
    main_esc_box.o(.text) refers to crc16.o(.text) for crc_calculate
    main_esc_box.o(.text) refers to adc_config.o(.text) for Get_PUMP_ANGLE_Adc_value
    main_esc_box.o(.text) refers to iap_jumper.o(.text) for Iap_Jump
    main_esc_box.o(.text) refers to setclock.o(.text) for SetupPllClock
[...]
    system\SetCAN.c                          0x00000000   Number         0  setcan.o ABSOLUTE
    system\SetClock.c                        0x00000000   Number         0  setclock.o ABSOLUTE
    system\SetSysTick.c                      0x00000000   Number         0  setsystick.o ABSOLUTE
    system\SetUART.c                         0x00000000   Number         0  setuart.o ABSOLUTE
    system\cmdcoder.c                        0x00000000   Number         0  cmdcoder.o ABSOLUTE
    system\fifo.c                            0x00000000   Number         0  fifo.o ABSOLUTE
    system\fifo_void.c                       0x00000000   Number         0  fifo_void.o ABSOLUTE
    system\iap_jumper.c                      0x00000000   Number         0  iap_jumper.o ABSOLUTE
    system\main.c                            0x00000000   Number         0  main.o ABSOLUTE
    system\system_error_status.c             0x00000000   Number         0  system_error_status.o ABSOLUTE
    RESET                                    0x08004000   Section      236  startup_stm32f10x_md.o(RESET)
    !!!main                                  0x080040ec   Section        8  __main.o(!!!main)
    !!!scatter                               0x080040f4   Section       52  __scatter.o(!!!scatter)
    !!handler_copy                           0x08004128   Section       26  __scatter_copy.o(!!handler_copy)
    !!handler_zi                             0x08004144   Section       28  __scatter_zi.o(!!handler_zi)
    .ARM.Collect$$libinit$$00000000          0x08004160   Section        2  libinit.o(.ARM.Collect$$libinit$$00000000)
    .ARM.Collect$$libinit$$00000002          0x08004162   Section        0  libinit2.o(.ARM.Collect$$libinit$$00000002)
    .ARM.Collect$$libinit$$00000004          0x08004162   Section        0  libinit2.o(.ARM.Collect$$libinit$$00000004)
    .ARM.Collect$$libinit$$0000000A          0x08004162   Section        0  libinit2.o(.ARM.Collect$$libinit$$0000000A)
    .ARM.Collect$$libinit$$0000000C          0x08004162   Section        0  libinit2.o(.ARM.Collect$$libinit$$0000000C)
    .ARM.Collect$$libinit$$0000000E          0x08004162   Section        0  libinit2.o(.ARM.Collect$$libinit$$0000000E)
    .ARM.Collect$$libinit$$00000011          0x08004162   Section        0  libinit2.o(.ARM.Collect$$libinit$$00000011)
    .ARM.Collect$$libinit$$00000013          0x08004162   Section        0  libinit2.o(.ARM.Collect$$libinit$$00000013)
    .ARM.Collect$$libinit$$00000015          0x08004162   Section        0  libinit2.o(.ARM.Collect$$libinit$$00000015)
    .ARM.Collect$$libinit$$00000017          0x08004162   Section        0  libinit2.o(.ARM.Collect$$libinit$$00000017)
    .ARM.Collect$$libinit$$00000019          0x08004162   Section        0  libinit2.o(.ARM.Collect$$libinit$$00000019)
    .ARM.Collect$$libinit$$0000001B          0x08004162   Section        0  libinit2.o(.ARM.Collect$$libinit$$0000001B)
    .ARM.Collect$$libinit$$0000001D          0x08004162   Section        0  libinit2.o(.ARM.Collect$$libinit$$0000001D)
    .ARM.Collect$$libinit$$0000001F          0x08004162   Section        0  libinit2.o(.ARM.Collect$$libinit$$0000001F)
    .ARM.Collect$$libinit$$00000021          0x08004162   Section        0  libinit2.o(.ARM.Collect$$libinit$$00000021)
    .ARM.Collect$$libinit$$00000023          0x08004162   Section        0  libinit2.o(.ARM.Collect$$libinit$$00000023)
    .ARM.Collect$$libinit$$00000025          0x08004162   Section        0  libinit2.o(.ARM.Collect$$libinit$$00000025)
    .ARM.Collect$$libinit$$0000002C          0x08004162   Section        0  libinit2.o(.ARM.Collect$$libinit$$0000002C)
    .ARM.Collect$$libinit$$0000002E          0x08004162   Section        0  libinit2.o(.ARM.Collect$$libinit$$0000002E)
    .ARM.Collect$$libinit$$00000030          0x08004162   Section        0  libinit2.o(.ARM.Collect$$libinit$$00000030)
    .ARM.Collect$$libinit$$00000032          0x08004162   Section        0  libinit2.o(.ARM.Collect$$libinit$$00000032)
    .ARM.Collect$$libinit$$00000033          0x08004162   Section        2  libinit2.o(.ARM.Collect$$libinit$$00000033)
    .ARM.Collect$$libshutdown$$00000000      0x08004164   Section        2  libshutdown.o(.ARM.Collect$$libshutdown$$00000000)
    .ARM.Collect$$libshutdown$$00000003      0x08004166   Section        0  libshutdown2.o(.ARM.Collect$$libshutdown$$00000003)
    .ARM.Collect$$libshutdown$$00000006      0x08004166   Section        0  libshutdown2.o(.ARM.Collect$$libshutdown$$00000006)
    .ARM.Collect$$libshutdown$$00000009      0x08004166   Section        0  libshutdown2.o(.ARM.Collect$$libshutdown$$00000009)
    .ARM.Collect$$libshutdown$$0000000B      0x08004166   Section        0  libshutdown2.o(.ARM.Collect$$libshutdown$$0000000B)
    .ARM.Collect$$libshutdown$$0000000E      0x08004166   Section        0  libshutdown2.o(.ARM.Collect$$libshutdown$$0000000E)
    .ARM.Collect$$libshutdown$$0000000F      0x08004166   Section        2  libshutdown2.o(.ARM.Collect$$libshutdown$$0000000F)
    .ARM.Collect$$rtentry$$00000000          0x08004168   Section        0  __rtentry.o(.ARM.Collect$$rtentry$$00000000)
    .ARM.Collect$$rtentry$$00000002          0x08004168   Section        0  __rtentry2.o(.ARM.Collect$$rtentry$$00000002)
    .ARM.Collect$$rtentry$$00000004          0x08004168   Section        6  __rtentry4.o(.ARM.Collect$$rtentry$$00000004)
    .ARM.Collect$$rtentry$$00000009          0x0800416e   Section        0  __rtentry2.o(.ARM.Collect$$rtentry$$00000009)
    .ARM.Collect$$rtentry$$0000000A          0x0800416e   Section        4  __rtentry2.o(.ARM.Collect$$rtentry$$0000000A)
    .ARM.Collect$$rtentry$$0000000C          0x08004172   Section        0  __rtentry2.o(.ARM.Collect$$rtentry$$0000000C)
    .ARM.Collect$$rtentry$$0000000D          0x08004172   Section        8  __rtentry2.o(.ARM.Collect$$rtentry$$0000000D)
    .ARM.Collect$$rtexit$$00000000           0x0800417a   Section        2  rtexit.o(.ARM.Collect$$rtexit$$00000000)
    .ARM.Collect$$rtexit$$00000002           0x0800417c   Section        0  rtexit2.o(.ARM.Collect$$rtexit$$00000002)
    .ARM.Collect$$rtexit$$00000003           0x0800417c   Section        4  rtexit2.o(.ARM.Collect$$rtexit$$00000003)
    .ARM.Collect$$rtexit$$00000004           0x08004180   Section        6  rtexit2.o(.ARM.Collect$$rtexit$$00000004)
    .emb_text                                0x08004188   Section       32  core_cm3.o(.emb_text)
    .text                                    0x080041a8   Section        0  settimer.o(.text)
    .text                                    0x080042cc   Section        0  main_esc_box.o(.text)
    .text                                    0x080047b4   Section        0  setgpio_2.o(.text)
    .text                                    0x080048e0   Section        0  adc_config.o(.text)
    .text                                    0x08004b08   Section        0  esc_box_led.o(.text)
    is_led_on                                0x08004b65   Thumb Code    74  esc_box_led.o(.text)
    .text                                    0x08004ce4   Section        0  esc_80_pump_pitch_control.o(.text)
    .text                                    0x08004e7c   Section        0  esc_80_yaw_control.o(.text)
    .text                                    0x080053e4   Section        0  esc_box_log.o(.text)
    .text                                    0x08005470   Section        0  rtu_485_runtime.o(.text)
    .text                                    0x08005a28   Section        0  crc16.o(.text)
    .text                                    0x08005a84   Section        0  rtu_485.o(.text)
    .text                                    0x08005cd8   Section        0  cmdcoder.o(.text)
    encode_variable_len                      0x08005cd9   Thumb Code    48  cmdcoder.o(.text)
    .text                                    0x08006000   Section        0  fifo.o(.text)
    .text                                    0x080060dc   Section        0  fifo_void.o(.text)
    .text                                    0x080061c4   Section        0  main.o(.text)
    .text                                    0x080061dc   Section        0  setcan.o(.text)
    .text                                    0x08006670   Section        0  setclock.o(.text)
    .text                                    0x080067a4   Section        0  setsystick.o(.text)
    .text                                    0x08006934   Section        0  setuart.o(.text)
    .text                                    0x08006c1c   Section        0  system_error_status.o(.text)
    .text                                    0x08006d24   Section        0  iap_jumper.o(.text)
    .text                                    0x08006e94   Section       56  startup_stm32f10x_md.o(.text)
    .text                                    0x08006ecc   Section      100  rt_memcpy_w.o(.text)
    .text                                    0x08006f30   Section        0  heapauxi.o(.text)
    .text                                    0x08006f36   Section       74  sys_stackheap_outer.o(.text)
    .text                                    0x08006f80   Section        0  exit.o(.text)
    .text                                    0x08006f8c   Section        8  libspace.o(.text)
    .text                                    0x08006f94   Section        0  sys_exit.o(.text)
    .text                                    0x08006fa0   Section        2  use_no_semi.o(.text)
    .text                                    0x08006fa2   Section        0  indicate_semi.o(.text)
    i.ADC_Cmd                                0x08006fa2   Section        0  stm32f10x_adc.o(i.ADC_Cmd)
    i.ADC_DMACmd                             0x08006fb4   Section        0  stm32f10x_adc.o(i.ADC_DMACmd)
    i.ADC_GetCalibrationStatus               0x08006fc6   Section        0  stm32f10x_adc.o(i.ADC_GetCalibrationStatus)
    i.ADC_GetResetCalibrationStatus          0x08006fd6   Section        0  stm32f10x_adc.o(i.ADC_GetResetCalibrationStatus)
    i.ADC_Init                               0x08006fe8   Section        0  stm32f10x_adc.o(i.ADC_Init)
    i.ADC_RegularChannelConfig               0x08007038   Section        0  stm32f10x_adc.o(i.ADC_RegularChannelConfig)
    i.ADC_ResetCalibration                   0x080070c8   Section        0  stm32f10x_adc.o(i.ADC_ResetCalibration)
    i.ADC_SoftwareStartConvCmd               0x080070d2   Section        0  stm32f10x_adc.o(i.ADC_SoftwareStartConvCmd)
    i.ADC_StartCalibration                   0x080070e4   Section        0  stm32f10x_adc.o(i.ADC_StartCalibration)
    i.CAN_DeInit                             0x080070ee   Section        0  stm32f10x_can.o(i.CAN_DeInit)
    i.CAN_FilterInit                         0x08007128   Section        0  stm32f10x_can.o(i.CAN_FilterInit)
    i.CAN_GetITStatus                        0x0800720c   Section        0  stm32f10x_can.o(i.CAN_GetITStatus)
    i.CAN_ITConfig                           0x080072f4   Section        0  stm32f10x_can.o(i.CAN_ITConfig)
    i.CAN_Init                               0x08007304   Section        0  stm32f10x_can.o(i.CAN_Init)
    i.CAN_Receive                            0x080073f8   Section        0  stm32f10x_can.o(i.CAN_Receive)
    i.CAN_StructInit                         0x080074aa   Section        0  stm32f10x_can.o(i.CAN_StructInit)
    i.CAN_Transmit                           0x080074ca   Section        0  stm32f10x_can.o(i.CAN_Transmit)
    i.CAN_TransmitStatus                     0x08007582   Section        0  stm32f10x_can.o(i.CAN_TransmitStatus)
    i.DMA_ClearITPendingBit                  0x08007604   Section        0  stm32f10x_dma.o(i.DMA_ClearITPendingBit)
    i.DMA_Cmd                                0x08007618   Section        0  stm32f10x_dma.o(i.DMA_Cmd)
    i.DMA_DeInit                             0x0800762c   Section        0  stm32f10x_dma.o(i.DMA_DeInit)
    i.DMA_GetITStatus                        0x08007734   Section        0  stm32f10x_dma.o(i.DMA_GetITStatus)
    i.DMA_ITConfig                           0x08007754   Section        0  stm32f10x_dma.o(i.DMA_ITConfig)
    i.DMA_Init                               0x08007764   Section        0  stm32f10x_dma.o(i.DMA_Init)
    i.FLASH_ClearFlag                        0x080077ac   Section        0  stm32f10x_flash.o(i.FLASH_ClearFlag)
    i.FLASH_ErasePage                        0x080077b8   Section        0  stm32f10x_flash.o(i.FLASH_ErasePage)
    i.FLASH_Lock                             0x080077fc   Section        0  stm32f10x_flash.o(i.FLASH_Lock)
    i.FLASH_PrefetchBufferCmd                0x0800780c   Section        0  stm32f10x_flash.o(i.FLASH_PrefetchBufferCmd)
    i.FLASH_ProgramWord                      0x08007824   Section        0  stm32f10x_flash.o(i.FLASH_ProgramWord)
    i.FLASH_SetLatency                       0x08007874   Section        0  stm32f10x_flash.o(i.FLASH_SetLatency)
    i.FLASH_Unlock                           0x08007888   Section        0  stm32f10x_flash.o(i.FLASH_Unlock)
    i.FLASH_WaitForLastOperation             0x080078a0   Section        0  stm32f10x_flash.o(i.FLASH_WaitForLastOperation)
    i.GPIO_Init                              0x0800790c   Section        0  stm32f10x_gpio.o(i.GPIO_Init)
    i.GPIO_PinRemapConfig                    0x080079d8   Section        0  stm32f10x_gpio.o(i.GPIO_PinRemapConfig)
    i.GPIO_ReadOutputDataBit                 0x08007a30   Section        0  stm32f10x_gpio.o(i.GPIO_ReadOutputDataBit)
    i.GPIO_ResetBits                         0x08007a3e   Section        0  stm32f10x_gpio.o(i.GPIO_ResetBits)
    i.GPIO_SetBits                           0x08007a42   Section        0  stm32f10x_gpio.o(i.GPIO_SetBits)
    i.GPIO_StructInit                        0x08007a46   Section        0  stm32f10x_gpio.o(i.GPIO_StructInit)
    i.NVIC_Init                              0x08007a56   Section        0  misc.o(i.NVIC_Init)
    i.NVIC_PriorityGroupConfig               0x08007ac4   Section        0  misc.o(i.NVIC_PriorityGroupConfig)
    i.NVIC_SetVectorTable                    0x08007ad8   Section        0  misc.o(i.NVIC_SetVectorTable)
    i.RCC_ADCCLKConfig                       0x08007aec   Section        0  stm32f10x_rcc.o(i.RCC_ADCCLKConfig)
    i.RCC_AHBPeriphClockCmd                  0x08007b00   Section        0  stm32f10x_rcc.o(i.RCC_AHBPeriphClockCmd)
    i.RCC_APB1PeriphClockCmd                 0x08007b18   Section        0  stm32f10x_rcc.o(i.RCC_APB1PeriphClockCmd)
    i.RCC_APB1PeriphResetCmd                 0x08007b30   Section        0  stm32f10x_rcc.o(i.RCC_APB1PeriphResetCmd)
    i.RCC_APB2PeriphClockCmd                 0x08007b48   Section        0  stm32f10x_rcc.o(i.RCC_APB2PeriphClockCmd)
    i.RCC_DeInit                             0x08007b60   Section        0  stm32f10x_rcc.o(i.RCC_DeInit)
    i.RCC_GetClocksFreq                      0x08007ba0   Section        0  stm32f10x_rcc.o(i.RCC_GetClocksFreq)
    i.RCC_GetFlagStatus                      0x08007c44   Section        0  stm32f10x_rcc.o(i.RCC_GetFlagStatus)
    i.RCC_GetSYSCLKSource                    0x08007c74   Section        0  stm32f10x_rcc.o(i.RCC_GetSYSCLKSource)
    i.RCC_HCLKConfig                         0x08007c84   Section        0  stm32f10x_rcc.o(i.RCC_HCLKConfig)
    i.RCC_HSEConfig                          0x08007c98   Section        0  stm32f10x_rcc.o(i.RCC_HSEConfig)
    i.RCC_HSICmd                             0x08007cd0   Section        0  stm32f10x_rcc.o(i.RCC_HSICmd)
    i.RCC_PCLK1Config                        0x08007cdc   Section        0  stm32f10x_rcc.o(i.RCC_PCLK1Config)
    i.RCC_PCLK2Config                        0x08007cf0   Section        0  stm32f10x_rcc.o(i.RCC_PCLK2Config)
    i.RCC_PLLCmd                             0x08007d04   Section        0  stm32f10x_rcc.o(i.RCC_PLLCmd)
    i.RCC_PLLConfig                          0x08007d10   Section        0  stm32f10x_rcc.o(i.RCC_PLLConfig)
    i.RCC_SYSCLKConfig                       0x08007d24   Section        0  stm32f10x_rcc.o(i.RCC_SYSCLKConfig)
    i.RCC_WaitForHSEStartUp                  0x08007d38   Section        0  stm32f10x_rcc.o(i.RCC_WaitForHSEStartUp)
    i.SysTick_CLKSourceConfig                0x08007d6c   Section        0  misc.o(i.SysTick_CLKSourceConfig)
    i.TIM_ARRPreloadConfig                   0x08007d82   Section        0  stm32f10x_tim.o(i.TIM_ARRPreloadConfig)
    i.TIM_ClearFlag                          0x08007d98   Section        0  stm32f10x_tim.o(i.TIM_ClearFlag)
    i.TIM_Cmd                                0x08007d9e   Section        0  stm32f10x_tim.o(i.TIM_Cmd)
    i.TIM_CtrlPWMOutputs                     0x08007db4   Section        0  stm32f10x_tim.o(i.TIM_CtrlPWMOutputs)
    i.TIM_GetITStatus                        0x08007dca   Section        0  stm32f10x_tim.o(i.TIM_GetITStatus)
    i.TIM_ITConfig                           0x08007de4   Section        0  stm32f10x_tim.o(i.TIM_ITConfig)
    i.TIM_OC3Init                            0x08007df4   Section        0  stm32f10x_tim.o(i.TIM_OC3Init)
    i.TIM_OC3PreloadConfig                   0x08007e74   Section        0  stm32f10x_tim.o(i.TIM_OC3PreloadConfig)
    i.TIM_OC4Init                            0x08007e80   Section        0  stm32f10x_tim.o(i.TIM_OC4Init)
    i.TIM_OC4PreloadConfig                   0x08007ee6   Section        0  stm32f10x_tim.o(i.TIM_OC4PreloadConfig)
    i.TIM_OCStructInit                       0x08007ef4   Section        0  stm32f10x_tim.o(i.TIM_OCStructInit)
    i.TIM_TimeBaseInit                       0x08007f08   Section        0  stm32f10x_tim.o(i.TIM_TimeBaseInit)
    i.USART_Cmd                              0x08007f44   Section        0  stm32f10x_usart.o(i.USART_Cmd)
    i.USART_GetFlagStatus                    0x08007f56   Section        0  stm32f10x_usart.o(i.USART_GetFlagStatus)
    i.USART_GetITStatus                      0x08007f64   Section        0  stm32f10x_usart.o(i.USART_GetITStatus)
    i.USART_ITConfig                         0x08007fa8   Section        0  stm32f10x_usart.o(i.USART_ITConfig)
    i.USART_Init                             0x08007fd8   Section        0  stm32f10x_usart.o(i.USART_Init)
    i.USART_ReceiveData                      0x08008068   Section        0  stm32f10x_usart.o(i.USART_ReceiveData)
    i.USART_SendData                         0x08008070   Section        0  stm32f10x_usart.o(i.USART_SendData)
    i.USART_StructInit                       0x08008078   Section        0  stm32f10x_usart.o(i.USART_StructInit)
    x$fpl$ffltu                              0x08008090   Section       38  fflt_clz.o(x$fpl$ffltu)
    x$fpl$usenofp                            0x080080b6   Section        0  usenofp.o(x$fpl$usenofp)
    .data                                    0x20000000   Section        9  main_esc_box.o(.data)
    tag                                      0x20000000   Data           1  main_esc_box.o(.data)
    index                                    0x20000001   Data           1  main_esc_box.o(.data)
    a                                        0x20000004   Data           4  main_esc_box.o(.data)
    step                                     0x20000008   Data           1  main_esc_box.o(.data)
    .data                                    0x2000000c   Section        4  adc_config.o(.data)
    .data                                    0x20000010   Section        4  esc_box_led.o(.data)
    led_count                                0x20000010   Data           4  esc_box_led.o(.data)
    .data                                    0x20000014   Section        4  esc_80_pump_pitch_control.o(.data)
    .data                                    0x20000018   Section       29  esc_80_yaw_control.o(.data)
    step                                     0x20000034   Data           1  esc_80_yaw_control.o(.data)
    .data                                    0x20000038   Section       61  rtu_485_runtime.o(.data)
    _485_device_seq                          0x20000072   Data           1  rtu_485_runtime.o(.data)
    step                                     0x20000073   Data           1  rtu_485_runtime.o(.data)
    step                                     0x20000074   Data           1  rtu_485_runtime.o(.data)
    .data                                    0x20000078   Section       12  rtu_485.o(.data)
    .data                                    0x20000084   Section        6  setcan.o(.data)
    .data                                    0x2000008c   Section        4  setclock.o(.data)
    .data                                    0x20000090   Section       13  setsystick.o(.data)
    .data                                    0x200000a0   Section       12  setuart.o(.data)
    .data                                    0x200000ac   Section        5  system_error_status.o(.data)
    .data                                    0x200000b4   Section        4  iap_jumper.o(.data)
    .data                                    0x200000b8   Section       20  stm32f10x_rcc.o(.data)
    ADCPrescTable                            0x200000b8   Data           4  stm32f10x_rcc.o(.data)
    APBAHBPrescTable                         0x200000bc   Data          16  stm32f10x_rcc.o(.data)
    .bss                                     0x200000cc   Section     3376  main_esc_box.o(.bss)
    data                                     0x20000ddc   Data          32  main_esc_box.o(.bss)
    .bss                                     0x20000dfc   Section      180  adc_config.o(.bss)
    escADCConvert                            0x20000dfc   Data         180  adc_config.o(.bss)
    .bss                                     0x20000eb0   Section       12  esc_box_led.o(.bss)
    led_toggle_ms                            0x20000eb0   Data          12  esc_box_led.o(.bss)
    .bss                                     0x20000ebc   Section       12  esc_80_yaw_control.o(.bss)
    .bss                                     0x20000ec8   Section      580  rtu_485_runtime.o(.bss)
    .bss                                     0x2000110c   Section      272  rtu_485.o(.bss)
    .bss                                     0x2000121c   Section     4088  setcan.o(.bss)
    .bss                                     0x20002214   Section      296  iap_jumper.o(.bss)
    aip_decoder                              0x20002214   Data         148  iap_jumper.o(.bss)
    .bss                                     0x2000233c   Section       96  libspace.o(.bss)
    HEAP                                     0x200023a0   Section      512  startup_stm32f10x_md.o(HEAP)
    Heap_Mem                                 0x200023a0   Data         512  startup_stm32f10x_md.o(HEAP)
    STACK                                    0x200025a0   Section     1024  startup_stm32f10x_md.o(STACK)
    Stack_Mem                                0x200025a0   Data        1024  startup_stm32f10x_md.o(STACK)
    __initial_sp                             0x200029a0   Data           0  startup_stm32f10x_md.o(STACK)

    Global Symbols

    Symbol Name                              Value     Ov Type        Size  Object(Section)

    BuildAttributes$$THM_ISAv4$P$D$K$B$S$PE$A:L22UL41UL21$X:L11$S22US41US21$IEEE1$IW$USESV6$~STKCKD$USESV7$~SHL$OTIME$ROPI$EBA8$UX$STANDARDLIB$REQ8$PRES8$EABIv2 0x00000000   Number         0  anon$$obj.o ABSOLUTE
    __ARM_use_no_argv                        0x00000000   Number         0  main.o ABSOLUTE
    __ARM_exceptions_init                     - Undefined Weak Reference
    __alloca_initialize                       - Undefined Weak Reference
    __arm_preinit_                            - Undefined Weak Reference
    __cpp_initialize__aeabi_                  - Undefined Weak Reference
    __cxa_finalize                            - Undefined Weak Reference
    __rt_locale                               - Undefined Weak Reference
    __sigvec_lookup                           - Undefined Weak Reference
    _atexit_init                              - Undefined Weak Reference
    _call_atexit_fns                          - Undefined Weak Reference
    _clock_init                               - Undefined Weak Reference
    _fp_trap_init                             - Undefined Weak Reference
    _fp_trap_shutdown                         - Undefined Weak Reference
    _get_lc_collate                           - Undefined Weak Reference
    _get_lc_ctype                             - Undefined Weak Reference
    _get_lc_monetary                          - Undefined Weak Reference
    _get_lc_numeric                           - Undefined Weak Reference
    _get_lc_time                              - Undefined Weak Reference
    _getenv_init                              - Undefined Weak Reference
    _handle_redirection                       - Undefined Weak Reference
    _init_alloc                               - Undefined Weak Reference
    _init_user_alloc                          - Undefined Weak Reference
    _initio                                   - Undefined Weak Reference
    _rand_init                                - Undefined Weak Reference
    _signal_finish                            - Undefined Weak Reference
    _signal_init                              - Undefined Weak Reference
    _terminate_alloc                          - Undefined Weak Reference
    _terminate_user_alloc                     - Undefined Weak Reference
    _terminateio                              - Undefined Weak Reference
    main_deinit                               - Undefined Weak Reference
    __Vectors_Size                           0x000000ec   Number         0  startup_stm32f10x_md.o ABSOLUTE
    __Vectors                                0x08004000   Data           4  startup_stm32f10x_md.o(RESET)
    __Vectors_End                            0x080040ec   Data           0  startup_stm32f10x_md.o(RESET)
    __main                                   0x080040ed   Thumb Code     8  __main.o(!!!main)
    __scatterload                            0x080040f5   Thumb Code     0  __scatter.o(!!!scatter)
    __scatterload_rt2                        0x080040f5   Thumb Code    44  __scatter.o(!!!scatter)
    __scatterload_rt2_thumb_only             0x080040f5   Thumb Code     0  __scatter.o(!!!scatter)
    __scatterload_null                       0x08004103   Thumb Code     0  __scatter.o(!!!scatter)
    __scatterload_copy                       0x08004129   Thumb Code    26  __scatter_copy.o(!!handler_copy)
    __scatterload_zeroinit                   0x08004145   Thumb Code    28  __scatter_zi.o(!!handler_zi)
    __rt_lib_init                            0x08004161   Thumb Code     0  libinit.o(.ARM.Collect$$libinit$$00000000)
    __rt_lib_init_alloca_1                   0x08004163   Thumb Code     0  libinit2.o(.ARM.Collect$$libinit$$0000002E)
    __rt_lib_init_argv_1                     0x08004163   Thumb Code     0  libinit2.o(.ARM.Collect$$libinit$$0000002C)
    __rt_lib_init_atexit_1                   0x08004163   Thumb Code     0  libinit2.o(.ARM.Collect$$libinit$$0000001B)
    __rt_lib_init_clock_1                    0x08004163   Thumb Code     0  libinit2.o(.ARM.Collect$$libinit$$00000021)
    __rt_lib_init_cpp_1                      0x08004163   Thumb Code     0  libinit2.o(.ARM.Collect$$libinit$$00000032)
    __rt_lib_init_exceptions_1               0x08004163   Thumb Code     0  libinit2.o(.ARM.Collect$$libinit$$00000030)
    __rt_lib_init_fp_1                       0x08004163   Thumb Code     0  libinit2.o(.ARM.Collect$$libinit$$00000002)
    __rt_lib_init_fp_trap_1                  0x08004163   Thumb Code     0  libinit2.o(.ARM.Collect$$libinit$$0000001F)
    __rt_lib_init_getenv_1                   0x08004163   Thumb Code     0  libinit2.o(.ARM.Collect$$libinit$$00000023)
    __rt_lib_init_heap_1                     0x08004163   Thumb Code     0  libinit2.o(.ARM.Collect$$libinit$$0000000A)
    __rt_lib_init_lc_collate_1               0x08004163   Thumb Code     0  libinit2.o(.ARM.Collect$$libinit$$00000011)
    __rt_lib_init_lc_ctype_1                 0x08004163   Thumb Code     0  libinit2.o(.ARM.Collect$$libinit$$00000013)
    __rt_lib_init_lc_monetary_1              0x08004163   Thumb Code     0  libinit2.o(.ARM.Collect$$libinit$$00000015)
    __rt_lib_init_lc_numeric_1               0x08004163   Thumb Code     0  libinit2.o(.ARM.Collect$$libinit$$00000017)
    __rt_lib_init_lc_time_1                  0x08004163   Thumb Code     0  libinit2.o(.ARM.Collect$$libinit$$00000019)
    __rt_lib_init_preinit_1                  0x08004163   Thumb Code     0  libinit2.o(.ARM.Collect$$libinit$$00000004)
    __rt_lib_init_rand_1                     0x08004163   Thumb Code     0  libinit2.o(.ARM.Collect$$libinit$$0000000E)
    __rt_lib_init_return                     0x08004163   Thumb Code     0  libinit2.o(.ARM.Collect$$libinit$$00000033)
    __rt_lib_init_signal_1                   0x08004163   Thumb Code     0  libinit2.o(.ARM.Collect$$libinit$$0000001D)
    __rt_lib_init_stdio_1                    0x08004163   Thumb Code     0  libinit2.o(.ARM.Collect$$libinit$$00000025)
    __rt_lib_init_user_alloc_1               0x08004163   Thumb Code     0  libinit2.o(.ARM.Collect$$libinit$$0000000C)
    __rt_lib_shutdown                        0x08004165   Thumb Code     0  libshutdown.o(.ARM.Collect$$libshutdown$$00000000)
    __rt_lib_shutdown_fp_trap_1              0x08004167   Thumb Code     0  libshutdown2.o(.ARM.Collect$$libshutdown$$00000006)
    __rt_lib_shutdown_heap_1                 0x08004167   Thumb Code     0  libshutdown2.o(.ARM.Collect$$libshutdown$$0000000E)
    __rt_lib_shutdown_return                 0x08004167   Thumb Code     0  libshutdown2.o(.ARM.Collect$$libshutdown$$0000000F)
    __rt_lib_shutdown_signal_1               0x08004167   Thumb Code     0  libshutdown2.o(.ARM.Collect$$libshutdown$$00000009)
    __rt_lib_shutdown_stdio_1                0x08004167   Thumb Code     0  libshutdown2.o(.ARM.Collect$$libshutdown$$00000003)
    __rt_lib_shutdown_user_alloc_1           0x08004167   Thumb Code     0  libshutdown2.o(.ARM.Collect$$libshutdown$$0000000B)
    __rt_entry                               0x08004169   Thumb Code     0  __rtentry.o(.ARM.Collect$$rtentry$$00000000)
    __rt_entry_presh_1                       0x08004169   Thumb Code     0  __rtentry2.o(.ARM.Collect$$rtentry$$00000002)
    __rt_entry_sh                            0x08004169   Thumb Code     0  __rtentry4.o(.ARM.Collect$$rtentry$$00000004)
    __rt_entry_li                            0x0800416f   Thumb Code     0  __rtentry2.o(.ARM.Collect$$rtentry$$0000000A)
    __rt_entry_postsh_1                      0x0800416f   Thumb Code     0  __rtentry2.o(.ARM.Collect$$rtentry$$00000009)
    __rt_entry_main                          0x08004173   Thumb Code     0  __rtentry2.o(.ARM.Collect$$rtentry$$0000000D)
    __rt_entry_postli_1                      0x08004173   Thumb Code     0  __rtentry2.o(.ARM.Collect$$rtentry$$0000000C)
    __rt_exit                                0x0800417b   Thumb Code     0  rtexit.o(.ARM.Collect$$rtexit$$00000000)
    __rt_exit_ls                             0x0800417d   Thumb Code     0  rtexit2.o(.ARM.Collect$$rtexit$$00000003)
    __rt_exit_prels_1                        0x0800417d   Thumb Code     0  rtexit2.o(.ARM.Collect$$rtexit$$00000002)
    __rt_exit_exit                           0x08004181   Thumb Code     0  rtexit2.o(.ARM.Collect$$rtexit$$00000004)
    __get_PSP                                0x08004189   Thumb Code     6  core_cm3.o(.emb_text)
    __set_PSP                                0x0800418f   Thumb Code     6  core_cm3.o(.emb_text)
    __get_MSP                                0x08004195   Thumb Code     6  core_cm3.o(.emb_text)
    __set_MSP                                0x0800419b   Thumb Code     6  core_cm3.o(.emb_text)
    __REV16                                  0x080041a1   Thumb Code     4  core_cm3.o(.emb_text)
    __REVSH                                  0x080041a5   Thumb Code     4  core_cm3.o(.emb_text)
    Timer_Configuration                      0x080041a9   Thumb Code   206  settimer.o(.text)
    TIM1_UP_IRQHandler                       0x08004277   Thumb Code    40  settimer.o(.text)
    TIM2_IRQHandler                          0x0800429f   Thumb Code    40  settimer.o(.text)
    uart_echo_test                           0x080042cd   Thumb Code    28  main_esc_box.o(.text)
    test_can_send                            0x080042e9   Thumb Code    28  main_esc_box.o(.text)
    test_can1                                0x08004305   Thumb Code    26  main_esc_box.o(.text)
    test_uart123_can1                        0x0800431f   Thumb Code    20  main_esc_box.o(.text)
    print_uint                               0x08004333   Thumb Code    86  main_esc_box.o(.text)
    str_to_int                               0x08004389   Thumb Code    36  main_esc_box.o(.text)
    read_num_by_uart                         0x080043ad   Thumb Code   126  main_esc_box.o(.text)
    test_pwm                                 0x0800442b   Thumb Code    78  main_esc_box.o(.text)
    a_yaw_control_forward                    0x08004479   Thumb Code    40  main_esc_box.o(.text)
    a_yaw_control_back                       0x080044a1   Thumb Code    40  main_esc_box.o(.text)
    test_h_bridge                            0x080044c9   Thumb Code    82  main_esc_box.o(.text)
    char_to_hex                              0x0800451b   Thumb Code    34  main_esc_box.o(.text)
    cmd_uart_485cmd                          0x0800453d   Thumb Code   176  main_esc_box.o(.text)
    listen_cmd                               0x080045ed   Thumb Code   142  main_esc_box.o(.text)
    main_setup                               0x0800467b   Thumb Code   260  main_esc_box.o(.text)
    main_loop                                0x0800477f   Thumb Code    36  main_esc_box.o(.text)
    Esc_GPIO_Configuration                   0x080047b5   Thumb Code   286  setgpio_2.o(.text)
    Esc_ADC_Configuration                    0x080048e1   Thumb Code   398  adc_config.o(.text)
    DMA1_Channel1_IRQHandler                 0x08004a6f   Thumb Code    30  adc_config.o(.text)
    Cali_Adc_Value                           0x08004a8d   Thumb Code    72  adc_config.o(.text)
    Get_Oil_Mass_Adc_value                   0x08004ad5   Thumb Code    10  adc_config.o(.text)
    Get_ISA_Adc_value                        0x08004adf   Thumb Code    10  adc_config.o(.text)
    Get_PUMP_ANGLE_Adc_value                 0x08004ae9   Thumb Code    10  adc_config.o(.text)
    _Esc_Led_on                              0x08004b09   Thumb Code    46  esc_box_led.o(.text)
    _Esc_Led_off                             0x08004b37   Thumb Code    46  esc_box_led.o(.text)
    Esc_Led_toggle                           0x08004baf   Thumb Code    28  esc_box_led.o(.text)
    Esc_Led_set_toggle                       0x08004bcb   Thumb Code     8  esc_box_led.o(.text)
    Esc_Led_Event                            0x08004bd3   Thumb Code    76  esc_box_led.o(.text)
    Esc_Led_on                               0x08004c1f   Thumb Code    20  esc_box_led.o(.text)
    Esc_Led_off                              0x08004c33   Thumb Code    20  esc_box_led.o(.text)
    Esc_Led_Configuration                    0x08004c47   Thumb Code   140  esc_box_led.o(.text)
    TIM3_Mode_Config                         0x08004ce5   Thumb Code   270  esc_80_pump_pitch_control.o(.text)
    esc_set_pwmA                             0x08004df3   Thumb Code    30  esc_80_pump_pitch_control.o(.text)
    esc_set_pump_pitch_pwm                   0x08004e11   Thumb Code    12  esc_80_pump_pitch_control.o(.text)
    Esc_Pump_Pitch_Middle                    0x08004e1d   Thumb Code    10  esc_80_pump_pitch_control.o(.text)
    Esc_Pump_Pitch_Config                    0x08004e27   Thumb Code    12  esc_80_pump_pitch_control.o(.text)
    esc_set_pwmB                             0x08004e33   Thumb Code    30  esc_80_pump_pitch_control.o(.text)
    Esc_Pump_Pitch_Back                      0x08004e51   Thumb Code    12  esc_80_pump_pitch_control.o(.text)
    Esc_Pump_Pitch_Forward                   0x08004e5d   Thumb Code    10  esc_80_pump_pitch_control.o(.text)
    _yaw_control_forward                     0x08004e7d   Thumb Code    40  esc_80_yaw_control.o(.text)
    _yaw_control_back                        0x08004ea5   Thumb Code    40  esc_80_yaw_control.o(.text)
    _yaw_control_get_direction               0x08004ecd   Thumb Code    60  esc_80_yaw_control.o(.text)
    _is_yaw_control_stoped                   0x08004f09   Thumb Code    60  esc_80_yaw_control.o(.text)
    _yaw_control_angle_to_adc                0x08004f45   Thumb Code    92  esc_80_yaw_control.o(.text)
    is_reach_expect_value                    0x08004fa1   Thumb Code    38  esc_80_yaw_control.o(.text)
    _is_failsafe                             0x08004fc7   Thumb Code    26  esc_80_yaw_control.o(.text)
    yaw_control_failsafe                     0x08004fe1   Thumb Code    14  esc_80_yaw_control.o(.text)
    _check_current_failsafe                  0x08004fef   Thumb Code    18  esc_80_yaw_control.o(.text)
    _check_angle_failsafe                    0x08005001   Thumb Code    28  esc_80_yaw_control.o(.text)
    _esc_yaw_adc_update_event                0x0800501d   Thumb Code    96  esc_80_yaw_control.o(.text)
    _yaw_control_move_to_expect_adc          0x0800507d   Thumb Code   134  esc_80_yaw_control.o(.text)
    Esc_Yaw_Control_SetAngle                 0x08005103   Thumb Code    38  esc_80_yaw_control.o(.text)
    _yaw_control_initFunc                    0x08005129   Thumb Code   132  esc_80_yaw_control.o(.text)
    _try_go_back_in_failsafe                 0x080051ad   Thumb Code    74  esc_80_yaw_control.o(.text)
    Esc_Yaw_Control_Event                    0x080051f7   Thumb Code   314  esc_80_yaw_control.o(.text)
    Esc_Yaw_Control_Configure                0x08005331   Thumb Code   168  esc_80_yaw_control.o(.text)
    _print_uint                              0x080053e5   Thumb Code    86  esc_box_log.o(.text)
    logd                                     0x0800543b   Thumb Code    14  esc_box_log.o(.text)
    logd_uint                                0x08005449   Thumb Code    32  esc_box_log.o(.text)
    _Th11sb_config                           0x08005471   Thumb Code    14  rtu_485_runtime.o(.text)
    _Th11sb_485_runtime                      0x0800547f   Thumb Code   118  rtu_485_runtime.o(.text)
    _dam_config                              0x080054f5   Thumb Code    70  rtu_485_runtime.o(.text)
    _dam_485_runtime                         0x0800553b   Thumb Code   110  rtu_485_runtime.o(.text)
    Rtu_485_Runtime_sendCmd                  0x080055a9   Thumb Code   130  rtu_485_runtime.o(.text)
    _dam_485_send_on_off_cmd                 0x0800562b   Thumb Code    54  rtu_485_runtime.o(.text)
    _rtu_485_devices_runtime                 0x08005661   Thumb Code   174  rtu_485_runtime.o(.text)
    _rtu_485_sendcmd_runtime                 0x0800570f   Thumb Code   132  rtu_485_runtime.o(.text)
    Rtu_485_Runtime_send_RawCmd              0x08005793   Thumb Code    78  rtu_485_runtime.o(.text)
    Rtu_485_SendCmd_runtime_loop             0x080057e1   Thumb Code    92  rtu_485_runtime.o(.text)
    Rtu_485_Devices_runtime_loop             0x0800583d   Thumb Code   332  rtu_485_runtime.o(.text)
    Rtu_485_Runtime_Configure                0x08005989   Thumb Code    28  rtu_485_runtime.o(.text)
    Rtu_485_Runtime_loop                     0x080059a5   Thumb Code    86  rtu_485_runtime.o(.text)
    crc_accumulate                           0x08005a29   Thumb Code    46  crc16.o(.text)
    crc_init                                 0x08005a57   Thumb Code     8  crc16.o(.text)
    crc_calculate                            0x08005a5f   Thumb Code    38  crc16.o(.text)
    rtu_485_ack_init                         0x08005a85   Thumb Code    28  rtu_485.o(.text)
    recive_485_parse                         0x08005aa1   Thumb Code   218  rtu_485.o(.text)
    Rtu_485_send_cmd                         0x08005b7b   Thumb Code   114  rtu_485.o(.text)
    Rtu_485_send_raw_cmd                     0x08005bed   Thumb Code    46  rtu_485.o(.text)
    Rtu_485_Event                            0x08005c1b   Thumb Code   118  rtu_485.o(.text)
    Rtu_485_Get_Ack                          0x08005c91   Thumb Code    40  rtu_485.o(.text)
    Rtu_485_Configure                        0x08005cb9   Thumb Code    16  rtu_485.o(.text)
    cmdcoder_init                            0x08005d09   Thumb Code    30  cmdcoder.o(.text)
    cmdcoder_Parse_byte                      0x08005d27   Thumb Code   416  cmdcoder.o(.text)
    cmdcoder_encode_and_send                 0x08005ec7   Thumb Code   244  cmdcoder.o(.text)
    cmdcoder_send_bytes                      0x08005fbb   Thumb Code    70  cmdcoder.o(.text)
    fifo_init                                0x08006001   Thumb Code    22  fifo.o(.text)
    fifo_avail                               0x08006017   Thumb Code     6  fifo.o(.text)
    fifo_free                                0x0800601d   Thumb Code    12  fifo.o(.text)
    fifo_enabled                             0x08006029   Thumb Code     6  fifo.o(.text)
    is_fifo_overflow                         0x0800602f   Thumb Code     6  fifo.o(.text)
    fifo_put                                 0x08006035   Thumb Code    50  fifo.o(.text)
    fifo_recovery_put                        0x08006067   Thumb Code    68  fifo.o(.text)
    fifo_get                                 0x080060ab   Thumb Code    50  fifo.o(.text)
    fifo_void_init                           0x080060dd   Thumb Code    24  fifo_void.o(.text)
    fifo_void_avail                          0x080060f5   Thumb Code    24  fifo_void.o(.text)
    fifo_void_free                           0x0800610d   Thumb Code    18  fifo_void.o(.text)
    fifo_void_enabled                        0x0800611f   Thumb Code     6  fifo_void.o(.text)
    is_fifo_void_overflow                    0x08006125   Thumb Code     6  fifo_void.o(.text)
    fifo_void_put                            0x0800612b   Thumb Code    48  fifo_void.o(.text)
    fifo_void_recovery_put                   0x0800615b   Thumb Code    60  fifo_void.o(.text)
    fifo_void_get                            0x08006197   Thumb Code    46  fifo_void.o(.text)
    main                                     0x080061c5   Thumb Code    24  main.o(.text)
    can_rx_put_cb                            0x080061dd   Thumb Code    26  setcan.o(.text)
    can_rx_get_cb                            0x080061f7   Thumb Code    26  setcan.o(.text)
    can_tx_put_cb                            0x08006211   Thumb Code    26  setcan.o(.text)
    can_tx_get_cb                            0x0800622b   Thumb Code    26  setcan.o(.text)
    Can1_Configuration_mask                  0x08006245   Thumb Code   418  setcan.o(.text)
    Can1_Configuration                       0x080063e7   Thumb Code    18  setcan.o(.text)
    Can1_Send_Message                        0x080063f9   Thumb Code   126  setcan.o(.text)
    Can1_Send                                0x08006477   Thumb Code    96  setcan.o(.text)
    Can1_Get_CanRxMsg                        0x080064d7   Thumb Code    58  setcan.o(.text)
    USB_LP_CAN1_RX0_IRQHandler               0x08006511   Thumb Code    54  setcan.o(.text)
    CAN1_RX1_IRQHandler                      0x08006547   Thumb Code    22  setcan.o(.text)
    USB_HP_CAN1_TX_IRQHandler                0x0800655d   Thumb Code   246  setcan.o(.text)
    configHisClock                           0x08006671   Thumb Code   110  setclock.o(.text)
    SetupPllClock                            0x080066df   Thumb Code   184  setclock.o(.text)
    SysTick_Configuration                    0x080067a5   Thumb Code    90  setsystick.o(.text)
    SysTick_Deinit                           0x080067ff   Thumb Code    28  setsystick.o(.text)
    SysTick_Handler                          0x0800681b   Thumb Code    28  setsystick.o(.text)
    Systick_Event                            0x08006837   Thumb Code   102  setsystick.o(.text)
    delay_us                                 0x0800689d   Thumb Code    16  setsystick.o(.text)
    systick_time_start                       0x080068ad   Thumb Code    40  setsystick.o(.text)
    check_systick_time                       0x080068d5   Thumb Code    66  setsystick.o(.text)
    get_system_ms                            0x08006917   Thumb Code     6  setsystick.o(.text)
    Uart_Configuration                       0x08006935   Thumb Code   278  setuart.o(.text)
    Uart_DeInit                              0x08006a4b   Thumb Code    38  setuart.o(.text)
    _uart_irq_function                       0x08006a71   Thumb Code   158  setuart.o(.text)
    USART1_IRQHandler                        0x08006b0f   Thumb Code    12  setuart.o(.text)
    USART2_IRQHandler                        0x08006b1b   Thumb Code    12  setuart.o(.text)
    USART3_IRQHandler                        0x08006b27   Thumb Code    12  setuart.o(.text)
    Uart_GetChar                             0x08006b33   Thumb Code    48  setuart.o(.text)
    Uart_PutChar                             0x08006b63   Thumb Code   102  setuart.o(.text)
    Uart_PutString                           0x08006bc9   Thumb Code    26  setuart.o(.text)
    Uart_PutBytes                            0x08006be3   Thumb Code    32  setuart.o(.text)
    system_error_init                        0x08006c1d   Thumb Code    10  system_error_status.o(.text)
    system_error_get                         0x08006c27   Thumb Code     4  system_error_status.o(.text)
    system_Error_Callback                    0x08006c2b   Thumb Code   234  system_error_status.o(.text)
    get_iap_tag                              0x08006d25   Thumb Code     8  iap_jumper.o(.text)
    set_iap_tag                              0x08006d2d   Thumb Code   126  iap_jumper.o(.text)
    aipjumperEnodeCallback                   0x08006dab   Thumb Code    18  iap_jumper.o(.text)
    iap_jumper_answer_ack_false              0x08006dbd   Thumb Code    38  iap_jumper.o(.text)
    jump_by_reset                            0x08006de3   Thumb Code    30  iap_jumper.o(.text)
    jump_to_iap_program                      0x08006e01   Thumb Code    36  iap_jumper.o(.text)
    jump_iap                                 0x08006e25   Thumb Code     4  iap_jumper.o(.text)
    iapUartReadCallBack                      0x08006e29   Thumb Code    50  iap_jumper.o(.text)
    Iap_Configure                            0x08006e5b   Thumb Code    16  iap_jumper.o(.text)
    Iap_Jump                                 0x08006e6b   Thumb Code    22  iap_jumper.o(.text)
    Reset_Handler                            0x08006e95   Thumb Code     4  startup_stm32f10x_md.o(.text)
    NMI_Handler                              0x08006e99   Thumb Code     2  startup_stm32f10x_md.o(.text)
    HardFault_Handler                        0x08006e9b   Thumb Code     2  startup_stm32f10x_md.o(.text)
    MemManage_Handler                        0x08006e9d   Thumb Code     2  startup_stm32f10x_md.o(.text)
    BusFault_Handler                         0x08006e9f   Thumb Code     2  startup_stm32f10x_md.o(.text)
    UsageFault_Handler                       0x08006ea1   Thumb Code     2  startup_stm32f10x_md.o(.text)
    SVC_Handler                              0x08006ea3   Thumb Code     2  startup_stm32f10x_md.o(.text)
    DebugMon_Handler                         0x08006ea5   Thumb Code     2  startup_stm32f10x_md.o(.text)
    PendSV_Handler                           0x08006ea7   Thumb Code     2  startup_stm32f10x_md.o(.text)
    ADC1_2_IRQHandler                        0x08006eab   Thumb Code     0  startup_stm32f10x_md.o(.text)
    CAN1_SCE_IRQHandler                      0x08006eab   Thumb Code     0  startup_stm32f10x_md.o(.text)
    DMA1_Channel2_IRQHandler                 0x08006eab   Thumb Code     0  startup_stm32f10x_md.o(.text)
    DMA1_Channel3_IRQHandler                 0x08006eab   Thumb Code     0  startup_stm32f10x_md.o(.text)
    DMA1_Channel4_IRQHandler                 0x08006eab   Thumb Code     0  startup_stm32f10x_md.o(.text)
    DMA1_Channel5_IRQHandler                 0x08006eab   Thumb Code     0  startup_stm32f10x_md.o(.text)
    DMA1_Channel6_IRQHandler                 0x08006eab   Thumb Code     0  startup_stm32f10x_md.o(.text)
    DMA1_Channel7_IRQHandler                 0x08006eab   Thumb Code     0  startup_stm32f10x_md.o(.text)
    EXTI0_IRQHandler                         0x08006eab   Thumb Code     0  startup_stm32f10x_md.o(.text)
    EXTI15_10_IRQHandler                     0x08006eab   Thumb Code     0  startup_stm32f10x_md.o(.text)
    EXTI1_IRQHandler                         0x08006eab   Thumb Code     0  startup_stm32f10x_md.o(.text)
    EXTI2_IRQHandler                         0x08006eab   Thumb Code     0  startup_stm32f10x_md.o(.text)
    EXTI3_IRQHandler                         0x08006eab   Thumb Code     0  startup_stm32f10x_md.o(.text)
    EXTI4_IRQHandler                         0x08006eab   Thumb Code     0  startup_stm32f10x_md.o(.text)
    EXTI9_5_IRQHandler                       0x08006eab   Thumb Code     0  startup_stm32f10x_md.o(.text)
    FLASH_IRQHandler                         0x08006eab   Thumb Code     0  startup_stm32f10x_md.o(.text)
    I2C1_ER_IRQHandler                       0x08006eab   Thumb Code     0  startup_stm32f10x_md.o(.text)
    I2C1_EV_IRQHandler                       0x08006eab   Thumb Code     0  startup_stm32f10x_md.o(.text)
    I2C2_ER_IRQHandler                       0x08006eab   Thumb Code     0  startup_stm32f10x_md.o(.text)
    I2C2_EV_IRQHandler                       0x08006eab   Thumb Code     0  startup_stm32f10x_md.o(.text)
    PVD_IRQHandler                           0x08006eab   Thumb Code     0  startup_stm32f10x_md.o(.text)
    RCC_IRQHandler                           0x08006eab   Thumb Code     0  startup_stm32f10x_md.o(.text)
    RTCAlarm_IRQHandler                      0x08006eab   Thumb Code     0  startup_stm32f10x_md.o(.text)
    RTC_IRQHandler                           0x08006eab   Thumb Code     0  startup_stm32f10x_md.o(.text)
    SPI1_IRQHandler                          0x08006eab   Thumb Code     0  startup_stm32f10x_md.o(.text)
    SPI2_IRQHandler                          0x08006eab   Thumb Code     0  startup_stm32f10x_md.o(.text)
    TAMPER_IRQHandler                        0x08006eab   Thumb Code     0  startup_stm32f10x_md.o(.text)
    TIM1_BRK_IRQHandler                      0x08006eab   Thumb Code     0  startup_stm32f10x_md.o(.text)
    TIM1_CC_IRQHandler                       0x08006eab   Thumb Code     0  startup_stm32f10x_md.o(.text)
    TIM1_TRG_COM_IRQHandler                  0x08006eab   Thumb Code     0  startup_stm32f10x_md.o(.text)
    TIM3_IRQHandler                          0x08006eab   Thumb Code     0  startup_stm32f10x_md.o(.text)
    TIM4_IRQHandler                          0x08006eab   Thumb Code     0  startup_stm32f10x_md.o(.text)
    USBWakeUp_IRQHandler                     0x08006eab   Thumb Code     0  startup_stm32f10x_md.o(.text)
    WWDG_IRQHandler                          0x08006eab   Thumb Code     0  startup_stm32f10x_md.o(.text)
    __user_initial_stackheap                 0x08006ead   Thumb Code     0  startup_stm32f10x_md.o(.text)
    __aeabi_memcpy4                          0x08006ecd   Thumb Code     0  rt_memcpy_w.o(.text)
    __aeabi_memcpy8                          0x08006ecd   Thumb Code     0  rt_memcpy_w.o(.text)
    __rt_memcpy_w                            0x08006ecd   Thumb Code   100  rt_memcpy_w.o(.text)
    _memcpy_lastbytes_aligned                0x08006f15   Thumb Code     0  rt_memcpy_w.o(.text)
    __use_two_region_memory                  0x08006f31   Thumb Code     2  heapauxi.o(.text)
    __rt_heap_escrow$2region                 0x08006f33   Thumb Code     2  heapauxi.o(.text)
    __rt_heap_expand$2region                 0x08006f35   Thumb Code     2  heapauxi.o(.text)
    __user_setup_stackheap                   0x08006f37   Thumb Code    74  sys_stackheap_outer.o(.text)
    exit                                     0x08006f81   Thumb Code    12  exit.o(.text)
    __user_libspace                          0x08006f8d   Thumb Code     8  libspace.o(.text)
    __user_perproc_libspace                  0x08006f8d   Thumb Code     0  libspace.o(.text)
    __user_perthread_libspace                0x08006f8d   Thumb Code     0  libspace.o(.text)
    _sys_exit                                0x08006f95   Thumb Code     8  sys_exit.o(.text)
    __I$use$semihosting                      0x08006fa1   Thumb Code     0  use_no_semi.o(.text)
    __use_no_semihosting_swi                 0x08006fa1   Thumb Code     2  use_no_semi.o(.text)
    ADC_Cmd                                  0x08006fa3   Thumb Code    18  stm32f10x_adc.o(i.ADC_Cmd)
    __semihosting_library_function           0x08006fa3   Thumb Code     0  indicate_semi.o(.text)
    ADC_DMACmd                               0x08006fb5   Thumb Code    18  stm32f10x_adc.o(i.ADC_DMACmd)
    ADC_GetCalibrationStatus                 0x08006fc7   Thumb Code    16  stm32f10x_adc.o(i.ADC_GetCalibrationStatus)
    ADC_GetResetCalibrationStatus            0x08006fd7   Thumb Code    16  stm32f10x_adc.o(i.ADC_GetResetCalibrationStatus)
    ADC_Init                                 0x08006fe9   Thumb Code    74  stm32f10x_adc.o(i.ADC_Init)
    ADC_RegularChannelConfig                 0x08007039   Thumb Code   144  stm32f10x_adc.o(i.ADC_RegularChannelConfig)
    ADC_ResetCalibration                     0x080070c9   Thumb Code    10  stm32f10x_adc.o(i.ADC_ResetCalibration)
    ADC_SoftwareStartConvCmd                 0x080070d3   Thumb Code    18  stm32f10x_adc.o(i.ADC_SoftwareStartConvCmd)
    ADC_StartCalibration                     0x080070e5   Thumb Code    10  stm32f10x_adc.o(i.ADC_StartCalibration)
    CAN_DeInit                               0x080070ef   Thumb Code    58  stm32f10x_can.o(i.CAN_DeInit)
    CAN_FilterInit                           0x08007129   Thumb Code   222  stm32f10x_can.o(i.CAN_FilterInit)
    CAN_GetITStatus                          0x0800720d   Thumb Code   232  stm32f10x_can.o(i.CAN_GetITStatus)
    CAN_ITConfig                             0x080072f5   Thumb Code    16  stm32f10x_can.o(i.CAN_ITConfig)
    CAN_Init                                 0x08007305   Thumb Code   244  stm32f10x_can.o(i.CAN_Init)
    CAN_Receive                              0x080073f9   Thumb Code   178  stm32f10x_can.o(i.CAN_Receive)
    CAN_StructInit                           0x080074ab   Thumb Code    32  stm32f10x_can.o(i.CAN_StructInit)
    CAN_Transmit                             0x080074cb   Thumb Code   184  stm32f10x_can.o(i.CAN_Transmit)
    CAN_TransmitStatus                       0x08007583   Thumb Code   130  stm32f10x_can.o(i.CAN_TransmitStatus)
    DMA_ClearITPendingBit                    0x08007605   Thumb Code    16  stm32f10x_dma.o(i.DMA_ClearITPendingBit)
    DMA_Cmd                                  0x08007619   Thumb Code    18  stm32f10x_dma.o(i.DMA_Cmd)
    DMA_DeInit                               0x0800762d   Thumb Code   210  stm32f10x_dma.o(i.DMA_DeInit)
    DMA_GetITStatus                          0x08007735   Thumb Code    26  stm32f10x_dma.o(i.DMA_GetITStatus)
    DMA_ITConfig                             0x08007755   Thumb Code    16  stm32f10x_dma.o(i.DMA_ITConfig)
    DMA_Init                                 0x08007765   Thumb Code    72  stm32f10x_dma.o(i.DMA_Init)
    FLASH_ClearFlag                          0x080077ad   Thumb Code     6  stm32f10x_flash.o(i.FLASH_ClearFlag)
    FLASH_ErasePage                          0x080077b9   Thumb Code    64  stm32f10x_flash.o(i.FLASH_ErasePage)
    FLASH_Lock                               0x080077fd   Thumb Code    12  stm32f10x_flash.o(i.FLASH_Lock)
    FLASH_PrefetchBufferCmd                  0x0800780d   Thumb Code    18  stm32f10x_flash.o(i.FLASH_PrefetchBufferCmd)
    FLASH_ProgramWord                        0x08007825   Thumb Code    74  stm32f10x_flash.o(i.FLASH_ProgramWord)
    FLASH_SetLatency                         0x08007875   Thumb Code    14  stm32f10x_flash.o(i.FLASH_SetLatency)
    FLASH_Unlock                             0x08007889   Thumb Code    12  stm32f10x_flash.o(i.FLASH_Unlock)
    FLASH_WaitForLastOperation               0x080078a1   Thumb Code   102  stm32f10x_flash.o(i.FLASH_WaitForLastOperation)
    GPIO_Init                                0x0800790d   Thumb Code   202  stm32f10x_gpio.o(i.GPIO_Init)
    GPIO_PinRemapConfig                      0x080079d9   Thumb Code    84  stm32f10x_gpio.o(i.GPIO_PinRemapConfig)
    GPIO_ReadOutputDataBit                   0x08007a31   Thumb Code    14  stm32f10x_gpio.o(i.GPIO_ReadOutputDataBit)
    GPIO_ResetBits                           0x08007a3f   Thumb Code     4  stm32f10x_gpio.o(i.GPIO_ResetBits)
    GPIO_SetBits                             0x08007a43   Thumb Code     4  stm32f10x_gpio.o(i.GPIO_SetBits)
    GPIO_StructInit                          0x08007a47   Thumb Code    16  stm32f10x_gpio.o(i.GPIO_StructInit)
    NVIC_Init                                0x08007a57   Thumb Code   108  misc.o(i.NVIC_Init)
    NVIC_PriorityGroupConfig                 0x08007ac5   Thumb Code    14  misc.o(i.NVIC_PriorityGroupConfig)
    NVIC_SetVectorTable                      0x08007ad9   Thumb Code    16  misc.o(i.NVIC_SetVectorTable)
    RCC_ADCCLKConfig                         0x08007aed   Thumb Code    14  stm32f10x_rcc.o(i.RCC_ADCCLKConfig)
    RCC_AHBPeriphClockCmd                    0x08007b01   Thumb Code    18  stm32f10x_rcc.o(i.RCC_AHBPeriphClockCmd)
    RCC_APB1PeriphClockCmd                   0x08007b19   Thumb Code    18  stm32f10x_rcc.o(i.RCC_APB1PeriphClockCmd)
    RCC_APB1PeriphResetCmd                   0x08007b31   Thumb Code    18  stm32f10x_rcc.o(i.RCC_APB1PeriphResetCmd)
    RCC_APB2PeriphClockCmd                   0x08007b49   Thumb Code    18  stm32f10x_rcc.o(i.RCC_APB2PeriphClockCmd)
    RCC_DeInit                               0x08007b61   Thumb Code    54  stm32f10x_rcc.o(i.RCC_DeInit)
    RCC_GetClocksFreq                        0x08007ba1   Thumb Code   148  stm32f10x_rcc.o(i.RCC_GetClocksFreq)
    RCC_GetFlagStatus                        0x08007c45   Thumb Code    42  stm32f10x_rcc.o(i.RCC_GetFlagStatus)
    RCC_GetSYSCLKSource                      0x08007c75   Thumb Code    10  stm32f10x_rcc.o(i.RCC_GetSYSCLKSource)
    RCC_HCLKConfig                           0x08007c85   Thumb Code    14  stm32f10x_rcc.o(i.RCC_HCLKConfig)
    RCC_HSEConfig                            0x08007c99   Thumb Code    50  stm32f10x_rcc.o(i.RCC_HSEConfig)
    RCC_HSICmd                               0x08007cd1   Thumb Code     6  stm32f10x_rcc.o(i.RCC_HSICmd)
    RCC_PCLK1Config                          0x08007cdd   Thumb Code    14  stm32f10x_rcc.o(i.RCC_PCLK1Config)
    RCC_PCLK2Config                          0x08007cf1   Thumb Code    16  stm32f10x_rcc.o(i.RCC_PCLK2Config)
    RCC_PLLCmd                               0x08007d05   Thumb Code     6  stm32f10x_rcc.o(i.RCC_PLLCmd)
    RCC_PLLConfig                            0x08007d11   Thumb Code    16  stm32f10x_rcc.o(i.RCC_PLLConfig)
    RCC_SYSCLKConfig                         0x08007d25   Thumb Code    14  stm32f10x_rcc.o(i.RCC_SYSCLKConfig)
    RCC_WaitForHSEStartUp                    0x08007d39   Thumb Code    48  stm32f10x_rcc.o(i.RCC_WaitForHSEStartUp)
    SysTick_CLKSourceConfig                  0x08007d6d   Thumb Code    22  misc.o(i.SysTick_CLKSourceConfig)
    TIM_ARRPreloadConfig                     0x08007d83   Thumb Code    22  stm32f10x_tim.o(i.TIM_ARRPreloadConfig)
    TIM_ClearFlag                            0x08007d99   Thumb Code     6  stm32f10x_tim.o(i.TIM_ClearFlag)
    TIM_Cmd                                  0x08007d9f   Thumb Code    22  stm32f10x_tim.o(i.TIM_Cmd)
    TIM_CtrlPWMOutputs                       0x08007db5   Thumb Code    22  stm32f10x_tim.o(i.TIM_CtrlPWMOutputs)
    TIM_GetITStatus                          0x08007dcb   Thumb Code    26  stm32f10x_tim.o(i.TIM_GetITStatus)
    TIM_ITConfig                             0x08007de5   Thumb Code    16  stm32f10x_tim.o(i.TIM_ITConfig)
    TIM_OC3Init                              0x08007df5   Thumb Code   128  stm32f10x_tim.o(i.TIM_OC3Init)
    TIM_OC3PreloadConfig                     0x08007e75   Thumb Code    12  stm32f10x_tim.o(i.TIM_OC3PreloadConfig)
    TIM_OC4Init                              0x08007e81   Thumb Code   102  stm32f10x_tim.o(i.TIM_OC4Init)
    TIM_OC4PreloadConfig                     0x08007ee7   Thumb Code    14  stm32f10x_tim.o(i.TIM_OC4PreloadConfig)
    TIM_OCStructInit                         0x08007ef5   Thumb Code    20  stm32f10x_tim.o(i.TIM_OCStructInit)
    TIM_TimeBaseInit                         0x08007f09   Thumb Code    60  stm32f10x_tim.o(i.TIM_TimeBaseInit)
    USART_Cmd                                0x08007f45   Thumb Code    18  stm32f10x_usart.o(i.USART_Cmd)
    USART_GetFlagStatus                      0x08007f57   Thumb Code    14  stm32f10x_usart.o(i.USART_GetFlagStatus)
    USART_GetITStatus                        0x08007f65   Thumb Code    68  stm32f10x_usart.o(i.USART_GetITStatus)
    USART_ITConfig                           0x08007fa9   Thumb Code    48  stm32f10x_usart.o(i.USART_ITConfig)
    USART_Init                               0x08007fd9   Thumb Code   140  stm32f10x_usart.o(i.USART_Init)
    USART_ReceiveData                        0x08008069   Thumb Code     8  stm32f10x_usart.o(i.USART_ReceiveData)
    USART_SendData                           0x08008071   Thumb Code     8  stm32f10x_usart.o(i.USART_SendData)
    USART_StructInit                         0x08008079   Thumb Code    22  stm32f10x_usart.o(i.USART_StructInit)
    __aeabi_ui2f                             0x08008091   Thumb Code     0  fflt_clz.o(x$fpl$ffltu)
    _ffltu                                   0x08008091   Thumb Code    38  fflt_clz.o(x$fpl$ffltu)
    __I$use$fp                               0x080080b6   Number         0  usenofp.o(x$fpl$usenofp)
    Region$$Table$$Base                      0x080080b8   Number         0  anon$$obj.o(Region$$Table)
    Region$$Table$$Limit                     0x080080d8   Number         0  anon$$obj.o(Region$$Table)
    adc_sample_irq_function                  0x2000000c   Data           4  adc_config.o(.data)
    pwmA_ccr                                 0x20000014   Data           2  esc_80_pump_pitch_control.o(.data)
    pwmB_ccr                                 0x20000016   Data           2  esc_80_pump_pitch_control.o(.data)
    yawAngleLowPartAdcValueR                 0x20000018   Data           2  esc_80_yaw_control.o(.data)
    yawAngleHightPartAdcValueR               0x2000001a   Data           2  esc_80_yaw_control.o(.data)
    yawAngleAdcValue                         0x2000001c   Data           2  esc_80_yaw_control.o(.data)
    yawExpectAngle                           0x20000020   Data           4  esc_80_yaw_control.o(.data)
    yawExpectAngleAdcValue                   0x20000024   Data           2  esc_80_yaw_control.o(.data)
    yawCurrentAdcValue                       0x20000026   Data           2  esc_80_yaw_control.o(.data)
    yawControlInited                         0x20000028   Data           4  esc_80_yaw_control.o(.data)
    failsafe_AngleOverFlow                   0x2000002c   Data           1  esc_80_yaw_control.o(.data)
    failsafe_CurrentOverFlow                 0x2000002d   Data           1  esc_80_yaw_control.o(.data)
    failsafe_AdcUpdateError                  0x2000002e   Data           1  esc_80_yaw_control.o(.data)
    _esc_yaw_check_adc_hz                    0x20000030   Data           4  esc_80_yaw_control.o(.data)
    th11sb_head                              0x20000038   Data           6  rtu_485_runtime.o(.data)
    th11sb_tail                              0x2000003e   Data           6  rtu_485_runtime.o(.data)
    current_th11sb                           0x20000044   Data           4  rtu_485_runtime.o(.data)
    dam4_02                                  0x20000048   Data           8  rtu_485_runtime.o(.data)
    dam4_04                                  0x20000050   Data           8  rtu_485_runtime.o(.data)
    dam4_05                                  0x20000058   Data           8  rtu_485_runtime.o(.data)
    dam16_08                                 0x20000060   Data           8  rtu_485_runtime.o(.data)
    dam4_09                                  0x20000068   Data           8  rtu_485_runtime.o(.data)
    _rtu_485_runtime_running                 0x20000070   Data           1  rtu_485_runtime.o(.data)
    _rtu_485_loop_type                       0x20000071   Data           1  rtu_485_runtime.o(.data)
    rtu485_uart                              0x20000078   Data           4  rtu_485.o(.data)
    is_485_bus_status                        0x2000007c   Data           1  rtu_485.o(.data)
    _rtu_ms                                  0x20000080   Data           4  rtu_485.o(.data)
    resend_count                             0x20000084   Data           4  setcan.o(.data)
    in_send_loop                             0x20000088   Data           1  setcan.o(.data)
    TransmitMailbox                          0x20000089   Data           1  setcan.o(.data)
    systemClk                                0x2000008c   Data           4  setclock.o(.data)
    TimingDelay                              0x20000090   Data           4  setsystick.o(.data)
    systick_ms                               0x20000094   Data           4  setsystick.o(.data)
    systick_us                               0x20000098   Data           4  setsystick.o(.data)
    systick_ms_overflow                      0x2000009c   Data           1  setsystick.o(.data)
    uart1_p                                  0x200000a0   Data           4  setuart.o(.data)
    uart2_p                                  0x200000a4   Data           4  setuart.o(.data)
    uart3_p                                  0x200000a8   Data           4  setuart.o(.data)
    _system_error                            0x200000ac   Data           5  system_error_status.o(.data)
    remoterUart                              0x200000b4   Data           4  iap_jumper.o(.data)
    report_t                                 0x200000cc   Data          12  main_esc_box.o(.bss)
    led_t                                    0x200000d8   Data          12  main_esc_box.o(.bss)
    Uart1                                    0x200000e4   Data        1080  main_esc_box.o(.bss)
    Uart2                                    0x2000051c   Data        1080  main_esc_box.o(.bss)
    Uart3                                    0x20000954   Data        1080  main_esc_box.o(.bss)
    TxMessage1                               0x20000d8c   Data          20  main_esc_box.o(.bss)
    RxMessage1                               0x20000da0   Data          20  main_esc_box.o(.bss)
    rxmsg                                    0x20000db4   Data          20  main_esc_box.o(.bss)
    txmsg                                    0x20000dc8   Data          20  main_esc_box.o(.bss)
    _yaw_t                                   0x20000ebc   Data          12  esc_80_yaw_control.o(.bss)
    rtu_485_time_t                           0x20000ec8   Data          12  rtu_485_runtime.o(.bss)
    rtu_485_cmd_fifo                         0x20000ed4   Data          24  rtu_485_runtime.o(.bss)
    rtu_485_cmd_fifo_buff                    0x20000eec   Data         512  rtu_485_runtime.o(.bss)
    _rtu_485_sendcmd                         0x200010ec   Data          32  rtu_485_runtime.o(.bss)
    rtu485_ack                               0x2000110c   Data         272  rtu_485.o(.bss)
    RxMessage                                0x2000121c   Data          20  setcan.o(.bss)
    TxMessage                                0x20001230   Data          20  setcan.o(.bss)
    TxMessageArray                           0x20001244   Data        2000  setcan.o(.bss)
    RxMessageArray                           0x20001a14   Data        2000  setcan.o(.bss)
    can1_tx_msg_fifo                         0x200021e4   Data          24  setcan.o(.bss)
    can1_rx_msg_fifo                         0x200021fc   Data          24  setcan.o(.bss)
    iapJumperEncoder                         0x200022a8   Data         148  iap_jumper.o(.bss)
    __libspace_start                         0x2000233c   Data          96  libspace.o(.bss)
    __temporary_stack_top$libspace           0x2000239c   Data           0  libspace.o(.bss)



==============================================================================

Memory Map of the image

  Image Entry point : 0x080040ed

  Load Region LR_IROM1 (Base: 0x08004000, Size: 0x000041a4, Max: 0x0000c000, ABSOLUTE)

    Execution Region ER_IROM1 (Base: 0x08004000, Size: 0x000040d8, Max: 0x0000c000, ABSOLUTE)

    Base Addr    Size         Type   Attr      Idx    E Section Name        Object

    0x08004000   0x000000ec   Data   RO          646    RESET               startup_stm32f10x_md.o
    0x080040ec   0x00000008   Code   RO         2332  * !!!main             c_w.l(__main.o)
    0x080040f4   0x00000034   Code   RO         2495    !!!scatter          c_w.l(__scatter.o)
    0x08004128   0x0000001a   Code   RO         2497    !!handler_copy      c_w.l(__scatter_copy.o)
    0x08004142   0x00000002   PAD
    0x08004144   0x0000001c   Code   RO         2499    !!handler_zi        c_w.l(__scatter_zi.o)
    0x08004160   0x00000002   Code   RO         2366    .ARM.Collect$$libinit$$00000000  c_w.l(libinit.o)
    0x08004162   0x00000000   Code   RO         2373    .ARM.Collect$$libinit$$00000002  c_w.l(libinit2.o)
    0x08004162   0x00000000   Code   RO         2375    .ARM.Collect$$libinit$$00000004  c_w.l(libinit2.o)
    0x08004162   0x00000000   Code   RO         2378    .ARM.Collect$$libinit$$0000000A  c_w.l(libinit2.o)
    0x08004162   0x00000000   Code   RO         2380    .ARM.Collect$$libinit$$0000000C  c_w.l(libinit2.o)
    0x08004162   0x00000000   Code   RO         2382    .ARM.Collect$$libinit$$0000000E  c_w.l(libinit2.o)
    0x08004162   0x00000000   Code   RO         2385    .ARM.Collect$$libinit$$00000011  c_w.l(libinit2.o)
    0x08004162   0x00000000   Code   RO         2387    .ARM.Collect$$libinit$$00000013  c_w.l(libinit2.o)
    0x08004162   0x00000000   Code   RO         2389    .ARM.Collect$$libinit$$00000015  c_w.l(libinit2.o)
    0x08004162   0x00000000   Code   RO         2391    .ARM.Collect$$libinit$$00000017  c_w.l(libinit2.o)
    0x08004162   0x00000000   Code   RO         2393    .ARM.Collect$$libinit$$00000019  c_w.l(libinit2.o)
    0x08004162   0x00000000   Code   RO         2395    .ARM.Collect$$libinit$$0000001B  c_w.l(libinit2.o)
    0x08004162   0x00000000   Code   RO         2397    .ARM.Collect$$libinit$$0000001D  c_w.l(libinit2.o)
    0x08004162   0x00000000   Code   RO         2399    .ARM.Collect$$libinit$$0000001F  c_w.l(libinit2.o)
    0x08004162   0x00000000   Code   RO         2401    .ARM.Collect$$libinit$$00000021  c_w.l(libinit2.o)
    0x08004162   0x00000000   Code   RO         2403    .ARM.Collect$$libinit$$00000023  c_w.l(libinit2.o)
    0x08004162   0x00000000   Code   RO         2405    .ARM.Collect$$libinit$$00000025  c_w.l(libinit2.o)
    0x08004162   0x00000000   Code   RO         2409    .ARM.Collect$$libinit$$0000002C  c_w.l(libinit2.o)
    0x08004162   0x00000000   Code   RO         2411    .ARM.Collect$$libinit$$0000002E  c_w.l(libinit2.o)
    0x08004162   0x00000000   Code   RO         2413    .ARM.Collect$$libinit$$00000030  c_w.l(libinit2.o)
    0x08004162   0x00000000   Code   RO         2415    .ARM.Collect$$libinit$$00000032  c_w.l(libinit2.o)
    0x08004162   0x00000002   Code   RO         2416    .ARM.Collect$$libinit$$00000033  c_w.l(libinit2.o)
    0x08004164   0x00000002   Code   RO         2436    .ARM.Collect$$libshutdown$$00000000  c_w.l(libshutdown.o)
    0x08004166   0x00000000   Code   RO         2450    .ARM.Collect$$libshutdown$$00000003  c_w.l(libshutdown2.o)
    0x08004166   0x00000000   Code   RO         2453    .ARM.Collect$$libshutdown$$00000006  c_w.l(libshutdown2.o)
    0x08004166   0x00000000   Code   RO         2456    .ARM.Collect$$libshutdown$$00000009  c_w.l(libshutdown2.o)
    0x08004166   0x00000000   Code   RO         2458    .ARM.Collect$$libshutdown$$0000000B  c_w.l(libshutdown2.o)
    0x08004166   0x00000000   Code   RO         2461    .ARM.Collect$$libshutdown$$0000000E  c_w.l(libshutdown2.o)
    0x08004166   0x00000002   Code   RO         2462    .ARM.Collect$$libshutdown$$0000000F  c_w.l(libshutdown2.o)
    0x08004168   0x00000000   Code   RO         2340    .ARM.Collect$$rtentry$$00000000  c_w.l(__rtentry.o)
    0x08004168   0x00000000   Code   RO         2343    .ARM.Collect$$rtentry$$00000002  c_w.l(__rtentry2.o)
    0x08004168   0x00000006   Code   RO         2355    .ARM.Collect$$rtentry$$00000004  c_w.l(__rtentry4.o)
    0x0800416e   0x00000000   Code   RO         2345    .ARM.Collect$$rtentry$$00000009  c_w.l(__rtentry2.o)
    0x0800416e   0x00000004   Code   RO         2346    .ARM.Collect$$rtentry$$0000000A  c_w.l(__rtentry2.o)
    0x08004172   0x00000000   Code   RO         2348    .ARM.Collect$$rtentry$$0000000C  c_w.l(__rtentry2.o)
    0x08004172   0x00000008   Code   RO         2349    .ARM.Collect$$rtentry$$0000000D  c_w.l(__rtentry2.o)
    0x0800417a   0x00000002   Code   RO         2370    .ARM.Collect$$rtexit$$00000000  c_w.l(rtexit.o)
    0x0800417c   0x00000000   Code   RO         2418    .ARM.Collect$$rtexit$$00000002  c_w.l(rtexit2.o)
    0x0800417c   0x00000004   Code   RO         2419    .ARM.Collect$$rtexit$$00000003  c_w.l(rtexit2.o)
    0x08004180   0x00000006   Code   RO         2420    .ARM.Collect$$rtexit$$00000004  c_w.l(rtexit2.o)
    0x08004186   0x00000002   PAD
    0x08004188   0x00000020   Code   RO          600    .emb_text           core_cm3.o
    0x080041a8   0x00000124   Code   RO          125    .text               settimer.o
    0x080042cc   0x000004e8   Code   RO          247    .text               main_esc_box.o
    0x080047b4   0x0000012c   Code   RO          267    .text               setgpio_2.o
    0x080048e0   0x00000228   Code   RO          281    .text               adc_config.o
    0x08004b08   0x000001dc   Code   RO          298    .text               esc_box_led.o
    0x08004ce4   0x00000198   Code   RO          314    .text               esc_80_pump_pitch_control.o
    0x08004e7c   0x00000568   Code   RO          330    .text               esc_80_yaw_control.o
    0x080053e4   0x0000008c   Code   RO          347    .text               esc_box_log.o
    0x08005470   0x000005b8   Code   RO          362    .text               rtu_485_runtime.o
    0x08005a28   0x0000005c   Code   RO          387    .text               crc16.o
    0x08005a84   0x00000254   Code   RO          399    .text               rtu_485.o
    0x08005cd8   0x00000328   Code   RO          417    .text               cmdcoder.o
    0x08006000   0x000000dc   Code   RO          432    .text               fifo.o
    0x080060dc   0x000000e8   Code   RO          447    .text               fifo_void.o
    0x080061c4   0x00000018   Code   RO          462    .text               main.o
    0x080061dc   0x00000494   Code   RO          483    .text               setcan.o
    0x08006670   0x00000134   Code   RO          500    .text               setclock.o
    0x080067a4   0x00000190   Code   RO          519    .text               setsystick.o
    0x08006934   0x000002e8   Code   RO          538    .text               setuart.o
    0x08006c1c   0x00000108   Code   RO          561    .text               system_error_status.o
    0x08006d24   0x00000170   Code   RO          577    .text               iap_jumper.o
    0x08006e94   0x00000038   Code   RO          647    .text               startup_stm32f10x_md.o
    0x08006ecc   0x00000064   Code   RO         2328    .text               c_w.l(rt_memcpy_w.o)
    0x08006f30   0x00000006   Code   RO         2330    .text               c_w.l(heapauxi.o)
    0x08006f36   0x0000004a   Code   RO         2357    .text               c_w.l(sys_stackheap_outer.o)
    0x08006f80   0x0000000c   Code   RO         2359    .text               c_w.l(exit.o)
    0x08006f8c   0x00000008   Code   RO         2367    .text               c_w.l(libspace.o)
    0x08006f94   0x0000000c   Code   RO         2428    .text               c_w.l(sys_exit.o)
    0x08006fa0   0x00000002   Code   RO         2439    .text               c_w.l(use_no_semi.o)
    0x08006fa2   0x00000000   Code   RO         2441    .text               c_w.l(indicate_semi.o)
    0x08006fa2   0x00000012   Code   RO          775    i.ADC_Cmd           lib.lib(stm32f10x_adc.o)
    0x08006fb4   0x00000012   Code   RO          776    i.ADC_DMACmd        lib.lib(stm32f10x_adc.o)
    0x08006fc6   0x00000010   Code   RO          783    i.ADC_GetCalibrationStatus  lib.lib(stm32f10x_adc.o)
    0x08006fd6   0x00000010   Code   RO          789    i.ADC_GetResetCalibrationStatus  lib.lib(stm32f10x_adc.o)
    0x08006fe6   0x00000002   PAD
    0x08006fe8   0x00000050   Code   RO          793    i.ADC_Init          lib.lib(stm32f10x_adc.o)
    0x08007038   0x00000090   Code   RO          797    i.ADC_RegularChannelConfig  lib.lib(stm32f10x_adc.o)
    0x080070c8   0x0000000a   Code   RO          798    i.ADC_ResetCalibration  lib.lib(stm32f10x_adc.o)
    0x080070d2   0x00000012   Code   RO          800    i.ADC_SoftwareStartConvCmd  lib.lib(stm32f10x_adc.o)
    0x080070e4   0x0000000a   Code   RO          802    i.ADC_StartCalibration  lib.lib(stm32f10x_adc.o)
    0x080070ee   0x0000003a   Code   RO          995    i.CAN_DeInit        lib.lib(stm32f10x_can.o)
    0x08007128   0x000000e4   Code   RO          997    i.CAN_FilterInit    lib.lib(stm32f10x_can.o)
    0x0800720c   0x000000e8   Code   RO          999    i.CAN_GetITStatus   lib.lib(stm32f10x_can.o)
    0x080072f4   0x00000010   Code   RO         1000    i.CAN_ITConfig      lib.lib(stm32f10x_can.o)
    0x08007304   0x000000f4   Code   RO         1001    i.CAN_Init          lib.lib(stm32f10x_can.o)
    0x080073f8   0x000000b2   Code   RO         1003    i.CAN_Receive       lib.lib(stm32f10x_can.o)
    0x080074aa   0x00000020   Code   RO         1006    i.CAN_StructInit    lib.lib(stm32f10x_can.o)
    0x080074ca   0x000000b8   Code   RO         1007    i.CAN_Transmit      lib.lib(stm32f10x_can.o)
    0x08007582   0x00000082   Code   RO         1008    i.CAN_TransmitStatus  lib.lib(stm32f10x_can.o)
    0x08007604   0x00000014   Code   RO         1112    i.DMA_ClearITPendingBit  lib.lib(stm32f10x_dma.o)
    0x08007618   0x00000012   Code   RO         1113    i.DMA_Cmd           lib.lib(stm32f10x_dma.o)
    0x0800762a   0x00000002   PAD
    0x0800762c   0x00000108   Code   RO         1114    i.DMA_DeInit        lib.lib(stm32f10x_dma.o)
    0x08007734   0x00000020   Code   RO         1117    i.DMA_GetITStatus   lib.lib(stm32f10x_dma.o)
    0x08007754   0x00000010   Code   RO         1118    i.DMA_ITConfig      lib.lib(stm32f10x_dma.o)
    0x08007764   0x00000048   Code   RO         1119    i.DMA_Init          lib.lib(stm32f10x_dma.o)
    0x080077ac   0x0000000c   Code   RO         1177    i.FLASH_ClearFlag   lib.lib(stm32f10x_flash.o)
    0x080077b8   0x00000044   Code   RO         1181    i.FLASH_ErasePage   lib.lib(stm32f10x_flash.o)
    0x080077fc   0x00000010   Code   RO         1190    i.FLASH_Lock        lib.lib(stm32f10x_flash.o)
    0x0800780c   0x00000018   Code   RO         1191    i.FLASH_PrefetchBufferCmd  lib.lib(stm32f10x_flash.o)
    0x08007824   0x00000050   Code   RO         1194    i.FLASH_ProgramWord  lib.lib(stm32f10x_flash.o)
    0x08007874   0x00000014   Code   RO         1196    i.FLASH_SetLatency  lib.lib(stm32f10x_flash.o)
    0x08007888   0x00000018   Code   RO         1197    i.FLASH_Unlock      lib.lib(stm32f10x_flash.o)
    0x080078a0   0x0000006c   Code   RO         1199    i.FLASH_WaitForLastOperation  lib.lib(stm32f10x_flash.o)
    0x0800790c   0x000000ca   Code   RO         1327    i.GPIO_Init         lib.lib(stm32f10x_gpio.o)
    0x080079d6   0x00000002   PAD
    0x080079d8   0x00000058   Code   RO         1329    i.GPIO_PinRemapConfig  lib.lib(stm32f10x_gpio.o)
    0x08007a30   0x0000000e   Code   RO         1333    i.GPIO_ReadOutputDataBit  lib.lib(stm32f10x_gpio.o)
    0x08007a3e   0x00000004   Code   RO         1334    i.GPIO_ResetBits    lib.lib(stm32f10x_gpio.o)
    0x08007a42   0x00000004   Code   RO         1335    i.GPIO_SetBits      lib.lib(stm32f10x_gpio.o)
    0x08007a46   0x00000010   Code   RO         1336    i.GPIO_StructInit   lib.lib(stm32f10x_gpio.o)
    0x08007a56   0x0000006c   Code   RO          651    i.NVIC_Init         lib.lib(misc.o)
    0x08007ac2   0x00000002   PAD
    0x08007ac4   0x00000014   Code   RO          652    i.NVIC_PriorityGroupConfig  lib.lib(misc.o)
    0x08007ad8   0x00000014   Code   RO          653    i.NVIC_SetVectorTable  lib.lib(misc.o)
    0x08007aec   0x00000014   Code   RO         1435    i.RCC_ADCCLKConfig  lib.lib(stm32f10x_rcc.o)
    0x08007b00   0x00000018   Code   RO         1436    i.RCC_AHBPeriphClockCmd  lib.lib(stm32f10x_rcc.o)
    0x08007b18   0x00000018   Code   RO         1437    i.RCC_APB1PeriphClockCmd  lib.lib(stm32f10x_rcc.o)
    0x08007b30   0x00000018   Code   RO         1438    i.RCC_APB1PeriphResetCmd  lib.lib(stm32f10x_rcc.o)
    0x08007b48   0x00000018   Code   RO         1439    i.RCC_APB2PeriphClockCmd  lib.lib(stm32f10x_rcc.o)
    0x08007b60   0x00000040   Code   RO         1446    i.RCC_DeInit        lib.lib(stm32f10x_rcc.o)
    0x08007ba0   0x000000a4   Code   RO         1447    i.RCC_GetClocksFreq  lib.lib(stm32f10x_rcc.o)
    0x08007c44   0x00000030   Code   RO         1448    i.RCC_GetFlagStatus  lib.lib(stm32f10x_rcc.o)
    0x08007c74   0x00000010   Code   RO         1450    i.RCC_GetSYSCLKSource  lib.lib(stm32f10x_rcc.o)
    0x08007c84   0x00000014   Code   RO         1451    i.RCC_HCLKConfig    lib.lib(stm32f10x_rcc.o)
    0x08007c98   0x00000038   Code   RO         1452    i.RCC_HSEConfig     lib.lib(stm32f10x_rcc.o)
    0x08007cd0   0x0000000c   Code   RO         1453    i.RCC_HSICmd        lib.lib(stm32f10x_rcc.o)
    0x08007cdc   0x00000014   Code   RO         1458    i.RCC_PCLK1Config   lib.lib(stm32f10x_rcc.o)
    0x08007cf0   0x00000014   Code   RO         1459    i.RCC_PCLK2Config   lib.lib(stm32f10x_rcc.o)
    0x08007d04   0x0000000c   Code   RO         1460    i.RCC_PLLCmd        lib.lib(stm32f10x_rcc.o)
    0x08007d10   0x00000014   Code   RO         1461    i.RCC_PLLConfig     lib.lib(stm32f10x_rcc.o)
    0x08007d24   0x00000014   Code   RO         1464    i.RCC_SYSCLKConfig  lib.lib(stm32f10x_rcc.o)
    0x08007d38   0x00000034   Code   RO         1466    i.RCC_WaitForHSEStartUp  lib.lib(stm32f10x_rcc.o)
    0x08007d6c   0x00000016   Code   RO          655    i.SysTick_CLKSourceConfig  lib.lib(misc.o)
    0x08007d82   0x00000016   Code   RO         1635    i.TIM_ARRPreloadConfig  lib.lib(stm32f10x_tim.o)
    0x08007d98   0x00000006   Code   RO         1641    i.TIM_ClearFlag     lib.lib(stm32f10x_tim.o)
    0x08007d9e   0x00000016   Code   RO         1647    i.TIM_Cmd           lib.lib(stm32f10x_tim.o)
    0x08007db4   0x00000016   Code   RO         1649    i.TIM_CtrlPWMOutputs  lib.lib(stm32f10x_tim.o)
    0x08007dca   0x0000001a   Code   RO         1668    i.TIM_GetITStatus   lib.lib(stm32f10x_tim.o)
    0x08007de4   0x00000010   Code   RO         1672    i.TIM_ITConfig      lib.lib(stm32f10x_tim.o)
    0x08007df4   0x00000080   Code   RO         1686    i.TIM_OC3Init       lib.lib(stm32f10x_tim.o)
    0x08007e74   0x0000000c   Code   RO         1689    i.TIM_OC3PreloadConfig  lib.lib(stm32f10x_tim.o)
    0x08007e80   0x00000066   Code   RO         1691    i.TIM_OC4Init       lib.lib(stm32f10x_tim.o)
    0x08007ee6   0x0000000e   Code   RO         1693    i.TIM_OC4PreloadConfig  lib.lib(stm32f10x_tim.o)
    0x08007ef4   0x00000014   Code   RO         1694    i.TIM_OCStructInit  lib.lib(stm32f10x_tim.o)
    0x08007f08   0x0000003c   Code   RO         1718    i.TIM_TimeBaseInit  lib.lib(stm32f10x_tim.o)
    0x08007f44   0x00000012   Code   RO         2162    i.USART_Cmd         lib.lib(stm32f10x_usart.o)
    0x08007f56   0x0000000e   Code   RO         2165    i.USART_GetFlagStatus  lib.lib(stm32f10x_usart.o)
    0x08007f64   0x00000044   Code   RO         2166    i.USART_GetITStatus  lib.lib(stm32f10x_usart.o)
    0x08007fa8   0x00000030   Code   RO         2168    i.USART_ITConfig    lib.lib(stm32f10x_usart.o)
    0x08007fd8   0x00000090   Code   RO         2169    i.USART_Init        lib.lib(stm32f10x_usart.o)
    0x08008068   0x00000008   Code   RO         2174    i.USART_ReceiveData  lib.lib(stm32f10x_usart.o)
    0x08008070   0x00000008   Code   RO         2177    i.USART_SendData    lib.lib(stm32f10x_usart.o)
    0x08008078   0x00000016   Code   RO         2183    i.USART_StructInit  lib.lib(stm32f10x_usart.o)
    0x0800808e   0x00000002   PAD
    0x08008090   0x00000026   Code   RO         2334    x$fpl$ffltu         fz_ws.l(fflt_clz.o)
    0x080080b6   0x00000000   Code   RO         2341    x$fpl$usenofp       fz_ws.l(usenofp.o)
    0x080080b6   0x00000002   PAD
    0x080080b8   0x00000020   Data   RO         2493    Region$$Table       anon$$obj.o


    Execution Region RW_IRAM1 (Base: 0x20000000, Size: 0x000029a0, Max: 0x00005000, ABSOLUTE)

    Base Addr    Size         Type   Attr      Idx    E Section Name        Object

    0x20000000   0x00000009   Data   RW          250    .data               main_esc_box.o
    0x20000009   0x00000003   PAD
    0x2000000c   0x00000004   Data   RW          284    .data               adc_config.o
    0x20000010   0x00000004   Data   RW          301    .data               esc_box_led.o
    0x20000014   0x00000004   Data   RW          316    .data               esc_80_pump_pitch_control.o
    0x20000018   0x0000001d   Data   RW          333    .data               esc_80_yaw_control.o
    0x20000035   0x00000003   PAD
    0x20000038   0x0000003d   Data   RW          365    .data               rtu_485_runtime.o
    0x20000075   0x00000003   PAD
    0x20000078   0x0000000c   Data   RW          402    .data               rtu_485.o
    0x20000084   0x00000006   Data   RW          486    .data               setcan.o
    0x2000008a   0x00000002   PAD
    0x2000008c   0x00000004   Data   RW          502    .data               setclock.o
    0x20000090   0x0000000d   Data   RW          521    .data               setsystick.o
    0x2000009d   0x00000003   PAD
    0x200000a0   0x0000000c   Data   RW          540    .data               setuart.o
    0x200000ac   0x00000005   Data   RW          563    .data               system_error_status.o
    0x200000b1   0x00000003   PAD
    0x200000b4   0x00000004   Data   RW          580    .data               iap_jumper.o
    0x200000b8   0x00000014   Data   RW         1467    .data               lib.lib(stm32f10x_rcc.o)
    0x200000cc   0x00000d30   Zero   RW          248    .bss                main_esc_box.o
    0x20000dfc   0x000000b4   Zero   RW          282    .bss                adc_config.o
    0x20000eb0   0x0000000c   Zero   RW          299    .bss                esc_box_led.o
    0x20000ebc   0x0000000c   Zero   RW          331    .bss                esc_80_yaw_control.o
    0x20000ec8   0x00000244   Zero   RW          363    .bss                rtu_485_runtime.o
    0x2000110c   0x00000110   Zero   RW          400    .bss                rtu_485.o
    0x2000121c   0x00000ff8   Zero   RW          484    .bss                setcan.o
    0x20002214   0x00000128   Zero   RW          578    .bss                iap_jumper.o
    0x2000233c   0x00000060   Zero   RW         2368    .bss                c_w.l(libspace.o)
    0x2000239c   0x00000004   PAD
    0x200023a0   0x00000200   Zero   RW          645    HEAP                startup_stm32f10x_md.o
    0x200025a0   0x00000400   Zero   RW          644    STACK               startup_stm32f10x_md.o


==============================================================================

Image component sizes


      Code (inc. data)   RO Data    RW Data    ZI Data      Debug   Object Name

       552         22          0          4        180       2700   adc_config.o
         0          0          0          0          0     251888   adxl345.o
       808          6          0          0          0       3581   cmdcoder.o
        32          0          0          0          0        588   core_cm3.o
        92          0          0          0          0       1444   crc16.o
       408         22          0          4          0       2963   esc_80_pump_pitch_control.o
      1384        200          0         29         12       6975   esc_80_yaw_control.o
       476         18          0          4         12       2920   esc_box_led.o
       140          8          0          0          0       1493   esc_box_log.o
       220          0          0          0          0       2731   fifo.o
       232          0          0          0          0       2983   fifo_void.o
       368         20          0          4        296       7846   iap_jumper.o
        24          0          0          0          0       2819   main.o
      1256        142          0          9       3376       7067   main_esc_box.o
       596         22          0         12        272       3301   rtu_485.o
      1464        290          0         61        580       6295   rtu_485_runtime.o
      1172         74          0          6       4088       4568   setcan.o
       308         14          0          4          0       1163   setclock.o
       300         14          0          0          0        637   setgpio_2.o
       400         24          0         13          0       7566   setsystick.o
       292          6          0          0          0      17989   settimer.o
       744         26          0         12          0       3571   setuart.o
        56         22        236          0       1536        836   startup_stm32f10x_md.o
       264         26          0          5          0       1619   system_error_status.o

    ----------------------------------------------------------------------
     11588        956        268        184      10352     345543   Object Totals
         0          0         32          0          0          0   (incl. Generated)
         0          0          0         17          0          0   (incl. Padding)

    ----------------------------------------------------------------------

      Code (inc. data)   RO Data    RW Data    ZI Data      Debug   Library Member Name

         8          0          0          0          0         68   __main.o
         0          0          0          0          0          0   __rtentry.o
        12          0          0          0          0          0   __rtentry2.o
         6          0          0          0          0          0   __rtentry4.o
        52          8          0          0          0          0   __scatter.o
        26          0          0          0          0          0   __scatter_copy.o
        28          0          0          0          0          0   __scatter_zi.o
        12          0          0          0          0         72   exit.o
         6          0          0          0          0        152   heapauxi.o
         0          0          0          0          0          0   indicate_semi.o
         2          0          0          0          0          0   libinit.o
         2          0          0          0          0          0   libinit2.o
         2          0          0          0          0          0   libshutdown.o
         2          0          0          0          0          0   libshutdown2.o
         8          4          0          0         96         68   libspace.o
       100          0          0          0          0         80   rt_memcpy_w.o
         2          0          0          0          0          0   rtexit.o
        10          0          0          0          0          0   rtexit2.o
        12          4          0          0          0         68   sys_exit.o
        74          0          0          0          0         80   sys_stackheap_outer.o
         2          0          0          0          0         68   use_no_semi.o
        38          0          0          0          0         68   fflt_clz.o
         0          0          0          0          0          0   usenofp.o
       170         10          0          0          0     275419   misc.o
       330          6          0          0          0       6965   stm32f10x_adc.o
      1302          6          0          0          0       9275   stm32f10x_can.o
       422         64          0          0          0       4311   stm32f10x_dma.o
       352         50          0          0          0       5668   stm32f10x_flash.o
       328          4          0          0          0       4565   stm32f10x_gpio.o
       640        116          0         20          0      11483   stm32f10x_rcc.o
       450          0          0          0          0      10386   stm32f10x_tim.o
       330          4          0          0          0       5988   stm32f10x_usart.o

    ----------------------------------------------------------------------
      4744        276          0         20        100     334784   Library Totals
        16          0          0          0          4          0   (incl. Padding)

    ----------------------------------------------------------------------

      Code (inc. data)   RO Data    RW Data    ZI Data      Debug   Library Name

       366         16          0          0         96        656   c_w.l
        38          0          0          0          0         68   fz_ws.l
      4324        260          0         20          0     334060   lib.lib

    ----------------------------------------------------------------------
      4744        276          0         20        100     334784   Library Totals

    ----------------------------------------------------------------------

==============================================================================


      Code (inc. data)   RO Data    RW Data    ZI Data      Debug   

     16332       1232        268        204      10452     674389   Grand Totals
     16332       1232        268        204      10452     674389   ELF Image Totals
     16332       1232        268        204          0          0   ROM Totals

==============================================================================

    Total RO  Size (Code + RO Data)                16600 (  16.21kB)
    Total RW  Size (RW Data + ZI Data)             10656 (  10.41kB)
    Total ROM Size (Code + RO Data + RW Data)      16804 (  16.41kB)

==============================================================================

