Component: ARM Compiler 5.05 update 1 (build 106) Tool: armlink [4d0efa]

==============================================================================

Section Cross References

    iap.o(.text) refers to setuart.o(.text) for Uart_PutChar
    iap.o(.text) refers to iap_jumper.o(.text) for get_iap_tag
    iap.o(.text) refers to setsystick.o(.text) for SysTick_Deinit
    iap.o(.text) refers to misc.o(i.NVIC_SetVectorTable) for NVIC_SetVectorTable
    iap.o(.text) refers to core_cm3.o(.emb_text) for __set_MSP
    iap.o(.text) refers to cmdcoder.o(.text) for cmdcoder_send_bytes
    iap.o(.text) refers to stm32f10x_flash.o(i.FLASH_ErasePage) for FLASH_ErasePage
    iap.o(.text) refers to stm32f10x_flash.o(i.FLASH_ProgramWord) for FLASH_ProgramWord
    iap.o(.text) refers to stm32f10x_flash.o(i.FLASH_Unlock) for FLASH_Unlock
    iap.o(.text) refers to stm32f10x_flash.o(i.FLASH_ClearFlag) for FLASH_ClearFlag
    iap.o(.text) refers to stm32f10x_flash.o(i.FLASH_Lock) for FLASH_Lock
    iap.o(.text) refers to iapsetgpio.o(.text) for Iap_GPIO_Configuration
    iap.o(.text) refers to iap.o(.bss) for IapUart
    iap.o(.text) refers to iap.o(.data) for FLASHStatus
    iapsetgpio.o(.text) refers to stm32f10x_rcc.o(i.RCC_APB2PeriphClockCmd) for RCC_APB2PeriphClockCmd
    iapsetgpio.o(.text) refers to stm32f10x_gpio.o(i.GPIO_StructInit) for GPIO_StructInit
    iapsetgpio.o(.text) refers to stm32f10x_gpio.o(i.GPIO_Init) for GPIO_Init
    iapsetgpio.o(.text) refers to stm32f10x_gpio.o(i.GPIO_ResetBits) for GPIO_ResetBits
    iapsetgpio.o(.text) refers to stm32f10x_gpio.o(i.GPIO_PinRemapConfig) for GPIO_PinRemapConfig
    iapsetgpio.o(.text) refers to setclock.o(.text) for SetupPllClock
    main.o(.text) refers to system_error_status.o(.text) for system_error_init
    main.o(.text) refers to setsystick.o(.text) for SysTick_Configuration
    main.o(.text) refers to iap.o(.text) for main_setup
    setcan.o(.text) refers to rt_memcpy_w.o(.text) for __aeabi_memcpy4
    setcan.o(.text) refers to fifo_void.o(.text) for fifo_void_init
    setcan.o(.text) refers to stm32f10x_rcc.o(i.RCC_APB1PeriphClockCmd) for RCC_APB1PeriphClockCmd
    setcan.o(.text) refers to stm32f10x_can.o(i.CAN_DeInit) for CAN_DeInit
    setcan.o(.text) refers to stm32f10x_can.o(i.CAN_StructInit) for CAN_StructInit
    setcan.o(.text) refers to stm32f10x_can.o(i.CAN_Init) for CAN_Init
    setcan.o(.text) refers to system_error_status.o(.text) for system_Error_Callback
    setcan.o(.text) refers to stm32f10x_can.o(i.CAN_FilterInit) for CAN_FilterInit
    setcan.o(.text) refers to misc.o(i.NVIC_PriorityGroupConfig) for NVIC_PriorityGroupConfig
    setcan.o(.text) refers to misc.o(i.NVIC_Init) for NVIC_Init
    setcan.o(.text) refers to stm32f10x_can.o(i.CAN_ITConfig) for CAN_ITConfig
    setcan.o(.text) refers to stm32f10x_can.o(i.CAN_Transmit) for CAN_Transmit
    setcan.o(.text) refers to setcan.o(.bss) for RxMessageArray
    setcan.o(.text) refers to setcan.o(.data) for resend_count
    setcan.o(.text) refers to stm32f10x_can.o(i.CAN_Receive) for CAN_Receive
    setcan.o(.text) refers to stm32f10x_can.o(i.CAN_GetITStatus) for CAN_GetITStatus
    setcan.o(.text) refers to stm32f10x_can.o(i.CAN_TransmitStatus) for CAN_TransmitStatus
    setclock.o(.text) refers to stm32f10x_rcc.o(i.RCC_DeInit) for RCC_DeInit
    setclock.o(.text) refers to stm32f10x_rcc.o(i.RCC_HSEConfig) for RCC_HSEConfig
    setclock.o(.text) refers to stm32f10x_rcc.o(i.RCC_HSICmd) for RCC_HSICmd
    setclock.o(.text) refers to stm32f10x_rcc.o(i.RCC_HCLKConfig) for RCC_HCLKConfig
    setclock.o(.text) refers to stm32f10x_rcc.o(i.RCC_PCLK2Config) for RCC_PCLK2Config
    setclock.o(.text) refers to stm32f10x_rcc.o(i.RCC_PCLK1Config) for RCC_PCLK1Config
    setclock.o(.text) refers to stm32f10x_rcc.o(i.RCC_ADCCLKConfig) for RCC_ADCCLKConfig
    setclock.o(.text) refers to stm32f10x_flash.o(i.FLASH_SetLatency) for FLASH_SetLatency
    setclock.o(.text) refers to stm32f10x_flash.o(i.FLASH_PrefetchBufferCmd) for FLASH_PrefetchBufferCmd
    setclock.o(.text) refers to stm32f10x_rcc.o(i.RCC_PLLConfig) for RCC_PLLConfig
    setclock.o(.text) refers to stm32f10x_rcc.o(i.RCC_PLLCmd) for RCC_PLLCmd
    setclock.o(.text) refers to stm32f10x_rcc.o(i.RCC_GetFlagStatus) for RCC_GetFlagStatus
    setclock.o(.text) refers to stm32f10x_rcc.o(i.RCC_SYSCLKConfig) for RCC_SYSCLKConfig
    setclock.o(.text) refers to stm32f10x_rcc.o(i.RCC_GetSYSCLKSource) for RCC_GetSYSCLKSource
    setclock.o(.text) refers to stm32f10x_rcc.o(i.RCC_WaitForHSEStartUp) for RCC_WaitForHSEStartUp
    setclock.o(.text) refers to system_error_status.o(.text) for system_Error_Callback
    setclock.o(.text) refers to setclock.o(.data) for systemClk
    setsystick.o(.text) refers to misc.o(i.SysTick_CLKSourceConfig) for SysTick_CLKSourceConfig
    setsystick.o(.text) refers to misc.o(i.NVIC_PriorityGroupConfig) for NVIC_PriorityGroupConfig
    setsystick.o(.text) refers to setsystick.o(.data) for systick_us
[...]
    iap_jumper.o(.text) refers to core_cm3.o(.emb_text) for __set_MSP
    iap_jumper.o(.text) refers to iap_jumper.o(.data) for remoterUart
    iap_jumper.o(.text) refers to iap_jumper.o(.bss) for iapJumperEncoder
    startup_stm32f10x_md.o(STACK) refers (Special) to heapauxi.o(.text) for __use_two_region_memory
    startup_stm32f10x_md.o(HEAP) refers (Special) to heapauxi.o(.text) for __use_two_region_memory
    startup_stm32f10x_md.o(RESET) refers (Special) to heapauxi.o(.text) for __use_two_region_memory
    startup_stm32f10x_md.o(RESET) refers to startup_stm32f10x_md.o(STACK) for __initial_sp
    startup_stm32f10x_md.o(RESET) refers to startup_stm32f10x_md.o(.text) for Reset_Handler
    startup_stm32f10x_md.o(RESET) refers to setsystick.o(.text) for SysTick_Handler
    startup_stm32f10x_md.o(RESET) refers to setcan.o(.text) for USB_HP_CAN1_TX_IRQHandler
    startup_stm32f10x_md.o(RESET) refers to setuart.o(.text) for USART1_IRQHandler
    startup_stm32f10x_md.o(.text) refers (Special) to heapauxi.o(.text) for __use_two_region_memory
    startup_stm32f10x_md.o(.text) refers to __main.o(!!!main) for __main
    startup_stm32f10x_md.o(.text) refers to startup_stm32f10x_md.o(HEAP) for Heap_Mem
    startup_stm32f10x_md.o(.text) refers to startup_stm32f10x_md.o(STACK) for Stack_Mem
    stm32f10x_can.o(i.CAN_DeInit) refers to stm32f10x_rcc.o(i.RCC_APB1PeriphResetCmd) for RCC_APB1PeriphResetCmd
    stm32f10x_flash.o(i.FLASH_EnableWriteProtection) refers to stm32f10x_flash.o(i.FLASH_WaitForLastOperation) for FLASH_WaitForLastOperation
    stm32f10x_flash.o(i.FLASH_EraseAllPages) refers to stm32f10x_flash.o(i.FLASH_WaitForLastOperation) for FLASH_WaitForLastOperation
    stm32f10x_flash.o(i.FLASH_EraseOptionBytes) refers to stm32f10x_flash.o(i.FLASH_WaitForLastOperation) for FLASH_WaitForLastOperation
    stm32f10x_flash.o(i.FLASH_ErasePage) refers to stm32f10x_flash.o(i.FLASH_WaitForLastOperation) for FLASH_WaitForLastOperation
    stm32f10x_flash.o(i.FLASH_ProgramHalfWord) refers to stm32f10x_flash.o(i.FLASH_WaitForLastOperation) for FLASH_WaitForLastOperation
    stm32f10x_flash.o(i.FLASH_ProgramOptionByteData) refers to stm32f10x_flash.o(i.FLASH_WaitForLastOperation) for FLASH_WaitForLastOperation
    stm32f10x_flash.o(i.FLASH_ProgramWord) refers to stm32f10x_flash.o(i.FLASH_WaitForLastOperation) for FLASH_WaitForLastOperation
    stm32f10x_flash.o(i.FLASH_ReadOutProtection) refers to stm32f10x_flash.o(i.FLASH_WaitForLastOperation) for FLASH_WaitForLastOperation
    stm32f10x_flash.o(i.FLASH_UserOptionByteConfig) refers to stm32f10x_flash.o(i.FLASH_WaitForLastOperation) for FLASH_WaitForLastOperation
    stm32f10x_gpio.o(i.GPIO_AFIODeInit) refers to stm32f10x_rcc.o(i.RCC_APB2PeriphResetCmd) for RCC_APB2PeriphResetCmd
    stm32f10x_gpio.o(i.GPIO_DeInit) refers to stm32f10x_rcc.o(i.RCC_APB2PeriphResetCmd) for RCC_APB2PeriphResetCmd
    stm32f10x_rcc.o(i.RCC_GetClocksFreq) refers to stm32f10x_rcc.o(.data) for .data
    stm32f10x_usart.o(i.USART_DeInit) refers to stm32f10x_rcc.o(i.RCC_APB2PeriphResetCmd) for RCC_APB2PeriphResetCmd
    stm32f10x_usart.o(i.USART_DeInit) refers to stm32f10x_rcc.o(i.RCC_APB1PeriphResetCmd) for RCC_APB1PeriphResetCmd
    stm32f10x_usart.o(i.USART_Init) refers to stm32f10x_rcc.o(i.RCC_GetClocksFreq) for RCC_GetClocksFreq
    __main.o(!!!main) refers to __rtentry.o(.ARM.Collect$$rtentry$$00000000) for __rt_entry
    __rtentry.o(.ARM.Collect$$rtentry$$00000000) refers (Special) to __rtentry2.o(.ARM.Collect$$rtentry$$0000000A) for __rt_entry_li
    __rtentry.o(.ARM.Collect$$rtentry$$00000000) refers (Special) to __rtentry2.o(.ARM.Collect$$rtentry$$0000000D) for __rt_entry_main
    __rtentry.o(.ARM.Collect$$rtentry$$00000000) refers (Special) to __rtentry2.o(.ARM.Collect$$rtentry$$0000000C) for __rt_entry_postli_1
    __rtentry.o(.ARM.Collect$$rtentry$$00000000) refers (Special) to __rtentry2.o(.ARM.Collect$$rtentry$$00000009) for __rt_entry_postsh_1
    __rtentry.o(.ARM.Collect$$rtentry$$00000000) refers (Special) to __rtentry2.o(.ARM.Collect$$rtentry$$00000002) for __rt_entry_presh_1
    __rtentry.o(.ARM.Collect$$rtentry$$00000000) refers (Special) to __rtentry4.o(.ARM.Collect$$rtentry$$00000004) for __rt_entry_sh
    __rtentry2.o(.ARM.Collect$$rtentry$$00000008) refers to boardinit2.o(.text) for _platform_post_stackheap_init
    __rtentry2.o(.ARM.Collect$$rtentry$$0000000A) refers to libinit.o(.ARM.Collect$$libinit$$00000000) for __rt_lib_init
    __rtentry2.o(.ARM.Collect$$rtentry$$0000000B) refers to boardinit3.o(.text) for _platform_post_lib_init
    __rtentry2.o(.ARM.Collect$$rtentry$$0000000D) refers to main.o(.text) for main
    __rtentry2.o(.ARM.Collect$$rtentry$$0000000D) refers to exit.o(.text) for exit
    __rtentry2.o(.ARM.exidx) refers to __rtentry2.o(.ARM.Collect$$rtentry$$00000001) for .ARM.Collect$$rtentry$$00000001
    __rtentry2.o(.ARM.exidx) refers to __rtentry2.o(.ARM.Collect$$rtentry$$00000008) for .ARM.Collect$$rtentry$$00000008
    __rtentry2.o(.ARM.exidx) refers to __rtentry2.o(.ARM.Collect$$rtentry$$0000000A) for .ARM.Collect$$rtentry$$0000000A
    __rtentry2.o(.ARM.exidx) refers to __rtentry2.o(.ARM.Collect$$rtentry$$0000000B) for .ARM.Collect$$rtentry$$0000000B
    __rtentry2.o(.ARM.exidx) refers to __rtentry2.o(.ARM.Collect$$rtentry$$0000000D) for .ARM.Collect$$rtentry$$0000000D
    __rtentry4.o(.ARM.Collect$$rtentry$$00000004) refers to sys_stackheap_outer.o(.text) for __user_setup_stackheap
    __rtentry4.o(.ARM.exidx) refers to __rtentry4.o(.ARM.Collect$$rtentry$$00000004) for .ARM.Collect$$rtentry$$00000004
    sys_stackheap_outer.o(.text) refers to libspace.o(.text) for __user_perproc_libspace
    sys_stackheap_outer.o(.text) refers to startup_stm32f10x_md.o(.text) for __user_initial_stackheap
    exit.o(.text) refers to rtexit.o(.ARM.Collect$$rtexit$$00000000) for __rt_exit
    libinit.o(.ARM.Collect$$libinit$$00000000) refers (Special) to libinit2.o(.ARM.Collect$$libinit$$0000002E) for __rt_lib_init_alloca_1
    libinit.o(.ARM.Collect$$libinit$$00000000) refers (Special) to libinit2.o(.ARM.Collect$$libinit$$0000002C) for __rt_lib_init_argv_1
    libinit.o(.ARM.Collect$$libinit$$00000000) refers (Special) to libinit2.o(.ARM.Collect$$libinit$$0000001B) for __rt_lib_init_atexit_1
    libinit.o(.ARM.Collect$$libinit$$00000000) refers (Special) to libinit2.o(.ARM.Collect$$libinit$$00000021) for __rt_lib_init_clock_1
    libinit.o(.ARM.Collect$$libinit$$00000000) refers (Special) to libinit2.o(.ARM.Collect$$libinit$$00000032) for __rt_lib_init_cpp_1
    libinit.o(.ARM.Collect$$libinit$$00000000) refers (Special) to libinit2.o(.ARM.Collect$$libinit$$00000030) for __rt_lib_init_exceptions_1
    libinit.o(.ARM.Collect$$libinit$$00000000) refers (Special) to libinit2.o(.ARM.Collect$$libinit$$00000002) for __rt_lib_init_fp_1
    libinit.o(.ARM.Collect$$libinit$$00000000) refers (Special) to libinit2.o(.ARM.Collect$$libinit$$0000001F) for __rt_lib_init_fp_trap_1
    libinit.o(.ARM.Collect$$libinit$$00000000) refers (Special) to libinit2.o(.ARM.Collect$$libinit$$00000023) for __rt_lib_init_getenv_1
    libinit.o(.ARM.Collect$$libinit$$00000000) refers (Special) to libinit2.o(.ARM.Collect$$libinit$$0000000A) for __rt_lib_init_heap_1
    libinit.o(.ARM.Collect$$libinit$$00000000) refers (Special) to libinit2.o(.ARM.Collect$$libinit$$00000011) for __rt_lib_init_lc_collate_1
    libinit.o(.ARM.Collect$$libinit$$00000000) refers (Special) to libinit2.o(.ARM.Collect$$libinit$$00000013) for __rt_lib_init_lc_ctype_1
    libinit.o(.ARM.Collect$$libinit$$00000000) refers (Special) to libinit2.o(.ARM.Collect$$libinit$$00000015) for __rt_lib_init_lc_monetary_1
    libinit.o(.ARM.Collect$$libinit$$00000000) refers (Special) to libinit2.o(.ARM.Collect$$libinit$$00000017) for __rt_lib_init_lc_numeric_1
    libinit.o(.ARM.Collect$$libinit$$00000000) refers (Special) to libinit2.o(.ARM.Collect$$libinit$$00000019) for __rt_lib_init_lc_time_1
    libinit.o(.ARM.Collect$$libinit$$00000000) refers (Special) to libinit2.o(.ARM.Collect$$libinit$$00000004) for __rt_lib_init_preinit_1
    libinit.o(.ARM.Collect$$libinit$$00000000) refers (Special) to libinit2.o(.ARM.Collect$$libinit$$0000000E) for __rt_lib_init_rand_1
    libinit.o(.ARM.Collect$$libinit$$00000000) refers (Special) to libinit2.o(.ARM.Collect$$libinit$$00000033) for __rt_lib_init_return
    libinit.o(.ARM.Collect$$libinit$$00000000) refers (Special) to libinit2.o(.ARM.Collect$$libinit$$0000001D) for __rt_lib_init_signal_1
    libinit.o(.ARM.Collect$$libinit$$00000000) refers (Special) to libinit2.o(.ARM.Collect$$libinit$$00000025) for __rt_lib_init_stdio_1
    libinit.o(.ARM.Collect$$libinit$$00000000) refers (Special) to libinit2.o(.ARM.Collect$$libinit$$0000000C) for __rt_lib_init_user_alloc_1
    libspace.o(.text) refers to libspace.o(.bss) for __libspace_start
    rtexit.o(.ARM.Collect$$rtexit$$00000000) refers (Special) to rtexit2.o(.ARM.Collect$$rtexit$$00000004) for __rt_exit_exit
    rtexit.o(.ARM.Collect$$rtexit$$00000000) refers (Special) to rtexit2.o(.ARM.Collect$$rtexit$$00000003) for __rt_exit_ls
    rtexit.o(.ARM.Collect$$rtexit$$00000000) refers (Special) to rtexit2.o(.ARM.Collect$$rtexit$$00000002) for __rt_exit_prels_1
    rtexit.o(.ARM.exidx) refers (Special) to rtexit2.o(.ARM.Collect$$rtexit$$00000004) for __rt_exit_exit
    rtexit.o(.ARM.exidx) refers (Special) to rtexit2.o(.ARM.Collect$$rtexit$$00000003) for __rt_exit_ls
    rtexit.o(.ARM.exidx) refers (Special) to rtexit2.o(.ARM.Collect$$rtexit$$00000002) for __rt_exit_prels_1
    rtexit.o(.ARM.exidx) refers to rtexit.o(.ARM.Collect$$rtexit$$00000000) for .ARM.Collect$$rtexit$$00000000
    libinit2.o(.ARM.Collect$$libinit$$00000010) refers to libinit2.o(.ARM.Collect$$libinit$$0000000F) for .ARM.Collect$$libinit$$0000000F
    libinit2.o(.ARM.Collect$$libinit$$00000012) refers to libinit2.o(.ARM.Collect$$libinit$$0000000F) for .ARM.Collect$$libinit$$0000000F
    libinit2.o(.ARM.Collect$$libinit$$00000014) refers to libinit2.o(.ARM.Collect$$libinit$$0000000F) for .ARM.Collect$$libinit$$0000000F
    libinit2.o(.ARM.Collect$$libinit$$00000016) refers to libinit2.o(.ARM.Collect$$libinit$$0000000F) for .ARM.Collect$$libinit$$0000000F
    libinit2.o(.ARM.Collect$$libinit$$00000018) refers to libinit2.o(.ARM.Collect$$libinit$$0000000F) for .ARM.Collect$$libinit$$0000000F
    libinit2.o(.ARM.Collect$$libinit$$00000026) refers to argv_veneer.o(.emb_text) for __ARM_argv_veneer
    libinit2.o(.ARM.Collect$$libinit$$00000027) refers to argv_veneer.o(.emb_text) for __ARM_argv_veneer
    rtexit2.o(.ARM.Collect$$rtexit$$00000003) refers to libshutdown.o(.ARM.Collect$$libshutdown$$00000000) for __rt_lib_shutdown
    rtexit2.o(.ARM.Collect$$rtexit$$00000004) refers to sys_exit.o(.text) for _sys_exit
    rtexit2.o(.ARM.exidx) refers to rtexit2.o(.ARM.Collect$$rtexit$$00000001) for .ARM.Collect$$rtexit$$00000001
    rtexit2.o(.ARM.exidx) refers to rtexit2.o(.ARM.Collect$$rtexit$$00000003) for .ARM.Collect$$rtexit$$00000003
    rtexit2.o(.ARM.exidx) refers to rtexit2.o(.ARM.Collect$$rtexit$$00000004) for .ARM.Collect$$rtexit$$00000004
    argv_veneer.o(.emb_text) refers to no_argv.o(.text) for __ARM_get_argv
    sys_exit.o(.text) refers (Special) to use_no_semi.o(.text) for __I$use$semihosting
    sys_exit.o(.text) refers (Special) to indicate_semi.o(.text) for __semihosting_library_function
    _get_argv_nomalloc.o(.text) refers (Special) to hrguard.o(.text) for __heap_region$guard
    _get_argv_nomalloc.o(.text) refers to defsig_rtmem_outer.o(.text) for __rt_SIGRTMEM
    _get_argv_nomalloc.o(.text) refers to sys_command.o(.text) for _sys_command_string
    libshutdown.o(.ARM.Collect$$libshutdown$$00000000) refers (Special) to libshutdown2.o(.ARM.Collect$$libshutdown$$00000006) for __rt_lib_shutdown_fp_trap_1
    libshutdown.o(.ARM.Collect$$libshutdown$$00000000) refers (Special) to libshutdown2.o(.ARM.Collect$$libshutdown$$0000000E) for __rt_lib_shutdown_heap_1
    libshutdown.o(.ARM.Collect$$libshutdown$$00000000) refers (Special) to libshutdown2.o(.ARM.Collect$$libshutdown$$0000000F) for __rt_lib_shutdown_return
    libshutdown.o(.ARM.Collect$$libshutdown$$00000000) refers (Special) to libshutdown2.o(.ARM.Collect$$libshutdown$$00000009) for __rt_lib_shutdown_signal_1
    libshutdown.o(.ARM.Collect$$libshutdown$$00000000) refers (Special) to libshutdown2.o(.ARM.Collect$$libshutdown$$00000003) for __rt_lib_shutdown_stdio_1
    libshutdown.o(.ARM.Collect$$libshutdown$$00000000) refers (Special) to libshutdown2.o(.ARM.Collect$$libshutdown$$0000000B) for __rt_lib_shutdown_user_alloc_1
    sys_command.o(.text) refers (Special) to use_no_semi.o(.text) for __I$use$semihosting
    sys_command.o(.text) refers (Special) to indicate_semi.o(.text) for __semihosting_library_function
    defsig_rtmem_outer.o(.text) refers to defsig_rtmem_inner.o(.text) for __rt_SIGRTMEM_inner
    defsig_rtmem_outer.o(.text) refers to defsig_exit.o(.text) for __sig_exit
    defsig_rtmem_formal.o(.text) refers to rt_raise.o(.text) for __rt_raise
    rt_raise.o(.text) refers to __raise.o(.text) for __raise
    rt_raise.o(.text) refers to sys_exit.o(.text) for _sys_exit
    defsig_exit.o(.text) refers to sys_exit.o(.text) for _sys_exit
    defsig_rtmem_inner.o(.text) refers to defsig_general.o(.text) for __default_signal_display
    __raise.o(.text) refers to defsig.o(CL$$defsig) for __default_signal_handler
    defsig_general.o(.text) refers to sys_wrch.o(.text) for _ttywrch
    sys_wrch.o(.text) refers (Special) to use_no_semi.o(.text) for __I$use$semihosting
    sys_wrch.o(.text) refers (Special) to indicate_semi.o(.text) for __semihosting_library_function
    defsig.o(CL$$defsig) refers to defsig_rtmem_inner.o(.text) for __rt_SIGRTMEM_inner
    defsig_abrt_inner.o(.text) refers to defsig_general.o(.text) for __default_signal_display
    defsig_fpe_inner.o(.text) refers to defsig_general.o(.text) for __default_signal_display
    defsig_rtred_inner.o(.text) refers to defsig_general.o(.text) for __default_signal_display
    defsig_stak_inner.o(.text) refers to defsig_general.o(.text) for __default_signal_display
    defsig_pvfn_inner.o(.text) refers to defsig_general.o(.text) for __default_signal_display
    defsig_cppl_inner.o(.text) refers to defsig_general.o(.text) for __default_signal_display
    defsig_segv_inner.o(.text) refers to defsig_general.o(.text) for __default_signal_display
    defsig_other.o(.text) refers to defsig_general.o(.text) for __default_signal_display


==============================================================================

Removing Unused input sections from the image.

    Removing iap.o(.constdata), (4864 bytes).
    Removing iapsetgpio.o(.constdata), (4864 bytes).
    Removing crc16.o(.text), (92 bytes).
    Removing main.o(.constdata), (4864 bytes).
    Removing setcan.o(.constdata), (4864 bytes).
    Removing setclock.o(.constdata), (4864 bytes).
    Removing setsystick.o(.constdata), (4864 bytes).
    Removing setuart.o(.constdata), (4864 bytes).
    Removing system_error_status.o(.constdata), (4864 bytes).
    Removing iap_jumper.o(.constdata), (4864 bytes).
    Removing system_stm32f10x.o(.text), (316 bytes).
    Removing system_stm32f10x.o(.constdata), (20 bytes).
    Removing misc.o(i.NVIC_SystemLPConfig), (24 bytes).
    Removing stm32f10x_can.o(i.CAN_CancelTransmit), (42 bytes).
    Removing stm32f10x_can.o(i.CAN_ClearFlag), (10 bytes).
    Removing stm32f10x_can.o(i.CAN_ClearITPendingBit), (144 bytes).
    Removing stm32f10x_can.o(i.CAN_DBGFreeze), (18 bytes).
    Removing stm32f10x_can.o(i.CAN_FIFORelease), (12 bytes).
    Removing stm32f10x_can.o(i.CAN_GetFlagStatus), (14 bytes).
    Removing stm32f10x_can.o(i.CAN_MessagePending), (26 bytes).
    Removing stm32f10x_can.o(i.CAN_SlaveStartBank), (44 bytes).
    Removing stm32f10x_can.o(i.CAN_Sleep), (30 bytes).
    Removing stm32f10x_can.o(i.CAN_WakeUp), (44 bytes).
    Removing stm32f10x_flash.o(i.FLASH_EnableWriteProtection), (176 bytes).
    Removing stm32f10x_flash.o(i.FLASH_EraseAllPages), (64 bytes).
    Removing stm32f10x_flash.o(i.FLASH_EraseOptionBytes), (124 bytes).
    Removing stm32f10x_flash.o(i.FLASH_GetFlagStatus), (36 bytes).
    Removing stm32f10x_flash.o(i.FLASH_GetPrefetchBufferStatus), (20 bytes).
    Removing stm32f10x_flash.o(i.FLASH_GetReadOutProtectionStatus), (20 bytes).
    Removing stm32f10x_flash.o(i.FLASH_GetStatus), (44 bytes).
    Removing stm32f10x_flash.o(i.FLASH_GetUserOptionByte), (12 bytes).
    Removing stm32f10x_flash.o(i.FLASH_GetWriteProtectionOptionByte), (12 bytes).
    Removing stm32f10x_flash.o(i.FLASH_HalfCycleAccessCmd), (24 bytes).
    Removing stm32f10x_flash.o(i.FLASH_ITConfig), (24 bytes).
    Removing stm32f10x_flash.o(i.FLASH_ProgramHalfWord), (60 bytes).
    Removing stm32f10x_flash.o(i.FLASH_ProgramOptionByteData), (76 bytes).
    Removing stm32f10x_flash.o(i.FLASH_ReadOutProtection), (144 bytes).
    Removing stm32f10x_flash.o(i.FLASH_UserOptionByteConfig), (92 bytes).
    Removing stm32f10x_gpio.o(i.GPIO_AFIODeInit), (22 bytes).
    Removing stm32f10x_gpio.o(i.GPIO_DeInit), (216 bytes).
    Removing stm32f10x_gpio.o(i.GPIO_ETH_MediaInterfaceConfig), (12 bytes).
    Removing stm32f10x_gpio.o(i.GPIO_EXTILineConfig), (40 bytes).
    Removing stm32f10x_gpio.o(i.GPIO_EventOutputCmd), (12 bytes).
    Removing stm32f10x_gpio.o(i.GPIO_EventOutputConfig), (28 bytes).
    Removing stm32f10x_gpio.o(i.GPIO_PinLockConfig), (16 bytes).
    Removing stm32f10x_gpio.o(i.GPIO_ReadInputData), (6 bytes).
    Removing stm32f10x_gpio.o(i.GPIO_ReadInputDataBit), (14 bytes).
    Removing stm32f10x_gpio.o(i.GPIO_ReadOutputData), (6 bytes).
    Removing stm32f10x_gpio.o(i.GPIO_ReadOutputDataBit), (14 bytes).
    Removing stm32f10x_gpio.o(i.GPIO_SetBits), (4 bytes).
    Removing stm32f10x_gpio.o(i.GPIO_Write), (4 bytes).
    Removing stm32f10x_gpio.o(i.GPIO_WriteBit), (10 bytes).
    Removing stm32f10x_rcc.o(i.RCC_AHBPeriphClockCmd), (24 bytes).
    Removing stm32f10x_rcc.o(i.RCC_APB2PeriphResetCmd), (24 bytes).
    Removing stm32f10x_rcc.o(i.RCC_AdjustHSICalibrationValue), (20 bytes).
    Removing stm32f10x_rcc.o(i.RCC_BackupResetCmd), (12 bytes).
    Removing stm32f10x_rcc.o(i.RCC_ClearFlag), (16 bytes).
    Removing stm32f10x_rcc.o(i.RCC_ClearITPendingBit), (12 bytes).
    Removing stm32f10x_rcc.o(i.RCC_ClockSecuritySystemCmd), (12 bytes).
    Removing stm32f10x_rcc.o(i.RCC_GetITStatus), (20 bytes).
    Removing stm32f10x_rcc.o(i.RCC_ITConfig), (24 bytes).
    Removing stm32f10x_rcc.o(i.RCC_LSEConfig), (36 bytes).
    Removing stm32f10x_rcc.o(i.RCC_LSICmd), (12 bytes).
    Removing stm32f10x_rcc.o(i.RCC_MCOConfig), (12 bytes).
    Removing stm32f10x_rcc.o(i.RCC_RTCCLKCmd), (12 bytes).
    Removing stm32f10x_rcc.o(i.RCC_RTCCLKConfig), (16 bytes).
    Removing stm32f10x_rcc.o(i.RCC_USBCLKConfig), (12 bytes).
    Removing stm32f10x_usart.o(i.USART_ClearFlag), (6 bytes).
    Removing stm32f10x_usart.o(i.USART_ClearITPendingBit), (14 bytes).
    Removing stm32f10x_usart.o(i.USART_ClockInit), (36 bytes).
    Removing stm32f10x_usart.o(i.USART_ClockStructInit), (12 bytes).
    Removing stm32f10x_usart.o(i.USART_DMACmd), (16 bytes).
    Removing stm32f10x_usart.o(i.USART_DeInit), (164 bytes).
    Removing stm32f10x_usart.o(i.USART_HalfDuplexCmd), (18 bytes).
    Removing stm32f10x_usart.o(i.USART_IrDACmd), (18 bytes).
    Removing stm32f10x_usart.o(i.USART_IrDAConfig), (16 bytes).
    Removing stm32f10x_usart.o(i.USART_LINBreakDetectLengthConfig), (16 bytes).
    Removing stm32f10x_usart.o(i.USART_LINCmd), (18 bytes).
    Removing stm32f10x_usart.o(i.USART_ReceiverWakeUpCmd), (18 bytes).
    Removing stm32f10x_usart.o(i.USART_SendBreak), (10 bytes).
    Removing stm32f10x_usart.o(i.USART_SetAddress), (16 bytes).
    Removing stm32f10x_usart.o(i.USART_SetGuardTime), (16 bytes).
    Removing stm32f10x_usart.o(i.USART_SetPrescaler), (16 bytes).
    Removing stm32f10x_usart.o(i.USART_SmartCardCmd), (18 bytes).
    Removing stm32f10x_usart.o(i.USART_SmartCardNACKCmd), (18 bytes).
    Removing stm32f10x_usart.o(i.USART_WakeUpConfig), (16 bytes).

86 unused section(s) (total 46670 bytes) removed from the image.

==============================================================================

Image Symbol Table

    Local Symbols

    Symbol Name                              Value     Ov Type        Size  Object(Section)

    ../clib/angel/boardlib.s                 0x00000000   Number         0  boardinit3.o ABSOLUTE
    ../clib/angel/boardlib.s                 0x00000000   Number         0  boardshut.o ABSOLUTE
    ../clib/angel/boardlib.s                 0x00000000   Number         0  boardinit2.o ABSOLUTE
    ../clib/angel/boardlib.s                 0x00000000   Number         0  boardinit1.o ABSOLUTE
    ../clib/angel/handlers.s                 0x00000000   Number         0  __scatter_zi.o ABSOLUTE
    ../clib/angel/handlers.s                 0x00000000   Number         0  __scatter_copy.o ABSOLUTE
    ../clib/angel/kernel.s                   0x00000000   Number         0  __rtentry4.o ABSOLUTE
    ../clib/angel/kernel.s                   0x00000000   Number         0  __rtentry2.o ABSOLUTE
    ../clib/angel/kernel.s                   0x00000000   Number         0  __rtentry.o ABSOLUTE
    ../clib/angel/kernel.s                   0x00000000   Number         0  rtexit.o ABSOLUTE
    ../clib/angel/kernel.s                   0x00000000   Number         0  rtexit2.o ABSOLUTE
    ../clib/angel/rt.s                       0x00000000   Number         0  rt_raise.o ABSOLUTE
    ../clib/angel/scatter.s                  0x00000000   Number         0  __scatter.o ABSOLUTE
    ../clib/angel/startup.s                  0x00000000   Number         0  __main.o ABSOLUTE
    ../clib/angel/sys.s                      0x00000000   Number         0  indicate_semi.o ABSOLUTE
    ../clib/angel/sys.s                      0x00000000   Number         0  use_no_semi.o ABSOLUTE
    ../clib/angel/sys.s                      0x00000000   Number         0  sys_stackheap_outer.o ABSOLUTE
    ../clib/angel/sys.s                      0x00000000   Number         0  libspace.o ABSOLUTE
    ../clib/angel/sysapp.c                   0x00000000   Number         0  sys_exit.o ABSOLUTE
    ../clib/angel/sysapp.c                   0x00000000   Number         0  sys_command.o ABSOLUTE
    ../clib/angel/sysapp.c                   0x00000000   Number         0  sys_wrch.o ABSOLUTE
    ../clib/armsys.c                         0x00000000   Number         0  argv_veneer.o ABSOLUTE
    ../clib/armsys.c                         0x00000000   Number         0  argv_veneer.o ABSOLUTE
    ../clib/armsys.c                         0x00000000   Number         0  _get_argv_nomalloc.o ABSOLUTE
    ../clib/armsys.c                         0x00000000   Number         0  no_argv.o ABSOLUTE
    ../clib/heapalloc.c                      0x00000000   Number         0  hrguard.o ABSOLUTE
    ../clib/heapaux.c                        0x00000000   Number         0  heapauxi.o ABSOLUTE
    ../clib/libinit.s                        0x00000000   Number         0  libinit2.o ABSOLUTE
    ../clib/libinit.s                        0x00000000   Number         0  libshutdown.o ABSOLUTE
    ../clib/libinit.s                        0x00000000   Number         0  libshutdown2.o ABSOLUTE
    ../clib/libinit.s                        0x00000000   Number         0  libinit.o ABSOLUTE
    ../clib/memcpset.s                       0x00000000   Number         0  rt_memcpy_w.o ABSOLUTE
    ../clib/signal.c                         0x00000000   Number         0  defsig_rtmem_outer.o ABSOLUTE
    ../clib/signal.c                         0x00000000   Number         0  defsig_general.o ABSOLUTE
    ../clib/signal.c                         0x00000000   Number         0  __raise.o ABSOLUTE
    ../clib/signal.c                         0x00000000   Number         0  defsig_other.o ABSOLUTE
    ../clib/signal.c                         0x00000000   Number         0  defsig_rtmem_inner.o ABSOLUTE
    ../clib/signal.c                         0x00000000   Number         0  defsig_exit.o ABSOLUTE
    ../clib/signal.c                         0x00000000   Number         0  defsig_cppl_inner.o ABSOLUTE
    ../clib/signal.c                         0x00000000   Number         0  defsig_segv_inner.o ABSOLUTE
    ../clib/signal.c                         0x00000000   Number         0  defsig_rtmem_formal.o ABSOLUTE
    ../clib/signal.c                         0x00000000   Number         0  defsig_pvfn_inner.o ABSOLUTE
    ../clib/signal.c                         0x00000000   Number         0  defsig_stak_inner.o ABSOLUTE
    ../clib/signal.c                         0x00000000   Number         0  defsig_rtred_inner.o ABSOLUTE
    ../clib/signal.c                         0x00000000   Number         0  defsig_fpe_inner.o ABSOLUTE
    ../clib/signal.c                         0x00000000   Number         0  defsig_abrt_inner.o ABSOLUTE
    ../clib/signal.s                         0x00000000   Number         0  defsig.o ABSOLUTE
    ../clib/stdlib.c                         0x00000000   Number         0  exit.o ABSOLUTE
    ../fplib/fpinit.s                        0x00000000   Number         0  fpinit.o ABSOLUTE
    Libraries\CMSIS\Core\CM3\core_cm3.c      0x00000000   Number         0  core_cm3.o ABSOLUTE
    Libraries\CMSIS\Core\CM3\startup\arm\startup_stm32f10x_md.s 0x00000000   Number         0  startup_stm32f10x_md.o ABSOLUTE
    Libraries\CMSIS\Core\CM3\system_stm32f10x.c 0x00000000   Number         0  system_stm32f10x.o ABSOLUTE
    Libraries\\CMSIS\\Core\\CM3\\core_cm3.c  0x00000000   Number         0  core_cm3.o ABSOLUTE
    dc.s                                     0x00000000   Number         0  dc.o ABSOLUTE
    iap_firmware\iap.c                       0x00000000   Number         0  iap.o ABSOLUTE
    iap_firmware\iapSetGpio.c                0x00000000   Number         0  iapsetgpio.o ABSOLUTE
    misc\crc16.c                             0x00000000   Number         0  crc16.o ABSOLUTE
    src\misc.c                               0x00000000   Number         0  misc.o ABSOLUTE
    src\stm32f10x_can.c                      0x00000000   Number         0  stm32f10x_can.o ABSOLUTE
    src\stm32f10x_flash.c                    0x00000000   Number         0  stm32f10x_flash.o ABSOLUTE
    src\stm32f10x_gpio.c                     0x00000000   Number         0  stm32f10x_gpio.o ABSOLUTE
    src\stm32f10x_rcc.c                      0x00000000   Number         0  stm32f10x_rcc.o ABSOLUTE
    src\stm32f10x_usart.c                    0x00000000   Number         0  stm32f10x_usart.o ABSOLUTE
    system\SetCAN.c                          0x00000000   Number         0  setcan.o ABSOLUTE
    system\SetClock.c                        0x00000000   Number         0  setclock.o ABSOLUTE
    system\SetSysTick.c                      0x00000000   Number         0  setsystick.o ABSOLUTE
    system\SetUART.c                         0x00000000   Number         0  setuart.o ABSOLUTE
    system\cmdcoder.c                        0x00000000   Number         0  cmdcoder.o ABSOLUTE
    system\fifo.c                            0x00000000   Number         0  fifo.o ABSOLUTE
    system\fifo_void.c                       0x00000000   Number         0  fifo_void.o ABSOLUTE
    system\iap_jumper.c                      0x00000000   Number         0  iap_jumper.o ABSOLUTE
    system\main.c                            0x00000000   Number         0  main.o ABSOLUTE
    system\system_error_status.c             0x00000000   Number         0  system_error_status.o ABSOLUTE
    RESET                                    0x08000000   Section      236  startup_stm32f10x_md.o(RESET)
    !!!main                                  0x080000ec   Section        8  __main.o(!!!main)
    !!!scatter                               0x080000f4   Section       52  __scatter.o(!!!scatter)
    !!handler_copy                           0x08000128   Section       26  __scatter_copy.o(!!handler_copy)
    !!handler_zi                             0x08000144   Section       28  __scatter_zi.o(!!handler_zi)
    .ARM.Collect$$libinit$$00000000          0x08000160   Section        2  libinit.o(.ARM.Collect$$libinit$$00000000)
    .ARM.Collect$$libinit$$00000002          0x08000162   Section        0  libinit2.o(.ARM.Collect$$libinit$$00000002)
    .ARM.Collect$$libinit$$00000004          0x08000162   Section        0  libinit2.o(.ARM.Collect$$libinit$$00000004)
    .ARM.Collect$$libinit$$0000000A          0x08000162   Section        0  libinit2.o(.ARM.Collect$$libinit$$0000000A)
    .ARM.Collect$$libinit$$0000000C          0x08000162   Section        0  libinit2.o(.ARM.Collect$$libinit$$0000000C)
    .ARM.Collect$$libinit$$0000000E          0x08000162   Section        0  libinit2.o(.ARM.Collect$$libinit$$0000000E)
    .ARM.Collect$$libinit$$00000011          0x08000162   Section        0  libinit2.o(.ARM.Collect$$libinit$$00000011)
    .ARM.Collect$$libinit$$00000013          0x08000162   Section        0  libinit2.o(.ARM.Collect$$libinit$$00000013)
    .ARM.Collect$$libinit$$00000015          0x08000162   Section        0  libinit2.o(.ARM.Collect$$libinit$$00000015)
    .ARM.Collect$$libinit$$00000017          0x08000162   Section        0  libinit2.o(.ARM.Collect$$libinit$$00000017)
    .ARM.Collect$$libinit$$00000019          0x08000162   Section        0  libinit2.o(.ARM.Collect$$libinit$$00000019)
    .ARM.Collect$$libinit$$0000001B          0x08000162   Section        0  libinit2.o(.ARM.Collect$$libinit$$0000001B)
    .ARM.Collect$$libinit$$0000001D          0x08000162   Section        0  libinit2.o(.ARM.Collect$$libinit$$0000001D)
    .ARM.Collect$$libinit$$0000001F          0x08000162   Section        0  libinit2.o(.ARM.Collect$$libinit$$0000001F)
    .ARM.Collect$$libinit$$00000021          0x08000162   Section        0  libinit2.o(.ARM.Collect$$libinit$$00000021)
    .ARM.Collect$$libinit$$00000023          0x08000162   Section        0  libinit2.o(.ARM.Collect$$libinit$$00000023)
    .ARM.Collect$$libinit$$00000025          0x08000162   Section        0  libinit2.o(.ARM.Collect$$libinit$$00000025)
    .ARM.Collect$$libinit$$0000002C          0x08000162   Section        0  libinit2.o(.ARM.Collect$$libinit$$0000002C)
    .ARM.Collect$$libinit$$0000002E          0x08000162   Section        0  libinit2.o(.ARM.Collect$$libinit$$0000002E)
    .ARM.Collect$$libinit$$00000030          0x08000162   Section        0  libinit2.o(.ARM.Collect$$libinit$$00000030)
    .ARM.Collect$$libinit$$00000032          0x08000162   Section        0  libinit2.o(.ARM.Collect$$libinit$$00000032)
    .ARM.Collect$$libinit$$00000033          0x08000162   Section        2  libinit2.o(.ARM.Collect$$libinit$$00000033)
    .ARM.Collect$$libshutdown$$00000000      0x08000164   Section        2  libshutdown.o(.ARM.Collect$$libshutdown$$00000000)
    .ARM.Collect$$libshutdown$$00000003      0x08000166   Section        0  libshutdown2.o(.ARM.Collect$$libshutdown$$00000003)
    .ARM.Collect$$libshutdown$$00000006      0x08000166   Section        0  libshutdown2.o(.ARM.Collect$$libshutdown$$00000006)
    .ARM.Collect$$libshutdown$$00000009      0x08000166   Section        0  libshutdown2.o(.ARM.Collect$$libshutdown$$00000009)
    .ARM.Collect$$libshutdown$$0000000B      0x08000166   Section        0  libshutdown2.o(.ARM.Collect$$libshutdown$$0000000B)
    .ARM.Collect$$libshutdown$$0000000E      0x08000166   Section        0  libshutdown2.o(.ARM.Collect$$libshutdown$$0000000E)
    .ARM.Collect$$libshutdown$$0000000F      0x08000166   Section        2  libshutdown2.o(.ARM.Collect$$libshutdown$$0000000F)
    .ARM.Collect$$rtentry$$00000000          0x08000168   Section        0  __rtentry.o(.ARM.Collect$$rtentry$$00000000)
    .ARM.Collect$$rtentry$$00000002          0x08000168   Section        0  __rtentry2.o(.ARM.Collect$$rtentry$$00000002)
    .ARM.Collect$$rtentry$$00000004          0x08000168   Section        6  __rtentry4.o(.ARM.Collect$$rtentry$$00000004)
    .ARM.Collect$$rtentry$$00000009          0x0800016e   Section        0  __rtentry2.o(.ARM.Collect$$rtentry$$00000009)
    .ARM.Collect$$rtentry$$0000000A          0x0800016e   Section        4  __rtentry2.o(.ARM.Collect$$rtentry$$0000000A)
    .ARM.Collect$$rtentry$$0000000C          0x08000172   Section        0  __rtentry2.o(.ARM.Collect$$rtentry$$0000000C)
    .ARM.Collect$$rtentry$$0000000D          0x08000172   Section        8  __rtentry2.o(.ARM.Collect$$rtentry$$0000000D)
    .ARM.Collect$$rtexit$$00000000           0x0800017a   Section        2  rtexit.o(.ARM.Collect$$rtexit$$00000000)
    .ARM.Collect$$rtexit$$00000002           0x0800017c   Section        0  rtexit2.o(.ARM.Collect$$rtexit$$00000002)
    .ARM.Collect$$rtexit$$00000003           0x0800017c   Section        4  rtexit2.o(.ARM.Collect$$rtexit$$00000003)
    .ARM.Collect$$rtexit$$00000004           0x08000180   Section        6  rtexit2.o(.ARM.Collect$$rtexit$$00000004)
    .emb_text                                0x08000188   Section       32  core_cm3.o(.emb_text)
    .text                                    0x080001a8   Section        0  iap.o(.text)
    .text                                    0x080005e4   Section        0  iapsetgpio.o(.text)
    .text                                    0x08000934   Section        0  cmdcoder.o(.text)
    encode_variable_len                      0x08000935   Thumb Code    48  cmdcoder.o(.text)
    .text                                    0x08000c5c   Section        0  fifo.o(.text)
    .text                                    0x08000d38   Section        0  fifo_void.o(.text)
    .text                                    0x08000e20   Section        0  main.o(.text)
    .text                                    0x08000e38   Section        0  setcan.o(.text)
    .text                                    0x080013b4   Section        0  setclock.o(.text)
    .text                                    0x080014e8   Section        0  setsystick.o(.text)
    .text                                    0x08001678   Section        0  setuart.o(.text)
    .text                                    0x08001960   Section        0  system_error_status.o(.text)
    .text                                    0x08001a68   Section        0  iap_jumper.o(.text)
    .text                                    0x08001bd8   Section       56  startup_stm32f10x_md.o(.text)
    .text                                    0x08001c10   Section      100  rt_memcpy_w.o(.text)
    .text                                    0x08001c74   Section        0  heapauxi.o(.text)
    .text                                    0x08001c7a   Section       74  sys_stackheap_outer.o(.text)
    .text                                    0x08001cc4   Section        0  exit.o(.text)
    .text                                    0x08001cd0   Section        8  libspace.o(.text)
    .text                                    0x08001cd8   Section        0  sys_exit.o(.text)
    .text                                    0x08001ce4   Section        2  use_no_semi.o(.text)
    .text                                    0x08001ce6   Section        0  indicate_semi.o(.text)
    i.CAN_DeInit                             0x08001ce6   Section        0  stm32f10x_can.o(i.CAN_DeInit)
    i.CAN_FilterInit                         0x08001d20   Section        0  stm32f10x_can.o(i.CAN_FilterInit)
    i.CAN_GetITStatus                        0x08001e04   Section        0  stm32f10x_can.o(i.CAN_GetITStatus)
    i.CAN_ITConfig                           0x08001eec   Section        0  stm32f10x_can.o(i.CAN_ITConfig)
    i.CAN_Init                               0x08001efc   Section        0  stm32f10x_can.o(i.CAN_Init)
    i.CAN_Receive                            0x08001ff0   Section        0  stm32f10x_can.o(i.CAN_Receive)
    i.CAN_StructInit                         0x080020a2   Section        0  stm32f10x_can.o(i.CAN_StructInit)
    i.CAN_Transmit                           0x080020c2   Section        0  stm32f10x_can.o(i.CAN_Transmit)
    i.CAN_TransmitStatus                     0x0800217a   Section        0  stm32f10x_can.o(i.CAN_TransmitStatus)
    i.FLASH_ClearFlag                        0x080021fc   Section        0  stm32f10x_flash.o(i.FLASH_ClearFlag)
    i.FLASH_ErasePage                        0x08002208   Section        0  stm32f10x_flash.o(i.FLASH_ErasePage)
    i.FLASH_Lock                             0x0800224c   Section        0  stm32f10x_flash.o(i.FLASH_Lock)
    i.FLASH_PrefetchBufferCmd                0x0800225c   Section        0  stm32f10x_flash.o(i.FLASH_PrefetchBufferCmd)
    i.FLASH_ProgramWord                      0x08002274   Section        0  stm32f10x_flash.o(i.FLASH_ProgramWord)
    i.FLASH_SetLatency                       0x080022c4   Section        0  stm32f10x_flash.o(i.FLASH_SetLatency)
    i.FLASH_Unlock                           0x080022d8   Section        0  stm32f10x_flash.o(i.FLASH_Unlock)
    i.FLASH_WaitForLastOperation             0x080022f0   Section        0  stm32f10x_flash.o(i.FLASH_WaitForLastOperation)
    i.GPIO_Init                              0x0800235c   Section        0  stm32f10x_gpio.o(i.GPIO_Init)
    i.GPIO_PinRemapConfig                    0x08002428   Section        0  stm32f10x_gpio.o(i.GPIO_PinRemapConfig)
    i.GPIO_ResetBits                         0x08002480   Section        0  stm32f10x_gpio.o(i.GPIO_ResetBits)
    i.GPIO_StructInit                        0x08002484   Section        0  stm32f10x_gpio.o(i.GPIO_StructInit)
    i.NVIC_Init                              0x08002494   Section        0  misc.o(i.NVIC_Init)
    i.NVIC_PriorityGroupConfig               0x08002500   Section        0  misc.o(i.NVIC_PriorityGroupConfig)
    i.NVIC_SetVectorTable                    0x08002514   Section        0  misc.o(i.NVIC_SetVectorTable)
    i.RCC_ADCCLKConfig                       0x08002528   Section        0  stm32f10x_rcc.o(i.RCC_ADCCLKConfig)
    i.RCC_APB1PeriphClockCmd                 0x0800253c   Section        0  stm32f10x_rcc.o(i.RCC_APB1PeriphClockCmd)
    i.RCC_APB1PeriphResetCmd                 0x08002554   Section        0  stm32f10x_rcc.o(i.RCC_APB1PeriphResetCmd)
    i.RCC_APB2PeriphClockCmd                 0x0800256c   Section        0  stm32f10x_rcc.o(i.RCC_APB2PeriphClockCmd)
    i.RCC_DeInit                             0x08002584   Section        0  stm32f10x_rcc.o(i.RCC_DeInit)
    i.RCC_GetClocksFreq                      0x080025c4   Section        0  stm32f10x_rcc.o(i.RCC_GetClocksFreq)
    i.RCC_GetFlagStatus                      0x08002668   Section        0  stm32f10x_rcc.o(i.RCC_GetFlagStatus)
    i.RCC_GetSYSCLKSource                    0x08002698   Section        0  stm32f10x_rcc.o(i.RCC_GetSYSCLKSource)
    i.RCC_HCLKConfig                         0x080026a8   Section        0  stm32f10x_rcc.o(i.RCC_HCLKConfig)
    i.RCC_HSEConfig                          0x080026bc   Section        0  stm32f10x_rcc.o(i.RCC_HSEConfig)
    i.RCC_HSICmd                             0x080026f4   Section        0  stm32f10x_rcc.o(i.RCC_HSICmd)
    i.RCC_PCLK1Config                        0x08002700   Section        0  stm32f10x_rcc.o(i.RCC_PCLK1Config)
    i.RCC_PCLK2Config                        0x08002714   Section        0  stm32f10x_rcc.o(i.RCC_PCLK2Config)
    i.RCC_PLLCmd                             0x08002728   Section        0  stm32f10x_rcc.o(i.RCC_PLLCmd)
    i.RCC_PLLConfig                          0x08002734   Section        0  stm32f10x_rcc.o(i.RCC_PLLConfig)
    i.RCC_SYSCLKConfig                       0x08002748   Section        0  stm32f10x_rcc.o(i.RCC_SYSCLKConfig)
    i.RCC_WaitForHSEStartUp                  0x0800275c   Section        0  stm32f10x_rcc.o(i.RCC_WaitForHSEStartUp)
    i.SysTick_CLKSourceConfig                0x08002790   Section        0  misc.o(i.SysTick_CLKSourceConfig)
    i.USART_Cmd                              0x080027a6   Section        0  stm32f10x_usart.o(i.USART_Cmd)
    i.USART_GetFlagStatus                    0x080027b8   Section        0  stm32f10x_usart.o(i.USART_GetFlagStatus)
    i.USART_GetITStatus                      0x080027c6   Section        0  stm32f10x_usart.o(i.USART_GetITStatus)
    i.USART_ITConfig                         0x0800280a   Section        0  stm32f10x_usart.o(i.USART_ITConfig)
    i.USART_Init                             0x0800283c   Section        0  stm32f10x_usart.o(i.USART_Init)
    i.USART_ReceiveData                      0x080028cc   Section        0  stm32f10x_usart.o(i.USART_ReceiveData)
    i.USART_SendData                         0x080028d4   Section        0  stm32f10x_usart.o(i.USART_SendData)
    i.USART_StructInit                       0x080028dc   Section        0  stm32f10x_usart.o(i.USART_StructInit)
    .data                                    0x20000000   Section       14  iap.o(.data)
    .data                                    0x20000010   Section        6  setcan.o(.data)
    .data                                    0x20000018   Section        4  setclock.o(.data)
    .data                                    0x2000001c   Section       13  setsystick.o(.data)
    .data                                    0x2000002c   Section       12  setuart.o(.data)
    .data                                    0x20000038   Section        5  system_error_status.o(.data)
    .data                                    0x20000040   Section        4  iap_jumper.o(.data)
    .data                                    0x20000044   Section       20  stm32f10x_rcc.o(.data)
    ADCPrescTable                            0x20000044   Data           4  stm32f10x_rcc.o(.data)
    APBAHBPrescTable                         0x20000048   Data          16  stm32f10x_rcc.o(.data)
    .bss                                     0x20000058   Section     2400  iap.o(.bss)
    .bss                                     0x200009b8   Section     4088  setcan.o(.bss)
    .bss                                     0x200019b0   Section      296  iap_jumper.o(.bss)
    aip_decoder                              0x200019b0   Data         148  iap_jumper.o(.bss)
    .bss                                     0x20001ad8   Section       96  libspace.o(.bss)
    HEAP                                     0x20001b38   Section      512  startup_stm32f10x_md.o(HEAP)
    Heap_Mem                                 0x20001b38   Data         512  startup_stm32f10x_md.o(HEAP)
    STACK                                    0x20001d38   Section     1024  startup_stm32f10x_md.o(STACK)
    Stack_Mem                                0x20001d38   Data        1024  startup_stm32f10x_md.o(STACK)
    __initial_sp                             0x20002138   Data           0  startup_stm32f10x_md.o(STACK)

    Global Symbols

    Symbol Name                              Value     Ov Type        Size  Object(Section)

    BuildAttributes$$THM_ISAv4$P$D$K$B$S$PE$A:L22UL41UL21$X:L11$S22US41US21$IEEE1$IW$USESV6$~STKCKD$USESV7$~SHL$OTIME$ROPI$EBA8$UX$STANDARDLIB$REQ8$PRES8$EABIv2 0x00000000   Number         0  anon$$obj.o ABSOLUTE
    __ARM_use_no_argv                        0x00000000   Number         0  main.o ABSOLUTE
    __ARM_exceptions_init                     - Undefined Weak Reference
    __alloca_initialize                       - Undefined Weak Reference
    __arm_preinit_                            - Undefined Weak Reference
    __cpp_initialize__aeabi_                  - Undefined Weak Reference
    __cxa_finalize                            - Undefined Weak Reference
    __rt_locale                               - Undefined Weak Reference
    __sigvec_lookup                           - Undefined Weak Reference
    _atexit_init                              - Undefined Weak Reference
    _call_atexit_fns                          - Undefined Weak Reference
    _clock_init                               - Undefined Weak Reference
    _fp_trap_init                             - Undefined Weak Reference
    _fp_trap_shutdown                         - Undefined Weak Reference
    _get_lc_collate                           - Undefined Weak Reference
    _get_lc_ctype                             - Undefined Weak Reference
    _get_lc_monetary                          - Undefined Weak Reference
    _get_lc_numeric                           - Undefined Weak Reference
    _get_lc_time                              - Undefined Weak Reference
    _getenv_init                              - Undefined Weak Reference
    _handle_redirection                       - Undefined Weak Reference
    _init_alloc                               - Undefined Weak Reference
    _init_user_alloc                          - Undefined Weak Reference
    _initio                                   - Undefined Weak Reference
    _rand_init                                - Undefined Weak Reference
    _signal_finish                            - Undefined Weak Reference
    _signal_init                              - Undefined Weak Reference
    _terminate_alloc                          - Undefined Weak Reference
    _terminate_user_alloc                     - Undefined Weak Reference
    _terminateio                              - Undefined Weak Reference
    __Vectors_Size                           0x000000ec   Number         0  startup_stm32f10x_md.o ABSOLUTE
    __Vectors                                0x08000000   Data           4  startup_stm32f10x_md.o(RESET)
    __Vectors_End                            0x080000ec   Data           0  startup_stm32f10x_md.o(RESET)
    __main                                   0x080000ed   Thumb Code     8  __main.o(!!!main)
    __scatterload                            0x080000f5   Thumb Code     0  __scatter.o(!!!scatter)
    __scatterload_rt2                        0x080000f5   Thumb Code    44  __scatter.o(!!!scatter)
    __scatterload_rt2_thumb_only             0x080000f5   Thumb Code     0  __scatter.o(!!!scatter)
    __scatterload_null                       0x08000103   Thumb Code     0  __scatter.o(!!!scatter)
    __scatterload_copy                       0x08000129   Thumb Code    26  __scatter_copy.o(!!handler_copy)
    __scatterload_zeroinit                   0x08000145   Thumb Code    28  __scatter_zi.o(!!handler_zi)
    __rt_lib_init                            0x08000161   Thumb Code     0  libinit.o(.ARM.Collect$$libinit$$00000000)
    __rt_lib_init_alloca_1                   0x08000163   Thumb Code     0  libinit2.o(.ARM.Collect$$libinit$$0000002E)
    __rt_lib_init_argv_1                     0x08000163   Thumb Code     0  libinit2.o(.ARM.Collect$$libinit$$0000002C)
    __rt_lib_init_atexit_1                   0x08000163   Thumb Code     0  libinit2.o(.ARM.Collect$$libinit$$0000001B)
    __rt_lib_init_clock_1                    0x08000163   Thumb Code     0  libinit2.o(.ARM.Collect$$libinit$$00000021)
    __rt_lib_init_cpp_1                      0x08000163   Thumb Code     0  libinit2.o(.ARM.Collect$$libinit$$00000032)
    __rt_lib_init_exceptions_1               0x08000163   Thumb Code     0  libinit2.o(.ARM.Collect$$libinit$$00000030)
    __rt_lib_init_fp_1                       0x08000163   Thumb Code     0  libinit2.o(.ARM.Collect$$libinit$$00000002)
    __rt_lib_init_fp_trap_1                  0x08000163   Thumb Code     0  libinit2.o(.ARM.Collect$$libinit$$0000001F)
    __rt_lib_init_getenv_1                   0x08000163   Thumb Code     0  libinit2.o(.ARM.Collect$$libinit$$00000023)
    __rt_lib_init_heap_1                     0x08000163   Thumb Code     0  libinit2.o(.ARM.Collect$$libinit$$0000000A)
    __rt_lib_init_lc_collate_1               0x08000163   Thumb Code     0  libinit2.o(.ARM.Collect$$libinit$$00000011)
    __rt_lib_init_lc_ctype_1                 0x08000163   Thumb Code     0  libinit2.o(.ARM.Collect$$libinit$$00000013)
    __rt_lib_init_lc_monetary_1              0x08000163   Thumb Code     0  libinit2.o(.ARM.Collect$$libinit$$00000015)
    __rt_lib_init_lc_numeric_1               0x08000163   Thumb Code     0  libinit2.o(.ARM.Collect$$libinit$$00000017)
    __rt_lib_init_lc_time_1                  0x08000163   Thumb Code     0  libinit2.o(.ARM.Collect$$libinit$$00000019)
    __rt_lib_init_preinit_1                  0x08000163   Thumb Code     0  libinit2.o(.ARM.Collect$$libinit$$00000004)
    __rt_lib_init_rand_1                     0x08000163   Thumb Code     0  libinit2.o(.ARM.Collect$$libinit$$0000000E)
    __rt_lib_init_return                     0x08000163   Thumb Code     0  libinit2.o(.ARM.Collect$$libinit$$00000033)
    __rt_lib_init_signal_1                   0x08000163   Thumb Code     0  libinit2.o(.ARM.Collect$$libinit$$0000001D)
    __rt_lib_init_stdio_1                    0x08000163   Thumb Code     0  libinit2.o(.ARM.Collect$$libinit$$00000025)
    __rt_lib_init_user_alloc_1               0x08000163   Thumb Code     0  libinit2.o(.ARM.Collect$$libinit$$0000000C)
    __rt_lib_shutdown                        0x08000165   Thumb Code     0  libshutdown.o(.ARM.Collect$$libshutdown$$00000000)
    __rt_lib_shutdown_fp_trap_1              0x08000167   Thumb Code     0  libshutdown2.o(.ARM.Collect$$libshutdown$$00000006)
    __rt_lib_shutdown_heap_1                 0x08000167   Thumb Code     0  libshutdown2.o(.ARM.Collect$$libshutdown$$0000000E)
    __rt_lib_shutdown_return                 0x08000167   Thumb Code     0  libshutdown2.o(.ARM.Collect$$libshutdown$$0000000F)
    __rt_lib_shutdown_signal_1               0x08000167   Thumb Code     0  libshutdown2.o(.ARM.Collect$$libshutdown$$00000009)
    __rt_lib_shutdown_stdio_1                0x08000167   Thumb Code     0  libshutdown2.o(.ARM.Collect$$libshutdown$$00000003)
    __rt_lib_shutdown_user_alloc_1           0x08000167   Thumb Code     0  libshutdown2.o(.ARM.Collect$$libshutdown$$0000000B)
    __rt_entry                               0x08000169   Thumb Code     0  __rtentry.o(.ARM.Collect$$rtentry$$00000000)
    __rt_entry_presh_1                       0x08000169   Thumb Code     0  __rtentry2.o(.ARM.Collect$$rtentry$$00000002)
    __rt_entry_sh                            0x08000169   Thumb Code     0  __rtentry4.o(.ARM.Collect$$rtentry$$00000004)
    __rt_entry_li                            0x0800016f   Thumb Code     0  __rtentry2.o(.ARM.Collect$$rtentry$$0000000A)
    __rt_entry_postsh_1                      0x0800016f   Thumb Code     0  __rtentry2.o(.ARM.Collect$$rtentry$$00000009)
    __rt_entry_main                          0x08000173   Thumb Code     0  __rtentry2.o(.ARM.Collect$$rtentry$$0000000D)
    __rt_entry_postli_1                      0x08000173   Thumb Code     0  __rtentry2.o(.ARM.Collect$$rtentry$$0000000C)
    __rt_exit                                0x0800017b   Thumb Code     0  rtexit.o(.ARM.Collect$$rtexit$$00000000)
    __rt_exit_ls                             0x0800017d   Thumb Code     0  rtexit2.o(.ARM.Collect$$rtexit$$00000003)
    __rt_exit_prels_1                        0x0800017d   Thumb Code     0  rtexit2.o(.ARM.Collect$$rtexit$$00000002)
    __rt_exit_exit                           0x08000181   Thumb Code     0  rtexit2.o(.ARM.Collect$$rtexit$$00000004)
    __get_PSP                                0x08000189   Thumb Code     6  core_cm3.o(.emb_text)
    __set_PSP                                0x0800018f   Thumb Code     6  core_cm3.o(.emb_text)
    __get_MSP                                0x08000195   Thumb Code     6  core_cm3.o(.emb_text)
    __set_MSP                                0x0800019b   Thumb Code     6  core_cm3.o(.emb_text)
    __REV16                                  0x080001a1   Thumb Code     4  core_cm3.o(.emb_text)
    __REVSH                                  0x080001a5   Thumb Code     4  core_cm3.o(.emb_text)
    _memcpy                                  0x080001a9   Thumb Code    26  iap.o(.text)
    _memset                                  0x080001c3   Thumb Code    20  iap.o(.text)
    encodeCallback                           0x080001d7   Thumb Code    16  iap.o(.text)
    is_main_program_written                  0x080001e7   Thumb Code    22  iap.o(.text)
    is_iap_tag_set                           0x080001fd   Thumb Code    18  iap.o(.text)
    clean_iap_tag                            0x0800020f   Thumb Code    10  iap.o(.text)
    main_deinit                              0x08000219   Thumb Code    14  iap.o(.text)
    jump_to_main_program                     0x08000227   Thumb Code    40  iap.o(.text)
    answer_ack_ok                            0x0800024f   Thumb Code    20  iap.o(.text)
    answer_ack_false                         0x08000263   Thumb Code    26  iap.o(.text)
    answer_ack_restart                       0x0800027d   Thumb Code    20  iap.o(.text)
    program_page_to_flash                    0x08000291   Thumb Code   146  iap.o(.text)
    flash_process_init                       0x08000323   Thumb Code    26  iap.o(.text)
    flash_process_end                        0x0800033d   Thumb Code     8  iap.o(.text)
    init_program_buff                        0x08000345   Thumb Code    22  iap.o(.text)
    flush_program_buff                       0x0800035b   Thumb Code    60  iap.o(.text)
    handle_packget                           0x08000397   Thumb Code   142  iap.o(.text)
    catch_program_app_head_in_ms             0x08000425   Thumb Code    72  iap.o(.text)
    main_setup                               0x0800046d   Thumb Code   102  iap.o(.text)
    main_loop                                0x080004d3   Thumb Code   220  iap.o(.text)
    Esc_GPIO_Configuration                   0x080005e5   Thumb Code   530  iapsetgpio.o(.text)
    Navi_GPIO_Configuration                  0x080007f7   Thumb Code   288  iapsetgpio.o(.text)
    Iap_GPIO_Configuration                   0x08000917   Thumb Code    14  iapsetgpio.o(.text)
    cmdcoder_init                            0x08000965   Thumb Code    30  cmdcoder.o(.text)
    cmdcoder_Parse_byte                      0x08000983   Thumb Code   416  cmdcoder.o(.text)
    cmdcoder_encode_and_send                 0x08000b23   Thumb Code   244  cmdcoder.o(.text)
    cmdcoder_send_bytes                      0x08000c17   Thumb Code    70  cmdcoder.o(.text)
    fifo_init                                0x08000c5d   Thumb Code    22  fifo.o(.text)
    fifo_avail                               0x08000c73   Thumb Code     6  fifo.o(.text)
    fifo_free                                0x08000c79   Thumb Code    12  fifo.o(.text)
    fifo_enabled                             0x08000c85   Thumb Code     6  fifo.o(.text)
    is_fifo_overflow                         0x08000c8b   Thumb Code     6  fifo.o(.text)
    fifo_put                                 0x08000c91   Thumb Code    50  fifo.o(.text)
    fifo_recovery_put                        0x08000cc3   Thumb Code    68  fifo.o(.text)
    fifo_get                                 0x08000d07   Thumb Code    50  fifo.o(.text)
    fifo_void_init                           0x08000d39   Thumb Code    24  fifo_void.o(.text)
    fifo_void_avail                          0x08000d51   Thumb Code    24  fifo_void.o(.text)
    fifo_void_free                           0x08000d69   Thumb Code    18  fifo_void.o(.text)
    fifo_void_enabled                        0x08000d7b   Thumb Code     6  fifo_void.o(.text)
    is_fifo_void_overflow                    0x08000d81   Thumb Code     6  fifo_void.o(.text)
    fifo_void_put                            0x08000d87   Thumb Code    48  fifo_void.o(.text)
    fifo_void_recovery_put                   0x08000db7   Thumb Code    60  fifo_void.o(.text)
    fifo_void_get                            0x08000df3   Thumb Code    46  fifo_void.o(.text)
    main                                     0x08000e21   Thumb Code    24  main.o(.text)
    can_rx_put_cb                            0x08000e39   Thumb Code    26  setcan.o(.text)
    can_rx_get_cb                            0x08000e53   Thumb Code    26  setcan.o(.text)
    can_tx_put_cb                            0x08000e6d   Thumb Code    26  setcan.o(.text)
    can_tx_get_cb                            0x08000e87   Thumb Code    26  setcan.o(.text)
    Can1_Configuration_mask                  0x08000ea1   Thumb Code   478  setcan.o(.text)
    Can1_Configuration_withRate              0x0800107f   Thumb Code    40  setcan.o(.text)
    Can1_Configuration                       0x080010a7   Thumb Code    36  setcan.o(.text)
    Can1_Send_Message                        0x080010cb   Thumb Code   126  setcan.o(.text)
    Can1_Send_Ext                            0x08001149   Thumb Code   116  setcan.o(.text)
    Can1_Send                                0x080011bd   Thumb Code   132  setcan.o(.text)
    Can1_Get_CanRxMsg                        0x08001241   Thumb Code    58  setcan.o(.text)
    USB_LP_CAN1_RX0_IRQHandler               0x0800127b   Thumb Code    54  setcan.o(.text)
    CAN1_RX1_IRQHandler                      0x080012b1   Thumb Code    22  setcan.o(.text)
    USB_HP_CAN1_TX_IRQHandler                0x080012c7   Thumb Code   202  setcan.o(.text)
    configHisClock                           0x080013b5   Thumb Code   110  setclock.o(.text)
    SetupPllClock                            0x08001423   Thumb Code   184  setclock.o(.text)
    SysTick_Configuration                    0x080014e9   Thumb Code    90  setsystick.o(.text)
    SysTick_Deinit                           0x08001543   Thumb Code    28  setsystick.o(.text)
    SysTick_Handler                          0x0800155f   Thumb Code    28  setsystick.o(.text)
    Systick_Event                            0x0800157b   Thumb Code   102  setsystick.o(.text)
    delay_us                                 0x080015e1   Thumb Code    16  setsystick.o(.text)
    systick_time_start                       0x080015f1   Thumb Code    40  setsystick.o(.text)
    check_systick_time                       0x08001619   Thumb Code    66  setsystick.o(.text)
    get_system_ms                            0x0800165b   Thumb Code     6  setsystick.o(.text)
    Uart_Configuration                       0x08001679   Thumb Code   278  setuart.o(.text)
    Uart_DeInit                              0x0800178f   Thumb Code    38  setuart.o(.text)
    _uart_irq_function                       0x080017b5   Thumb Code   158  setuart.o(.text)
    USART1_IRQHandler                        0x08001853   Thumb Code    12  setuart.o(.text)
    USART2_IRQHandler                        0x0800185f   Thumb Code    12  setuart.o(.text)
    USART3_IRQHandler                        0x0800186b   Thumb Code    12  setuart.o(.text)
    Uart_GetChar                             0x08001877   Thumb Code    48  setuart.o(.text)
    Uart_PutChar                             0x080018a7   Thumb Code   102  setuart.o(.text)
    Uart_PutString                           0x0800190d   Thumb Code    26  setuart.o(.text)
    Uart_PutBytes                            0x08001927   Thumb Code    32  setuart.o(.text)
    system_error_init                        0x08001961   Thumb Code    10  system_error_status.o(.text)
    system_error_get                         0x0800196b   Thumb Code     4  system_error_status.o(.text)
    system_Error_Callback                    0x0800196f   Thumb Code   234  system_error_status.o(.text)
    get_iap_tag                              0x08001a69   Thumb Code     6  iap_jumper.o(.text)
    set_iap_tag                              0x08001a6f   Thumb Code   122  iap_jumper.o(.text)
    aipjumperEnodeCallback                   0x08001ae9   Thumb Code    18  iap_jumper.o(.text)
    iap_jumper_answer_ack_false              0x08001afb   Thumb Code    38  iap_jumper.o(.text)
    jump_by_reset                            0x08001b21   Thumb Code    30  iap_jumper.o(.text)
    jump_to_iap_program                      0x08001b3f   Thumb Code    36  iap_jumper.o(.text)
    jump_iap                                 0x08001b63   Thumb Code     4  iap_jumper.o(.text)
    iapUartReadCallBack                      0x08001b67   Thumb Code    50  iap_jumper.o(.text)
    Iap_Configure                            0x08001b99   Thumb Code    16  iap_jumper.o(.text)
    Iap_Jump                                 0x08001ba9   Thumb Code    22  iap_jumper.o(.text)
    Reset_Handler                            0x08001bd9   Thumb Code     4  startup_stm32f10x_md.o(.text)
    NMI_Handler                              0x08001bdd   Thumb Code     2  startup_stm32f10x_md.o(.text)
    HardFault_Handler                        0x08001bdf   Thumb Code     2  startup_stm32f10x_md.o(.text)
    MemManage_Handler                        0x08001be1   Thumb Code     2  startup_stm32f10x_md.o(.text)
    BusFault_Handler                         0x08001be3   Thumb Code     2  startup_stm32f10x_md.o(.text)
    UsageFault_Handler                       0x08001be5   Thumb Code     2  startup_stm32f10x_md.o(.text)
    SVC_Handler                              0x08001be7   Thumb Code     2  startup_stm32f10x_md.o(.text)
    DebugMon_Handler                         0x08001be9   Thumb Code     2  startup_stm32f10x_md.o(.text)
    PendSV_Handler                           0x08001beb   Thumb Code     2  startup_stm32f10x_md.o(.text)
    ADC1_2_IRQHandler                        0x08001bef   Thumb Code     0  startup_stm32f10x_md.o(.text)
    CAN1_SCE_IRQHandler                      0x08001bef   Thumb Code     0  startup_stm32f10x_md.o(.text)
    DMA1_Channel1_IRQHandler                 0x08001bef   Thumb Code     0  startup_stm32f10x_md.o(.text)
    DMA1_Channel2_IRQHandler                 0x08001bef   Thumb Code     0  startup_stm32f10x_md.o(.text)
    DMA1_Channel3_IRQHandler                 0x08001bef   Thumb Code     0  startup_stm32f10x_md.o(.text)
    DMA1_Channel4_IRQHandler                 0x08001bef   Thumb Code     0  startup_stm32f10x_md.o(.text)
    DMA1_Channel5_IRQHandler                 0x08001bef   Thumb Code     0  startup_stm32f10x_md.o(.text)
    DMA1_Channel6_IRQHandler                 0x08001bef   Thumb Code     0  startup_stm32f10x_md.o(.text)
    DMA1_Channel7_IRQHandler                 0x08001bef   Thumb Code     0  startup_stm32f10x_md.o(.text)
    EXTI0_IRQHandler                         0x08001bef   Thumb Code     0  startup_stm32f10x_md.o(.text)
    EXTI15_10_IRQHandler                     0x08001bef   Thumb Code     0  startup_stm32f10x_md.o(.text)
    EXTI1_IRQHandler                         0x08001bef   Thumb Code     0  startup_stm32f10x_md.o(.text)
    EXTI2_IRQHandler                         0x08001bef   Thumb Code     0  startup_stm32f10x_md.o(.text)
    EXTI3_IRQHandler                         0x08001bef   Thumb Code     0  startup_stm32f10x_md.o(.text)
    EXTI4_IRQHandler                         0x08001bef   Thumb Code     0  startup_stm32f10x_md.o(.text)
    EXTI9_5_IRQHandler                       0x08001bef   Thumb Code     0  startup_stm32f10x_md.o(.text)
    FLASH_IRQHandler                         0x08001bef   Thumb Code     0  startup_stm32f10x_md.o(.text)
    I2C1_ER_IRQHandler                       0x08001bef   Thumb Code     0  startup_stm32f10x_md.o(.text)
    I2C1_EV_IRQHandler                       0x08001bef   Thumb Code     0  startup_stm32f10x_md.o(.text)
    I2C2_ER_IRQHandler                       0x08001bef   Thumb Code     0  startup_stm32f10x_md.o(.text)
    I2C2_EV_IRQHandler                       0x08001bef   Thumb Code     0  startup_stm32f10x_md.o(.text)
    PVD_IRQHandler                           0x08001bef   Thumb Code     0  startup_stm32f10x_md.o(.text)
    RCC_IRQHandler                           0x08001bef   Thumb Code     0  startup_stm32f10x_md.o(.text)
    RTCAlarm_IRQHandler                      0x08001bef   Thumb Code     0  startup_stm32f10x_md.o(.text)
    RTC_IRQHandler                           0x08001bef   Thumb Code     0  startup_stm32f10x_md.o(.text)
    SPI1_IRQHandler                          0x08001bef   Thumb Code     0  startup_stm32f10x_md.o(.text)
    SPI2_IRQHandler                          0x08001bef   Thumb Code     0  startup_stm32f10x_md.o(.text)
    TAMPER_IRQHandler                        0x08001bef   Thumb Code     0  startup_stm32f10x_md.o(.text)
    TIM1_BRK_IRQHandler                      0x08001bef   Thumb Code     0  startup_stm32f10x_md.o(.text)
    TIM1_CC_IRQHandler                       0x08001bef   Thumb Code     0  startup_stm32f10x_md.o(.text)
    TIM1_TRG_COM_IRQHandler                  0x08001bef   Thumb Code     0  startup_stm32f10x_md.o(.text)
    TIM1_UP_IRQHandler                       0x08001bef   Thumb Code     0  startup_stm32f10x_md.o(.text)
    TIM2_IRQHandler                          0x08001bef   Thumb Code     0  startup_stm32f10x_md.o(.text)
    TIM3_IRQHandler                          0x08001bef   Thumb Code     0  startup_stm32f10x_md.o(.text)
    TIM4_IRQHandler                          0x08001bef   Thumb Code     0  startup_stm32f10x_md.o(.text)
    USBWakeUp_IRQHandler                     0x08001bef   Thumb Code     0  startup_stm32f10x_md.o(.text)
    WWDG_IRQHandler                          0x08001bef   Thumb Code     0  startup_stm32f10x_md.o(.text)
    __user_initial_stackheap                 0x08001bf1   Thumb Code     0  startup_stm32f10x_md.o(.text)
    __aeabi_memcpy4                          0x08001c11   Thumb Code     0  rt_memcpy_w.o(.text)
    __aeabi_memcpy8                          0x08001c11   Thumb Code     0  rt_memcpy_w.o(.text)
    __rt_memcpy_w                            0x08001c11   Thumb Code   100  rt_memcpy_w.o(.text)
    _memcpy_lastbytes_aligned                0x08001c59   Thumb Code     0  rt_memcpy_w.o(.text)
    __use_two_region_memory                  0x08001c75   Thumb Code     2  heapauxi.o(.text)
    __rt_heap_escrow$2region                 0x08001c77   Thumb Code     2  heapauxi.o(.text)
    __rt_heap_expand$2region                 0x08001c79   Thumb Code     2  heapauxi.o(.text)
    __user_setup_stackheap                   0x08001c7b   Thumb Code    74  sys_stackheap_outer.o(.text)
    exit                                     0x08001cc5   Thumb Code    12  exit.o(.text)
    __user_libspace                          0x08001cd1   Thumb Code     8  libspace.o(.text)
    __user_perproc_libspace                  0x08001cd1   Thumb Code     0  libspace.o(.text)
    __user_perthread_libspace                0x08001cd1   Thumb Code     0  libspace.o(.text)
    _sys_exit                                0x08001cd9   Thumb Code     8  sys_exit.o(.text)
    __I$use$semihosting                      0x08001ce5   Thumb Code     0  use_no_semi.o(.text)
    __use_no_semihosting_swi                 0x08001ce5   Thumb Code     2  use_no_semi.o(.text)
    CAN_DeInit                               0x08001ce7   Thumb Code    58  stm32f10x_can.o(i.CAN_DeInit)
    __semihosting_library_function           0x08001ce7   Thumb Code     0  indicate_semi.o(.text)
    CAN_FilterInit                           0x08001d21   Thumb Code   222  stm32f10x_can.o(i.CAN_FilterInit)
    CAN_GetITStatus                          0x08001e05   Thumb Code   232  stm32f10x_can.o(i.CAN_GetITStatus)
    CAN_ITConfig                             0x08001eed   Thumb Code    16  stm32f10x_can.o(i.CAN_ITConfig)
    CAN_Init                                 0x08001efd   Thumb Code   244  stm32f10x_can.o(i.CAN_Init)
    CAN_Receive                              0x08001ff1   Thumb Code   178  stm32f10x_can.o(i.CAN_Receive)
    CAN_StructInit                           0x080020a3   Thumb Code    32  stm32f10x_can.o(i.CAN_StructInit)
    CAN_Transmit                             0x080020c3   Thumb Code   184  stm32f10x_can.o(i.CAN_Transmit)
    CAN_TransmitStatus                       0x0800217b   Thumb Code   130  stm32f10x_can.o(i.CAN_TransmitStatus)
    FLASH_ClearFlag                          0x080021fd   Thumb Code     6  stm32f10x_flash.o(i.FLASH_ClearFlag)
    FLASH_ErasePage                          0x08002209   Thumb Code    64  stm32f10x_flash.o(i.FLASH_ErasePage)
    FLASH_Lock                               0x0800224d   Thumb Code    12  stm32f10x_flash.o(i.FLASH_Lock)
    FLASH_PrefetchBufferCmd                  0x0800225d   Thumb Code    18  stm32f10x_flash.o(i.FLASH_PrefetchBufferCmd)
    FLASH_ProgramWord                        0x08002275   Thumb Code    74  stm32f10x_flash.o(i.FLASH_ProgramWord)
    FLASH_SetLatency                         0x080022c5   Thumb Code    14  stm32f10x_flash.o(i.FLASH_SetLatency)
    FLASH_Unlock                             0x080022d9   Thumb Code    12  stm32f10x_flash.o(i.FLASH_Unlock)
    FLASH_WaitForLastOperation               0x080022f1   Thumb Code   102  stm32f10x_flash.o(i.FLASH_WaitForLastOperation)
    GPIO_Init                                0x0800235d   Thumb Code   202  stm32f10x_gpio.o(i.GPIO_Init)
    GPIO_PinRemapConfig                      0x08002429   Thumb Code    84  stm32f10x_gpio.o(i.GPIO_PinRemapConfig)
    GPIO_ResetBits                           0x08002481   Thumb Code     4  stm32f10x_gpio.o(i.GPIO_ResetBits)
    GPIO_StructInit                          0x08002485   Thumb Code    16  stm32f10x_gpio.o(i.GPIO_StructInit)
    NVIC_Init                                0x08002495   Thumb Code   108  misc.o(i.NVIC_Init)
    NVIC_PriorityGroupConfig                 0x08002501   Thumb Code    14  misc.o(i.NVIC_PriorityGroupConfig)
    NVIC_SetVectorTable                      0x08002515   Thumb Code    16  misc.o(i.NVIC_SetVectorTable)
    RCC_ADCCLKConfig                         0x08002529   Thumb Code    14  stm32f10x_rcc.o(i.RCC_ADCCLKConfig)
    RCC_APB1PeriphClockCmd                   0x0800253d   Thumb Code    18  stm32f10x_rcc.o(i.RCC_APB1PeriphClockCmd)
    RCC_APB1PeriphResetCmd                   0x08002555   Thumb Code    18  stm32f10x_rcc.o(i.RCC_APB1PeriphResetCmd)
    RCC_APB2PeriphClockCmd                   0x0800256d   Thumb Code    18  stm32f10x_rcc.o(i.RCC_APB2PeriphClockCmd)
    RCC_DeInit                               0x08002585   Thumb Code    54  stm32f10x_rcc.o(i.RCC_DeInit)
    RCC_GetClocksFreq                        0x080025c5   Thumb Code   148  stm32f10x_rcc.o(i.RCC_GetClocksFreq)
    RCC_GetFlagStatus                        0x08002669   Thumb Code    42  stm32f10x_rcc.o(i.RCC_GetFlagStatus)
    RCC_GetSYSCLKSource                      0x08002699   Thumb Code    10  stm32f10x_rcc.o(i.RCC_GetSYSCLKSource)
    RCC_HCLKConfig                           0x080026a9   Thumb Code    14  stm32f10x_rcc.o(i.RCC_HCLKConfig)
    RCC_HSEConfig                            0x080026bd   Thumb Code    50  stm32f10x_rcc.o(i.RCC_HSEConfig)
    RCC_HSICmd                               0x080026f5   Thumb Code     6  stm32f10x_rcc.o(i.RCC_HSICmd)
    RCC_PCLK1Config                          0x08002701   Thumb Code    14  stm32f10x_rcc.o(i.RCC_PCLK1Config)
    RCC_PCLK2Config                          0x08002715   Thumb Code    16  stm32f10x_rcc.o(i.RCC_PCLK2Config)
    RCC_PLLCmd                               0x08002729   Thumb Code     6  stm32f10x_rcc.o(i.RCC_PLLCmd)
    RCC_PLLConfig                            0x08002735   Thumb Code    16  stm32f10x_rcc.o(i.RCC_PLLConfig)
    RCC_SYSCLKConfig                         0x08002749   Thumb Code    14  stm32f10x_rcc.o(i.RCC_SYSCLKConfig)
    RCC_WaitForHSEStartUp                    0x0800275d   Thumb Code    48  stm32f10x_rcc.o(i.RCC_WaitForHSEStartUp)
    SysTick_CLKSourceConfig                  0x08002791   Thumb Code    22  misc.o(i.SysTick_CLKSourceConfig)
    USART_Cmd                                0x080027a7   Thumb Code    18  stm32f10x_usart.o(i.USART_Cmd)
    USART_GetFlagStatus                      0x080027b9   Thumb Code    14  stm32f10x_usart.o(i.USART_GetFlagStatus)
    USART_GetITStatus                        0x080027c7   Thumb Code    68  stm32f10x_usart.o(i.USART_GetITStatus)
    USART_ITConfig                           0x0800280b   Thumb Code    48  stm32f10x_usart.o(i.USART_ITConfig)
    USART_Init                               0x0800283d   Thumb Code   140  stm32f10x_usart.o(i.USART_Init)
    USART_ReceiveData                        0x080028cd   Thumb Code     8  stm32f10x_usart.o(i.USART_ReceiveData)
    USART_SendData                           0x080028d5   Thumb Code     8  stm32f10x_usart.o(i.USART_SendData)
    USART_StructInit                         0x080028dd   Thumb Code    22  stm32f10x_usart.o(i.USART_StructInit)
    Region$$Table$$Base                      0x080028f4   Number         0  anon$$obj.o(Region$$Table)
    Region$$Table$$Limit                     0x08002914   Number         0  anon$$obj.o(Region$$Table)
    program_step                             0x20000000   Data           1  iap.o(.data)
    program_buff_index                       0x20000004   Data           4  iap.o(.data)
    program_addr                             0x20000008   Data           4  iap.o(.data)
    program_data_frame_seq                   0x2000000c   Data           1  iap.o(.data)
    FLASHStatus                              0x2000000d   Data           1  iap.o(.data)
    resend_count                             0x20000010   Data           4  setcan.o(.data)
    in_send_loop                             0x20000014   Data           1  setcan.o(.data)
    TransmitMailbox                          0x20000015   Data           1  setcan.o(.data)
    systemClk                                0x20000018   Data           4  setclock.o(.data)
    TimingDelay                              0x2000001c   Data           4  setsystick.o(.data)
    systick_ms                               0x20000020   Data           4  setsystick.o(.data)
    systick_us                               0x20000024   Data           4  setsystick.o(.data)
    systick_ms_overflow                      0x20000028   Data           1  setsystick.o(.data)
    uart1_p                                  0x2000002c   Data           4  setuart.o(.data)
    uart2_p                                  0x20000030   Data           4  setuart.o(.data)
    uart3_p                                  0x20000034   Data           4  setuart.o(.data)
    _system_error                            0x20000038   Data           5  system_error_status.o(.data)
    remoterUart                              0x20000040   Data           4  iap_jumper.o(.data)
    programm_buff                            0x20000058   Data        1024  iap.o(.bss)
    IapUart                                  0x20000458   Data        1080  iap.o(.bss)
    decoder                                  0x20000890   Data         148  iap.o(.bss)
    encoder                                  0x20000924   Data         148  iap.o(.bss)
    RxMessage                                0x200009b8   Data          20  setcan.o(.bss)
    TxMessage                                0x200009cc   Data          20  setcan.o(.bss)
    TxMessageArray                           0x200009e0   Data        2000  setcan.o(.bss)
    RxMessageArray                           0x200011b0   Data        2000  setcan.o(.bss)
    can1_tx_msg_fifo                         0x20001980   Data          24  setcan.o(.bss)
    can1_rx_msg_fifo                         0x20001998   Data          24  setcan.o(.bss)
    iapJumperEncoder                         0x20001a44   Data         148  iap_jumper.o(.bss)
    __libspace_start                         0x20001ad8   Data          96  libspace.o(.bss)
    __temporary_stack_top$libspace           0x20001b38   Data           0  libspace.o(.bss)



==============================================================================

Memory Map of the image

  Image Entry point : 0x080000ed

  Load Region LR_IROM1 (Base: 0x08000000, Size: 0x0000296c, Max: 0x00004000, ABSOLUTE)

    Execution Region ER_IROM1 (Base: 0x08000000, Size: 0x00002914, Max: 0x00004000, ABSOLUTE)

    Base Addr    Size         Type   Attr      Idx    E Section Name        Object

    0x08000000   0x000000ec   Data   RO          339    RESET               startup_stm32f10x_md.o
    0x080000ec   0x00000008   Code   RO         1214  * !!!main             c_w.l(__main.o)
    0x080000f4   0x00000034   Code   RO         1370    !!!scatter          c_w.l(__scatter.o)
    0x08000128   0x0000001a   Code   RO         1372    !!handler_copy      c_w.l(__scatter_copy.o)
    0x08000142   0x00000002   PAD
    0x08000144   0x0000001c   Code   RO         1374    !!handler_zi        c_w.l(__scatter_zi.o)
    0x08000160   0x00000002   Code   RO         1241    .ARM.Collect$$libinit$$00000000  c_w.l(libinit.o)
    0x08000162   0x00000000   Code   RO         1248    .ARM.Collect$$libinit$$00000002  c_w.l(libinit2.o)
    0x08000162   0x00000000   Code   RO         1250    .ARM.Collect$$libinit$$00000004  c_w.l(libinit2.o)
    0x08000162   0x00000000   Code   RO         1253    .ARM.Collect$$libinit$$0000000A  c_w.l(libinit2.o)
    0x08000162   0x00000000   Code   RO         1255    .ARM.Collect$$libinit$$0000000C  c_w.l(libinit2.o)
    0x08000162   0x00000000   Code   RO         1257    .ARM.Collect$$libinit$$0000000E  c_w.l(libinit2.o)
    0x08000162   0x00000000   Code   RO         1260    .ARM.Collect$$libinit$$00000011  c_w.l(libinit2.o)
    0x08000162   0x00000000   Code   RO         1262    .ARM.Collect$$libinit$$00000013  c_w.l(libinit2.o)
    0x08000162   0x00000000   Code   RO         1264    .ARM.Collect$$libinit$$00000015  c_w.l(libinit2.o)
    0x08000162   0x00000000   Code   RO         1266    .ARM.Collect$$libinit$$00000017  c_w.l(libinit2.o)
    0x08000162   0x00000000   Code   RO         1268    .ARM.Collect$$libinit$$00000019  c_w.l(libinit2.o)
    0x08000162   0x00000000   Code   RO         1270    .ARM.Collect$$libinit$$0000001B  c_w.l(libinit2.o)
    0x08000162   0x00000000   Code   RO         1272    .ARM.Collect$$libinit$$0000001D  c_w.l(libinit2.o)
    0x08000162   0x00000000   Code   RO         1274    .ARM.Collect$$libinit$$0000001F  c_w.l(libinit2.o)
    0x08000162   0x00000000   Code   RO         1276    .ARM.Collect$$libinit$$00000021  c_w.l(libinit2.o)
    0x08000162   0x00000000   Code   RO         1278    .ARM.Collect$$libinit$$00000023  c_w.l(libinit2.o)
    0x08000162   0x00000000   Code   RO         1280    .ARM.Collect$$libinit$$00000025  c_w.l(libinit2.o)
    0x08000162   0x00000000   Code   RO         1284    .ARM.Collect$$libinit$$0000002C  c_w.l(libinit2.o)
    0x08000162   0x00000000   Code   RO         1286    .ARM.Collect$$libinit$$0000002E  c_w.l(libinit2.o)
    0x08000162   0x00000000   Code   RO         1288    .ARM.Collect$$libinit$$00000030  c_w.l(libinit2.o)
    0x08000162   0x00000000   Code   RO         1290    .ARM.Collect$$libinit$$00000032  c_w.l(libinit2.o)
    0x08000162   0x00000002   Code   RO         1291    .ARM.Collect$$libinit$$00000033  c_w.l(libinit2.o)
    0x08000164   0x00000002   Code   RO         1311    .ARM.Collect$$libshutdown$$00000000  c_w.l(libshutdown.o)
    0x08000166   0x00000000   Code   RO         1325    .ARM.Collect$$libshutdown$$00000003  c_w.l(libshutdown2.o)
    0x08000166   0x00000000   Code   RO         1328    .ARM.Collect$$libshutdown$$00000006  c_w.l(libshutdown2.o)
    0x08000166   0x00000000   Code   RO         1331    .ARM.Collect$$libshutdown$$00000009  c_w.l(libshutdown2.o)
    0x08000166   0x00000000   Code   RO         1333    .ARM.Collect$$libshutdown$$0000000B  c_w.l(libshutdown2.o)
    0x08000166   0x00000000   Code   RO         1336    .ARM.Collect$$libshutdown$$0000000E  c_w.l(libshutdown2.o)
    0x08000166   0x00000002   Code   RO         1337    .ARM.Collect$$libshutdown$$0000000F  c_w.l(libshutdown2.o)
    0x08000168   0x00000000   Code   RO         1216    .ARM.Collect$$rtentry$$00000000  c_w.l(__rtentry.o)
    0x08000168   0x00000000   Code   RO         1218    .ARM.Collect$$rtentry$$00000002  c_w.l(__rtentry2.o)
    0x08000168   0x00000006   Code   RO         1230    .ARM.Collect$$rtentry$$00000004  c_w.l(__rtentry4.o)
    0x0800016e   0x00000000   Code   RO         1220    .ARM.Collect$$rtentry$$00000009  c_w.l(__rtentry2.o)
    0x0800016e   0x00000004   Code   RO         1221    .ARM.Collect$$rtentry$$0000000A  c_w.l(__rtentry2.o)
    0x08000172   0x00000000   Code   RO         1223    .ARM.Collect$$rtentry$$0000000C  c_w.l(__rtentry2.o)
    0x08000172   0x00000008   Code   RO         1224    .ARM.Collect$$rtentry$$0000000D  c_w.l(__rtentry2.o)
    0x0800017a   0x00000002   Code   RO         1245    .ARM.Collect$$rtexit$$00000000  c_w.l(rtexit.o)
    0x0800017c   0x00000000   Code   RO         1293    .ARM.Collect$$rtexit$$00000002  c_w.l(rtexit2.o)
    0x0800017c   0x00000004   Code   RO         1294    .ARM.Collect$$rtexit$$00000003  c_w.l(rtexit2.o)
    0x08000180   0x00000006   Code   RO         1295    .ARM.Collect$$rtexit$$00000004  c_w.l(rtexit2.o)
    0x08000186   0x00000002   PAD
    0x08000188   0x00000020   Code   RO          293    .emb_text           core_cm3.o
    0x080001a8   0x0000043c   Code   RO            1    .text               iap.o
    0x080005e4   0x00000350   Code   RO           76    .text               iapsetgpio.o
    0x08000934   0x00000328   Code   RO          102    .text               cmdcoder.o
    0x08000c5c   0x000000dc   Code   RO          117    .text               fifo.o
    0x08000d38   0x000000e8   Code   RO          132    .text               fifo_void.o
    0x08000e20   0x00000018   Code   RO          147    .text               main.o
    0x08000e38   0x0000057c   Code   RO          176    .text               setcan.o
    0x080013b4   0x00000134   Code   RO          193    .text               setclock.o
    0x080014e8   0x00000190   Code   RO          212    .text               setsystick.o
    0x08001678   0x000002e8   Code   RO          231    .text               setuart.o
    0x08001960   0x00000108   Code   RO          254    .text               system_error_status.o
    0x08001a68   0x00000170   Code   RO          270    .text               iap_jumper.o
    0x08001bd8   0x00000038   Code   RO          340    .text               startup_stm32f10x_md.o
    0x08001c10   0x00000064   Code   RO         1210    .text               c_w.l(rt_memcpy_w.o)
    0x08001c74   0x00000006   Code   RO         1212    .text               c_w.l(heapauxi.o)
    0x08001c7a   0x0000004a   Code   RO         1232    .text               c_w.l(sys_stackheap_outer.o)
    0x08001cc4   0x0000000c   Code   RO         1234    .text               c_w.l(exit.o)
    0x08001cd0   0x00000008   Code   RO         1242    .text               c_w.l(libspace.o)
    0x08001cd8   0x0000000c   Code   RO         1303    .text               c_w.l(sys_exit.o)
    0x08001ce4   0x00000002   Code   RO         1314    .text               c_w.l(use_no_semi.o)
    0x08001ce6   0x00000000   Code   RO         1316    .text               c_w.l(indicate_semi.o)
    0x08001ce6   0x0000003a   Code   RO          466    i.CAN_DeInit        lib.lib(stm32f10x_can.o)
    0x08001d20   0x000000e4   Code   RO          468    i.CAN_FilterInit    lib.lib(stm32f10x_can.o)
    0x08001e04   0x000000e8   Code   RO          470    i.CAN_GetITStatus   lib.lib(stm32f10x_can.o)
    0x08001eec   0x00000010   Code   RO          471    i.CAN_ITConfig      lib.lib(stm32f10x_can.o)
    0x08001efc   0x000000f4   Code   RO          472    i.CAN_Init          lib.lib(stm32f10x_can.o)
    0x08001ff0   0x000000b2   Code   RO          474    i.CAN_Receive       lib.lib(stm32f10x_can.o)
    0x080020a2   0x00000020   Code   RO          477    i.CAN_StructInit    lib.lib(stm32f10x_can.o)
    0x080020c2   0x000000b8   Code   RO          478    i.CAN_Transmit      lib.lib(stm32f10x_can.o)
    0x0800217a   0x00000082   Code   RO          479    i.CAN_TransmitStatus  lib.lib(stm32f10x_can.o)
    0x080021fc   0x0000000c   Code   RO          582    i.FLASH_ClearFlag   lib.lib(stm32f10x_flash.o)
    0x08002208   0x00000044   Code   RO          586    i.FLASH_ErasePage   lib.lib(stm32f10x_flash.o)
    0x0800224c   0x00000010   Code   RO          595    i.FLASH_Lock        lib.lib(stm32f10x_flash.o)
    0x0800225c   0x00000018   Code   RO          596    i.FLASH_PrefetchBufferCmd  lib.lib(stm32f10x_flash.o)
    0x08002274   0x00000050   Code   RO          599    i.FLASH_ProgramWord  lib.lib(stm32f10x_flash.o)
    0x080022c4   0x00000014   Code   RO          601    i.FLASH_SetLatency  lib.lib(stm32f10x_flash.o)
    0x080022d8   0x00000018   Code   RO          602    i.FLASH_Unlock      lib.lib(stm32f10x_flash.o)
    0x080022f0   0x0000006c   Code   RO          604    i.FLASH_WaitForLastOperation  lib.lib(stm32f10x_flash.o)
    0x0800235c   0x000000ca   Code   RO          732    i.GPIO_Init         lib.lib(stm32f10x_gpio.o)
    0x08002426   0x00000002   PAD
    0x08002428   0x00000058   Code   RO          734    i.GPIO_PinRemapConfig  lib.lib(stm32f10x_gpio.o)
    0x08002480   0x00000004   Code   RO          739    i.GPIO_ResetBits    lib.lib(stm32f10x_gpio.o)
    0x08002484   0x00000010   Code   RO          741    i.GPIO_StructInit   lib.lib(stm32f10x_gpio.o)
    0x08002494   0x0000006c   Code   RO          344    i.NVIC_Init         lib.lib(misc.o)
    0x08002500   0x00000014   Code   RO          345    i.NVIC_PriorityGroupConfig  lib.lib(misc.o)
    0x08002514   0x00000014   Code   RO          346    i.NVIC_SetVectorTable  lib.lib(misc.o)
    0x08002528   0x00000014   Code   RO          840    i.RCC_ADCCLKConfig  lib.lib(stm32f10x_rcc.o)
    0x0800253c   0x00000018   Code   RO          842    i.RCC_APB1PeriphClockCmd  lib.lib(stm32f10x_rcc.o)
    0x08002554   0x00000018   Code   RO          843    i.RCC_APB1PeriphResetCmd  lib.lib(stm32f10x_rcc.o)
    0x0800256c   0x00000018   Code   RO          844    i.RCC_APB2PeriphClockCmd  lib.lib(stm32f10x_rcc.o)
    0x08002584   0x00000040   Code   RO          851    i.RCC_DeInit        lib.lib(stm32f10x_rcc.o)
    0x080025c4   0x000000a4   Code   RO          852    i.RCC_GetClocksFreq  lib.lib(stm32f10x_rcc.o)
    0x08002668   0x00000030   Code   RO          853    i.RCC_GetFlagStatus  lib.lib(stm32f10x_rcc.o)
    0x08002698   0x00000010   Code   RO          855    i.RCC_GetSYSCLKSource  lib.lib(stm32f10x_rcc.o)
    0x080026a8   0x00000014   Code   RO          856    i.RCC_HCLKConfig    lib.lib(stm32f10x_rcc.o)
    0x080026bc   0x00000038   Code   RO          857    i.RCC_HSEConfig     lib.lib(stm32f10x_rcc.o)
    0x080026f4   0x0000000c   Code   RO          858    i.RCC_HSICmd        lib.lib(stm32f10x_rcc.o)
    0x08002700   0x00000014   Code   RO          863    i.RCC_PCLK1Config   lib.lib(stm32f10x_rcc.o)
    0x08002714   0x00000014   Code   RO          864    i.RCC_PCLK2Config   lib.lib(stm32f10x_rcc.o)
    0x08002728   0x0000000c   Code   RO          865    i.RCC_PLLCmd        lib.lib(stm32f10x_rcc.o)
    0x08002734   0x00000014   Code   RO          866    i.RCC_PLLConfig     lib.lib(stm32f10x_rcc.o)
    0x08002748   0x00000014   Code   RO          869    i.RCC_SYSCLKConfig  lib.lib(stm32f10x_rcc.o)
    0x0800275c   0x00000034   Code   RO          871    i.RCC_WaitForHSEStartUp  lib.lib(stm32f10x_rcc.o)
    0x08002790   0x00000016   Code   RO          348    i.SysTick_CLKSourceConfig  lib.lib(misc.o)
    0x080027a6   0x00000012   Code   RO         1044    i.USART_Cmd         lib.lib(stm32f10x_usart.o)
    0x080027b8   0x0000000e   Code   RO         1047    i.USART_GetFlagStatus  lib.lib(stm32f10x_usart.o)
    0x080027c6   0x00000044   Code   RO         1048    i.USART_GetITStatus  lib.lib(stm32f10x_usart.o)
    0x0800280a   0x00000030   Code   RO         1050    i.USART_ITConfig    lib.lib(stm32f10x_usart.o)
    0x0800283a   0x00000002   PAD
    0x0800283c   0x00000090   Code   RO         1051    i.USART_Init        lib.lib(stm32f10x_usart.o)
    0x080028cc   0x00000008   Code   RO         1056    i.USART_ReceiveData  lib.lib(stm32f10x_usart.o)
    0x080028d4   0x00000008   Code   RO         1059    i.USART_SendData    lib.lib(stm32f10x_usart.o)
    0x080028dc   0x00000016   Code   RO         1065    i.USART_StructInit  lib.lib(stm32f10x_usart.o)
    0x080028f2   0x00000002   PAD
    0x080028f4   0x00000020   Data   RO         1368    Region$$Table       anon$$obj.o


    Execution Region RW_IRAM1 (Base: 0x20000000, Size: 0x00002138, Max: 0x00005000, ABSOLUTE)

    Base Addr    Size         Type   Attr      Idx    E Section Name        Object

    0x20000000   0x0000000e   Data   RW            4    .data               iap.o
    0x2000000e   0x00000002   PAD
    0x20000010   0x00000006   Data   RW          179    .data               setcan.o
    0x20000016   0x00000002   PAD
    0x20000018   0x00000004   Data   RW          195    .data               setclock.o
    0x2000001c   0x0000000d   Data   RW          214    .data               setsystick.o
    0x20000029   0x00000003   PAD
    0x2000002c   0x0000000c   Data   RW          233    .data               setuart.o
    0x20000038   0x00000005   Data   RW          256    .data               system_error_status.o
    0x2000003d   0x00000003   PAD
    0x20000040   0x00000004   Data   RW          273    .data               iap_jumper.o
    0x20000044   0x00000014   Data   RW          872    .data               lib.lib(stm32f10x_rcc.o)
    0x20000058   0x00000960   Zero   RW            2    .bss                iap.o
    0x200009b8   0x00000ff8   Zero   RW          177    .bss                setcan.o
    0x200019b0   0x00000128   Zero   RW          271    .bss                iap_jumper.o
    0x20001ad8   0x00000060   Zero   RW         1243    .bss                c_w.l(libspace.o)
    0x20001b38   0x00000200   Zero   RW          338    HEAP                startup_stm32f10x_md.o
    0x20001d38   0x00000400   Zero   RW          337    STACK               startup_stm32f10x_md.o


==============================================================================

Image component sizes


      Code (inc. data)   RO Data    RW Data    ZI Data      Debug   Object Name

       808          6          0          0          0       3653   cmdcoder.o
        32          0          0          0          0        608   core_cm3.o
       220          0          0          0          0       2803   fifo.o
       232          0          0          0          0       3055   fifo_void.o
      1084         54          0         14       2400     241326   iap.o
       368         26          0          4        296       7942   iap_jumper.o
       848         16          0          0          0       1280   iapsetgpio.o
        24          0          0          0          0       3031   main.o
      1404         72          0          6       4088       5850   setcan.o
       308         14          0          4          0       1211   setclock.o
       400         24          0         13          0       7662   setsystick.o
       744         26          0         12          0       3643   setuart.o
        56         22        236          0       1536        860   startup_stm32f10x_md.o
       264         26          0          5          0       1691   system_error_status.o

    ----------------------------------------------------------------------
      6792        286        268         68       8320     284615   Object Totals
         0          0         32          0          0          0   (incl. Generated)
         0          0          0         10          0          0   (incl. Padding)

    ----------------------------------------------------------------------

      Code (inc. data)   RO Data    RW Data    ZI Data      Debug   Library Member Name

         8          0          0          0          0         68   __main.o
         0          0          0          0          0          0   __rtentry.o
        12          0          0          0          0          0   __rtentry2.o
         6          0          0          0          0          0   __rtentry4.o
        52          8          0          0          0          0   __scatter.o
        26          0          0          0          0          0   __scatter_copy.o
        28          0          0          0          0          0   __scatter_zi.o
        12          0          0          0          0         72   exit.o
         6          0          0          0          0        152   heapauxi.o
         0          0          0          0          0          0   indicate_semi.o
         2          0          0          0          0          0   libinit.o
         2          0          0          0          0          0   libinit2.o
         2          0          0          0          0          0   libshutdown.o
         2          0          0          0          0          0   libshutdown2.o
         8          4          0          0         96         68   libspace.o
       100          0          0          0          0         80   rt_memcpy_w.o
         2          0          0          0          0          0   rtexit.o
        10          0          0          0          0          0   rtexit2.o
        12          4          0          0          0         68   sys_exit.o
        74          0          0          0          0         80   sys_stackheap_outer.o
         2          0          0          0          0         68   use_no_semi.o
       170         10          0          0          0     239791   misc.o
      1302          6          0          0          0       9275   stm32f10x_can.o
       352         50          0          0          0       5668   stm32f10x_flash.o
       310          4          0          0          0       3517   stm32f10x_gpio.o
       616        110          0         20          0      10975   stm32f10x_rcc.o
       330          4          0          0          0       5988   stm32f10x_usart.o

    ----------------------------------------------------------------------
      3456        200          0         20         96     275870   Library Totals
        10          0          0          0          0          0   (incl. Padding)

    ----------------------------------------------------------------------

      Code (inc. data)   RO Data    RW Data    ZI Data      Debug   Library Name

       366         16          0          0         96        656   c_w.l
      3080        184          0         20          0     275214   lib.lib

    ----------------------------------------------------------------------
      3456        200          0         20         96     275870   Library Totals

    ----------------------------------------------------------------------

==============================================================================


      Code (inc. data)   RO Data    RW Data    ZI Data      Debug   

     10248        486        268         88       8416     557035   Grand Totals
     10248        486        268         88       8416     557035   ELF Image Totals
     10248        486        268         88          0          0   ROM Totals

==============================================================================

    Total RO  Size (Code + RO Data)                10516 (  10.27kB)
    Total RW  Size (RW Data + ZI Data)              8504 (   8.30kB)
    Total ROM Size (Code + RO Data + RW Data)      10604 (  10.36kB)

==============================================================================

