Component: ARM Compiler 5.05 update 1 (build 106) Tool: armlink [4d0efa]

==============================================================================

Section Cross References

    setadc.o(.text) refers to stm32f10x_rcc.o(i.RCC_APB2PeriphClockCmd) for RCC_APB2PeriphClockCmd
    setadc.o(.text) refers to stm32f10x_rcc.o(i.RCC_AHBPeriphClockCmd) for RCC_AHBPeriphClockCmd
    setadc.o(.text) refers to stm32f10x_adc.o(i.ADC_Init) for ADC_Init
    setadc.o(.text) refers to stm32f10x_adc.o(i.ADC_RegularChannelConfig) for ADC_RegularChannelConfig
    setadc.o(.text) refers to stm32f10x_adc.o(i.ADC_TempSensorVrefintCmd) for ADC_TempSensorVrefintCmd
    setadc.o(.text) refers to stm32f10x_adc.o(i.ADC_DMACmd) for ADC_DMACmd
    setadc.o(.text) refers to stm32f10x_adc.o(i.ADC_Cmd) for ADC_Cmd
    setadc.o(.text) refers to stm32f10x_adc.o(i.ADC_ResetCalibration) for ADC_ResetCalibration
    setadc.o(.text) refers to stm32f10x_adc.o(i.ADC_GetResetCalibrationStatus) for ADC_GetResetCalibrationStatus
    setadc.o(.text) refers to stm32f10x_adc.o(i.ADC_StartCalibration) for ADC_StartCalibration
    setadc.o(.text) refers to stm32f10x_adc.o(i.ADC_GetCalibrationStatus) for ADC_GetCalibrationStatus
    setadc.o(.text) refers to stm32f10x_adc.o(i.ADC_SoftwareStartConvCmd) for ADC_SoftwareStartConvCmd
    setadc.o(.text) refers to stm32f10x_dma.o(i.DMA_DeInit) for DMA_DeInit
    setadc.o(.text) refers to stm32f10x_dma.o(i.DMA_Init) for DMA_Init
    setadc.o(.text) refers to stm32f10x_dma.o(i.DMA_Cmd) for DMA_Cmd
    setadc.o(.text) refers to setadc.o(.bss) for ADCConvert
    setgpio.o(.text) refers to stm32f10x_rcc.o(i.RCC_APB2PeriphClockCmd) for RCC_APB2PeriphClockCmd
    setgpio.o(.text) refers to stm32f10x_gpio.o(i.GPIO_StructInit) for GPIO_StructInit
    setgpio.o(.text) refers to stm32f10x_gpio.o(i.GPIO_Init) for GPIO_Init
    setgpio.o(.text) refers to stm32f10x_gpio.o(i.GPIO_PinRemapConfig) for GPIO_PinRemapConfig
    settimer.o(.text) refers to stm32f10x_rcc.o(i.RCC_APB2PeriphClockCmd) for RCC_APB2PeriphClockCmd
    settimer.o(.text) refers to stm32f10x_rcc.o(i.RCC_APB1PeriphClockCmd) for RCC_APB1PeriphClockCmd
    settimer.o(.text) refers to misc.o(i.NVIC_PriorityGroupConfig) for NVIC_PriorityGroupConfig
    settimer.o(.text) refers to misc.o(i.NVIC_Init) for NVIC_Init
    settimer.o(.text) refers to stm32f10x_tim.o(i.TIM_TimeBaseInit) for TIM_TimeBaseInit
    settimer.o(.text) refers to stm32f10x_tim.o(i.TIM_ClearFlag) for TIM_ClearFlag
    settimer.o(.text) refers to stm32f10x_tim.o(i.TIM_ITConfig) for TIM_ITConfig
    settimer.o(.text) refers to stm32f10x_tim.o(i.TIM_Cmd) for TIM_Cmd
    settimer.o(.text) refers to stm32f10x_tim.o(i.TIM_GetITStatus) for TIM_GetITStatus
    adxl345.o(.text) refers to seti2c.o(.text) for I2C_Start
    ds18b20.o(.text) refers to stm32f10x_gpio.o(i.GPIO_Init) for GPIO_Init
    ds18b20.o(.text) refers to setsystick.o(.text) for delay_us
    ds18b20.o(.text) refers to ds18b20.o(.data) for nu
    navigation_box_led.o(.text) refers to stm32f10x_gpio.o(i.GPIO_ResetBits) for GPIO_ResetBits
    navigation_box_led.o(.text) refers to stm32f10x_gpio.o(i.GPIO_SetBits) for GPIO_SetBits
    navigation_box_led.o(.text) refers to stm32f10x_gpio.o(i.GPIO_ReadOutputDataBit) for GPIO_ReadOutputDataBit
    navigation_box_led.o(.text) refers to stm32f10x_gpio.o(i.GPIO_StructInit) for GPIO_StructInit
    navigation_box_led.o(.text) refers to stm32f10x_gpio.o(i.GPIO_Init) for GPIO_Init
    user_main_maincontroller.o(.text) refers to setclock.o(.text) for SetupPllClock
    user_main_maincontroller.o(.text) refers to setgpio.o(.text) for GPIO_Configuration
    user_main_maincontroller.o(.text) refers to setadc.o(.text) for ADC_Configuration
    user_main_maincontroller.o(.text) refers to ds18b20.o(.text) for Read_DS18B20
    user_main_maincontroller.o(.text) refers to setuart.o(.text) for Uart_PutChar
    user_main_maincontroller.o(.text) refers to cmdcoder.o(.text) for cmdcoder_encode_and_send
    user_main_maincontroller.o(.text) refers to navigation_box_led.o(.text) for Nbl_Led_toggle
    user_main_maincontroller.o(.text) refers to setcan.o(.text) for Can1_Send
    user_main_maincontroller.o(.text) refers to setsystick.o(.text) for systick_time_start
    user_main_maincontroller.o(.text) refers to system_error_status.o(.text) for system_error_get
    user_main_maincontroller.o(.text) refers to user_main_maincontroller.o(.data) for arm9_uart
    user_main_maincontroller.o(.text) refers to user_main_maincontroller.o(.bss) for arm9_coder
    startup_stm32f10x_md.o(STACK) refers (Special) to heapauxi.o(.text) for __use_two_region_memory
    startup_stm32f10x_md.o(HEAP) refers (Special) to heapauxi.o(.text) for __use_two_region_memory
    startup_stm32f10x_md.o(RESET) refers (Special) to heapauxi.o(.text) for __use_two_region_memory
    startup_stm32f10x_md.o(RESET) refers to startup_stm32f10x_md.o(STACK) for __initial_sp
[...]
    defsig_pvfn_inner.o(.text) refers to defsig_general.o(.text) for __default_signal_display
    defsig_cppl_inner.o(.text) refers to defsig_general.o(.text) for __default_signal_display
    defsig_segv_inner.o(.text) refers to defsig_general.o(.text) for __default_signal_display
    defsig_other.o(.text) refers to defsig_general.o(.text) for __default_signal_display


==============================================================================

Removing Unused input sections from the image.

    Removing seti2c.o(.text), (476 bytes).
    Removing adxl345.o(.text), (408 bytes).
    Removing ds18b20.o(.bss), (300 bytes).
    Removing core_cm3.o(.emb_text), (32 bytes).
    Removing system_stm32f10x.o(.text), (316 bytes).
    Removing system_stm32f10x.o(.constdata), (20 bytes).
    Removing misc.o(i.NVIC_SystemLPConfig), (24 bytes).
    Removing stm32f10x_adc.o(i.ADC_AnalogWatchdogCmd), (16 bytes).
    Removing stm32f10x_adc.o(i.ADC_AnalogWatchdogSingleChannelConfig), (12 bytes).
    Removing stm32f10x_adc.o(i.ADC_AnalogWatchdogThresholdsConfig), (6 bytes).
    Removing stm32f10x_adc.o(i.ADC_AutoInjectedConvCmd), (18 bytes).
    Removing stm32f10x_adc.o(i.ADC_ClearFlag), (6 bytes).
    Removing stm32f10x_adc.o(i.ADC_ClearITPendingBit), (8 bytes).
    Removing stm32f10x_adc.o(i.ADC_DeInit), (100 bytes).
    Removing stm32f10x_adc.o(i.ADC_DiscModeChannelCountConfig), (16 bytes).
    Removing stm32f10x_adc.o(i.ADC_DiscModeCmd), (18 bytes).
    Removing stm32f10x_adc.o(i.ADC_ExternalTrigConvCmd), (18 bytes).
    Removing stm32f10x_adc.o(i.ADC_ExternalTrigInjectedConvCmd), (18 bytes).
    Removing stm32f10x_adc.o(i.ADC_ExternalTrigInjectedConvConfig), (12 bytes).
    Removing stm32f10x_adc.o(i.ADC_GetConversionValue), (6 bytes).
    Removing stm32f10x_adc.o(i.ADC_GetDualModeConversionValue), (12 bytes).
    Removing stm32f10x_adc.o(i.ADC_GetFlagStatus), (14 bytes).
    Removing stm32f10x_adc.o(i.ADC_GetITStatus), (32 bytes).
    Removing stm32f10x_adc.o(i.ADC_GetInjectedConversionValue), (8 bytes).
    Removing stm32f10x_adc.o(i.ADC_GetSoftwareStartConvStatus), (16 bytes).
    Removing stm32f10x_adc.o(i.ADC_GetSoftwareStartInjectedConvCmdStatus), (16 bytes).
    Removing stm32f10x_adc.o(i.ADC_ITConfig), (18 bytes).
    Removing stm32f10x_adc.o(i.ADC_InjectedChannelConfig), (92 bytes).
    Removing stm32f10x_adc.o(i.ADC_InjectedDiscModeCmd), (18 bytes).
    Removing stm32f10x_adc.o(i.ADC_InjectedSequencerLengthConfig), (16 bytes).
    Removing stm32f10x_adc.o(i.ADC_SetInjectedOffset), (4 bytes).
    Removing stm32f10x_adc.o(i.ADC_SoftwareStartInjectedConvCmd), (18 bytes).
    Removing stm32f10x_adc.o(i.ADC_StructInit), (18 bytes).
    Removing stm32f10x_can.o(i.CAN_CancelTransmit), (42 bytes).
    Removing stm32f10x_can.o(i.CAN_ClearFlag), (10 bytes).
    Removing stm32f10x_can.o(i.CAN_ClearITPendingBit), (144 bytes).
    Removing stm32f10x_can.o(i.CAN_DBGFreeze), (18 bytes).
    Removing stm32f10x_can.o(i.CAN_FIFORelease), (12 bytes).
    Removing stm32f10x_can.o(i.CAN_GetFlagStatus), (14 bytes).
    Removing stm32f10x_can.o(i.CAN_MessagePending), (26 bytes).
    Removing stm32f10x_can.o(i.CAN_SlaveStartBank), (44 bytes).
    Removing stm32f10x_can.o(i.CAN_Sleep), (30 bytes).
    Removing stm32f10x_can.o(i.CAN_WakeUp), (44 bytes).
    Removing stm32f10x_dma.o(i.DMA_ClearFlag), (20 bytes).
    Removing stm32f10x_dma.o(i.DMA_ClearITPendingBit), (20 bytes).
    Removing stm32f10x_dma.o(i.DMA_GetCurrDataCounter), (6 bytes).
    Removing stm32f10x_dma.o(i.DMA_GetFlagStatus), (32 bytes).
    Removing stm32f10x_dma.o(i.DMA_GetITStatus), (32 bytes).
    Removing stm32f10x_dma.o(i.DMA_ITConfig), (16 bytes).
    Removing stm32f10x_dma.o(i.DMA_StructInit), (26 bytes).
    Removing stm32f10x_flash.o(i.FLASH_ClearFlag), (12 bytes).
    Removing stm32f10x_flash.o(i.FLASH_EnableWriteProtection), (176 bytes).
    Removing stm32f10x_flash.o(i.FLASH_EraseAllPages), (64 bytes).
    Removing stm32f10x_flash.o(i.FLASH_EraseOptionBytes), (124 bytes).
    Removing stm32f10x_flash.o(i.FLASH_ErasePage), (68 bytes).
    Removing stm32f10x_flash.o(i.FLASH_GetFlagStatus), (36 bytes).
    Removing stm32f10x_flash.o(i.FLASH_GetPrefetchBufferStatus), (20 bytes).
    Removing stm32f10x_flash.o(i.FLASH_GetReadOutProtectionStatus), (20 bytes).
    Removing stm32f10x_flash.o(i.FLASH_GetStatus), (44 bytes).
    Removing stm32f10x_flash.o(i.FLASH_GetUserOptionByte), (12 bytes).
    Removing stm32f10x_flash.o(i.FLASH_GetWriteProtectionOptionByte), (12 bytes).
    Removing stm32f10x_flash.o(i.FLASH_HalfCycleAccessCmd), (24 bytes).
    Removing stm32f10x_flash.o(i.FLASH_ITConfig), (24 bytes).
    Removing stm32f10x_flash.o(i.FLASH_Lock), (16 bytes).
    Removing stm32f10x_flash.o(i.FLASH_ProgramHalfWord), (60 bytes).
    Removing stm32f10x_flash.o(i.FLASH_ProgramOptionByteData), (76 bytes).
    Removing stm32f10x_flash.o(i.FLASH_ProgramWord), (80 bytes).
    Removing stm32f10x_flash.o(i.FLASH_ReadOutProtection), (144 bytes).
    Removing stm32f10x_flash.o(i.FLASH_Unlock), (24 bytes).
    Removing stm32f10x_flash.o(i.FLASH_UserOptionByteConfig), (92 bytes).
    Removing stm32f10x_flash.o(i.FLASH_WaitForLastOperation), (108 bytes).
    Removing stm32f10x_gpio.o(i.GPIO_AFIODeInit), (22 bytes).
    Removing stm32f10x_gpio.o(i.GPIO_DeInit), (216 bytes).
    Removing stm32f10x_gpio.o(i.GPIO_ETH_MediaInterfaceConfig), (12 bytes).
    Removing stm32f10x_gpio.o(i.GPIO_EXTILineConfig), (40 bytes).
    Removing stm32f10x_gpio.o(i.GPIO_EventOutputCmd), (12 bytes).
    Removing stm32f10x_gpio.o(i.GPIO_EventOutputConfig), (28 bytes).
    Removing stm32f10x_gpio.o(i.GPIO_PinLockConfig), (16 bytes).
    Removing stm32f10x_gpio.o(i.GPIO_ReadInputData), (6 bytes).
    Removing stm32f10x_gpio.o(i.GPIO_ReadInputDataBit), (14 bytes).
    Removing stm32f10x_gpio.o(i.GPIO_ReadOutputData), (6 bytes).
    Removing stm32f10x_gpio.o(i.GPIO_Write), (4 bytes).
    Removing stm32f10x_gpio.o(i.GPIO_WriteBit), (10 bytes).
    Removing stm32f10x_rcc.o(i.RCC_APB2PeriphResetCmd), (24 bytes).
    Removing stm32f10x_rcc.o(i.RCC_AdjustHSICalibrationValue), (20 bytes).
    Removing stm32f10x_rcc.o(i.RCC_BackupResetCmd), (12 bytes).
    Removing stm32f10x_rcc.o(i.RCC_ClearFlag), (16 bytes).
    Removing stm32f10x_rcc.o(i.RCC_ClearITPendingBit), (12 bytes).
    Removing stm32f10x_rcc.o(i.RCC_ClockSecuritySystemCmd), (12 bytes).
    Removing stm32f10x_rcc.o(i.RCC_GetITStatus), (20 bytes).
    Removing stm32f10x_rcc.o(i.RCC_ITConfig), (24 bytes).
    Removing stm32f10x_rcc.o(i.RCC_LSEConfig), (36 bytes).
    Removing stm32f10x_rcc.o(i.RCC_LSICmd), (12 bytes).
    Removing stm32f10x_rcc.o(i.RCC_MCOConfig), (12 bytes).
    Removing stm32f10x_rcc.o(i.RCC_RTCCLKCmd), (12 bytes).
    Removing stm32f10x_rcc.o(i.RCC_RTCCLKConfig), (16 bytes).
    Removing stm32f10x_rcc.o(i.RCC_USBCLKConfig), (12 bytes).
    Removing stm32f10x_tim.o(i.TIM_ARRPreloadConfig), (22 bytes).
    Removing stm32f10x_tim.o(i.TIM_BDTRConfig), (44 bytes).
    Removing stm32f10x_tim.o(i.TIM_BDTRStructInit), (18 bytes).
    Removing stm32f10x_tim.o(i.TIM_CCPreloadControl), (18 bytes).
    Removing stm32f10x_tim.o(i.TIM_CCxCmd), (26 bytes).
    Removing stm32f10x_tim.o(i.TIM_CCxNCmd), (26 bytes).
    Removing stm32f10x_tim.o(i.TIM_ClearITPendingBit), (6 bytes).
    Removing stm32f10x_tim.o(i.TIM_ClearOC1Ref), (12 bytes).
    Removing stm32f10x_tim.o(i.TIM_ClearOC2Ref), (14 bytes).
    Removing stm32f10x_tim.o(i.TIM_ClearOC3Ref), (12 bytes).
    Removing stm32f10x_tim.o(i.TIM_ClearOC4Ref), (14 bytes).
    Removing stm32f10x_tim.o(i.TIM_CounterModeConfig), (16 bytes).
    Removing stm32f10x_tim.o(i.TIM_CtrlPWMOutputs), (22 bytes).
    Removing stm32f10x_tim.o(i.TIM_DMACmd), (16 bytes).
    Removing stm32f10x_tim.o(i.TIM_DMAConfig), (8 bytes).
    Removing stm32f10x_tim.o(i.TIM_DeInit), (244 bytes).
    Removing stm32f10x_tim.o(i.TIM_ETRClockMode1Config), (30 bytes).
    Removing stm32f10x_tim.o(i.TIM_ETRClockMode2Config), (30 bytes).
    Removing stm32f10x_tim.o(i.TIM_ETRConfig), (22 bytes).
    Removing stm32f10x_tim.o(i.TIM_EncoderInterfaceConfig), (54 bytes).
    Removing stm32f10x_tim.o(i.TIM_ForcedOC1Config), (12 bytes).
    Removing stm32f10x_tim.o(i.TIM_ForcedOC2Config), (14 bytes).
    Removing stm32f10x_tim.o(i.TIM_ForcedOC3Config), (12 bytes).
    Removing stm32f10x_tim.o(i.TIM_ForcedOC4Config), (14 bytes).
    Removing stm32f10x_tim.o(i.TIM_GenerateEvent), (4 bytes).
    Removing stm32f10x_tim.o(i.TIM_GetCapture1), (4 bytes).
    Removing stm32f10x_tim.o(i.TIM_GetCapture2), (4 bytes).
    Removing stm32f10x_tim.o(i.TIM_GetCapture3), (4 bytes).
    Removing stm32f10x_tim.o(i.TIM_GetCapture4), (6 bytes).
    Removing stm32f10x_tim.o(i.TIM_GetCounter), (4 bytes).
    Removing stm32f10x_tim.o(i.TIM_GetFlagStatus), (14 bytes).
    Removing stm32f10x_tim.o(i.TIM_GetPrescaler), (4 bytes).
    Removing stm32f10x_tim.o(i.TIM_ICInit), (260 bytes).
    Removing stm32f10x_tim.o(i.TIM_ICStructInit), (16 bytes).
    Removing stm32f10x_tim.o(i.TIM_ITRxExternalClockConfig), (20 bytes).
    Removing stm32f10x_tim.o(i.TIM_InternalClockConfig), (10 bytes).
    Removing stm32f10x_tim.o(i.TIM_OC1FastConfig), (12 bytes).
    Removing stm32f10x_tim.o(i.TIM_OC1Init), (108 bytes).
    Removing stm32f10x_tim.o(i.TIM_OC1NPolarityConfig), (12 bytes).
    Removing stm32f10x_tim.o(i.TIM_OC1PolarityConfig), (12 bytes).
    Removing stm32f10x_tim.o(i.TIM_OC1PreloadConfig), (12 bytes).
    Removing stm32f10x_tim.o(i.TIM_OC2FastConfig), (14 bytes).
    Removing stm32f10x_tim.o(i.TIM_OC2Init), (132 bytes).
    Removing stm32f10x_tim.o(i.TIM_OC2NPolarityConfig), (14 bytes).
    Removing stm32f10x_tim.o(i.TIM_OC2PolarityConfig), (14 bytes).
    Removing stm32f10x_tim.o(i.TIM_OC2PreloadConfig), (14 bytes).
    Removing stm32f10x_tim.o(i.TIM_OC3FastConfig), (12 bytes).
    Removing stm32f10x_tim.o(i.TIM_OC3Init), (128 bytes).
    Removing stm32f10x_tim.o(i.TIM_OC3NPolarityConfig), (14 bytes).
    Removing stm32f10x_tim.o(i.TIM_OC3PolarityConfig), (14 bytes).
    Removing stm32f10x_tim.o(i.TIM_OC3PreloadConfig), (12 bytes).
    Removing stm32f10x_tim.o(i.TIM_OC4FastConfig), (14 bytes).
    Removing stm32f10x_tim.o(i.TIM_OC4Init), (102 bytes).
    Removing stm32f10x_tim.o(i.TIM_OC4PolarityConfig), (14 bytes).
    Removing stm32f10x_tim.o(i.TIM_OC4PreloadConfig), (14 bytes).
    Removing stm32f10x_tim.o(i.TIM_OCStructInit), (20 bytes).
    Removing stm32f10x_tim.o(i.TIM_PWMIConfig), (286 bytes).
    Removing stm32f10x_tim.o(i.TIM_PrescalerConfig), (6 bytes).
    Removing stm32f10x_tim.o(i.TIM_SelectCCDMA), (18 bytes).
    Removing stm32f10x_tim.o(i.TIM_SelectCOM), (18 bytes).
    Removing stm32f10x_tim.o(i.TIM_SelectHallSensor), (18 bytes).
    Removing stm32f10x_tim.o(i.TIM_SelectInputTrigger), (12 bytes).
    Removing stm32f10x_tim.o(i.TIM_SelectMasterSlaveMode), (16 bytes).
    Removing stm32f10x_tim.o(i.TIM_SelectOCxM), (88 bytes).
    Removing stm32f10x_tim.o(i.TIM_SelectOnePulseMode), (20 bytes).
    Removing stm32f10x_tim.o(i.TIM_SelectOutputTrigger), (16 bytes).
    Removing stm32f10x_tim.o(i.TIM_SelectSlaveMode), (16 bytes).
    Removing stm32f10x_tim.o(i.TIM_SetAutoreload), (4 bytes).
    Removing stm32f10x_tim.o(i.TIM_SetClockDivision), (14 bytes).
    Removing stm32f10x_tim.o(i.TIM_SetCompare1), (4 bytes).
    Removing stm32f10x_tim.o(i.TIM_SetCompare2), (4 bytes).
    Removing stm32f10x_tim.o(i.TIM_SetCompare3), (4 bytes).
    Removing stm32f10x_tim.o(i.TIM_SetCompare4), (6 bytes).
    Removing stm32f10x_tim.o(i.TIM_SetCounter), (4 bytes).
    Removing stm32f10x_tim.o(i.TIM_SetIC1Prescaler), (16 bytes).
    Removing stm32f10x_tim.o(i.TIM_SetIC2Prescaler), (18 bytes).
    Removing stm32f10x_tim.o(i.TIM_SetIC3Prescaler), (16 bytes).
    Removing stm32f10x_tim.o(i.TIM_SetIC4Prescaler), (18 bytes).
    Removing stm32f10x_tim.o(i.TIM_TIxExternalClockConfig), (118 bytes).
    Removing stm32f10x_tim.o(i.TIM_TimeBaseStructInit), (18 bytes).
    Removing stm32f10x_tim.o(i.TIM_UpdateDisableConfig), (22 bytes).
    Removing stm32f10x_tim.o(i.TIM_UpdateRequestConfig), (22 bytes).
    Removing stm32f10x_usart.o(i.USART_ClearFlag), (6 bytes).
    Removing stm32f10x_usart.o(i.USART_ClearITPendingBit), (14 bytes).
    Removing stm32f10x_usart.o(i.USART_ClockInit), (36 bytes).
    Removing stm32f10x_usart.o(i.USART_ClockStructInit), (12 bytes).
    Removing stm32f10x_usart.o(i.USART_DMACmd), (16 bytes).
    Removing stm32f10x_usart.o(i.USART_DeInit), (164 bytes).
    Removing stm32f10x_usart.o(i.USART_HalfDuplexCmd), (18 bytes).
    Removing stm32f10x_usart.o(i.USART_IrDACmd), (18 bytes).
    Removing stm32f10x_usart.o(i.USART_IrDAConfig), (16 bytes).
    Removing stm32f10x_usart.o(i.USART_LINBreakDetectLengthConfig), (16 bytes).
    Removing stm32f10x_usart.o(i.USART_LINCmd), (18 bytes).
    Removing stm32f10x_usart.o(i.USART_ReceiverWakeUpCmd), (18 bytes).
    Removing stm32f10x_usart.o(i.USART_SendBreak), (10 bytes).
    Removing stm32f10x_usart.o(i.USART_SetAddress), (16 bytes).
    Removing stm32f10x_usart.o(i.USART_SetGuardTime), (16 bytes).
    Removing stm32f10x_usart.o(i.USART_SetPrescaler), (16 bytes).
    Removing stm32f10x_usart.o(i.USART_SmartCardCmd), (18 bytes).
    Removing stm32f10x_usart.o(i.USART_SmartCardNACKCmd), (18 bytes).
    Removing stm32f10x_usart.o(i.USART_WakeUpConfig), (16 bytes).

198 unused section(s) (total 7518 bytes) removed from the image.

==============================================================================

Image Symbol Table

    Local Symbols

    Symbol Name                              Value     Ov Type        Size  Object(Section)

    ../clib/angel/boardlib.s                 0x00000000   Number         0  boardinit2.o ABSOLUTE
    ../clib/angel/boardlib.s                 0x00000000   Number         0  boardinit3.o ABSOLUTE
    ../clib/angel/boardlib.s                 0x00000000   Number         0  boardshut.o ABSOLUTE
    ../clib/angel/boardlib.s                 0x00000000   Number         0  boardinit1.o ABSOLUTE
    ../clib/angel/handlers.s                 0x00000000   Number         0  __scatter_copy.o ABSOLUTE
    ../clib/angel/handlers.s                 0x00000000   Number         0  __scatter_zi.o ABSOLUTE
    ../clib/angel/kernel.s                   0x00000000   Number         0  rtexit2.o ABSOLUTE
    ../clib/angel/kernel.s                   0x00000000   Number         0  rtexit.o ABSOLUTE
    ../clib/angel/kernel.s                   0x00000000   Number         0  __rtentry.o ABSOLUTE
    ../clib/angel/kernel.s                   0x00000000   Number         0  __rtentry2.o ABSOLUTE
    ../clib/angel/kernel.s                   0x00000000   Number         0  __rtentry4.o ABSOLUTE
    ../clib/angel/rt.s                       0x00000000   Number         0  rt_raise.o ABSOLUTE
    ../clib/angel/scatter.s                  0x00000000   Number         0  __scatter.o ABSOLUTE
    ../clib/angel/startup.s                  0x00000000   Number         0  __main.o ABSOLUTE
    ../clib/angel/sys.s                      0x00000000   Number         0  indicate_semi.o ABSOLUTE
    ../clib/angel/sys.s                      0x00000000   Number         0  libspace.o ABSOLUTE
    ../clib/angel/sys.s                      0x00000000   Number         0  use_no_semi.o ABSOLUTE
    ../clib/angel/sys.s                      0x00000000   Number         0  sys_stackheap_outer.o ABSOLUTE
    ../clib/angel/sysapp.c                   0x00000000   Number         0  sys_wrch.o ABSOLUTE
    ../clib/angel/sysapp.c                   0x00000000   Number         0  sys_command.o ABSOLUTE
    ../clib/angel/sysapp.c                   0x00000000   Number         0  sys_exit.o ABSOLUTE
    ../clib/armsys.c                         0x00000000   Number         0  argv_veneer.o ABSOLUTE
    ../clib/armsys.c                         0x00000000   Number         0  no_argv.o ABSOLUTE
    ../clib/armsys.c                         0x00000000   Number         0  _get_argv_nomalloc.o ABSOLUTE
    ../clib/armsys.c                         0x00000000   Number         0  argv_veneer.o ABSOLUTE
    ../clib/heapalloc.c                      0x00000000   Number         0  hrguard.o ABSOLUTE
    ../clib/heapaux.c                        0x00000000   Number         0  heapauxi.o ABSOLUTE
    ../clib/libinit.s                        0x00000000   Number         0  libshutdown2.o ABSOLUTE
    ../clib/libinit.s                        0x00000000   Number         0  libinit2.o ABSOLUTE
    ../clib/libinit.s                        0x00000000   Number         0  libinit.o ABSOLUTE
    ../clib/libinit.s                        0x00000000   Number         0  libshutdown.o ABSOLUTE
    ../clib/memcpset.s                       0x00000000   Number         0  rt_memcpy_w.o ABSOLUTE
    ../clib/signal.c                         0x00000000   Number         0  defsig_fpe_inner.o ABSOLUTE
    ../clib/signal.c                         0x00000000   Number         0  defsig_abrt_inner.o ABSOLUTE
    ../clib/signal.c                         0x00000000   Number         0  defsig_rtmem_formal.o ABSOLUTE
    ../clib/signal.c                         0x00000000   Number         0  defsig_general.o ABSOLUTE
    ../clib/signal.c                         0x00000000   Number         0  __raise.o ABSOLUTE
    ../clib/signal.c                         0x00000000   Number         0  defsig_rtmem_inner.o ABSOLUTE
    ../clib/signal.c                         0x00000000   Number         0  defsig_exit.o ABSOLUTE
    ../clib/signal.c                         0x00000000   Number         0  defsig_rtmem_outer.o ABSOLUTE
    ../clib/signal.c                         0x00000000   Number         0  defsig_rtred_inner.o ABSOLUTE
    ../clib/signal.c                         0x00000000   Number         0  defsig_other.o ABSOLUTE
    ../clib/signal.c                         0x00000000   Number         0  defsig_segv_inner.o ABSOLUTE
    ../clib/signal.c                         0x00000000   Number         0  defsig_cppl_inner.o ABSOLUTE
    ../clib/signal.c                         0x00000000   Number         0  defsig_pvfn_inner.o ABSOLUTE
    ../clib/signal.c                         0x00000000   Number         0  defsig_stak_inner.o ABSOLUTE
    ../clib/signal.s                         0x00000000   Number         0  defsig.o ABSOLUTE
    ../clib/stdlib.c                         0x00000000   Number         0  exit.o ABSOLUTE
    ../fplib/fpinit.s                        0x00000000   Number         0  fpinit.o ABSOLUTE
    Libraries\CMSIS\Core\CM3\core_cm3.c      0x00000000   Number         0  core_cm3.o ABSOLUTE
    Libraries\CMSIS\Core\CM3\startup\arm\startup_stm32f10x_md.s 0x00000000   Number         0  startup_stm32f10x_md.o ABSOLUTE
    Libraries\CMSIS\Core\CM3\system_stm32f10x.c 0x00000000   Number         0  system_stm32f10x.o ABSOLUTE
    Libraries\\CMSIS\\Core\\CM3\\core_cm3.c  0x00000000   Number         0  core_cm3.o ABSOLUTE
    dc.s                                     0x00000000   Number         0  dc.o ABSOLUTE
    src\misc.c                               0x00000000   Number         0  misc.o ABSOLUTE
    src\stm32f10x_adc.c                      0x00000000   Number         0  stm32f10x_adc.o ABSOLUTE
    src\stm32f10x_can.c                      0x00000000   Number         0  stm32f10x_can.o ABSOLUTE
    src\stm32f10x_dma.c                      0x00000000   Number         0  stm32f10x_dma.o ABSOLUTE
    src\stm32f10x_flash.c                    0x00000000   Number         0  stm32f10x_flash.o ABSOLUTE
    src\stm32f10x_gpio.c                     0x00000000   Number         0  stm32f10x_gpio.o ABSOLUTE
    src\stm32f10x_rcc.c                      0x00000000   Number         0  stm32f10x_rcc.o ABSOLUTE
    src\stm32f10x_tim.c                      0x00000000   Number         0  stm32f10x_tim.o ABSOLUTE
    src\stm32f10x_usart.c                    0x00000000   Number         0  stm32f10x_usart.o ABSOLUTE
    system\SetCAN.c                          0x00000000   Number         0  setcan.o ABSOLUTE
    system\SetClock.c                        0x00000000   Number         0  setclock.o ABSOLUTE
    system\SetSysTick.c                      0x00000000   Number         0  setsystick.o ABSOLUTE
    system\SetUART.c                         0x00000000   Number         0  setuart.o ABSOLUTE
    system\cmdcoder.c                        0x00000000   Number         0  cmdcoder.o ABSOLUTE
    system\fifo.c                            0x00000000   Number         0  fifo.o ABSOLUTE
    system\fifo_void.c                       0x00000000   Number         0  fifo_void.o ABSOLUTE
    system\main.c                            0x00000000   Number         0  main.o ABSOLUTE
    system\system_error_status.c             0x00000000   Number         0  system_error_status.o ABSOLUTE
    user\ADXL345.c                           0x00000000   Number         0  adxl345.o ABSOLUTE
    user\Ds18B20.c                           0x00000000   Number         0  ds18b20.o ABSOLUTE
    user\SetADC.c                            0x00000000   Number         0  setadc.o ABSOLUTE
    user\SetGPIO.c                           0x00000000   Number         0  setgpio.o ABSOLUTE
    user\SetI2C.c                            0x00000000   Number         0  seti2c.o ABSOLUTE
    user\SetTimer.c                          0x00000000   Number         0  settimer.o ABSOLUTE
    user\navigation_box_led.c                0x00000000   Number         0  navigation_box_led.o ABSOLUTE
    user\user_main_MainController.c          0x00000000   Number         0  user_main_maincontroller.o ABSOLUTE
    RESET                                    0x08000000   Section      236  startup_stm32f10x_md.o(RESET)
    !!!main                                  0x080000ec   Section        8  __main.o(!!!main)
    !!!scatter                               0x080000f4   Section       52  __scatter.o(!!!scatter)
    !!handler_copy                           0x08000128   Section       26  __scatter_copy.o(!!handler_copy)
    !!handler_zi                             0x08000144   Section       28  __scatter_zi.o(!!handler_zi)
    .ARM.Collect$$libinit$$00000000          0x08000160   Section        2  libinit.o(.ARM.Collect$$libinit$$00000000)
    .ARM.Collect$$libinit$$00000002          0x08000162   Section        0  libinit2.o(.ARM.Collect$$libinit$$00000002)
    .ARM.Collect$$libinit$$00000004          0x08000162   Section        0  libinit2.o(.ARM.Collect$$libinit$$00000004)
    .ARM.Collect$$libinit$$0000000A          0x08000162   Section        0  libinit2.o(.ARM.Collect$$libinit$$0000000A)
    .ARM.Collect$$libinit$$0000000C          0x08000162   Section        0  libinit2.o(.ARM.Collect$$libinit$$0000000C)
    .ARM.Collect$$libinit$$0000000E          0x08000162   Section        0  libinit2.o(.ARM.Collect$$libinit$$0000000E)
    .ARM.Collect$$libinit$$00000011          0x08000162   Section        0  libinit2.o(.ARM.Collect$$libinit$$00000011)
    .ARM.Collect$$libinit$$00000013          0x08000162   Section        0  libinit2.o(.ARM.Collect$$libinit$$00000013)
    .ARM.Collect$$libinit$$00000015          0x08000162   Section        0  libinit2.o(.ARM.Collect$$libinit$$00000015)
    .ARM.Collect$$libinit$$00000017          0x08000162   Section        0  libinit2.o(.ARM.Collect$$libinit$$00000017)
    .ARM.Collect$$libinit$$00000019          0x08000162   Section        0  libinit2.o(.ARM.Collect$$libinit$$00000019)
    .ARM.Collect$$libinit$$0000001B          0x08000162   Section        0  libinit2.o(.ARM.Collect$$libinit$$0000001B)
    .ARM.Collect$$libinit$$0000001D          0x08000162   Section        0  libinit2.o(.ARM.Collect$$libinit$$0000001D)
    .ARM.Collect$$libinit$$0000001F          0x08000162   Section        0  libinit2.o(.ARM.Collect$$libinit$$0000001F)
    .ARM.Collect$$libinit$$00000021          0x08000162   Section        0  libinit2.o(.ARM.Collect$$libinit$$00000021)
    .ARM.Collect$$libinit$$00000023          0x08000162   Section        0  libinit2.o(.ARM.Collect$$libinit$$00000023)
    .ARM.Collect$$libinit$$00000025          0x08000162   Section        0  libinit2.o(.ARM.Collect$$libinit$$00000025)
    .ARM.Collect$$libinit$$0000002C          0x08000162   Section        0  libinit2.o(.ARM.Collect$$libinit$$0000002C)
    .ARM.Collect$$libinit$$0000002E          0x08000162   Section        0  libinit2.o(.ARM.Collect$$libinit$$0000002E)
    .ARM.Collect$$libinit$$00000030          0x08000162   Section        0  libinit2.o(.ARM.Collect$$libinit$$00000030)
    .ARM.Collect$$libinit$$00000032          0x08000162   Section        0  libinit2.o(.ARM.Collect$$libinit$$00000032)
    .ARM.Collect$$libinit$$00000033          0x08000162   Section        2  libinit2.o(.ARM.Collect$$libinit$$00000033)
    .ARM.Collect$$libshutdown$$00000000      0x08000164   Section        2  libshutdown.o(.ARM.Collect$$libshutdown$$00000000)
    .ARM.Collect$$libshutdown$$00000003      0x08000166   Section        0  libshutdown2.o(.ARM.Collect$$libshutdown$$00000003)
    .ARM.Collect$$libshutdown$$00000006      0x08000166   Section        0  libshutdown2.o(.ARM.Collect$$libshutdown$$00000006)
    .ARM.Collect$$libshutdown$$00000009      0x08000166   Section        0  libshutdown2.o(.ARM.Collect$$libshutdown$$00000009)
    .ARM.Collect$$libshutdown$$0000000B      0x08000166   Section        0  libshutdown2.o(.ARM.Collect$$libshutdown$$0000000B)
    .ARM.Collect$$libshutdown$$0000000E      0x08000166   Section        0  libshutdown2.o(.ARM.Collect$$libshutdown$$0000000E)
    .ARM.Collect$$libshutdown$$0000000F      0x08000166   Section        2  libshutdown2.o(.ARM.Collect$$libshutdown$$0000000F)
    .ARM.Collect$$rtentry$$00000000          0x08000168   Section        0  __rtentry.o(.ARM.Collect$$rtentry$$00000000)
    .ARM.Collect$$rtentry$$00000002          0x08000168   Section        0  __rtentry2.o(.ARM.Collect$$rtentry$$00000002)
    .ARM.Collect$$rtentry$$00000004          0x08000168   Section        6  __rtentry4.o(.ARM.Collect$$rtentry$$00000004)
    .ARM.Collect$$rtentry$$00000009          0x0800016e   Section        0  __rtentry2.o(.ARM.Collect$$rtentry$$00000009)
    .ARM.Collect$$rtentry$$0000000A          0x0800016e   Section        4  __rtentry2.o(.ARM.Collect$$rtentry$$0000000A)
    .ARM.Collect$$rtentry$$0000000C          0x08000172   Section        0  __rtentry2.o(.ARM.Collect$$rtentry$$0000000C)
    .ARM.Collect$$rtentry$$0000000D          0x08000172   Section        8  __rtentry2.o(.ARM.Collect$$rtentry$$0000000D)
    .ARM.Collect$$rtexit$$00000000           0x0800017a   Section        2  rtexit.o(.ARM.Collect$$rtexit$$00000000)
    .ARM.Collect$$rtexit$$00000002           0x0800017c   Section        0  rtexit2.o(.ARM.Collect$$rtexit$$00000002)
    .ARM.Collect$$rtexit$$00000003           0x0800017c   Section        4  rtexit2.o(.ARM.Collect$$rtexit$$00000003)
    .ARM.Collect$$rtexit$$00000004           0x08000180   Section        6  rtexit2.o(.ARM.Collect$$rtexit$$00000004)
    .text                                    0x08000188   Section        0  setadc.o(.text)
    .text                                    0x080002e8   Section        0  setgpio.o(.text)
    .text                                    0x0800063c   Section        0  settimer.o(.text)
    .text                                    0x08000760   Section        0  ds18b20.o(.text)
    .text                                    0x08000964   Section        0  navigation_box_led.o(.text)
    .text                                    0x08000a48   Section        0  user_main_maincontroller.o(.text)
    .text                                    0x08000dc8   Section       56  startup_stm32f10x_md.o(.text)
    .text                                    0x08000e00   Section        0  cmdcoder.o(.text)
    encode_variable_len                      0x08000e01   Thumb Code    48  cmdcoder.o(.text)
    .text                                    0x080010d8   Section        0  fifo.o(.text)
    .text                                    0x080011b4   Section        0  fifo_void.o(.text)
    .text                                    0x0800129c   Section        0  main.o(.text)
    .text                                    0x080012c0   Section        0  setcan.o(.text)
    .text                                    0x08001754   Section        0  setclock.o(.text)
    .text                                    0x080018c4   Section        0  setsystick.o(.text)
    .text                                    0x08001a34   Section        0  setuart.o(.text)
    .text                                    0x08001ce8   Section        0  system_error_status.o(.text)
    .text                                    0x08001df0   Section      100  rt_memcpy_w.o(.text)
    .text                                    0x08001e54   Section        0  heapauxi.o(.text)
    .text                                    0x08001e5a   Section       74  sys_stackheap_outer.o(.text)
    .text                                    0x08001ea4   Section        0  exit.o(.text)
    .text                                    0x08001eb0   Section        8  libspace.o(.text)
    .text                                    0x08001eb8   Section        0  sys_exit.o(.text)
    .text                                    0x08001ec4   Section        2  use_no_semi.o(.text)
    .text                                    0x08001ec6   Section        0  indicate_semi.o(.text)
    i.ADC_Cmd                                0x08001ec6   Section        0  stm32f10x_adc.o(i.ADC_Cmd)
    i.ADC_DMACmd                             0x08001ed8   Section        0  stm32f10x_adc.o(i.ADC_DMACmd)
    i.ADC_GetCalibrationStatus               0x08001eea   Section        0  stm32f10x_adc.o(i.ADC_GetCalibrationStatus)
    i.ADC_GetResetCalibrationStatus          0x08001efa   Section        0  stm32f10x_adc.o(i.ADC_GetResetCalibrationStatus)
    i.ADC_Init                               0x08001f0c   Section        0  stm32f10x_adc.o(i.ADC_Init)
    i.ADC_RegularChannelConfig               0x08001f5c   Section        0  stm32f10x_adc.o(i.ADC_RegularChannelConfig)
    i.ADC_ResetCalibration                   0x08001fec   Section        0  stm32f10x_adc.o(i.ADC_ResetCalibration)
    i.ADC_SoftwareStartConvCmd               0x08001ff6   Section        0  stm32f10x_adc.o(i.ADC_SoftwareStartConvCmd)
    i.ADC_StartCalibration                   0x08002008   Section        0  stm32f10x_adc.o(i.ADC_StartCalibration)
    i.ADC_TempSensorVrefintCmd               0x08002014   Section        0  stm32f10x_adc.o(i.ADC_TempSensorVrefintCmd)
    i.CAN_DeInit                             0x08002030   Section        0  stm32f10x_can.o(i.CAN_DeInit)
    i.CAN_FilterInit                         0x0800206c   Section        0  stm32f10x_can.o(i.CAN_FilterInit)
    i.CAN_GetITStatus                        0x08002150   Section        0  stm32f10x_can.o(i.CAN_GetITStatus)
    i.CAN_ITConfig                           0x08002238   Section        0  stm32f10x_can.o(i.CAN_ITConfig)
    i.CAN_Init                               0x08002248   Section        0  stm32f10x_can.o(i.CAN_Init)
    i.CAN_Receive                            0x0800233c   Section        0  stm32f10x_can.o(i.CAN_Receive)
    i.CAN_StructInit                         0x080023ee   Section        0  stm32f10x_can.o(i.CAN_StructInit)
    i.CAN_Transmit                           0x0800240e   Section        0  stm32f10x_can.o(i.CAN_Transmit)
    i.CAN_TransmitStatus                     0x080024c6   Section        0  stm32f10x_can.o(i.CAN_TransmitStatus)
    i.DMA_Cmd                                0x08002548   Section        0  stm32f10x_dma.o(i.DMA_Cmd)
    i.DMA_DeInit                             0x0800255c   Section        0  stm32f10x_dma.o(i.DMA_DeInit)
    i.DMA_Init                               0x08002664   Section        0  stm32f10x_dma.o(i.DMA_Init)
    i.FLASH_PrefetchBufferCmd                0x080026ac   Section        0  stm32f10x_flash.o(i.FLASH_PrefetchBufferCmd)
    i.FLASH_SetLatency                       0x080026c4   Section        0  stm32f10x_flash.o(i.FLASH_SetLatency)
    i.GPIO_Init                              0x080026d8   Section        0  stm32f10x_gpio.o(i.GPIO_Init)
    i.GPIO_PinRemapConfig                    0x080027a4   Section        0  stm32f10x_gpio.o(i.GPIO_PinRemapConfig)
    i.GPIO_ReadOutputDataBit                 0x080027fc   Section        0  stm32f10x_gpio.o(i.GPIO_ReadOutputDataBit)
    i.GPIO_ResetBits                         0x0800280a   Section        0  stm32f10x_gpio.o(i.GPIO_ResetBits)
    i.GPIO_SetBits                           0x0800280e   Section        0  stm32f10x_gpio.o(i.GPIO_SetBits)
    i.GPIO_StructInit                        0x08002812   Section        0  stm32f10x_gpio.o(i.GPIO_StructInit)
    i.NVIC_Init                              0x08002822   Section        0  misc.o(i.NVIC_Init)
    i.NVIC_PriorityGroupConfig               0x08002890   Section        0  misc.o(i.NVIC_PriorityGroupConfig)
    i.NVIC_SetVectorTable                    0x080028a4   Section        0  misc.o(i.NVIC_SetVectorTable)
    i.RCC_ADCCLKConfig                       0x080028b8   Section        0  stm32f10x_rcc.o(i.RCC_ADCCLKConfig)
    i.RCC_AHBPeriphClockCmd                  0x080028cc   Section        0  stm32f10x_rcc.o(i.RCC_AHBPeriphClockCmd)
    i.RCC_APB1PeriphClockCmd                 0x080028e4   Section        0  stm32f10x_rcc.o(i.RCC_APB1PeriphClockCmd)
    i.RCC_APB1PeriphResetCmd                 0x080028fc   Section        0  stm32f10x_rcc.o(i.RCC_APB1PeriphResetCmd)
    i.RCC_APB2PeriphClockCmd                 0x08002914   Section        0  stm32f10x_rcc.o(i.RCC_APB2PeriphClockCmd)
    i.RCC_DeInit                             0x0800292c   Section        0  stm32f10x_rcc.o(i.RCC_DeInit)
    i.RCC_GetClocksFreq                      0x0800296c   Section        0  stm32f10x_rcc.o(i.RCC_GetClocksFreq)
    i.RCC_GetFlagStatus                      0x08002a10   Section        0  stm32f10x_rcc.o(i.RCC_GetFlagStatus)
    i.RCC_GetSYSCLKSource                    0x08002a40   Section        0  stm32f10x_rcc.o(i.RCC_GetSYSCLKSource)
    i.RCC_HCLKConfig                         0x08002a50   Section        0  stm32f10x_rcc.o(i.RCC_HCLKConfig)
    i.RCC_HSEConfig                          0x08002a64   Section        0  stm32f10x_rcc.o(i.RCC_HSEConfig)
    i.RCC_HSICmd                             0x08002a9c   Section        0  stm32f10x_rcc.o(i.RCC_HSICmd)
    i.RCC_PCLK1Config                        0x08002aa8   Section        0  stm32f10x_rcc.o(i.RCC_PCLK1Config)
    i.RCC_PCLK2Config                        0x08002abc   Section        0  stm32f10x_rcc.o(i.RCC_PCLK2Config)
    i.RCC_PLLCmd                             0x08002ad0   Section        0  stm32f10x_rcc.o(i.RCC_PLLCmd)
    i.RCC_PLLConfig                          0x08002adc   Section        0  stm32f10x_rcc.o(i.RCC_PLLConfig)
    i.RCC_SYSCLKConfig                       0x08002af0   Section        0  stm32f10x_rcc.o(i.RCC_SYSCLKConfig)
    i.RCC_WaitForHSEStartUp                  0x08002b04   Section        0  stm32f10x_rcc.o(i.RCC_WaitForHSEStartUp)
    i.SysTick_CLKSourceConfig                0x08002b38   Section        0  misc.o(i.SysTick_CLKSourceConfig)
    i.TIM_ClearFlag                          0x08002b4e   Section        0  stm32f10x_tim.o(i.TIM_ClearFlag)
    i.TIM_Cmd                                0x08002b54   Section        0  stm32f10x_tim.o(i.TIM_Cmd)
    i.TIM_GetITStatus                        0x08002b6a   Section        0  stm32f10x_tim.o(i.TIM_GetITStatus)
    i.TIM_ITConfig                           0x08002b84   Section        0  stm32f10x_tim.o(i.TIM_ITConfig)
    i.TIM_TimeBaseInit                       0x08002b94   Section        0  stm32f10x_tim.o(i.TIM_TimeBaseInit)
    i.USART_Cmd                              0x08002bd0   Section        0  stm32f10x_usart.o(i.USART_Cmd)
    i.USART_GetFlagStatus                    0x08002be2   Section        0  stm32f10x_usart.o(i.USART_GetFlagStatus)
    i.USART_GetITStatus                      0x08002bf0   Section        0  stm32f10x_usart.o(i.USART_GetITStatus)
    i.USART_ITConfig                         0x08002c34   Section        0  stm32f10x_usart.o(i.USART_ITConfig)
    i.USART_Init                             0x08002c64   Section        0  stm32f10x_usart.o(i.USART_Init)
    i.USART_ReceiveData                      0x08002cf4   Section        0  stm32f10x_usart.o(i.USART_ReceiveData)
    i.USART_SendData                         0x08002cfc   Section        0  stm32f10x_usart.o(i.USART_SendData)
    i.USART_StructInit                       0x08002d04   Section        0  stm32f10x_usart.o(i.USART_StructInit)
    .data                                    0x20000000   Section        2  ds18b20.o(.data)
    .data                                    0x20000004   Section       26  user_main_maincontroller.o(.data)
    inited                                   0x2000001c   Data           1  user_main_maincontroller.o(.data)
    send                                     0x2000001d   Data           1  user_main_maincontroller.o(.data)
    .data                                    0x20000020   Section        6  setcan.o(.data)
    .data                                    0x20000028   Section       13  setsystick.o(.data)
    .data                                    0x20000038   Section       12  setuart.o(.data)
    .data                                    0x20000044   Section        5  system_error_status.o(.data)
    .data                                    0x20000049   Section       20  stm32f10x_rcc.o(.data)
    ADCPrescTable                            0x20000049   Data           4  stm32f10x_rcc.o(.data)
    APBAHBPrescTable                         0x2000004d   Data          16  stm32f10x_rcc.o(.data)
    .bss                                     0x20000060   Section      300  setadc.o(.bss)
    .bss                                     0x2000018c   Section     3748  user_main_maincontroller.o(.bss)
    .bss                                     0x20001030   Section     4088  setcan.o(.bss)
    .bss                                     0x20002028   Section       96  libspace.o(.bss)
    HEAP                                     0x20002088   Section      512  startup_stm32f10x_md.o(HEAP)
    Heap_Mem                                 0x20002088   Data         512  startup_stm32f10x_md.o(HEAP)
    STACK                                    0x20002288   Section     1024  startup_stm32f10x_md.o(STACK)
    Stack_Mem                                0x20002288   Data        1024  startup_stm32f10x_md.o(STACK)
    __initial_sp                             0x20002688   Data           0  startup_stm32f10x_md.o(STACK)

    Global Symbols

    Symbol Name                              Value     Ov Type        Size  Object(Section)

    BuildAttributes$$THM_ISAv4$P$D$K$B$S$PE$A:L22UL41UL21$X:L11$S22US41US21$IEEE1$IW$USESV6$~STKCKD$USESV7$~SHL$OTIME$ROPI$EBA8$UX$STANDARDLIB$REQ8$PRES8$EABIv2 0x00000000   Number         0  anon$$obj.o ABSOLUTE
    __ARM_use_no_argv                        0x00000000   Number         0  main.o ABSOLUTE
    __ARM_exceptions_init                     - Undefined Weak Reference
    __alloca_initialize                       - Undefined Weak Reference
    __arm_preinit_                            - Undefined Weak Reference
    __cpp_initialize__aeabi_                  - Undefined Weak Reference
    __cxa_finalize                            - Undefined Weak Reference
    __rt_locale                               - Undefined Weak Reference
    __sigvec_lookup                           - Undefined Weak Reference
    _atexit_init                              - Undefined Weak Reference
    _call_atexit_fns                          - Undefined Weak Reference
    _clock_init                               - Undefined Weak Reference
    _fp_trap_init                             - Undefined Weak Reference
    _fp_trap_shutdown                         - Undefined Weak Reference
    _get_lc_collate                           - Undefined Weak Reference
    _get_lc_ctype                             - Undefined Weak Reference
    _get_lc_monetary                          - Undefined Weak Reference
    _get_lc_numeric                           - Undefined Weak Reference
    _get_lc_time                              - Undefined Weak Reference
    _getenv_init                              - Undefined Weak Reference
    _handle_redirection                       - Undefined Weak Reference
    _init_alloc                               - Undefined Weak Reference
    _init_user_alloc                          - Undefined Weak Reference
    _initio                                   - Undefined Weak Reference
    _rand_init                                - Undefined Weak Reference
    _signal_finish                            - Undefined Weak Reference
    _signal_init                              - Undefined Weak Reference
    _terminate_alloc                          - Undefined Weak Reference
    _terminate_user_alloc                     - Undefined Weak Reference
    _terminateio                              - Undefined Weak Reference
    __Vectors_Size                           0x000000ec   Number         0  startup_stm32f10x_md.o ABSOLUTE
    __Vectors                                0x08000000   Data           4  startup_stm32f10x_md.o(RESET)
    __Vectors_End                            0x080000ec   Data           0  startup_stm32f10x_md.o(RESET)
    __main                                   0x080000ed   Thumb Code     8  __main.o(!!!main)
    __scatterload                            0x080000f5   Thumb Code     0  __scatter.o(!!!scatter)
    __scatterload_rt2                        0x080000f5   Thumb Code    44  __scatter.o(!!!scatter)
    __scatterload_rt2_thumb_only             0x080000f5   Thumb Code     0  __scatter.o(!!!scatter)
    __scatterload_null                       0x08000103   Thumb Code     0  __scatter.o(!!!scatter)
    __scatterload_copy                       0x08000129   Thumb Code    26  __scatter_copy.o(!!handler_copy)
    __scatterload_zeroinit                   0x08000145   Thumb Code    28  __scatter_zi.o(!!handler_zi)
    __rt_lib_init                            0x08000161   Thumb Code     0  libinit.o(.ARM.Collect$$libinit$$00000000)
    __rt_lib_init_alloca_1                   0x08000163   Thumb Code     0  libinit2.o(.ARM.Collect$$libinit$$0000002E)
    __rt_lib_init_argv_1                     0x08000163   Thumb Code     0  libinit2.o(.ARM.Collect$$libinit$$0000002C)
    __rt_lib_init_atexit_1                   0x08000163   Thumb Code     0  libinit2.o(.ARM.Collect$$libinit$$0000001B)
    __rt_lib_init_clock_1                    0x08000163   Thumb Code     0  libinit2.o(.ARM.Collect$$libinit$$00000021)
    __rt_lib_init_cpp_1                      0x08000163   Thumb Code     0  libinit2.o(.ARM.Collect$$libinit$$00000032)
    __rt_lib_init_exceptions_1               0x08000163   Thumb Code     0  libinit2.o(.ARM.Collect$$libinit$$00000030)
    __rt_lib_init_fp_1                       0x08000163   Thumb Code     0  libinit2.o(.ARM.Collect$$libinit$$00000002)
    __rt_lib_init_fp_trap_1                  0x08000163   Thumb Code     0  libinit2.o(.ARM.Collect$$libinit$$0000001F)
    __rt_lib_init_getenv_1                   0x08000163   Thumb Code     0  libinit2.o(.ARM.Collect$$libinit$$00000023)
    __rt_lib_init_heap_1                     0x08000163   Thumb Code     0  libinit2.o(.ARM.Collect$$libinit$$0000000A)
    __rt_lib_init_lc_collate_1               0x08000163   Thumb Code     0  libinit2.o(.ARM.Collect$$libinit$$00000011)
    __rt_lib_init_lc_ctype_1                 0x08000163   Thumb Code     0  libinit2.o(.ARM.Collect$$libinit$$00000013)
    __rt_lib_init_lc_monetary_1              0x08000163   Thumb Code     0  libinit2.o(.ARM.Collect$$libinit$$00000015)
    __rt_lib_init_lc_numeric_1               0x08000163   Thumb Code     0  libinit2.o(.ARM.Collect$$libinit$$00000017)
    __rt_lib_init_lc_time_1                  0x08000163   Thumb Code     0  libinit2.o(.ARM.Collect$$libinit$$00000019)
    __rt_lib_init_preinit_1                  0x08000163   Thumb Code     0  libinit2.o(.ARM.Collect$$libinit$$00000004)
    __rt_lib_init_rand_1                     0x08000163   Thumb Code     0  libinit2.o(.ARM.Collect$$libinit$$0000000E)
    __rt_lib_init_return                     0x08000163   Thumb Code     0  libinit2.o(.ARM.Collect$$libinit$$00000033)
    __rt_lib_init_signal_1                   0x08000163   Thumb Code     0  libinit2.o(.ARM.Collect$$libinit$$0000001D)
    __rt_lib_init_stdio_1                    0x08000163   Thumb Code     0  libinit2.o(.ARM.Collect$$libinit$$00000025)
    __rt_lib_init_user_alloc_1               0x08000163   Thumb Code     0  libinit2.o(.ARM.Collect$$libinit$$0000000C)
    __rt_lib_shutdown                        0x08000165   Thumb Code     0  libshutdown.o(.ARM.Collect$$libshutdown$$00000000)
    __rt_lib_shutdown_fp_trap_1              0x08000167   Thumb Code     0  libshutdown2.o(.ARM.Collect$$libshutdown$$00000006)
    __rt_lib_shutdown_heap_1                 0x08000167   Thumb Code     0  libshutdown2.o(.ARM.Collect$$libshutdown$$0000000E)
    __rt_lib_shutdown_return                 0x08000167   Thumb Code     0  libshutdown2.o(.ARM.Collect$$libshutdown$$0000000F)
    __rt_lib_shutdown_signal_1               0x08000167   Thumb Code     0  libshutdown2.o(.ARM.Collect$$libshutdown$$00000009)
    __rt_lib_shutdown_stdio_1                0x08000167   Thumb Code     0  libshutdown2.o(.ARM.Collect$$libshutdown$$00000003)
    __rt_lib_shutdown_user_alloc_1           0x08000167   Thumb Code     0  libshutdown2.o(.ARM.Collect$$libshutdown$$0000000B)
    __rt_entry                               0x08000169   Thumb Code     0  __rtentry.o(.ARM.Collect$$rtentry$$00000000)
    __rt_entry_presh_1                       0x08000169   Thumb Code     0  __rtentry2.o(.ARM.Collect$$rtentry$$00000002)
    __rt_entry_sh                            0x08000169   Thumb Code     0  __rtentry4.o(.ARM.Collect$$rtentry$$00000004)
    __rt_entry_li                            0x0800016f   Thumb Code     0  __rtentry2.o(.ARM.Collect$$rtentry$$0000000A)
    __rt_entry_postsh_1                      0x0800016f   Thumb Code     0  __rtentry2.o(.ARM.Collect$$rtentry$$00000009)
    __rt_entry_main                          0x08000173   Thumb Code     0  __rtentry2.o(.ARM.Collect$$rtentry$$0000000D)
    __rt_entry_postli_1                      0x08000173   Thumb Code     0  __rtentry2.o(.ARM.Collect$$rtentry$$0000000C)
    __rt_exit                                0x0800017b   Thumb Code     0  rtexit.o(.ARM.Collect$$rtexit$$00000000)
    __rt_exit_ls                             0x0800017d   Thumb Code     0  rtexit2.o(.ARM.Collect$$rtexit$$00000003)
    __rt_exit_prels_1                        0x0800017d   Thumb Code     0  rtexit2.o(.ARM.Collect$$rtexit$$00000002)
    __rt_exit_exit                           0x08000181   Thumb Code     0  rtexit2.o(.ARM.Collect$$rtexit$$00000004)
    ADC_Configuration                        0x08000189   Thumb Code   232  setadc.o(.text)
    Get_Temperature_Adc_value                0x08000271   Thumb Code    34  setadc.o(.text)
    Get_Voltage_Adc_value                    0x08000293   Thumb Code    36  setadc.o(.text)
    Get_WaterLeakage_Adc_value               0x080002b7   Thumb Code    36  setadc.o(.text)
    GPIO_Configuration                       0x080002e9   Thumb Code   736  setgpio.o(.text)
    GPIO_Initialization                      0x080005c9   Thumb Code   102  setgpio.o(.text)
    Timer_Configuration                      0x0800063d   Thumb Code   206  settimer.o(.text)
    TIM1_UP_IRQHandler                       0x0800070b   Thumb Code    40  settimer.o(.text)
    TIM2_IRQHandler                          0x08000733   Thumb Code    40  settimer.o(.text)
    ds_GPIO                                  0x08000761   Thumb Code    44  ds18b20.o(.text)
    ds_reset                                 0x0800078d   Thumb Code   132  ds18b20.o(.text)
    ds_readbyte                              0x08000811   Thumb Code    86  ds18b20.o(.text)
    ds_writebyte                             0x08000867   Thumb Code    84  ds18b20.o(.text)
    ds_convert                               0x080008bb   Thumb Code    60  ds18b20.o(.text)
    Read_DS18B20                             0x080008f7   Thumb Code   102  ds18b20.o(.text)
    Nbl_Led_on                               0x08000965   Thumb Code    32  navigation_box_led.o(.text)
    Nbl_Led_off                              0x08000985   Thumb Code    32  navigation_box_led.o(.text)
    is_led_on                                0x080009a5   Thumb Code    52  navigation_box_led.o(.text)
    Nbl_Led_toggle                           0x080009d9   Thumb Code    28  navigation_box_led.o(.text)
    Nbl_Led_Configuration                    0x080009f5   Thumb Code    78  navigation_box_led.o(.text)
    Board_Configuration                      0x08000a49   Thumb Code    22  user_main_maincontroller.o(.text)
    report_status_to_arm9                    0x08000a5f   Thumb Code    16  user_main_maincontroller.o(.text)
    listen_misc                              0x08000a6f   Thumb Code     8  user_main_maincontroller.o(.text)
    send_byte_to_arm9                        0x08000a77   Thumb Code    16  user_main_maincontroller.o(.text)
    handle_arm9_message                      0x08000a87   Thumb Code    12  user_main_maincontroller.o(.text)
    listen_arm9                              0x08000a93   Thumb Code    68  user_main_maincontroller.o(.text)
    test_send_cb                             0x08000ad7   Thumb Code    92  user_main_maincontroller.o(.text)
    test_protocol                            0x08000b33   Thumb Code   148  user_main_maincontroller.o(.text)
    listen_uart1                             0x08000bc7   Thumb Code    32  user_main_maincontroller.o(.text)
    listen_uart2                             0x08000be7   Thumb Code    12  user_main_maincontroller.o(.text)
    listen_uart3                             0x08000bf3   Thumb Code    12  user_main_maincontroller.o(.text)
    report_system_status                     0x08000bff   Thumb Code   180  user_main_maincontroller.o(.text)
    test_can_send                            0x08000cb3   Thumb Code    22  user_main_maincontroller.o(.text)
    listen_can1                              0x08000cc9   Thumb Code    18  user_main_maincontroller.o(.text)
    user_main_setup                          0x08000cdb   Thumb Code   102  user_main_maincontroller.o(.text)
    user_main_loop                           0x08000d41   Thumb Code    54  user_main_maincontroller.o(.text)
    Reset_Handler                            0x08000dc9   Thumb Code     4  startup_stm32f10x_md.o(.text)
    NMI_Handler                              0x08000dcd   Thumb Code     2  startup_stm32f10x_md.o(.text)
    HardFault_Handler                        0x08000dcf   Thumb Code     2  startup_stm32f10x_md.o(.text)
    MemManage_Handler                        0x08000dd1   Thumb Code     2  startup_stm32f10x_md.o(.text)
    BusFault_Handler                         0x08000dd3   Thumb Code     2  startup_stm32f10x_md.o(.text)
    UsageFault_Handler                       0x08000dd5   Thumb Code     2  startup_stm32f10x_md.o(.text)
    SVC_Handler                              0x08000dd7   Thumb Code     2  startup_stm32f10x_md.o(.text)
    DebugMon_Handler                         0x08000dd9   Thumb Code     2  startup_stm32f10x_md.o(.text)
    PendSV_Handler                           0x08000ddb   Thumb Code     2  startup_stm32f10x_md.o(.text)
    ADC1_2_IRQHandler                        0x08000ddf   Thumb Code     0  startup_stm32f10x_md.o(.text)
    CAN1_SCE_IRQHandler                      0x08000ddf   Thumb Code     0  startup_stm32f10x_md.o(.text)
    DMA1_Channel1_IRQHandler                 0x08000ddf   Thumb Code     0  startup_stm32f10x_md.o(.text)
    DMA1_Channel2_IRQHandler                 0x08000ddf   Thumb Code     0  startup_stm32f10x_md.o(.text)
    DMA1_Channel3_IRQHandler                 0x08000ddf   Thumb Code     0  startup_stm32f10x_md.o(.text)
    DMA1_Channel4_IRQHandler                 0x08000ddf   Thumb Code     0  startup_stm32f10x_md.o(.text)
    DMA1_Channel5_IRQHandler                 0x08000ddf   Thumb Code     0  startup_stm32f10x_md.o(.text)
    DMA1_Channel6_IRQHandler                 0x08000ddf   Thumb Code     0  startup_stm32f10x_md.o(.text)
    DMA1_Channel7_IRQHandler                 0x08000ddf   Thumb Code     0  startup_stm32f10x_md.o(.text)
    EXTI0_IRQHandler                         0x08000ddf   Thumb Code     0  startup_stm32f10x_md.o(.text)
    EXTI15_10_IRQHandler                     0x08000ddf   Thumb Code     0  startup_stm32f10x_md.o(.text)
    EXTI1_IRQHandler                         0x08000ddf   Thumb Code     0  startup_stm32f10x_md.o(.text)
    EXTI2_IRQHandler                         0x08000ddf   Thumb Code     0  startup_stm32f10x_md.o(.text)
    EXTI3_IRQHandler                         0x08000ddf   Thumb Code     0  startup_stm32f10x_md.o(.text)
    EXTI4_IRQHandler                         0x08000ddf   Thumb Code     0  startup_stm32f10x_md.o(.text)
    EXTI9_5_IRQHandler                       0x08000ddf   Thumb Code     0  startup_stm32f10x_md.o(.text)
    FLASH_IRQHandler                         0x08000ddf   Thumb Code     0  startup_stm32f10x_md.o(.text)
    I2C1_ER_IRQHandler                       0x08000ddf   Thumb Code     0  startup_stm32f10x_md.o(.text)
    I2C1_EV_IRQHandler                       0x08000ddf   Thumb Code     0  startup_stm32f10x_md.o(.text)
    I2C2_ER_IRQHandler                       0x08000ddf   Thumb Code     0  startup_stm32f10x_md.o(.text)
    I2C2_EV_IRQHandler                       0x08000ddf   Thumb Code     0  startup_stm32f10x_md.o(.text)
    PVD_IRQHandler                           0x08000ddf   Thumb Code     0  startup_stm32f10x_md.o(.text)
    RCC_IRQHandler                           0x08000ddf   Thumb Code     0  startup_stm32f10x_md.o(.text)
    RTCAlarm_IRQHandler                      0x08000ddf   Thumb Code     0  startup_stm32f10x_md.o(.text)
    RTC_IRQHandler                           0x08000ddf   Thumb Code     0  startup_stm32f10x_md.o(.text)
    SPI1_IRQHandler                          0x08000ddf   Thumb Code     0  startup_stm32f10x_md.o(.text)
    SPI2_IRQHandler                          0x08000ddf   Thumb Code     0  startup_stm32f10x_md.o(.text)
    TAMPER_IRQHandler                        0x08000ddf   Thumb Code     0  startup_stm32f10x_md.o(.text)
    TIM1_BRK_IRQHandler                      0x08000ddf   Thumb Code     0  startup_stm32f10x_md.o(.text)
    TIM1_CC_IRQHandler                       0x08000ddf   Thumb Code     0  startup_stm32f10x_md.o(.text)
    TIM1_TRG_COM_IRQHandler                  0x08000ddf   Thumb Code     0  startup_stm32f10x_md.o(.text)
    TIM3_IRQHandler                          0x08000ddf   Thumb Code     0  startup_stm32f10x_md.o(.text)
    TIM4_IRQHandler                          0x08000ddf   Thumb Code     0  startup_stm32f10x_md.o(.text)
    USBWakeUp_IRQHandler                     0x08000ddf   Thumb Code     0  startup_stm32f10x_md.o(.text)
    WWDG_IRQHandler                          0x08000ddf   Thumb Code     0  startup_stm32f10x_md.o(.text)
    __user_initial_stackheap                 0x08000de1   Thumb Code     0  startup_stm32f10x_md.o(.text)
    cmdcoder_init                            0x08000e31   Thumb Code    28  cmdcoder.o(.text)
    cmdcoder_Parse_byte                      0x08000e4d   Thumb Code   408  cmdcoder.o(.text)
    cmdcoder_encode_and_send                 0x08000fe5   Thumb Code   244  cmdcoder.o(.text)
    fifo_init                                0x080010d9   Thumb Code    22  fifo.o(.text)
    fifo_avail                               0x080010ef   Thumb Code     6  fifo.o(.text)
    fifo_free                                0x080010f5   Thumb Code    12  fifo.o(.text)
    fifo_enabled                             0x08001101   Thumb Code     6  fifo.o(.text)
    is_fifo_overflow                         0x08001107   Thumb Code     6  fifo.o(.text)
    fifo_put                                 0x0800110d   Thumb Code    50  fifo.o(.text)
    fifo_recovery_put                        0x0800113f   Thumb Code    68  fifo.o(.text)
    fifo_get                                 0x08001183   Thumb Code    50  fifo.o(.text)
    fifo_void_init                           0x080011b5   Thumb Code    24  fifo_void.o(.text)
    fifo_void_avail                          0x080011cd   Thumb Code    24  fifo_void.o(.text)
    fifo_void_free                           0x080011e5   Thumb Code    18  fifo_void.o(.text)
    fifo_void_enabled                        0x080011f7   Thumb Code     6  fifo_void.o(.text)
    is_fifo_void_overflow                    0x080011fd   Thumb Code     6  fifo_void.o(.text)
    fifo_void_put                            0x08001203   Thumb Code    48  fifo_void.o(.text)
    fifo_void_recovery_put                   0x08001233   Thumb Code    60  fifo_void.o(.text)
    fifo_void_get                            0x0800126f   Thumb Code    46  fifo_void.o(.text)
    main                                     0x0800129d   Thumb Code    34  main.o(.text)
    can_rx_put_cb                            0x080012c1   Thumb Code    26  setcan.o(.text)
    can_rx_get_cb                            0x080012db   Thumb Code    26  setcan.o(.text)
    can_tx_put_cb                            0x080012f5   Thumb Code    26  setcan.o(.text)
    can_tx_get_cb                            0x0800130f   Thumb Code    26  setcan.o(.text)
    Can1_Configuration_mask                  0x08001329   Thumb Code   418  setcan.o(.text)
    Can1_Configuration                       0x080014cb   Thumb Code    18  setcan.o(.text)
    Can1_Send_Message                        0x080014dd   Thumb Code   126  setcan.o(.text)
    Can1_Send                                0x0800155b   Thumb Code    96  setcan.o(.text)
    Can1_Get_CanRxMsg                        0x080015bb   Thumb Code    58  setcan.o(.text)
    USB_LP_CAN1_RX0_IRQHandler               0x080015f5   Thumb Code    54  setcan.o(.text)
    CAN1_RX1_IRQHandler                      0x0800162b   Thumb Code    22  setcan.o(.text)
    USB_HP_CAN1_TX_IRQHandler                0x08001641   Thumb Code   246  setcan.o(.text)
    SetupPllClock                            0x08001755   Thumb Code   368  setclock.o(.text)
    SysTick_Configuration                    0x080018c5   Thumb Code    90  setsystick.o(.text)
    SysTick_Handler                          0x0800191f   Thumb Code    28  setsystick.o(.text)
    Systick_Event                            0x0800193b   Thumb Code   102  setsystick.o(.text)
    delay_us                                 0x080019a1   Thumb Code    16  setsystick.o(.text)
    systick_time_start                       0x080019b1   Thumb Code    40  setsystick.o(.text)
    check_systick_time                       0x080019d9   Thumb Code    66  setsystick.o(.text)
    Uart_Configuration                       0x08001a35   Thumb Code   274  setuart.o(.text)
    _uart_irq_function                       0x08001b47   Thumb Code   148  setuart.o(.text)
    USART1_IRQHandler                        0x08001bdb   Thumb Code    12  setuart.o(.text)
    USART2_IRQHandler                        0x08001be7   Thumb Code    12  setuart.o(.text)
    USART3_IRQHandler                        0x08001bf3   Thumb Code    12  setuart.o(.text)
    Uart_GetChar                             0x08001bff   Thumb Code    48  setuart.o(.text)
    Uart_PutChar                             0x08001c2f   Thumb Code   102  setuart.o(.text)
    Uart_PutString                           0x08001c95   Thumb Code    26  setuart.o(.text)
    Uart_PutBytes                            0x08001caf   Thumb Code    32  setuart.o(.text)
    system_error_init                        0x08001ce9   Thumb Code    10  system_error_status.o(.text)
    system_error_get                         0x08001cf3   Thumb Code     4  system_error_status.o(.text)
    system_Error_Callback                    0x08001cf7   Thumb Code   234  system_error_status.o(.text)
    __aeabi_memcpy4                          0x08001df1   Thumb Code     0  rt_memcpy_w.o(.text)
    __aeabi_memcpy8                          0x08001df1   Thumb Code     0  rt_memcpy_w.o(.text)
    __rt_memcpy_w                            0x08001df1   Thumb Code   100  rt_memcpy_w.o(.text)
    _memcpy_lastbytes_aligned                0x08001e39   Thumb Code     0  rt_memcpy_w.o(.text)
    __use_two_region_memory                  0x08001e55   Thumb Code     2  heapauxi.o(.text)
    __rt_heap_escrow$2region                 0x08001e57   Thumb Code     2  heapauxi.o(.text)
    __rt_heap_expand$2region                 0x08001e59   Thumb Code     2  heapauxi.o(.text)
    __user_setup_stackheap                   0x08001e5b   Thumb Code    74  sys_stackheap_outer.o(.text)
    exit                                     0x08001ea5   Thumb Code    12  exit.o(.text)
    __user_libspace                          0x08001eb1   Thumb Code     8  libspace.o(.text)
    __user_perproc_libspace                  0x08001eb1   Thumb Code     0  libspace.o(.text)
    __user_perthread_libspace                0x08001eb1   Thumb Code     0  libspace.o(.text)
    _sys_exit                                0x08001eb9   Thumb Code     8  sys_exit.o(.text)
    __I$use$semihosting                      0x08001ec5   Thumb Code     0  use_no_semi.o(.text)
    __use_no_semihosting_swi                 0x08001ec5   Thumb Code     2  use_no_semi.o(.text)
    ADC_Cmd                                  0x08001ec7   Thumb Code    18  stm32f10x_adc.o(i.ADC_Cmd)
    __semihosting_library_function           0x08001ec7   Thumb Code     0  indicate_semi.o(.text)
    ADC_DMACmd                               0x08001ed9   Thumb Code    18  stm32f10x_adc.o(i.ADC_DMACmd)
    ADC_GetCalibrationStatus                 0x08001eeb   Thumb Code    16  stm32f10x_adc.o(i.ADC_GetCalibrationStatus)
    ADC_GetResetCalibrationStatus            0x08001efb   Thumb Code    16  stm32f10x_adc.o(i.ADC_GetResetCalibrationStatus)
    ADC_Init                                 0x08001f0d   Thumb Code    74  stm32f10x_adc.o(i.ADC_Init)
    ADC_RegularChannelConfig                 0x08001f5d   Thumb Code   144  stm32f10x_adc.o(i.ADC_RegularChannelConfig)
    ADC_ResetCalibration                     0x08001fed   Thumb Code    10  stm32f10x_adc.o(i.ADC_ResetCalibration)
    ADC_SoftwareStartConvCmd                 0x08001ff7   Thumb Code    18  stm32f10x_adc.o(i.ADC_SoftwareStartConvCmd)
    ADC_StartCalibration                     0x08002009   Thumb Code    10  stm32f10x_adc.o(i.ADC_StartCalibration)
    ADC_TempSensorVrefintCmd                 0x08002015   Thumb Code    24  stm32f10x_adc.o(i.ADC_TempSensorVrefintCmd)
    CAN_DeInit                               0x08002031   Thumb Code    58  stm32f10x_can.o(i.CAN_DeInit)
    CAN_FilterInit                           0x0800206d   Thumb Code   222  stm32f10x_can.o(i.CAN_FilterInit)
    CAN_GetITStatus                          0x08002151   Thumb Code   232  stm32f10x_can.o(i.CAN_GetITStatus)
    CAN_ITConfig                             0x08002239   Thumb Code    16  stm32f10x_can.o(i.CAN_ITConfig)
    CAN_Init                                 0x08002249   Thumb Code   244  stm32f10x_can.o(i.CAN_Init)
    CAN_Receive                              0x0800233d   Thumb Code   178  stm32f10x_can.o(i.CAN_Receive)
    CAN_StructInit                           0x080023ef   Thumb Code    32  stm32f10x_can.o(i.CAN_StructInit)
    CAN_Transmit                             0x0800240f   Thumb Code   184  stm32f10x_can.o(i.CAN_Transmit)
    CAN_TransmitStatus                       0x080024c7   Thumb Code   130  stm32f10x_can.o(i.CAN_TransmitStatus)
    DMA_Cmd                                  0x08002549   Thumb Code    18  stm32f10x_dma.o(i.DMA_Cmd)
    DMA_DeInit                               0x0800255d   Thumb Code   210  stm32f10x_dma.o(i.DMA_DeInit)
    DMA_Init                                 0x08002665   Thumb Code    72  stm32f10x_dma.o(i.DMA_Init)
    FLASH_PrefetchBufferCmd                  0x080026ad   Thumb Code    18  stm32f10x_flash.o(i.FLASH_PrefetchBufferCmd)
    FLASH_SetLatency                         0x080026c5   Thumb Code    14  stm32f10x_flash.o(i.FLASH_SetLatency)
    GPIO_Init                                0x080026d9   Thumb Code   202  stm32f10x_gpio.o(i.GPIO_Init)
    GPIO_PinRemapConfig                      0x080027a5   Thumb Code    84  stm32f10x_gpio.o(i.GPIO_PinRemapConfig)
    GPIO_ReadOutputDataBit                   0x080027fd   Thumb Code    14  stm32f10x_gpio.o(i.GPIO_ReadOutputDataBit)
    GPIO_ResetBits                           0x0800280b   Thumb Code     4  stm32f10x_gpio.o(i.GPIO_ResetBits)
    GPIO_SetBits                             0x0800280f   Thumb Code     4  stm32f10x_gpio.o(i.GPIO_SetBits)
    GPIO_StructInit                          0x08002813   Thumb Code    16  stm32f10x_gpio.o(i.GPIO_StructInit)
    NVIC_Init                                0x08002823   Thumb Code   108  misc.o(i.NVIC_Init)
    NVIC_PriorityGroupConfig                 0x08002891   Thumb Code    14  misc.o(i.NVIC_PriorityGroupConfig)
    NVIC_SetVectorTable                      0x080028a5   Thumb Code    16  misc.o(i.NVIC_SetVectorTable)
    RCC_ADCCLKConfig                         0x080028b9   Thumb Code    14  stm32f10x_rcc.o(i.RCC_ADCCLKConfig)
    RCC_AHBPeriphClockCmd                    0x080028cd   Thumb Code    18  stm32f10x_rcc.o(i.RCC_AHBPeriphClockCmd)
    RCC_APB1PeriphClockCmd                   0x080028e5   Thumb Code    18  stm32f10x_rcc.o(i.RCC_APB1PeriphClockCmd)
    RCC_APB1PeriphResetCmd                   0x080028fd   Thumb Code    18  stm32f10x_rcc.o(i.RCC_APB1PeriphResetCmd)
    RCC_APB2PeriphClockCmd                   0x08002915   Thumb Code    18  stm32f10x_rcc.o(i.RCC_APB2PeriphClockCmd)
    RCC_DeInit                               0x0800292d   Thumb Code    54  stm32f10x_rcc.o(i.RCC_DeInit)
    RCC_GetClocksFreq                        0x0800296d   Thumb Code   148  stm32f10x_rcc.o(i.RCC_GetClocksFreq)
    RCC_GetFlagStatus                        0x08002a11   Thumb Code    42  stm32f10x_rcc.o(i.RCC_GetFlagStatus)
    RCC_GetSYSCLKSource                      0x08002a41   Thumb Code    10  stm32f10x_rcc.o(i.RCC_GetSYSCLKSource)
    RCC_HCLKConfig                           0x08002a51   Thumb Code    14  stm32f10x_rcc.o(i.RCC_HCLKConfig)
    RCC_HSEConfig                            0x08002a65   Thumb Code    50  stm32f10x_rcc.o(i.RCC_HSEConfig)
    RCC_HSICmd                               0x08002a9d   Thumb Code     6  stm32f10x_rcc.o(i.RCC_HSICmd)
    RCC_PCLK1Config                          0x08002aa9   Thumb Code    14  stm32f10x_rcc.o(i.RCC_PCLK1Config)
    RCC_PCLK2Config                          0x08002abd   Thumb Code    16  stm32f10x_rcc.o(i.RCC_PCLK2Config)
    RCC_PLLCmd                               0x08002ad1   Thumb Code     6  stm32f10x_rcc.o(i.RCC_PLLCmd)
    RCC_PLLConfig                            0x08002add   Thumb Code    16  stm32f10x_rcc.o(i.RCC_PLLConfig)
    RCC_SYSCLKConfig                         0x08002af1   Thumb Code    14  stm32f10x_rcc.o(i.RCC_SYSCLKConfig)
    RCC_WaitForHSEStartUp                    0x08002b05   Thumb Code    48  stm32f10x_rcc.o(i.RCC_WaitForHSEStartUp)
    SysTick_CLKSourceConfig                  0x08002b39   Thumb Code    22  misc.o(i.SysTick_CLKSourceConfig)
    TIM_ClearFlag                            0x08002b4f   Thumb Code     6  stm32f10x_tim.o(i.TIM_ClearFlag)
    TIM_Cmd                                  0x08002b55   Thumb Code    22  stm32f10x_tim.o(i.TIM_Cmd)
    TIM_GetITStatus                          0x08002b6b   Thumb Code    26  stm32f10x_tim.o(i.TIM_GetITStatus)
    TIM_ITConfig                             0x08002b85   Thumb Code    16  stm32f10x_tim.o(i.TIM_ITConfig)
    TIM_TimeBaseInit                         0x08002b95   Thumb Code    60  stm32f10x_tim.o(i.TIM_TimeBaseInit)
    USART_Cmd                                0x08002bd1   Thumb Code    18  stm32f10x_usart.o(i.USART_Cmd)
    USART_GetFlagStatus                      0x08002be3   Thumb Code    14  stm32f10x_usart.o(i.USART_GetFlagStatus)
    USART_GetITStatus                        0x08002bf1   Thumb Code    68  stm32f10x_usart.o(i.USART_GetITStatus)
    USART_ITConfig                           0x08002c35   Thumb Code    48  stm32f10x_usart.o(i.USART_ITConfig)
    USART_Init                               0x08002c65   Thumb Code   140  stm32f10x_usart.o(i.USART_Init)
    USART_ReceiveData                        0x08002cf5   Thumb Code     8  stm32f10x_usart.o(i.USART_ReceiveData)
    USART_SendData                           0x08002cfd   Thumb Code     8  stm32f10x_usart.o(i.USART_SendData)
    USART_StructInit                         0x08002d05   Thumb Code    22  stm32f10x_usart.o(i.USART_StructInit)
    Region$$Table$$Base                      0x08002d1c   Number         0  anon$$obj.o(Region$$Table)
    Region$$Table$$Limit                     0x08002d3c   Number         0  anon$$obj.o(Region$$Table)
    nu                                       0x20000000   Data           2  ds18b20.o(.data)
    arm9_uart                                0x20000004   Data           4  user_main_maincontroller.o(.data)
    test_code_res                            0x20000008   Data           4  user_main_maincontroller.o(.data)
    TEST_DATA_LEN                            0x2000000c   Data           4  user_main_maincontroller.o(.data)
    report_error                             0x20000010   Data           4  user_main_maincontroller.o(.data)
    report_error_id                          0x20000014   Data           1  user_main_maincontroller.o(.data)
    system_error                             0x20000018   Data           4  user_main_maincontroller.o(.data)
    resend_count                             0x20000020   Data           4  setcan.o(.data)
    in_send_loop                             0x20000024   Data           1  setcan.o(.data)
    TransmitMailbox                          0x20000025   Data           1  setcan.o(.data)
    TimingDelay                              0x20000028   Data           4  setsystick.o(.data)
    systick_ms                               0x2000002c   Data           4  setsystick.o(.data)
    systick_us                               0x20000030   Data           4  setsystick.o(.data)
    systick_ms_overflow                      0x20000034   Data           1  setsystick.o(.data)
    uart1_p                                  0x20000038   Data           4  setuart.o(.data)
    uart2_p                                  0x2000003c   Data           4  setuart.o(.data)
    uart3_p                                  0x20000040   Data           4  setuart.o(.data)
    _system_error                            0x20000044   Data           5  system_error_status.o(.data)
    ADCConvert                               0x20000060   Data         300  setadc.o(.bss)
    report_status_t                          0x2000018c   Data          12  user_main_maincontroller.o(.bss)
    debug_t                                  0x20000198   Data          12  user_main_maincontroller.o(.bss)
    Uart1                                    0x200001a4   Data        1080  user_main_maincontroller.o(.bss)
    Uart2                                    0x200005dc   Data        1080  user_main_maincontroller.o(.bss)
    Uart3                                    0x20000a14   Data        1080  user_main_maincontroller.o(.bss)
    arm9_coder                               0x20000e4c   Data         148  user_main_maincontroller.o(.bss)
    encode_packget                           0x20000ee0   Data         148  user_main_maincontroller.o(.bss)
    decode_packget                           0x20000f74   Data         148  user_main_maincontroller.o(.bss)
    rxmsg                                    0x20001008   Data          20  user_main_maincontroller.o(.bss)
    txmsg                                    0x2000101c   Data          20  user_main_maincontroller.o(.bss)
    RxMessage                                0x20001030   Data          20  setcan.o(.bss)
    TxMessage                                0x20001044   Data          20  setcan.o(.bss)
    TxMessageArray                           0x20001058   Data        2000  setcan.o(.bss)
    RxMessageArray                           0x20001828   Data        2000  setcan.o(.bss)
    can1_tx_msg_fifo                         0x20001ff8   Data          24  setcan.o(.bss)
    can1_rx_msg_fifo                         0x20002010   Data          24  setcan.o(.bss)
    __libspace_start                         0x20002028   Data          96  libspace.o(.bss)
    __temporary_stack_top$libspace           0x20002088   Data           0  libspace.o(.bss)



==============================================================================

Memory Map of the image

  Image Entry point : 0x080000ed

  Load Region LR_IROM1 (Base: 0x08000000, Size: 0x00002d9c, Max: 0x00010000, ABSOLUTE)

    Execution Region ER_IROM1 (Base: 0x08000000, Size: 0x00002d3c, Max: 0x00010000, ABSOLUTE)

    Base Addr    Size         Type   Attr      Idx    E Section Name        Object

    0x08000000   0x000000ec   Data   RO          220    RESET               startup_stm32f10x_md.o
    0x080000ec   0x00000008   Code   RO         2052  * !!!main             c_w.l(__main.o)
    0x080000f4   0x00000034   Code   RO         2208    !!!scatter          c_w.l(__scatter.o)
    0x08000128   0x0000001a   Code   RO         2210    !!handler_copy      c_w.l(__scatter_copy.o)
    0x08000142   0x00000002   PAD
    0x08000144   0x0000001c   Code   RO         2212    !!handler_zi        c_w.l(__scatter_zi.o)
    0x08000160   0x00000002   Code   RO         2079    .ARM.Collect$$libinit$$00000000  c_w.l(libinit.o)
    0x08000162   0x00000000   Code   RO         2086    .ARM.Collect$$libinit$$00000002  c_w.l(libinit2.o)
    0x08000162   0x00000000   Code   RO         2088    .ARM.Collect$$libinit$$00000004  c_w.l(libinit2.o)
    0x08000162   0x00000000   Code   RO         2091    .ARM.Collect$$libinit$$0000000A  c_w.l(libinit2.o)
    0x08000162   0x00000000   Code   RO         2093    .ARM.Collect$$libinit$$0000000C  c_w.l(libinit2.o)
    0x08000162   0x00000000   Code   RO         2095    .ARM.Collect$$libinit$$0000000E  c_w.l(libinit2.o)
    0x08000162   0x00000000   Code   RO         2098    .ARM.Collect$$libinit$$00000011  c_w.l(libinit2.o)
    0x08000162   0x00000000   Code   RO         2100    .ARM.Collect$$libinit$$00000013  c_w.l(libinit2.o)
    0x08000162   0x00000000   Code   RO         2102    .ARM.Collect$$libinit$$00000015  c_w.l(libinit2.o)
    0x08000162   0x00000000   Code   RO         2104    .ARM.Collect$$libinit$$00000017  c_w.l(libinit2.o)
    0x08000162   0x00000000   Code   RO         2106    .ARM.Collect$$libinit$$00000019  c_w.l(libinit2.o)
    0x08000162   0x00000000   Code   RO         2108    .ARM.Collect$$libinit$$0000001B  c_w.l(libinit2.o)
    0x08000162   0x00000000   Code   RO         2110    .ARM.Collect$$libinit$$0000001D  c_w.l(libinit2.o)
    0x08000162   0x00000000   Code   RO         2112    .ARM.Collect$$libinit$$0000001F  c_w.l(libinit2.o)
    0x08000162   0x00000000   Code   RO         2114    .ARM.Collect$$libinit$$00000021  c_w.l(libinit2.o)
    0x08000162   0x00000000   Code   RO         2116    .ARM.Collect$$libinit$$00000023  c_w.l(libinit2.o)
    0x08000162   0x00000000   Code   RO         2118    .ARM.Collect$$libinit$$00000025  c_w.l(libinit2.o)
    0x08000162   0x00000000   Code   RO         2122    .ARM.Collect$$libinit$$0000002C  c_w.l(libinit2.o)
    0x08000162   0x00000000   Code   RO         2124    .ARM.Collect$$libinit$$0000002E  c_w.l(libinit2.o)
    0x08000162   0x00000000   Code   RO         2126    .ARM.Collect$$libinit$$00000030  c_w.l(libinit2.o)
    0x08000162   0x00000000   Code   RO         2128    .ARM.Collect$$libinit$$00000032  c_w.l(libinit2.o)
    0x08000162   0x00000002   Code   RO         2129    .ARM.Collect$$libinit$$00000033  c_w.l(libinit2.o)
    0x08000164   0x00000002   Code   RO         2149    .ARM.Collect$$libshutdown$$00000000  c_w.l(libshutdown.o)
    0x08000166   0x00000000   Code   RO         2163    .ARM.Collect$$libshutdown$$00000003  c_w.l(libshutdown2.o)
    0x08000166   0x00000000   Code   RO         2166    .ARM.Collect$$libshutdown$$00000006  c_w.l(libshutdown2.o)
    0x08000166   0x00000000   Code   RO         2169    .ARM.Collect$$libshutdown$$00000009  c_w.l(libshutdown2.o)
    0x08000166   0x00000000   Code   RO         2171    .ARM.Collect$$libshutdown$$0000000B  c_w.l(libshutdown2.o)
    0x08000166   0x00000000   Code   RO         2174    .ARM.Collect$$libshutdown$$0000000E  c_w.l(libshutdown2.o)
    0x08000166   0x00000002   Code   RO         2175    .ARM.Collect$$libshutdown$$0000000F  c_w.l(libshutdown2.o)
    0x08000168   0x00000000   Code   RO         2054    .ARM.Collect$$rtentry$$00000000  c_w.l(__rtentry.o)
    0x08000168   0x00000000   Code   RO         2056    .ARM.Collect$$rtentry$$00000002  c_w.l(__rtentry2.o)
    0x08000168   0x00000006   Code   RO         2068    .ARM.Collect$$rtentry$$00000004  c_w.l(__rtentry4.o)
    0x0800016e   0x00000000   Code   RO         2058    .ARM.Collect$$rtentry$$00000009  c_w.l(__rtentry2.o)
    0x0800016e   0x00000004   Code   RO         2059    .ARM.Collect$$rtentry$$0000000A  c_w.l(__rtentry2.o)
    0x08000172   0x00000000   Code   RO         2061    .ARM.Collect$$rtentry$$0000000C  c_w.l(__rtentry2.o)
    0x08000172   0x00000008   Code   RO         2062    .ARM.Collect$$rtentry$$0000000D  c_w.l(__rtentry2.o)
    0x0800017a   0x00000002   Code   RO         2083    .ARM.Collect$$rtexit$$00000000  c_w.l(rtexit.o)
    0x0800017c   0x00000000   Code   RO         2131    .ARM.Collect$$rtexit$$00000002  c_w.l(rtexit2.o)
    0x0800017c   0x00000004   Code   RO         2132    .ARM.Collect$$rtexit$$00000003  c_w.l(rtexit2.o)
    0x08000180   0x00000006   Code   RO         2133    .ARM.Collect$$rtexit$$00000004  c_w.l(rtexit2.o)
    0x08000186   0x00000002   PAD
    0x08000188   0x00000160   Code   RO            1    .text               setadc.o
    0x080002e8   0x00000354   Code   RO           67    .text               setgpio.o
    0x0800063c   0x00000124   Code   RO           91    .text               settimer.o
    0x08000760   0x00000204   Code   RO          118    .text               ds18b20.o
    0x08000964   0x000000e4   Code   RO          135    .text               navigation_box_led.o
    0x08000a48   0x00000380   Code   RO          158    .text               user_main_maincontroller.o
    0x08000dc8   0x00000038   Code   RO          221    .text               startup_stm32f10x_md.o
    0x08000e00   0x000002d8   Code   RO          225    .text               cmdcoder.o
    0x080010d8   0x000000dc   Code   RO          240    .text               fifo.o
    0x080011b4   0x000000e8   Code   RO          255    .text               fifo_void.o
    0x0800129c   0x00000022   Code   RO          270    .text               main.o
    0x080012be   0x00000002   PAD
    0x080012c0   0x00000494   Code   RO          288    .text               setcan.o
    0x08001754   0x00000170   Code   RO          304    .text               setclock.o
    0x080018c4   0x00000170   Code   RO          316    .text               setsystick.o
    0x08001a34   0x000002b4   Code   RO          334    .text               setuart.o
    0x08001ce8   0x00000108   Code   RO          356    .text               system_error_status.o
    0x08001df0   0x00000064   Code   RO         2048    .text               c_w.l(rt_memcpy_w.o)
    0x08001e54   0x00000006   Code   RO         2050    .text               c_w.l(heapauxi.o)
    0x08001e5a   0x0000004a   Code   RO         2070    .text               c_w.l(sys_stackheap_outer.o)
    0x08001ea4   0x0000000c   Code   RO         2072    .text               c_w.l(exit.o)
    0x08001eb0   0x00000008   Code   RO         2080    .text               c_w.l(libspace.o)
    0x08001eb8   0x0000000c   Code   RO         2141    .text               c_w.l(sys_exit.o)
    0x08001ec4   0x00000002   Code   RO         2152    .text               c_w.l(use_no_semi.o)
    0x08001ec6   0x00000000   Code   RO         2154    .text               c_w.l(indicate_semi.o)
    0x08001ec6   0x00000012   Code   RO          495    i.ADC_Cmd           lib.lib(stm32f10x_adc.o)
    0x08001ed8   0x00000012   Code   RO          496    i.ADC_DMACmd        lib.lib(stm32f10x_adc.o)
    0x08001eea   0x00000010   Code   RO          503    i.ADC_GetCalibrationStatus  lib.lib(stm32f10x_adc.o)
    0x08001efa   0x00000010   Code   RO          509    i.ADC_GetResetCalibrationStatus  lib.lib(stm32f10x_adc.o)
    0x08001f0a   0x00000002   PAD
    0x08001f0c   0x00000050   Code   RO          513    i.ADC_Init          lib.lib(stm32f10x_adc.o)
    0x08001f5c   0x00000090   Code   RO          517    i.ADC_RegularChannelConfig  lib.lib(stm32f10x_adc.o)
    0x08001fec   0x0000000a   Code   RO          518    i.ADC_ResetCalibration  lib.lib(stm32f10x_adc.o)
    0x08001ff6   0x00000012   Code   RO          520    i.ADC_SoftwareStartConvCmd  lib.lib(stm32f10x_adc.o)
    0x08002008   0x0000000a   Code   RO          522    i.ADC_StartCalibration  lib.lib(stm32f10x_adc.o)
    0x08002012   0x00000002   PAD
    0x08002014   0x0000001c   Code   RO          524    i.ADC_TempSensorVrefintCmd  lib.lib(stm32f10x_adc.o)
    0x08002030   0x0000003a   Code   RO          715    i.CAN_DeInit        lib.lib(stm32f10x_can.o)
    0x0800206a   0x00000002   PAD
    0x0800206c   0x000000e4   Code   RO          717    i.CAN_FilterInit    lib.lib(stm32f10x_can.o)
    0x08002150   0x000000e8   Code   RO          719    i.CAN_GetITStatus   lib.lib(stm32f10x_can.o)
    0x08002238   0x00000010   Code   RO          720    i.CAN_ITConfig      lib.lib(stm32f10x_can.o)
    0x08002248   0x000000f4   Code   RO          721    i.CAN_Init          lib.lib(stm32f10x_can.o)
    0x0800233c   0x000000b2   Code   RO          723    i.CAN_Receive       lib.lib(stm32f10x_can.o)
    0x080023ee   0x00000020   Code   RO          726    i.CAN_StructInit    lib.lib(stm32f10x_can.o)
    0x0800240e   0x000000b8   Code   RO          727    i.CAN_Transmit      lib.lib(stm32f10x_can.o)
    0x080024c6   0x00000082   Code   RO          728    i.CAN_TransmitStatus  lib.lib(stm32f10x_can.o)
    0x08002548   0x00000012   Code   RO          833    i.DMA_Cmd           lib.lib(stm32f10x_dma.o)
    0x0800255a   0x00000002   PAD
    0x0800255c   0x00000108   Code   RO          834    i.DMA_DeInit        lib.lib(stm32f10x_dma.o)
    0x08002664   0x00000048   Code   RO          839    i.DMA_Init          lib.lib(stm32f10x_dma.o)
    0x080026ac   0x00000018   Code   RO          911    i.FLASH_PrefetchBufferCmd  lib.lib(stm32f10x_flash.o)
    0x080026c4   0x00000014   Code   RO          916    i.FLASH_SetLatency  lib.lib(stm32f10x_flash.o)
    0x080026d8   0x000000ca   Code   RO         1047    i.GPIO_Init         lib.lib(stm32f10x_gpio.o)
    0x080027a2   0x00000002   PAD
    0x080027a4   0x00000058   Code   RO         1049    i.GPIO_PinRemapConfig  lib.lib(stm32f10x_gpio.o)
    0x080027fc   0x0000000e   Code   RO         1053    i.GPIO_ReadOutputDataBit  lib.lib(stm32f10x_gpio.o)
    0x0800280a   0x00000004   Code   RO         1054    i.GPIO_ResetBits    lib.lib(stm32f10x_gpio.o)
    0x0800280e   0x00000004   Code   RO         1055    i.GPIO_SetBits      lib.lib(stm32f10x_gpio.o)
    0x08002812   0x00000010   Code   RO         1056    i.GPIO_StructInit   lib.lib(stm32f10x_gpio.o)
    0x08002822   0x0000006c   Code   RO          371    i.NVIC_Init         lib.lib(misc.o)
    0x0800288e   0x00000002   PAD
    0x08002890   0x00000014   Code   RO          372    i.NVIC_PriorityGroupConfig  lib.lib(misc.o)
    0x080028a4   0x00000014   Code   RO          373    i.NVIC_SetVectorTable  lib.lib(misc.o)
    0x080028b8   0x00000014   Code   RO         1155    i.RCC_ADCCLKConfig  lib.lib(stm32f10x_rcc.o)
    0x080028cc   0x00000018   Code   RO         1156    i.RCC_AHBPeriphClockCmd  lib.lib(stm32f10x_rcc.o)
    0x080028e4   0x00000018   Code   RO         1157    i.RCC_APB1PeriphClockCmd  lib.lib(stm32f10x_rcc.o)
    0x080028fc   0x00000018   Code   RO         1158    i.RCC_APB1PeriphResetCmd  lib.lib(stm32f10x_rcc.o)
    0x08002914   0x00000018   Code   RO         1159    i.RCC_APB2PeriphClockCmd  lib.lib(stm32f10x_rcc.o)
    0x0800292c   0x00000040   Code   RO         1166    i.RCC_DeInit        lib.lib(stm32f10x_rcc.o)
    0x0800296c   0x000000a4   Code   RO         1167    i.RCC_GetClocksFreq  lib.lib(stm32f10x_rcc.o)
    0x08002a10   0x00000030   Code   RO         1168    i.RCC_GetFlagStatus  lib.lib(stm32f10x_rcc.o)
    0x08002a40   0x00000010   Code   RO         1170    i.RCC_GetSYSCLKSource  lib.lib(stm32f10x_rcc.o)
    0x08002a50   0x00000014   Code   RO         1171    i.RCC_HCLKConfig    lib.lib(stm32f10x_rcc.o)
    0x08002a64   0x00000038   Code   RO         1172    i.RCC_HSEConfig     lib.lib(stm32f10x_rcc.o)
    0x08002a9c   0x0000000c   Code   RO         1173    i.RCC_HSICmd        lib.lib(stm32f10x_rcc.o)
    0x08002aa8   0x00000014   Code   RO         1178    i.RCC_PCLK1Config   lib.lib(stm32f10x_rcc.o)
    0x08002abc   0x00000014   Code   RO         1179    i.RCC_PCLK2Config   lib.lib(stm32f10x_rcc.o)
    0x08002ad0   0x0000000c   Code   RO         1180    i.RCC_PLLCmd        lib.lib(stm32f10x_rcc.o)
    0x08002adc   0x00000014   Code   RO         1181    i.RCC_PLLConfig     lib.lib(stm32f10x_rcc.o)
    0x08002af0   0x00000014   Code   RO         1184    i.RCC_SYSCLKConfig  lib.lib(stm32f10x_rcc.o)
    0x08002b04   0x00000034   Code   RO         1186    i.RCC_WaitForHSEStartUp  lib.lib(stm32f10x_rcc.o)
    0x08002b38   0x00000016   Code   RO          375    i.SysTick_CLKSourceConfig  lib.lib(misc.o)
    0x08002b4e   0x00000006   Code   RO         1361    i.TIM_ClearFlag     lib.lib(stm32f10x_tim.o)
    0x08002b54   0x00000016   Code   RO         1367    i.TIM_Cmd           lib.lib(stm32f10x_tim.o)
    0x08002b6a   0x0000001a   Code   RO         1388    i.TIM_GetITStatus   lib.lib(stm32f10x_tim.o)
    0x08002b84   0x00000010   Code   RO         1392    i.TIM_ITConfig      lib.lib(stm32f10x_tim.o)
    0x08002b94   0x0000003c   Code   RO         1438    i.TIM_TimeBaseInit  lib.lib(stm32f10x_tim.o)
    0x08002bd0   0x00000012   Code   RO         1882    i.USART_Cmd         lib.lib(stm32f10x_usart.o)
    0x08002be2   0x0000000e   Code   RO         1885    i.USART_GetFlagStatus  lib.lib(stm32f10x_usart.o)
    0x08002bf0   0x00000044   Code   RO         1886    i.USART_GetITStatus  lib.lib(stm32f10x_usart.o)
    0x08002c34   0x00000030   Code   RO         1888    i.USART_ITConfig    lib.lib(stm32f10x_usart.o)
    0x08002c64   0x00000090   Code   RO         1889    i.USART_Init        lib.lib(stm32f10x_usart.o)
    0x08002cf4   0x00000008   Code   RO         1894    i.USART_ReceiveData  lib.lib(stm32f10x_usart.o)
    0x08002cfc   0x00000008   Code   RO         1897    i.USART_SendData    lib.lib(stm32f10x_usart.o)
    0x08002d04   0x00000016   Code   RO         1903    i.USART_StructInit  lib.lib(stm32f10x_usart.o)
    0x08002d1a   0x00000002   PAD
    0x08002d1c   0x00000020   Data   RO         2206    Region$$Table       anon$$obj.o


    Execution Region RW_IRAM1 (Base: 0x20000000, Size: 0x00002688, Max: 0x00005000, ABSOLUTE)

    Base Addr    Size         Type   Attr      Idx    E Section Name        Object

    0x20000000   0x00000002   Data   RW          120    .data               ds18b20.o
    0x20000002   0x00000002   PAD
    0x20000004   0x0000001a   Data   RW          160    .data               user_main_maincontroller.o
    0x2000001e   0x00000002   PAD
    0x20000020   0x00000006   Data   RW          290    .data               setcan.o
    0x20000026   0x00000002   PAD
    0x20000028   0x0000000d   Data   RW          317    .data               setsystick.o
    0x20000035   0x00000003   PAD
    0x20000038   0x0000000c   Data   RW          335    .data               setuart.o
    0x20000044   0x00000005   Data   RW          357    .data               system_error_status.o
    0x20000049   0x00000014   Data   RW         1187    .data               lib.lib(stm32f10x_rcc.o)
    0x2000005d   0x00000003   PAD
    0x20000060   0x0000012c   Zero   RW            2    .bss                setadc.o
    0x2000018c   0x00000ea4   Zero   RW          159    .bss                user_main_maincontroller.o
    0x20001030   0x00000ff8   Zero   RW          289    .bss                setcan.o
    0x20002028   0x00000060   Zero   RW         2081    .bss                c_w.l(libspace.o)
    0x20002088   0x00000200   Zero   RW          219    HEAP                startup_stm32f10x_md.o
    0x20002288   0x00000400   Zero   RW          218    STACK               startup_stm32f10x_md.o


==============================================================================

Image component sizes


      Code (inc. data)   RO Data    RW Data    ZI Data      Debug   Object Name

       728          6          0          0          0       3129   cmdcoder.o
         0          0          0          0          0         32   core_cm3.o
       516          8          0          2          0       2583   ds18b20.o
       220          0          0          0          0       2679   fifo.o
       232          0          0          0          0       2935   fifo_void.o
        34          0          0          0          0       1915   main.o
       228          6          0          0          0       1212   navigation_box_led.o
       352         14          0          0        300     247360   setadc.o
      1172         74          0          6       4088       4412   setcan.o
       368          0          0          0          0        744   setclock.o
       852         14          0          0          0       1105   setgpio.o
       368         26          0         13          0       7113   setsystick.o
       292          6          0          0          0      17925   settimer.o
       692         26          0         12          0       3243   setuart.o
        56         22        236          0       1536        820   startup_stm32f10x_md.o
       264         26          0          5          0       1463   system_error_status.o
       896         82          0         26       3748       4323   user_main_maincontroller.o

    ----------------------------------------------------------------------
      7272        310        268         73       9672     302993   Object Totals
         0          0         32          0          0          0   (incl. Generated)
         2          0          0          9          0          0   (incl. Padding)

    ----------------------------------------------------------------------

      Code (inc. data)   RO Data    RW Data    ZI Data      Debug   Library Member Name

         8          0          0          0          0         68   __main.o
         0          0          0          0          0          0   __rtentry.o
        12          0          0          0          0          0   __rtentry2.o
         6          0          0          0          0          0   __rtentry4.o
        52          8          0          0          0          0   __scatter.o
        26          0          0          0          0          0   __scatter_copy.o
        28          0          0          0          0          0   __scatter_zi.o
        12          0          0          0          0         72   exit.o
         6          0          0          0          0        152   heapauxi.o
         0          0          0          0          0          0   indicate_semi.o
         2          0          0          0          0          0   libinit.o
         2          0          0          0          0          0   libinit2.o
         2          0          0          0          0          0   libshutdown.o
         2          0          0          0          0          0   libshutdown2.o
         8          4          0          0         96         68   libspace.o
       100          0          0          0          0         80   rt_memcpy_w.o
         2          0          0          0          0          0   rtexit.o
        10          0          0          0          0          0   rtexit2.o
        12          4          0          0          0         68   sys_exit.o
        74          0          0          0          0         80   sys_stackheap_outer.o
         2          0          0          0          0         68   use_no_semi.o
       170         10          0          0          0     269579   misc.o
       358         10          0          0          0       7440   stm32f10x_adc.o
      1302          6          0          0          0       9275   stm32f10x_can.o
       354         54          0          0          0       2786   stm32f10x_dma.o
        44         12          0          0          0        937   stm32f10x_flash.o
       328          4          0          0          0       4565   stm32f10x_gpio.o
       640        116          0         20          0      11483   stm32f10x_rcc.o
       130          0          0          0          0       6529   stm32f10x_tim.o
       330          4          0          0          0       5988   stm32f10x_usart.o

    ----------------------------------------------------------------------
      4040        232          0         23         96     319238   Library Totals
        18          0          0          3          0          0   (incl. Padding)

    ----------------------------------------------------------------------

      Code (inc. data)   RO Data    RW Data    ZI Data      Debug   Library Name

       366         16          0          0         96        656   c_w.l
      3656        216          0         20          0     318582   lib.lib

    ----------------------------------------------------------------------
      4040        232          0         23         96     319238   Library Totals

    ----------------------------------------------------------------------

==============================================================================


      Code (inc. data)   RO Data    RW Data    ZI Data      Debug   

     11312        542        268         96       9768     618031   Grand Totals
     11312        542        268         96       9768     618031   ELF Image Totals
     11312        542        268         96          0          0   ROM Totals

==============================================================================

    Total RO  Size (Code + RO Data)                11580 (  11.31kB)
    Total RW  Size (RW Data + ZI Data)              9864 (   9.63kB)
    Total ROM Size (Code + RO Data + RW Data)      11676 (  11.40kB)

==============================================================================

