Component: ARM Compiler 5.05 update 1 (build 106) Tool: armlink [4d0efa]

==============================================================================

Section Cross References

    main_stm32f103v_box.o(.text) refers to setuart.o(.text) for Uart_GetChar
    main_stm32f103v_box.o(.text) refers to setcan.o(.text) for Can1_Send_Ext
    main_stm32f103v_box.o(.text) refers to stm32f10x_rcc.o(i.RCC_APB2PeriphClockCmd) for RCC_APB2PeriphClockCmd
    main_stm32f103v_box.o(.text) refers to stm32f10x_gpio.o(i.GPIO_StructInit) for GPIO_StructInit
    main_stm32f103v_box.o(.text) refers to stm32f10x_gpio.o(i.GPIO_Init) for GPIO_Init
    main_stm32f103v_box.o(.text) refers to stm32f10x_gpio.o(i.GPIO_PinRemapConfig) for GPIO_PinRemapConfig
    main_stm32f103v_box.o(.text) refers to stm32f10x_gpio.o(i.GPIO_ResetBits) for GPIO_ResetBits
    main_stm32f103v_box.o(.text) refers to stm32f10x_gpio.o(i.GPIO_SetBits) for GPIO_SetBits
    main_stm32f103v_box.o(.text) refers to setclock.o(.text) for SetupPllClock
    main_stm32f103v_box.o(.text) refers to iap_jumper.o(.text) for Iap_Configure
    main_stm32f103v_box.o(.text) refers to slog.o(.text) for slog_init
    main_stm32f103v_box.o(.text) refers to setsystick.o(.text) for delay_us
    main_stm32f103v_box.o(.text) refers to main_stm32f103v_box.o(.bss) for Uart1
    main_stm32f103v_box.o(.text) refers to main_stm32f103v_box.o(.data) for led_status
    ds18b20.o(.text) refers to stm32f10x_gpio.o(i.GPIO_Init) for GPIO_Init
    ds18b20.o(.text) refers to setsystick.o(.text) for delay_us
    setadc.o(.text) refers to stm32f10x_rcc.o(i.RCC_APB2PeriphClockCmd) for RCC_APB2PeriphClockCmd
    setadc.o(.text) refers to stm32f10x_rcc.o(i.RCC_AHBPeriphClockCmd) for RCC_AHBPeriphClockCmd
    setadc.o(.text) refers to stm32f10x_adc.o(i.ADC_Init) for ADC_Init
    setadc.o(.text) refers to stm32f10x_adc.o(i.ADC_RegularChannelConfig) for ADC_RegularChannelConfig
    setadc.o(.text) refers to stm32f10x_adc.o(i.ADC_TempSensorVrefintCmd) for ADC_TempSensorVrefintCmd
    setadc.o(.text) refers to stm32f10x_adc.o(i.ADC_DMACmd) for ADC_DMACmd
    setadc.o(.text) refers to stm32f10x_adc.o(i.ADC_Cmd) for ADC_Cmd
    setadc.o(.text) refers to stm32f10x_adc.o(i.ADC_ResetCalibration) for ADC_ResetCalibration
    setadc.o(.text) refers to stm32f10x_adc.o(i.ADC_GetResetCalibrationStatus) for ADC_GetResetCalibrationStatus
    setadc.o(.text) refers to stm32f10x_adc.o(i.ADC_StartCalibration) for ADC_StartCalibration
    setadc.o(.text) refers to stm32f10x_adc.o(i.ADC_GetCalibrationStatus) for ADC_GetCalibrationStatus
    setadc.o(.text) refers to stm32f10x_adc.o(i.ADC_SoftwareStartConvCmd) for ADC_SoftwareStartConvCmd
    setadc.o(.text) refers to stm32f10x_dma.o(i.DMA_DeInit) for DMA_DeInit
    setadc.o(.text) refers to stm32f10x_dma.o(i.DMA_Init) for DMA_Init
    setadc.o(.text) refers to stm32f10x_dma.o(i.DMA_Cmd) for DMA_Cmd
    setadc.o(.text) refers to setadc.o(.bss) for ADCConvert
    settimer.o(.text) refers to stm32f10x_rcc.o(i.RCC_APB2PeriphClockCmd) for RCC_APB2PeriphClockCmd
    settimer.o(.text) refers to stm32f10x_rcc.o(i.RCC_APB1PeriphClockCmd) for RCC_APB1PeriphClockCmd
    settimer.o(.text) refers to misc.o(i.NVIC_PriorityGroupConfig) for NVIC_PriorityGroupConfig
    settimer.o(.text) refers to misc.o(i.NVIC_Init) for NVIC_Init
    settimer.o(.text) refers to stm32f10x_tim.o(i.TIM_TimeBaseInit) for TIM_TimeBaseInit
    settimer.o(.text) refers to stm32f10x_tim.o(i.TIM_ClearFlag) for TIM_ClearFlag
    settimer.o(.text) refers to stm32f10x_tim.o(i.TIM_ITConfig) for TIM_ITConfig
    settimer.o(.text) refers to stm32f10x_tim.o(i.TIM_Cmd) for TIM_Cmd
    settimer.o(.text) refers to stm32f10x_tim.o(i.TIM_GetITStatus) for TIM_GetITStatus
    setgpio.o(.text) refers to stm32f10x_rcc.o(i.RCC_APB2PeriphClockCmd) for RCC_APB2PeriphClockCmd
    setgpio.o(.text) refers to stm32f10x_gpio.o(i.GPIO_StructInit) for GPIO_StructInit
    setgpio.o(.text) refers to stm32f10x_gpio.o(i.GPIO_Init) for GPIO_Init
    setgpio.o(.text) refers to stm32f10x_gpio.o(i.GPIO_PinRemapConfig) for GPIO_PinRemapConfig
    gps.o(.text) refers to setuart.o(.text) for Uart_PutChar
    gps.o(.text) refers to setsystick.o(.text) for delay_us
    gps.o(.text) refers to navigation_box_led.o(.text) for Nbl_Led_toggle
    gps.o(.text) refers to gps.o(.data) for gps_uart
    gps.o(.text) refers to gps.o(.bss) for GPS_Command_Buffer
    hmc6343.o(.text) refers to setsystick.o(.text) for delay_us
    hmc6343.o(.text) refers to hmc6343.o(.data) for heading_msb
    navigation_box_led.o(.text) refers to stm32f10x_gpio.o(i.GPIO_ResetBits) for GPIO_ResetBits
    navigation_box_led.o(.text) refers to stm32f10x_gpio.o(i.GPIO_SetBits) for GPIO_SetBits
    navigation_box_led.o(.text) refers to stm32f10x_gpio.o(i.GPIO_ReadOutputDataBit) for GPIO_ReadOutputDataBit
    navigation_box_led.o(.text) refers to stm32f10x_gpio.o(i.GPIO_StructInit) for GPIO_StructInit
    navigation_box_led.o(.text) refers to stm32f10x_gpio.o(i.GPIO_Init) for GPIO_Init
[...]
    Removing stm32f10x_flash.o(i.FLASH_HalfCycleAccessCmd), (24 bytes).
    Removing stm32f10x_flash.o(i.FLASH_ITConfig), (24 bytes).
    Removing stm32f10x_flash.o(i.FLASH_ProgramHalfWord), (60 bytes).
    Removing stm32f10x_flash.o(i.FLASH_ProgramOptionByteData), (76 bytes).
    Removing stm32f10x_flash.o(i.FLASH_ReadOutProtection), (144 bytes).
    Removing stm32f10x_flash.o(i.FLASH_UserOptionByteConfig), (92 bytes).
    Removing stm32f10x_gpio.o(i.GPIO_AFIODeInit), (22 bytes).
    Removing stm32f10x_gpio.o(i.GPIO_DeInit), (216 bytes).
    Removing stm32f10x_gpio.o(i.GPIO_ETH_MediaInterfaceConfig), (12 bytes).
    Removing stm32f10x_gpio.o(i.GPIO_EXTILineConfig), (40 bytes).
    Removing stm32f10x_gpio.o(i.GPIO_EventOutputCmd), (12 bytes).
    Removing stm32f10x_gpio.o(i.GPIO_EventOutputConfig), (28 bytes).
    Removing stm32f10x_gpio.o(i.GPIO_PinLockConfig), (16 bytes).
    Removing stm32f10x_gpio.o(i.GPIO_ReadInputData), (6 bytes).
    Removing stm32f10x_gpio.o(i.GPIO_ReadInputDataBit), (14 bytes).
    Removing stm32f10x_gpio.o(i.GPIO_ReadOutputData), (6 bytes).
    Removing stm32f10x_gpio.o(i.GPIO_ReadOutputDataBit), (14 bytes).
    Removing stm32f10x_gpio.o(i.GPIO_Write), (4 bytes).
    Removing stm32f10x_gpio.o(i.GPIO_WriteBit), (10 bytes).
    Removing stm32f10x_rcc.o(i.RCC_APB2PeriphResetCmd), (24 bytes).
    Removing stm32f10x_rcc.o(i.RCC_AdjustHSICalibrationValue), (20 bytes).
    Removing stm32f10x_rcc.o(i.RCC_BackupResetCmd), (12 bytes).
    Removing stm32f10x_rcc.o(i.RCC_ClearFlag), (16 bytes).
    Removing stm32f10x_rcc.o(i.RCC_ClearITPendingBit), (12 bytes).
    Removing stm32f10x_rcc.o(i.RCC_ClockSecuritySystemCmd), (12 bytes).
    Removing stm32f10x_rcc.o(i.RCC_GetITStatus), (20 bytes).
    Removing stm32f10x_rcc.o(i.RCC_ITConfig), (24 bytes).
    Removing stm32f10x_rcc.o(i.RCC_LSEConfig), (36 bytes).
    Removing stm32f10x_rcc.o(i.RCC_LSICmd), (12 bytes).
    Removing stm32f10x_rcc.o(i.RCC_MCOConfig), (12 bytes).
    Removing stm32f10x_rcc.o(i.RCC_RTCCLKCmd), (12 bytes).
    Removing stm32f10x_rcc.o(i.RCC_RTCCLKConfig), (16 bytes).
    Removing stm32f10x_rcc.o(i.RCC_USBCLKConfig), (12 bytes).
    Removing stm32f10x_tim.o(i.TIM_ARRPreloadConfig), (22 bytes).
    Removing stm32f10x_tim.o(i.TIM_BDTRConfig), (44 bytes).
    Removing stm32f10x_tim.o(i.TIM_BDTRStructInit), (18 bytes).
    Removing stm32f10x_tim.o(i.TIM_CCPreloadControl), (18 bytes).
    Removing stm32f10x_tim.o(i.TIM_CCxCmd), (26 bytes).
    Removing stm32f10x_tim.o(i.TIM_CCxNCmd), (26 bytes).
    Removing stm32f10x_tim.o(i.TIM_ClearITPendingBit), (6 bytes).
    Removing stm32f10x_tim.o(i.TIM_ClearOC1Ref), (12 bytes).
    Removing stm32f10x_tim.o(i.TIM_ClearOC2Ref), (14 bytes).
    Removing stm32f10x_tim.o(i.TIM_ClearOC3Ref), (12 bytes).
    Removing stm32f10x_tim.o(i.TIM_ClearOC4Ref), (14 bytes).
    Removing stm32f10x_tim.o(i.TIM_CounterModeConfig), (16 bytes).
    Removing stm32f10x_tim.o(i.TIM_CtrlPWMOutputs), (22 bytes).
    Removing stm32f10x_tim.o(i.TIM_DMACmd), (16 bytes).
    Removing stm32f10x_tim.o(i.TIM_DMAConfig), (8 bytes).
    Removing stm32f10x_tim.o(i.TIM_DeInit), (244 bytes).
    Removing stm32f10x_tim.o(i.TIM_ETRClockMode1Config), (30 bytes).
    Removing stm32f10x_tim.o(i.TIM_ETRClockMode2Config), (30 bytes).
    Removing stm32f10x_tim.o(i.TIM_ETRConfig), (22 bytes).
    Removing stm32f10x_tim.o(i.TIM_EncoderInterfaceConfig), (54 bytes).
    Removing stm32f10x_tim.o(i.TIM_ForcedOC1Config), (12 bytes).
    Removing stm32f10x_tim.o(i.TIM_ForcedOC2Config), (14 bytes).
    Removing stm32f10x_tim.o(i.TIM_ForcedOC3Config), (12 bytes).
    Removing stm32f10x_tim.o(i.TIM_ForcedOC4Config), (14 bytes).
    Removing stm32f10x_tim.o(i.TIM_GenerateEvent), (4 bytes).
    Removing stm32f10x_tim.o(i.TIM_GetCapture1), (4 bytes).
    Removing stm32f10x_tim.o(i.TIM_GetCapture2), (4 bytes).
    Removing stm32f10x_tim.o(i.TIM_GetCapture3), (4 bytes).
    Removing stm32f10x_tim.o(i.TIM_GetCapture4), (6 bytes).
    Removing stm32f10x_tim.o(i.TIM_GetCounter), (4 bytes).
    Removing stm32f10x_tim.o(i.TIM_GetFlagStatus), (14 bytes).
    Removing stm32f10x_tim.o(i.TIM_GetPrescaler), (4 bytes).
    Removing stm32f10x_tim.o(i.TIM_ICInit), (260 bytes).
    Removing stm32f10x_tim.o(i.TIM_ICStructInit), (16 bytes).
    Removing stm32f10x_tim.o(i.TIM_ITRxExternalClockConfig), (20 bytes).
    Removing stm32f10x_tim.o(i.TIM_InternalClockConfig), (10 bytes).
    Removing stm32f10x_tim.o(i.TIM_OC1FastConfig), (12 bytes).
    Removing stm32f10x_tim.o(i.TIM_OC1Init), (108 bytes).
    Removing stm32f10x_tim.o(i.TIM_OC1NPolarityConfig), (12 bytes).
    Removing stm32f10x_tim.o(i.TIM_OC1PolarityConfig), (12 bytes).
    Removing stm32f10x_tim.o(i.TIM_OC1PreloadConfig), (12 bytes).
    Removing stm32f10x_tim.o(i.TIM_OC2FastConfig), (14 bytes).
    Removing stm32f10x_tim.o(i.TIM_OC2Init), (132 bytes).
    Removing stm32f10x_tim.o(i.TIM_OC2NPolarityConfig), (14 bytes).
    Removing stm32f10x_tim.o(i.TIM_OC2PolarityConfig), (14 bytes).
    Removing stm32f10x_tim.o(i.TIM_OC2PreloadConfig), (14 bytes).
    Removing stm32f10x_tim.o(i.TIM_OC3FastConfig), (12 bytes).
    Removing stm32f10x_tim.o(i.TIM_OC3Init), (128 bytes).
    Removing stm32f10x_tim.o(i.TIM_OC3NPolarityConfig), (14 bytes).
    Removing stm32f10x_tim.o(i.TIM_OC3PolarityConfig), (14 bytes).
    Removing stm32f10x_tim.o(i.TIM_OC3PreloadConfig), (12 bytes).
    Removing stm32f10x_tim.o(i.TIM_OC4FastConfig), (14 bytes).
    Removing stm32f10x_tim.o(i.TIM_OC4Init), (102 bytes).
    Removing stm32f10x_tim.o(i.TIM_OC4PolarityConfig), (14 bytes).
    Removing stm32f10x_tim.o(i.TIM_OC4PreloadConfig), (14 bytes).
    Removing stm32f10x_tim.o(i.TIM_OCStructInit), (20 bytes).
    Removing stm32f10x_tim.o(i.TIM_PWMIConfig), (286 bytes).
    Removing stm32f10x_tim.o(i.TIM_PrescalerConfig), (6 bytes).
    Removing stm32f10x_tim.o(i.TIM_SelectCCDMA), (18 bytes).
    Removing stm32f10x_tim.o(i.TIM_SelectCOM), (18 bytes).
    Removing stm32f10x_tim.o(i.TIM_SelectHallSensor), (18 bytes).
    Removing stm32f10x_tim.o(i.TIM_SelectInputTrigger), (12 bytes).
    Removing stm32f10x_tim.o(i.TIM_SelectMasterSlaveMode), (16 bytes).
    Removing stm32f10x_tim.o(i.TIM_SelectOCxM), (88 bytes).
    Removing stm32f10x_tim.o(i.TIM_SelectOnePulseMode), (20 bytes).
    Removing stm32f10x_tim.o(i.TIM_SelectOutputTrigger), (16 bytes).
    Removing stm32f10x_tim.o(i.TIM_SelectSlaveMode), (16 bytes).
    Removing stm32f10x_tim.o(i.TIM_SetAutoreload), (4 bytes).
    Removing stm32f10x_tim.o(i.TIM_SetClockDivision), (14 bytes).
    Removing stm32f10x_tim.o(i.TIM_SetCompare1), (4 bytes).
    Removing stm32f10x_tim.o(i.TIM_SetCompare2), (4 bytes).
    Removing stm32f10x_tim.o(i.TIM_SetCompare3), (4 bytes).
    Removing stm32f10x_tim.o(i.TIM_SetCompare4), (6 bytes).
    Removing stm32f10x_tim.o(i.TIM_SetCounter), (4 bytes).
    Removing stm32f10x_tim.o(i.TIM_SetIC1Prescaler), (16 bytes).
    Removing stm32f10x_tim.o(i.TIM_SetIC2Prescaler), (18 bytes).
    Removing stm32f10x_tim.o(i.TIM_SetIC3Prescaler), (16 bytes).
    Removing stm32f10x_tim.o(i.TIM_SetIC4Prescaler), (18 bytes).
    Removing stm32f10x_tim.o(i.TIM_TIxExternalClockConfig), (118 bytes).
    Removing stm32f10x_tim.o(i.TIM_TimeBaseStructInit), (18 bytes).
    Removing stm32f10x_tim.o(i.TIM_UpdateDisableConfig), (22 bytes).
    Removing stm32f10x_tim.o(i.TIM_UpdateRequestConfig), (22 bytes).
    Removing stm32f10x_usart.o(i.USART_ClearFlag), (6 bytes).
    Removing stm32f10x_usart.o(i.USART_ClearITPendingBit), (14 bytes).
    Removing stm32f10x_usart.o(i.USART_ClockInit), (36 bytes).
    Removing stm32f10x_usart.o(i.USART_ClockStructInit), (12 bytes).
    Removing stm32f10x_usart.o(i.USART_DMACmd), (16 bytes).
    Removing stm32f10x_usart.o(i.USART_DeInit), (164 bytes).
    Removing stm32f10x_usart.o(i.USART_HalfDuplexCmd), (18 bytes).
    Removing stm32f10x_usart.o(i.USART_IrDACmd), (18 bytes).
    Removing stm32f10x_usart.o(i.USART_IrDAConfig), (16 bytes).
    Removing stm32f10x_usart.o(i.USART_LINBreakDetectLengthConfig), (16 bytes).
    Removing stm32f10x_usart.o(i.USART_LINCmd), (18 bytes).
    Removing stm32f10x_usart.o(i.USART_ReceiverWakeUpCmd), (18 bytes).
    Removing stm32f10x_usart.o(i.USART_SendBreak), (10 bytes).
    Removing stm32f10x_usart.o(i.USART_SetAddress), (16 bytes).
    Removing stm32f10x_usart.o(i.USART_SetGuardTime), (16 bytes).
    Removing stm32f10x_usart.o(i.USART_SetPrescaler), (16 bytes).
    Removing stm32f10x_usart.o(i.USART_SmartCardCmd), (18 bytes).
    Removing stm32f10x_usart.o(i.USART_SmartCardNACKCmd), (18 bytes).
    Removing stm32f10x_usart.o(i.USART_WakeUpConfig), (16 bytes).

258 unused section(s) (total 178162 bytes) removed from the image.

==============================================================================

Image Symbol Table

    Local Symbols

    Symbol Name                              Value     Ov Type        Size  Object(Section)

    ../clib/angel/boardlib.s                 0x00000000   Number         0  boardinit3.o ABSOLUTE
    ../clib/angel/boardlib.s                 0x00000000   Number         0  boardshut.o ABSOLUTE
    ../clib/angel/boardlib.s                 0x00000000   Number         0  boardinit2.o ABSOLUTE
    ../clib/angel/boardlib.s                 0x00000000   Number         0  boardinit1.o ABSOLUTE
    ../clib/angel/handlers.s                 0x00000000   Number         0  __scatter_copy.o ABSOLUTE
    ../clib/angel/handlers.s                 0x00000000   Number         0  __scatter_zi.o ABSOLUTE
    ../clib/angel/kernel.s                   0x00000000   Number         0  __rtentry4.o ABSOLUTE
    ../clib/angel/kernel.s                   0x00000000   Number         0  __rtentry2.o ABSOLUTE
    ../clib/angel/kernel.s                   0x00000000   Number         0  rtexit.o ABSOLUTE
    ../clib/angel/kernel.s                   0x00000000   Number         0  __rtentry.o ABSOLUTE
    ../clib/angel/kernel.s                   0x00000000   Number         0  rtexit2.o ABSOLUTE
    ../clib/angel/rt.s                       0x00000000   Number         0  rt_raise.o ABSOLUTE
    ../clib/angel/scatter.s                  0x00000000   Number         0  __scatter.o ABSOLUTE
    ../clib/angel/startup.s                  0x00000000   Number         0  __main.o ABSOLUTE
    ../clib/angel/sys.s                      0x00000000   Number         0  libspace.o ABSOLUTE
    ../clib/angel/sys.s                      0x00000000   Number         0  use_no_semi.o ABSOLUTE
    ../clib/angel/sys.s                      0x00000000   Number         0  indicate_semi.o ABSOLUTE
    ../clib/angel/sys.s                      0x00000000   Number         0  sys_stackheap_outer.o ABSOLUTE
    ../clib/angel/sysapp.c                   0x00000000   Number         0  sys_exit.o ABSOLUTE
    ../clib/angel/sysapp.c                   0x00000000   Number         0  sys_command.o ABSOLUTE
    ../clib/angel/sysapp.c                   0x00000000   Number         0  sys_wrch.o ABSOLUTE
    ../clib/armsys.c                         0x00000000   Number         0  argv_veneer.o ABSOLUTE
    ../clib/armsys.c                         0x00000000   Number         0  argv_veneer.o ABSOLUTE
    ../clib/armsys.c                         0x00000000   Number         0  _get_argv_nomalloc.o ABSOLUTE
    ../clib/armsys.c                         0x00000000   Number         0  no_argv.o ABSOLUTE
    ../clib/heapalloc.c                      0x00000000   Number         0  hrguard.o ABSOLUTE
    ../clib/heapaux.c                        0x00000000   Number         0  heapauxi.o ABSOLUTE
    ../clib/libinit.s                        0x00000000   Number         0  libinit.o ABSOLUTE
    ../clib/libinit.s                        0x00000000   Number         0  libshutdown.o ABSOLUTE
    ../clib/libinit.s                        0x00000000   Number         0  libshutdown2.o ABSOLUTE
    ../clib/libinit.s                        0x00000000   Number         0  libinit2.o ABSOLUTE
    ../clib/memcpset.s                       0x00000000   Number         0  rt_memcpy_w.o ABSOLUTE
    ../clib/signal.c                         0x00000000   Number         0  defsig_rtred_inner.o ABSOLUTE
    ../clib/signal.c                         0x00000000   Number         0  defsig_fpe_inner.o ABSOLUTE
    ../clib/signal.c                         0x00000000   Number         0  defsig_abrt_inner.o ABSOLUTE
    ../clib/signal.c                         0x00000000   Number         0  defsig_general.o ABSOLUTE
    ../clib/signal.c                         0x00000000   Number         0  __raise.o ABSOLUTE
    ../clib/signal.c                         0x00000000   Number         0  defsig_rtmem_inner.o ABSOLUTE
    ../clib/signal.c                         0x00000000   Number         0  defsig_exit.o ABSOLUTE
    ../clib/signal.c                         0x00000000   Number         0  defsig_rtmem_formal.o ABSOLUTE
    ../clib/signal.c                         0x00000000   Number         0  defsig_rtmem_outer.o ABSOLUTE
    ../clib/signal.c                         0x00000000   Number         0  defsig_pvfn_inner.o ABSOLUTE
    ../clib/signal.c                         0x00000000   Number         0  defsig_other.o ABSOLUTE
    ../clib/signal.c                         0x00000000   Number         0  defsig_segv_inner.o ABSOLUTE
    ../clib/signal.c                         0x00000000   Number         0  defsig_cppl_inner.o ABSOLUTE
    ../clib/signal.c                         0x00000000   Number         0  defsig_stak_inner.o ABSOLUTE
    ../clib/signal.s                         0x00000000   Number         0  defsig.o ABSOLUTE
    ../clib/stdlib.c                         0x00000000   Number         0  exit.o ABSOLUTE
    ../fplib/fflt.s                          0x00000000   Number         0  fflt_clz.o ABSOLUTE
    ../fplib/fpinit.s                        0x00000000   Number         0  fpinit.o ABSOLUTE
    ../fplib/usenofp.s                       0x00000000   Number         0  usenofp.o ABSOLUTE
    Libraries\CMSIS\Core\CM3\core_cm3.c      0x00000000   Number         0  core_cm3.o ABSOLUTE
    Libraries\CMSIS\Core\CM3\startup\arm\startup_stm32f10x_md.s 0x00000000   Number         0  startup_stm32f10x_md.o ABSOLUTE
    Libraries\CMSIS\Core\CM3\system_stm32f10x.c 0x00000000   Number         0  system_stm32f10x.o ABSOLUTE
    Libraries\\CMSIS\\Core\\CM3\\core_cm3.c  0x00000000   Number         0  core_cm3.o ABSOLUTE
    board_m80_esc\ADC_config.c               0x00000000   Number         0  adc_config.o ABSOLUTE
    board_m80_esc\Rtu_485_Runtime.c          0x00000000   Number         0  rtu_485_runtime.o ABSOLUTE
    board_m80_esc\SetGPIO.c                  0x00000000   Number         0  setgpio_2.o ABSOLUTE
    board_m80_esc\esc_80_pump_pitch_control.c 0x00000000   Number         0  esc_80_pump_pitch_control.o ABSOLUTE
    board_m80_esc\esc_80_yaw_control.c       0x00000000   Number         0  esc_80_yaw_control.o ABSOLUTE
    board_m80_esc\esc_box_ke4_speed.c        0x00000000   Number         0  esc_box_ke4_speed.o ABSOLUTE
    board_m80_esc\esc_box_led.c              0x00000000   Number         0  esc_box_led.o ABSOLUTE
    board_m80_esc\esc_box_log.c              0x00000000   Number         0  esc_box_log.o ABSOLUTE
    board_m80_esc\esc_can_listener.c         0x00000000   Number         0  esc_can_listener.o ABSOLUTE
    board_m80_esc\esc_limit_alarm.c          0x00000000   Number         0  esc_limit_alarm.o ABSOLUTE
    board_m80_esc\main_esc_box.c             0x00000000   Number         0  main_esc_box.o ABSOLUTE
    board_mainController\ADXL345.c           0x00000000   Number         0  adxl345.o ABSOLUTE
    board_mainController\Ds18B20.c           0x00000000   Number         0  ds18b20.o ABSOLUTE
    board_mainController\SetADC.c            0x00000000   Number         0  setadc.o ABSOLUTE
    board_mainController\SetGPIO.c           0x00000000   Number         0  setgpio.o ABSOLUTE
    board_mainController\SetTimer.c          0x00000000   Number         0  settimer.o ABSOLUTE
    board_mainController\user_main_MainController.c 0x00000000   Number         0  user_main_maincontroller.o ABSOLUTE
    board_navigationBox\HMC6343.c            0x00000000   Number         0  hmc6343.o ABSOLUTE
    board_navigationBox\SetGPIO.c            0x00000000   Number         0  setgpio_1.o ABSOLUTE
    board_navigationBox\gps.c                0x00000000   Number         0  gps.o ABSOLUTE
    board_navigationBox\main_navigation_box.c 0x00000000   Number         0  main_navigation_box.o ABSOLUTE
    board_navigationBox\navigation_box_led.c 0x00000000   Number         0  navigation_box_led.o ABSOLUTE
    board_stm32f103v\main_stm32f103v_box.c   0x00000000   Number         0  main_stm32f103v_box.o ABSOLUTE
    dc.s                                     0x00000000   Number         0  dc.o ABSOLUTE
    misc\crc16.c                             0x00000000   Number         0  crc16.o ABSOLUTE
    misc\rtu_485.c                           0x00000000   Number         0  rtu_485.o ABSOLUTE
    src\misc.c                               0x00000000   Number         0  misc.o ABSOLUTE
    src\stm32f10x_adc.c                      0x00000000   Number         0  stm32f10x_adc.o ABSOLUTE
    src\stm32f10x_can.c                      0x00000000   Number         0  stm32f10x_can.o ABSOLUTE
    src\stm32f10x_dma.c                      0x00000000   Number         0  stm32f10x_dma.o ABSOLUTE
    src\stm32f10x_flash.c                    0x00000000   Number         0  stm32f10x_flash.o ABSOLUTE
    src\stm32f10x_gpio.c                     0x00000000   Number         0  stm32f10x_gpio.o ABSOLUTE
    src\stm32f10x_rcc.c                      0x00000000   Number         0  stm32f10x_rcc.o ABSOLUTE
    src\stm32f10x_tim.c                      0x00000000   Number         0  stm32f10x_tim.o ABSOLUTE
    src\stm32f10x_usart.c                    0x00000000   Number         0  stm32f10x_usart.o ABSOLUTE
    system\SetCAN.c                          0x00000000   Number         0  setcan.o ABSOLUTE
    system\SetClock.c                        0x00000000   Number         0  setclock.o ABSOLUTE
    system\SetSysTick.c                      0x00000000   Number         0  setsystick.o ABSOLUTE
    system\SetUART.c                         0x00000000   Number         0  setuart.o ABSOLUTE
    system\cmdcoder.c                        0x00000000   Number         0  cmdcoder.o ABSOLUTE
    system\fifo.c                            0x00000000   Number         0  fifo.o ABSOLUTE
    system\fifo_void.c                       0x00000000   Number         0  fifo_void.o ABSOLUTE
    system\iap_jumper.c                      0x00000000   Number         0  iap_jumper.o ABSOLUTE
    system\main.c                            0x00000000   Number         0  main.o ABSOLUTE
    system\slog.c                            0x00000000   Number         0  slog.o ABSOLUTE
    system\system_error_status.c             0x00000000   Number         0  system_error_status.o ABSOLUTE
    RESET                                    0x08000000   Section      236  startup_stm32f10x_md.o(RESET)
    !!!main                                  0x080000ec   Section        8  __main.o(!!!main)
    !!!scatter                               0x080000f4   Section       52  __scatter.o(!!!scatter)
    !!handler_copy                           0x08000128   Section       26  __scatter_copy.o(!!handler_copy)
    !!handler_zi                             0x08000144   Section       28  __scatter_zi.o(!!handler_zi)
    .ARM.Collect$$libinit$$00000000          0x08000160   Section        2  libinit.o(.ARM.Collect$$libinit$$00000000)
    .ARM.Collect$$libinit$$00000002          0x08000162   Section        0  libinit2.o(.ARM.Collect$$libinit$$00000002)
    .ARM.Collect$$libinit$$00000004          0x08000162   Section        0  libinit2.o(.ARM.Collect$$libinit$$00000004)
    .ARM.Collect$$libinit$$0000000A          0x08000162   Section        0  libinit2.o(.ARM.Collect$$libinit$$0000000A)
    .ARM.Collect$$libinit$$0000000C          0x08000162   Section        0  libinit2.o(.ARM.Collect$$libinit$$0000000C)
    .ARM.Collect$$libinit$$0000000E          0x08000162   Section        0  libinit2.o(.ARM.Collect$$libinit$$0000000E)
    .ARM.Collect$$libinit$$00000011          0x08000162   Section        0  libinit2.o(.ARM.Collect$$libinit$$00000011)
    .ARM.Collect$$libinit$$00000013          0x08000162   Section        0  libinit2.o(.ARM.Collect$$libinit$$00000013)
    .ARM.Collect$$libinit$$00000015          0x08000162   Section        0  libinit2.o(.ARM.Collect$$libinit$$00000015)
    .ARM.Collect$$libinit$$00000017          0x08000162   Section        0  libinit2.o(.ARM.Collect$$libinit$$00000017)
    .ARM.Collect$$libinit$$00000019          0x08000162   Section        0  libinit2.o(.ARM.Collect$$libinit$$00000019)
    .ARM.Collect$$libinit$$0000001B          0x08000162   Section        0  libinit2.o(.ARM.Collect$$libinit$$0000001B)
    .ARM.Collect$$libinit$$0000001D          0x08000162   Section        0  libinit2.o(.ARM.Collect$$libinit$$0000001D)
    .ARM.Collect$$libinit$$0000001F          0x08000162   Section        0  libinit2.o(.ARM.Collect$$libinit$$0000001F)
    .ARM.Collect$$libinit$$00000021          0x08000162   Section        0  libinit2.o(.ARM.Collect$$libinit$$00000021)
    .ARM.Collect$$libinit$$00000023          0x08000162   Section        0  libinit2.o(.ARM.Collect$$libinit$$00000023)
    .ARM.Collect$$libinit$$00000025          0x08000162   Section        0  libinit2.o(.ARM.Collect$$libinit$$00000025)
    .ARM.Collect$$libinit$$0000002C          0x08000162   Section        0  libinit2.o(.ARM.Collect$$libinit$$0000002C)
    .ARM.Collect$$libinit$$0000002E          0x08000162   Section        0  libinit2.o(.ARM.Collect$$libinit$$0000002E)
    .ARM.Collect$$libinit$$00000030          0x08000162   Section        0  libinit2.o(.ARM.Collect$$libinit$$00000030)
    .ARM.Collect$$libinit$$00000032          0x08000162   Section        0  libinit2.o(.ARM.Collect$$libinit$$00000032)
    .ARM.Collect$$libinit$$00000033          0x08000162   Section        2  libinit2.o(.ARM.Collect$$libinit$$00000033)
    .ARM.Collect$$libshutdown$$00000000      0x08000164   Section        2  libshutdown.o(.ARM.Collect$$libshutdown$$00000000)
    .ARM.Collect$$libshutdown$$00000003      0x08000166   Section        0  libshutdown2.o(.ARM.Collect$$libshutdown$$00000003)
    .ARM.Collect$$libshutdown$$00000006      0x08000166   Section        0  libshutdown2.o(.ARM.Collect$$libshutdown$$00000006)
    .ARM.Collect$$libshutdown$$00000009      0x08000166   Section        0  libshutdown2.o(.ARM.Collect$$libshutdown$$00000009)
    .ARM.Collect$$libshutdown$$0000000B      0x08000166   Section        0  libshutdown2.o(.ARM.Collect$$libshutdown$$0000000B)
    .ARM.Collect$$libshutdown$$0000000E      0x08000166   Section        0  libshutdown2.o(.ARM.Collect$$libshutdown$$0000000E)
    .ARM.Collect$$libshutdown$$0000000F      0x08000166   Section        2  libshutdown2.o(.ARM.Collect$$libshutdown$$0000000F)
    .ARM.Collect$$rtentry$$00000000          0x08000168   Section        0  __rtentry.o(.ARM.Collect$$rtentry$$00000000)
    .ARM.Collect$$rtentry$$00000002          0x08000168   Section        0  __rtentry2.o(.ARM.Collect$$rtentry$$00000002)
    .ARM.Collect$$rtentry$$00000004          0x08000168   Section        6  __rtentry4.o(.ARM.Collect$$rtentry$$00000004)
    .ARM.Collect$$rtentry$$00000009          0x0800016e   Section        0  __rtentry2.o(.ARM.Collect$$rtentry$$00000009)
    .ARM.Collect$$rtentry$$0000000A          0x0800016e   Section        4  __rtentry2.o(.ARM.Collect$$rtentry$$0000000A)
    .ARM.Collect$$rtentry$$0000000C          0x08000172   Section        0  __rtentry2.o(.ARM.Collect$$rtentry$$0000000C)
    .ARM.Collect$$rtentry$$0000000D          0x08000172   Section        8  __rtentry2.o(.ARM.Collect$$rtentry$$0000000D)
    .ARM.Collect$$rtexit$$00000000           0x0800017a   Section        2  rtexit.o(.ARM.Collect$$rtexit$$00000000)
    .ARM.Collect$$rtexit$$00000002           0x0800017c   Section        0  rtexit2.o(.ARM.Collect$$rtexit$$00000002)
    .ARM.Collect$$rtexit$$00000003           0x0800017c   Section        4  rtexit2.o(.ARM.Collect$$rtexit$$00000003)
    .ARM.Collect$$rtexit$$00000004           0x08000180   Section        6  rtexit2.o(.ARM.Collect$$rtexit$$00000004)
    .emb_text                                0x08000188   Section       32  core_cm3.o(.emb_text)
    .text                                    0x080001a8   Section        0  main_stm32f103v_box.o(.text)
    .text                                    0x080003c0   Section        0  settimer.o(.text)
    .text                                    0x080004e4   Section        0  adc_config.o(.text)
    .text                                    0x0800070c   Section        0  cmdcoder.o(.text)
    encode_variable_len                      0x0800070d   Thumb Code    48  cmdcoder.o(.text)
    .text                                    0x08000a34   Section        0  fifo.o(.text)
    .text                                    0x08000b10   Section        0  fifo_void.o(.text)
    .text                                    0x08000bf8   Section        0  main.o(.text)
    .text                                    0x08000c10   Section        0  setcan.o(.text)
    .text                                    0x0800118c   Section        0  setclock.o(.text)
    .text                                    0x080012e8   Section        0  setsystick.o(.text)
    .text                                    0x08001478   Section        0  setuart.o(.text)
    .text                                    0x08001760   Section        0  system_error_status.o(.text)
    .text                                    0x08001868   Section        0  iap_jumper.o(.text)
    .text                                    0x080019d8   Section        0  slog.o(.text)
    .text                                    0x08001aa4   Section       56  startup_stm32f10x_md.o(.text)
    .text                                    0x08001adc   Section      100  rt_memcpy_w.o(.text)
    .text                                    0x08001b40   Section        0  heapauxi.o(.text)
    .text                                    0x08001b46   Section       74  sys_stackheap_outer.o(.text)
    .text                                    0x08001b90   Section        0  exit.o(.text)
    .text                                    0x08001b9c   Section        8  libspace.o(.text)
    .text                                    0x08001ba4   Section        0  sys_exit.o(.text)
    .text                                    0x08001bb0   Section        2  use_no_semi.o(.text)
    .text                                    0x08001bb2   Section        0  indicate_semi.o(.text)
    i.ADC_Cmd                                0x08001bb2   Section        0  stm32f10x_adc.o(i.ADC_Cmd)
    i.ADC_DMACmd                             0x08001bc4   Section        0  stm32f10x_adc.o(i.ADC_DMACmd)
    i.ADC_GetCalibrationStatus               0x08001bd6   Section        0  stm32f10x_adc.o(i.ADC_GetCalibrationStatus)
    i.ADC_GetResetCalibrationStatus          0x08001be6   Section        0  stm32f10x_adc.o(i.ADC_GetResetCalibrationStatus)
    i.ADC_Init                               0x08001bf8   Section        0  stm32f10x_adc.o(i.ADC_Init)
    i.ADC_RegularChannelConfig               0x08001c48   Section        0  stm32f10x_adc.o(i.ADC_RegularChannelConfig)
    i.ADC_ResetCalibration                   0x08001cd8   Section        0  stm32f10x_adc.o(i.ADC_ResetCalibration)
    i.ADC_SoftwareStartConvCmd               0x08001ce2   Section        0  stm32f10x_adc.o(i.ADC_SoftwareStartConvCmd)
    i.ADC_StartCalibration                   0x08001cf4   Section        0  stm32f10x_adc.o(i.ADC_StartCalibration)
    i.CAN_DeInit                             0x08001cfe   Section        0  stm32f10x_can.o(i.CAN_DeInit)
    i.CAN_FilterInit                         0x08001d38   Section        0  stm32f10x_can.o(i.CAN_FilterInit)
    i.CAN_GetITStatus                        0x08001e1c   Section        0  stm32f10x_can.o(i.CAN_GetITStatus)
    i.CAN_ITConfig                           0x08001f04   Section        0  stm32f10x_can.o(i.CAN_ITConfig)
    i.CAN_Init                               0x08001f14   Section        0  stm32f10x_can.o(i.CAN_Init)
    i.CAN_Receive                            0x08002008   Section        0  stm32f10x_can.o(i.CAN_Receive)
    i.CAN_StructInit                         0x080020ba   Section        0  stm32f10x_can.o(i.CAN_StructInit)
    i.CAN_Transmit                           0x080020da   Section        0  stm32f10x_can.o(i.CAN_Transmit)
    i.CAN_TransmitStatus                     0x08002192   Section        0  stm32f10x_can.o(i.CAN_TransmitStatus)
    i.DMA_ClearITPendingBit                  0x08002214   Section        0  stm32f10x_dma.o(i.DMA_ClearITPendingBit)
    i.DMA_Cmd                                0x08002228   Section        0  stm32f10x_dma.o(i.DMA_Cmd)
    i.DMA_DeInit                             0x0800223c   Section        0  stm32f10x_dma.o(i.DMA_DeInit)
    i.DMA_GetITStatus                        0x08002344   Section        0  stm32f10x_dma.o(i.DMA_GetITStatus)
    i.DMA_ITConfig                           0x08002364   Section        0  stm32f10x_dma.o(i.DMA_ITConfig)
    i.DMA_Init                               0x08002374   Section        0  stm32f10x_dma.o(i.DMA_Init)
    i.FLASH_ClearFlag                        0x080023bc   Section        0  stm32f10x_flash.o(i.FLASH_ClearFlag)
    i.FLASH_ErasePage                        0x080023c8   Section        0  stm32f10x_flash.o(i.FLASH_ErasePage)
    i.FLASH_Lock                             0x0800240c   Section        0  stm32f10x_flash.o(i.FLASH_Lock)
    i.FLASH_PrefetchBufferCmd                0x0800241c   Section        0  stm32f10x_flash.o(i.FLASH_PrefetchBufferCmd)
    i.FLASH_ProgramWord                      0x08002434   Section        0  stm32f10x_flash.o(i.FLASH_ProgramWord)
    i.FLASH_SetLatency                       0x08002484   Section        0  stm32f10x_flash.o(i.FLASH_SetLatency)
    i.FLASH_Unlock                           0x08002498   Section        0  stm32f10x_flash.o(i.FLASH_Unlock)
    i.FLASH_WaitForLastOperation             0x080024b0   Section        0  stm32f10x_flash.o(i.FLASH_WaitForLastOperation)
    i.GPIO_Init                              0x0800251c   Section        0  stm32f10x_gpio.o(i.GPIO_Init)
    i.GPIO_PinRemapConfig                    0x080025e8   Section        0  stm32f10x_gpio.o(i.GPIO_PinRemapConfig)
    i.GPIO_ResetBits                         0x08002640   Section        0  stm32f10x_gpio.o(i.GPIO_ResetBits)
    i.GPIO_SetBits                           0x08002644   Section        0  stm32f10x_gpio.o(i.GPIO_SetBits)
    i.GPIO_StructInit                        0x08002648   Section        0  stm32f10x_gpio.o(i.GPIO_StructInit)
    i.NVIC_Init                              0x08002658   Section        0  misc.o(i.NVIC_Init)
    i.NVIC_PriorityGroupConfig               0x080026c4   Section        0  misc.o(i.NVIC_PriorityGroupConfig)
    i.NVIC_SetVectorTable                    0x080026d8   Section        0  misc.o(i.NVIC_SetVectorTable)
    i.RCC_ADCCLKConfig                       0x080026ec   Section        0  stm32f10x_rcc.o(i.RCC_ADCCLKConfig)
    i.RCC_AHBPeriphClockCmd                  0x08002700   Section        0  stm32f10x_rcc.o(i.RCC_AHBPeriphClockCmd)
    i.RCC_APB1PeriphClockCmd                 0x08002718   Section        0  stm32f10x_rcc.o(i.RCC_APB1PeriphClockCmd)
    i.RCC_APB1PeriphResetCmd                 0x08002730   Section        0  stm32f10x_rcc.o(i.RCC_APB1PeriphResetCmd)
    i.RCC_APB2PeriphClockCmd                 0x08002748   Section        0  stm32f10x_rcc.o(i.RCC_APB2PeriphClockCmd)
    i.RCC_DeInit                             0x08002760   Section        0  stm32f10x_rcc.o(i.RCC_DeInit)
    i.RCC_GetClocksFreq                      0x080027a0   Section        0  stm32f10x_rcc.o(i.RCC_GetClocksFreq)
    i.RCC_GetFlagStatus                      0x08002844   Section        0  stm32f10x_rcc.o(i.RCC_GetFlagStatus)
    i.RCC_GetSYSCLKSource                    0x08002874   Section        0  stm32f10x_rcc.o(i.RCC_GetSYSCLKSource)
    i.RCC_HCLKConfig                         0x08002884   Section        0  stm32f10x_rcc.o(i.RCC_HCLKConfig)
    i.RCC_HSEConfig                          0x08002898   Section        0  stm32f10x_rcc.o(i.RCC_HSEConfig)
    i.RCC_HSICmd                             0x080028d0   Section        0  stm32f10x_rcc.o(i.RCC_HSICmd)
    i.RCC_PCLK1Config                        0x080028dc   Section        0  stm32f10x_rcc.o(i.RCC_PCLK1Config)
    i.RCC_PCLK2Config                        0x080028f0   Section        0  stm32f10x_rcc.o(i.RCC_PCLK2Config)
    i.RCC_PLLCmd                             0x08002904   Section        0  stm32f10x_rcc.o(i.RCC_PLLCmd)
    i.RCC_PLLConfig                          0x08002910   Section        0  stm32f10x_rcc.o(i.RCC_PLLConfig)
    i.RCC_SYSCLKConfig                       0x08002924   Section        0  stm32f10x_rcc.o(i.RCC_SYSCLKConfig)
    i.RCC_WaitForHSEStartUp                  0x08002938   Section        0  stm32f10x_rcc.o(i.RCC_WaitForHSEStartUp)
    i.SysTick_CLKSourceConfig                0x0800296c   Section        0  misc.o(i.SysTick_CLKSourceConfig)
    i.TIM_ClearFlag                          0x08002982   Section        0  stm32f10x_tim.o(i.TIM_ClearFlag)
    i.TIM_Cmd                                0x08002988   Section        0  stm32f10x_tim.o(i.TIM_Cmd)
    i.TIM_GetITStatus                        0x0800299e   Section        0  stm32f10x_tim.o(i.TIM_GetITStatus)
    i.TIM_ITConfig                           0x080029b8   Section        0  stm32f10x_tim.o(i.TIM_ITConfig)
    i.TIM_TimeBaseInit                       0x080029c8   Section        0  stm32f10x_tim.o(i.TIM_TimeBaseInit)
    i.USART_Cmd                              0x08002a04   Section        0  stm32f10x_usart.o(i.USART_Cmd)
    i.USART_GetFlagStatus                    0x08002a16   Section        0  stm32f10x_usart.o(i.USART_GetFlagStatus)
    i.USART_GetITStatus                      0x08002a24   Section        0  stm32f10x_usart.o(i.USART_GetITStatus)
    i.USART_ITConfig                         0x08002a68   Section        0  stm32f10x_usart.o(i.USART_ITConfig)
    i.USART_Init                             0x08002a98   Section        0  stm32f10x_usart.o(i.USART_Init)
    i.USART_ReceiveData                      0x08002b28   Section        0  stm32f10x_usart.o(i.USART_ReceiveData)
    i.USART_SendData                         0x08002b30   Section        0  stm32f10x_usart.o(i.USART_SendData)
    i.USART_StructInit                       0x08002b38   Section        0  stm32f10x_usart.o(i.USART_StructInit)
    .data                                    0x20000000   Section        4  main_stm32f103v_box.o(.data)
    led_status                               0x20000000   Data           4  main_stm32f103v_box.o(.data)
    .data                                    0x20000004   Section        4  adc_config.o(.data)
    .data                                    0x20000008   Section        6  setcan.o(.data)
    .data                                    0x20000010   Section        4  setclock.o(.data)
    .data                                    0x20000014   Section       13  setsystick.o(.data)
    .data                                    0x20000024   Section       12  setuart.o(.data)
    .data                                    0x20000030   Section        5  system_error_status.o(.data)
    .data                                    0x20000038   Section        4  iap_jumper.o(.data)
    .data                                    0x2000003c   Section        4  slog.o(.data)
    .data                                    0x20000040   Section       20  stm32f10x_rcc.o(.data)
    ADCPrescTable                            0x20000040   Data           4  stm32f10x_rcc.o(.data)
    APBAHBPrescTable                         0x20000044   Data          16  stm32f10x_rcc.o(.data)
    .bss                                     0x20000054   Section     3280  main_stm32f103v_box.o(.bss)
    .bss                                     0x20000d24   Section      180  adc_config.o(.bss)
    escADCConvert                            0x20000d24   Data         180  adc_config.o(.bss)
    .bss                                     0x20000dd8   Section     4088  setcan.o(.bss)
    .bss                                     0x20001dd0   Section      296  iap_jumper.o(.bss)
    aip_decoder                              0x20001dd0   Data         148  iap_jumper.o(.bss)
    .bss                                     0x20001ef8   Section       96  libspace.o(.bss)
    HEAP                                     0x20001f58   Section      512  startup_stm32f10x_md.o(HEAP)
    Heap_Mem                                 0x20001f58   Data         512  startup_stm32f10x_md.o(HEAP)
    STACK                                    0x20002158   Section     1024  startup_stm32f10x_md.o(STACK)
    Stack_Mem                                0x20002158   Data        1024  startup_stm32f10x_md.o(STACK)
    __initial_sp                             0x20002558   Data           0  startup_stm32f10x_md.o(STACK)

    Global Symbols

    Symbol Name                              Value     Ov Type        Size  Object(Section)

    BuildAttributes$$THM_ISAv4$P$D$K$B$S$PE$A:L22UL41UL21$X:L11$S22US41US21$IEEE1$IW$USESV6$~STKCKD$USESV7$~SHL$OTIME$ROPI$EBA8$UX$STANDARDLIB$REQ8$PRES8$EABIv2 0x00000000   Number         0  anon$$obj.o ABSOLUTE
    __ARM_use_no_argv                        0x00000000   Number         0  main.o ABSOLUTE
    __ARM_exceptions_init                     - Undefined Weak Reference
    __alloca_initialize                       - Undefined Weak Reference
    __arm_preinit_                            - Undefined Weak Reference
    __cpp_initialize__aeabi_                  - Undefined Weak Reference
    __cxa_finalize                            - Undefined Weak Reference
    __rt_locale                               - Undefined Weak Reference
    __sigvec_lookup                           - Undefined Weak Reference
    _atexit_init                              - Undefined Weak Reference
    _call_atexit_fns                          - Undefined Weak Reference
    _clock_init                               - Undefined Weak Reference
    _fp_trap_init                             - Undefined Weak Reference
    _fp_trap_shutdown                         - Undefined Weak Reference
    _get_lc_collate                           - Undefined Weak Reference
    _get_lc_ctype                             - Undefined Weak Reference
    _get_lc_monetary                          - Undefined Weak Reference
    _get_lc_numeric                           - Undefined Weak Reference
    _get_lc_time                              - Undefined Weak Reference
    _getenv_init                              - Undefined Weak Reference
    _handle_redirection                       - Undefined Weak Reference
    _init_alloc                               - Undefined Weak Reference
    _init_user_alloc                          - Undefined Weak Reference
    _initio                                   - Undefined Weak Reference
    _rand_init                                - Undefined Weak Reference
    _signal_finish                            - Undefined Weak Reference
    _signal_init                              - Undefined Weak Reference
    _terminate_alloc                          - Undefined Weak Reference
    _terminate_user_alloc                     - Undefined Weak Reference
    _terminateio                              - Undefined Weak Reference
    __Vectors_Size                           0x000000ec   Number         0  startup_stm32f10x_md.o ABSOLUTE
    __Vectors                                0x08000000   Data           4  startup_stm32f10x_md.o(RESET)
    __Vectors_End                            0x080000ec   Data           0  startup_stm32f10x_md.o(RESET)
    __main                                   0x080000ed   Thumb Code     8  __main.o(!!!main)
    __scatterload                            0x080000f5   Thumb Code     0  __scatter.o(!!!scatter)
    __scatterload_rt2                        0x080000f5   Thumb Code    44  __scatter.o(!!!scatter)
    __scatterload_rt2_thumb_only             0x080000f5   Thumb Code     0  __scatter.o(!!!scatter)
    __scatterload_null                       0x08000103   Thumb Code     0  __scatter.o(!!!scatter)
    __scatterload_copy                       0x08000129   Thumb Code    26  __scatter_copy.o(!!handler_copy)
    __scatterload_zeroinit                   0x08000145   Thumb Code    28  __scatter_zi.o(!!handler_zi)
    __rt_lib_init                            0x08000161   Thumb Code     0  libinit.o(.ARM.Collect$$libinit$$00000000)
    __rt_lib_init_alloca_1                   0x08000163   Thumb Code     0  libinit2.o(.ARM.Collect$$libinit$$0000002E)
    __rt_lib_init_argv_1                     0x08000163   Thumb Code     0  libinit2.o(.ARM.Collect$$libinit$$0000002C)
    __rt_lib_init_atexit_1                   0x08000163   Thumb Code     0  libinit2.o(.ARM.Collect$$libinit$$0000001B)
    __rt_lib_init_clock_1                    0x08000163   Thumb Code     0  libinit2.o(.ARM.Collect$$libinit$$00000021)
    __rt_lib_init_cpp_1                      0x08000163   Thumb Code     0  libinit2.o(.ARM.Collect$$libinit$$00000032)
    __rt_lib_init_exceptions_1               0x08000163   Thumb Code     0  libinit2.o(.ARM.Collect$$libinit$$00000030)
    __rt_lib_init_fp_1                       0x08000163   Thumb Code     0  libinit2.o(.ARM.Collect$$libinit$$00000002)
    __rt_lib_init_fp_trap_1                  0x08000163   Thumb Code     0  libinit2.o(.ARM.Collect$$libinit$$0000001F)
    __rt_lib_init_getenv_1                   0x08000163   Thumb Code     0  libinit2.o(.ARM.Collect$$libinit$$00000023)
    __rt_lib_init_heap_1                     0x08000163   Thumb Code     0  libinit2.o(.ARM.Collect$$libinit$$0000000A)
    __rt_lib_init_lc_collate_1               0x08000163   Thumb Code     0  libinit2.o(.ARM.Collect$$libinit$$00000011)
    __rt_lib_init_lc_ctype_1                 0x08000163   Thumb Code     0  libinit2.o(.ARM.Collect$$libinit$$00000013)
    __rt_lib_init_lc_monetary_1              0x08000163   Thumb Code     0  libinit2.o(.ARM.Collect$$libinit$$00000015)
    __rt_lib_init_lc_numeric_1               0x08000163   Thumb Code     0  libinit2.o(.ARM.Collect$$libinit$$00000017)
    __rt_lib_init_lc_time_1                  0x08000163   Thumb Code     0  libinit2.o(.ARM.Collect$$libinit$$00000019)
    __rt_lib_init_preinit_1                  0x08000163   Thumb Code     0  libinit2.o(.ARM.Collect$$libinit$$00000004)
    __rt_lib_init_rand_1                     0x08000163   Thumb Code     0  libinit2.o(.ARM.Collect$$libinit$$0000000E)
    __rt_lib_init_return                     0x08000163   Thumb Code     0  libinit2.o(.ARM.Collect$$libinit$$00000033)
    __rt_lib_init_signal_1                   0x08000163   Thumb Code     0  libinit2.o(.ARM.Collect$$libinit$$0000001D)
    __rt_lib_init_stdio_1                    0x08000163   Thumb Code     0  libinit2.o(.ARM.Collect$$libinit$$00000025)
    __rt_lib_init_user_alloc_1               0x08000163   Thumb Code     0  libinit2.o(.ARM.Collect$$libinit$$0000000C)
    __rt_lib_shutdown                        0x08000165   Thumb Code     0  libshutdown.o(.ARM.Collect$$libshutdown$$00000000)
    __rt_lib_shutdown_fp_trap_1              0x08000167   Thumb Code     0  libshutdown2.o(.ARM.Collect$$libshutdown$$00000006)
    __rt_lib_shutdown_heap_1                 0x08000167   Thumb Code     0  libshutdown2.o(.ARM.Collect$$libshutdown$$0000000E)
    __rt_lib_shutdown_return                 0x08000167   Thumb Code     0  libshutdown2.o(.ARM.Collect$$libshutdown$$0000000F)
    __rt_lib_shutdown_signal_1               0x08000167   Thumb Code     0  libshutdown2.o(.ARM.Collect$$libshutdown$$00000009)
    __rt_lib_shutdown_stdio_1                0x08000167   Thumb Code     0  libshutdown2.o(.ARM.Collect$$libshutdown$$00000003)
    __rt_lib_shutdown_user_alloc_1           0x08000167   Thumb Code     0  libshutdown2.o(.ARM.Collect$$libshutdown$$0000000B)
    __rt_entry                               0x08000169   Thumb Code     0  __rtentry.o(.ARM.Collect$$rtentry$$00000000)
    __rt_entry_presh_1                       0x08000169   Thumb Code     0  __rtentry2.o(.ARM.Collect$$rtentry$$00000002)
    __rt_entry_sh                            0x08000169   Thumb Code     0  __rtentry4.o(.ARM.Collect$$rtentry$$00000004)
    __rt_entry_li                            0x0800016f   Thumb Code     0  __rtentry2.o(.ARM.Collect$$rtentry$$0000000A)
    __rt_entry_postsh_1                      0x0800016f   Thumb Code     0  __rtentry2.o(.ARM.Collect$$rtentry$$00000009)
    __rt_entry_main                          0x08000173   Thumb Code     0  __rtentry2.o(.ARM.Collect$$rtentry$$0000000D)
    __rt_entry_postli_1                      0x08000173   Thumb Code     0  __rtentry2.o(.ARM.Collect$$rtentry$$0000000C)
    __rt_exit                                0x0800017b   Thumb Code     0  rtexit.o(.ARM.Collect$$rtexit$$00000000)
    __rt_exit_ls                             0x0800017d   Thumb Code     0  rtexit2.o(.ARM.Collect$$rtexit$$00000003)
    __rt_exit_prels_1                        0x0800017d   Thumb Code     0  rtexit2.o(.ARM.Collect$$rtexit$$00000002)
    __rt_exit_exit                           0x08000181   Thumb Code     0  rtexit2.o(.ARM.Collect$$rtexit$$00000004)
    __get_PSP                                0x08000189   Thumb Code     6  core_cm3.o(.emb_text)
    __set_PSP                                0x0800018f   Thumb Code     6  core_cm3.o(.emb_text)
    __get_MSP                                0x08000195   Thumb Code     6  core_cm3.o(.emb_text)
    __set_MSP                                0x0800019b   Thumb Code     6  core_cm3.o(.emb_text)
    __REV16                                  0x080001a1   Thumb Code     4  core_cm3.o(.emb_text)
    __REVSH                                  0x080001a5   Thumb Code     4  core_cm3.o(.emb_text)
    uart_echo_test                           0x080001a9   Thumb Code    28  main_stm32f103v_box.o(.text)
    test_can_send                            0x080001c5   Thumb Code    28  main_stm32f103v_box.o(.text)
    Stm32f103v_GPIO_Configuration            0x080001e1   Thumb Code   282  main_stm32f103v_box.o(.text)
    led_on                                   0x080002fb   Thumb Code    14  main_stm32f103v_box.o(.text)
    led_off                                  0x08000309   Thumb Code    14  main_stm32f103v_box.o(.text)
    main_setup                               0x08000317   Thumb Code    72  main_stm32f103v_box.o(.text)
    main_deinit                              0x0800035f   Thumb Code     2  main_stm32f103v_box.o(.text)
    main_loop                                0x08000361   Thumb Code    50  main_stm32f103v_box.o(.text)
    Timer_Configuration                      0x080003c1   Thumb Code   206  settimer.o(.text)
    TIM1_UP_IRQHandler                       0x0800048f   Thumb Code    40  settimer.o(.text)
    TIM2_IRQHandler                          0x080004b7   Thumb Code    40  settimer.o(.text)
    Esc_ADC_Configuration                    0x080004e5   Thumb Code   398  adc_config.o(.text)
    DMA1_Channel1_IRQHandler                 0x08000673   Thumb Code    30  adc_config.o(.text)
    Cali_Adc_Value                           0x08000691   Thumb Code    72  adc_config.o(.text)
    Get_Oil_Mass_Adc_value                   0x080006d9   Thumb Code    10  adc_config.o(.text)
    Get_ISA_Adc_value                        0x080006e3   Thumb Code    10  adc_config.o(.text)
    Get_PUMP_ANGLE_Adc_value                 0x080006ed   Thumb Code    10  adc_config.o(.text)
    cmdcoder_init                            0x0800073d   Thumb Code    30  cmdcoder.o(.text)
    cmdcoder_Parse_byte                      0x0800075b   Thumb Code   416  cmdcoder.o(.text)
    cmdcoder_encode_and_send                 0x080008fb   Thumb Code   244  cmdcoder.o(.text)
    cmdcoder_send_bytes                      0x080009ef   Thumb Code    70  cmdcoder.o(.text)
    fifo_init                                0x08000a35   Thumb Code    22  fifo.o(.text)
    fifo_avail                               0x08000a4b   Thumb Code     6  fifo.o(.text)
    fifo_free                                0x08000a51   Thumb Code    12  fifo.o(.text)
    fifo_enabled                             0x08000a5d   Thumb Code     6  fifo.o(.text)
    is_fifo_overflow                         0x08000a63   Thumb Code     6  fifo.o(.text)
    fifo_put                                 0x08000a69   Thumb Code    50  fifo.o(.text)
    fifo_recovery_put                        0x08000a9b   Thumb Code    68  fifo.o(.text)
    fifo_get                                 0x08000adf   Thumb Code    50  fifo.o(.text)
    fifo_void_init                           0x08000b11   Thumb Code    24  fifo_void.o(.text)
    fifo_void_avail                          0x08000b29   Thumb Code    24  fifo_void.o(.text)
    fifo_void_free                           0x08000b41   Thumb Code    18  fifo_void.o(.text)
    fifo_void_enabled                        0x08000b53   Thumb Code     6  fifo_void.o(.text)
    is_fifo_void_overflow                    0x08000b59   Thumb Code     6  fifo_void.o(.text)
    fifo_void_put                            0x08000b5f   Thumb Code    48  fifo_void.o(.text)
    fifo_void_recovery_put                   0x08000b8f   Thumb Code    60  fifo_void.o(.text)
    fifo_void_get                            0x08000bcb   Thumb Code    46  fifo_void.o(.text)
    main                                     0x08000bf9   Thumb Code    24  main.o(.text)
    can_rx_put_cb                            0x08000c11   Thumb Code    26  setcan.o(.text)
    can_rx_get_cb                            0x08000c2b   Thumb Code    26  setcan.o(.text)
    can_tx_put_cb                            0x08000c45   Thumb Code    26  setcan.o(.text)
    can_tx_get_cb                            0x08000c5f   Thumb Code    26  setcan.o(.text)
    Can1_Configuration_mask                  0x08000c79   Thumb Code   478  setcan.o(.text)
    Can1_Configuration_withRate              0x08000e57   Thumb Code    40  setcan.o(.text)
    Can1_Configuration                       0x08000e7f   Thumb Code    36  setcan.o(.text)
    Can1_Send_Message                        0x08000ea3   Thumb Code   126  setcan.o(.text)
    Can1_Send_Ext                            0x08000f21   Thumb Code   116  setcan.o(.text)
    Can1_Send                                0x08000f95   Thumb Code   132  setcan.o(.text)
    Can1_Get_CanRxMsg                        0x08001019   Thumb Code    58  setcan.o(.text)
    USB_LP_CAN1_RX0_IRQHandler               0x08001053   Thumb Code    54  setcan.o(.text)
    CAN1_RX1_IRQHandler                      0x08001089   Thumb Code    22  setcan.o(.text)
    USB_HP_CAN1_TX_IRQHandler                0x0800109f   Thumb Code   202  setcan.o(.text)
    configHisClock                           0x0800118d   Thumb Code   122  setclock.o(.text)
    SetupPllClock                            0x08001207   Thumb Code   204  setclock.o(.text)
    SysTick_Configuration                    0x080012e9   Thumb Code    90  setsystick.o(.text)
    SysTick_Deinit                           0x08001343   Thumb Code    28  setsystick.o(.text)
    SysTick_Handler                          0x0800135f   Thumb Code    28  setsystick.o(.text)
    Systick_Event                            0x0800137b   Thumb Code   102  setsystick.o(.text)
    delay_us                                 0x080013e1   Thumb Code    16  setsystick.o(.text)
    systick_time_start                       0x080013f1   Thumb Code    40  setsystick.o(.text)
    check_systick_time                       0x08001419   Thumb Code    66  setsystick.o(.text)
    get_system_ms                            0x0800145b   Thumb Code     6  setsystick.o(.text)
    Uart_Configuration                       0x08001479   Thumb Code   278  setuart.o(.text)
    Uart_DeInit                              0x0800158f   Thumb Code    38  setuart.o(.text)
    _uart_irq_function                       0x080015b5   Thumb Code   158  setuart.o(.text)
    USART1_IRQHandler                        0x08001653   Thumb Code    12  setuart.o(.text)
    USART2_IRQHandler                        0x0800165f   Thumb Code    12  setuart.o(.text)
    USART3_IRQHandler                        0x0800166b   Thumb Code    12  setuart.o(.text)
    Uart_GetChar                             0x08001677   Thumb Code    48  setuart.o(.text)
    Uart_PutChar                             0x080016a7   Thumb Code   102  setuart.o(.text)
    Uart_PutString                           0x0800170d   Thumb Code    26  setuart.o(.text)
    Uart_PutBytes                            0x08001727   Thumb Code    32  setuart.o(.text)
    system_error_init                        0x08001761   Thumb Code    10  system_error_status.o(.text)
    system_error_get                         0x0800176b   Thumb Code     4  system_error_status.o(.text)
    system_Error_Callback                    0x0800176f   Thumb Code   234  system_error_status.o(.text)
    get_iap_tag                              0x08001869   Thumb Code     6  iap_jumper.o(.text)
    set_iap_tag                              0x0800186f   Thumb Code   122  iap_jumper.o(.text)
    aipjumperEnodeCallback                   0x080018e9   Thumb Code    18  iap_jumper.o(.text)
    iap_jumper_answer_ack_false              0x080018fb   Thumb Code    38  iap_jumper.o(.text)
    jump_by_reset                            0x08001921   Thumb Code    30  iap_jumper.o(.text)
    jump_to_iap_program                      0x0800193f   Thumb Code    36  iap_jumper.o(.text)
    jump_iap                                 0x08001963   Thumb Code     4  iap_jumper.o(.text)
    iapUartReadCallBack                      0x08001967   Thumb Code    50  iap_jumper.o(.text)
    Iap_Configure                            0x08001999   Thumb Code    16  iap_jumper.o(.text)
    Iap_Jump                                 0x080019a9   Thumb Code    22  iap_jumper.o(.text)
    __print_uint                             0x080019d9   Thumb Code    86  slog.o(.text)
    is_enable                                0x08001a2f   Thumb Code    14  slog.o(.text)
    slog_string                              0x08001a3d   Thumb Code    26  slog.o(.text)
    slog_num                                 0x08001a57   Thumb Code    26  slog.o(.text)
    slog                                     0x08001a71   Thumb Code    36  slog.o(.text)
    slog_init                                0x08001a95   Thumb Code     6  slog.o(.text)
    Reset_Handler                            0x08001aa5   Thumb Code     4  startup_stm32f10x_md.o(.text)
    NMI_Handler                              0x08001aa9   Thumb Code     2  startup_stm32f10x_md.o(.text)
    HardFault_Handler                        0x08001aab   Thumb Code     2  startup_stm32f10x_md.o(.text)
    MemManage_Handler                        0x08001aad   Thumb Code     2  startup_stm32f10x_md.o(.text)
    BusFault_Handler                         0x08001aaf   Thumb Code     2  startup_stm32f10x_md.o(.text)
    UsageFault_Handler                       0x08001ab1   Thumb Code     2  startup_stm32f10x_md.o(.text)
    SVC_Handler                              0x08001ab3   Thumb Code     2  startup_stm32f10x_md.o(.text)
    DebugMon_Handler                         0x08001ab5   Thumb Code     2  startup_stm32f10x_md.o(.text)
    PendSV_Handler                           0x08001ab7   Thumb Code     2  startup_stm32f10x_md.o(.text)
    ADC1_2_IRQHandler                        0x08001abb   Thumb Code     0  startup_stm32f10x_md.o(.text)
    CAN1_SCE_IRQHandler                      0x08001abb   Thumb Code     0  startup_stm32f10x_md.o(.text)
    DMA1_Channel2_IRQHandler                 0x08001abb   Thumb Code     0  startup_stm32f10x_md.o(.text)
    DMA1_Channel3_IRQHandler                 0x08001abb   Thumb Code     0  startup_stm32f10x_md.o(.text)
    DMA1_Channel4_IRQHandler                 0x08001abb   Thumb Code     0  startup_stm32f10x_md.o(.text)
    DMA1_Channel5_IRQHandler                 0x08001abb   Thumb Code     0  startup_stm32f10x_md.o(.text)
    DMA1_Channel6_IRQHandler                 0x08001abb   Thumb Code     0  startup_stm32f10x_md.o(.text)
    DMA1_Channel7_IRQHandler                 0x08001abb   Thumb Code     0  startup_stm32f10x_md.o(.text)
    EXTI0_IRQHandler                         0x08001abb   Thumb Code     0  startup_stm32f10x_md.o(.text)
    EXTI15_10_IRQHandler                     0x08001abb   Thumb Code     0  startup_stm32f10x_md.o(.text)
    EXTI1_IRQHandler                         0x08001abb   Thumb Code     0  startup_stm32f10x_md.o(.text)
    EXTI2_IRQHandler                         0x08001abb   Thumb Code     0  startup_stm32f10x_md.o(.text)
    EXTI3_IRQHandler                         0x08001abb   Thumb Code     0  startup_stm32f10x_md.o(.text)
    EXTI4_IRQHandler                         0x08001abb   Thumb Code     0  startup_stm32f10x_md.o(.text)
    EXTI9_5_IRQHandler                       0x08001abb   Thumb Code     0  startup_stm32f10x_md.o(.text)
    FLASH_IRQHandler                         0x08001abb   Thumb Code     0  startup_stm32f10x_md.o(.text)
    I2C1_ER_IRQHandler                       0x08001abb   Thumb Code     0  startup_stm32f10x_md.o(.text)
    I2C1_EV_IRQHandler                       0x08001abb   Thumb Code     0  startup_stm32f10x_md.o(.text)
    I2C2_ER_IRQHandler                       0x08001abb   Thumb Code     0  startup_stm32f10x_md.o(.text)
    I2C2_EV_IRQHandler                       0x08001abb   Thumb Code     0  startup_stm32f10x_md.o(.text)
    PVD_IRQHandler                           0x08001abb   Thumb Code     0  startup_stm32f10x_md.o(.text)
    RCC_IRQHandler                           0x08001abb   Thumb Code     0  startup_stm32f10x_md.o(.text)
    RTCAlarm_IRQHandler                      0x08001abb   Thumb Code     0  startup_stm32f10x_md.o(.text)
    RTC_IRQHandler                           0x08001abb   Thumb Code     0  startup_stm32f10x_md.o(.text)
    SPI1_IRQHandler                          0x08001abb   Thumb Code     0  startup_stm32f10x_md.o(.text)
    SPI2_IRQHandler                          0x08001abb   Thumb Code     0  startup_stm32f10x_md.o(.text)
    TAMPER_IRQHandler                        0x08001abb   Thumb Code     0  startup_stm32f10x_md.o(.text)
    TIM1_BRK_IRQHandler                      0x08001abb   Thumb Code     0  startup_stm32f10x_md.o(.text)
    TIM1_CC_IRQHandler                       0x08001abb   Thumb Code     0  startup_stm32f10x_md.o(.text)
    TIM1_TRG_COM_IRQHandler                  0x08001abb   Thumb Code     0  startup_stm32f10x_md.o(.text)
    TIM3_IRQHandler                          0x08001abb   Thumb Code     0  startup_stm32f10x_md.o(.text)
    TIM4_IRQHandler                          0x08001abb   Thumb Code     0  startup_stm32f10x_md.o(.text)
    USBWakeUp_IRQHandler                     0x08001abb   Thumb Code     0  startup_stm32f10x_md.o(.text)
    WWDG_IRQHandler                          0x08001abb   Thumb Code     0  startup_stm32f10x_md.o(.text)
    __user_initial_stackheap                 0x08001abd   Thumb Code     0  startup_stm32f10x_md.o(.text)
    __aeabi_memcpy4                          0x08001add   Thumb Code     0  rt_memcpy_w.o(.text)
    __aeabi_memcpy8                          0x08001add   Thumb Code     0  rt_memcpy_w.o(.text)
    __rt_memcpy_w                            0x08001add   Thumb Code   100  rt_memcpy_w.o(.text)
    _memcpy_lastbytes_aligned                0x08001b25   Thumb Code     0  rt_memcpy_w.o(.text)
    __use_two_region_memory                  0x08001b41   Thumb Code     2  heapauxi.o(.text)
    __rt_heap_escrow$2region                 0x08001b43   Thumb Code     2  heapauxi.o(.text)
    __rt_heap_expand$2region                 0x08001b45   Thumb Code     2  heapauxi.o(.text)
    __user_setup_stackheap                   0x08001b47   Thumb Code    74  sys_stackheap_outer.o(.text)
    exit                                     0x08001b91   Thumb Code    12  exit.o(.text)
    __user_libspace                          0x08001b9d   Thumb Code     8  libspace.o(.text)
    __user_perproc_libspace                  0x08001b9d   Thumb Code     0  libspace.o(.text)
    __user_perthread_libspace                0x08001b9d   Thumb Code     0  libspace.o(.text)
    _sys_exit                                0x08001ba5   Thumb Code     8  sys_exit.o(.text)
    __I$use$semihosting                      0x08001bb1   Thumb Code     0  use_no_semi.o(.text)
    __use_no_semihosting_swi                 0x08001bb1   Thumb Code     2  use_no_semi.o(.text)
    ADC_Cmd                                  0x08001bb3   Thumb Code    18  stm32f10x_adc.o(i.ADC_Cmd)
    __semihosting_library_function           0x08001bb3   Thumb Code     0  indicate_semi.o(.text)
    ADC_DMACmd                               0x08001bc5   Thumb Code    18  stm32f10x_adc.o(i.ADC_DMACmd)
    ADC_GetCalibrationStatus                 0x08001bd7   Thumb Code    16  stm32f10x_adc.o(i.ADC_GetCalibrationStatus)
    ADC_GetResetCalibrationStatus            0x08001be7   Thumb Code    16  stm32f10x_adc.o(i.ADC_GetResetCalibrationStatus)
    ADC_Init                                 0x08001bf9   Thumb Code    74  stm32f10x_adc.o(i.ADC_Init)
    ADC_RegularChannelConfig                 0x08001c49   Thumb Code   144  stm32f10x_adc.o(i.ADC_RegularChannelConfig)
    ADC_ResetCalibration                     0x08001cd9   Thumb Code    10  stm32f10x_adc.o(i.ADC_ResetCalibration)
    ADC_SoftwareStartConvCmd                 0x08001ce3   Thumb Code    18  stm32f10x_adc.o(i.ADC_SoftwareStartConvCmd)
    ADC_StartCalibration                     0x08001cf5   Thumb Code    10  stm32f10x_adc.o(i.ADC_StartCalibration)
    CAN_DeInit                               0x08001cff   Thumb Code    58  stm32f10x_can.o(i.CAN_DeInit)
    CAN_FilterInit                           0x08001d39   Thumb Code   222  stm32f10x_can.o(i.CAN_FilterInit)
    CAN_GetITStatus                          0x08001e1d   Thumb Code   232  stm32f10x_can.o(i.CAN_GetITStatus)
    CAN_ITConfig                             0x08001f05   Thumb Code    16  stm32f10x_can.o(i.CAN_ITConfig)
    CAN_Init                                 0x08001f15   Thumb Code   244  stm32f10x_can.o(i.CAN_Init)
    CAN_Receive                              0x08002009   Thumb Code   178  stm32f10x_can.o(i.CAN_Receive)
    CAN_StructInit                           0x080020bb   Thumb Code    32  stm32f10x_can.o(i.CAN_StructInit)
    CAN_Transmit                             0x080020db   Thumb Code   184  stm32f10x_can.o(i.CAN_Transmit)
    CAN_TransmitStatus                       0x08002193   Thumb Code   130  stm32f10x_can.o(i.CAN_TransmitStatus)
    DMA_ClearITPendingBit                    0x08002215   Thumb Code    16  stm32f10x_dma.o(i.DMA_ClearITPendingBit)
    DMA_Cmd                                  0x08002229   Thumb Code    18  stm32f10x_dma.o(i.DMA_Cmd)
    DMA_DeInit                               0x0800223d   Thumb Code   210  stm32f10x_dma.o(i.DMA_DeInit)
    DMA_GetITStatus                          0x08002345   Thumb Code    26  stm32f10x_dma.o(i.DMA_GetITStatus)
    DMA_ITConfig                             0x08002365   Thumb Code    16  stm32f10x_dma.o(i.DMA_ITConfig)
    DMA_Init                                 0x08002375   Thumb Code    72  stm32f10x_dma.o(i.DMA_Init)
    FLASH_ClearFlag                          0x080023bd   Thumb Code     6  stm32f10x_flash.o(i.FLASH_ClearFlag)
    FLASH_ErasePage                          0x080023c9   Thumb Code    64  stm32f10x_flash.o(i.FLASH_ErasePage)
    FLASH_Lock                               0x0800240d   Thumb Code    12  stm32f10x_flash.o(i.FLASH_Lock)
    FLASH_PrefetchBufferCmd                  0x0800241d   Thumb Code    18  stm32f10x_flash.o(i.FLASH_PrefetchBufferCmd)
    FLASH_ProgramWord                        0x08002435   Thumb Code    74  stm32f10x_flash.o(i.FLASH_ProgramWord)
    FLASH_SetLatency                         0x08002485   Thumb Code    14  stm32f10x_flash.o(i.FLASH_SetLatency)
    FLASH_Unlock                             0x08002499   Thumb Code    12  stm32f10x_flash.o(i.FLASH_Unlock)
    FLASH_WaitForLastOperation               0x080024b1   Thumb Code   102  stm32f10x_flash.o(i.FLASH_WaitForLastOperation)
    GPIO_Init                                0x0800251d   Thumb Code   202  stm32f10x_gpio.o(i.GPIO_Init)
    GPIO_PinRemapConfig                      0x080025e9   Thumb Code    84  stm32f10x_gpio.o(i.GPIO_PinRemapConfig)
    GPIO_ResetBits                           0x08002641   Thumb Code     4  stm32f10x_gpio.o(i.GPIO_ResetBits)
    GPIO_SetBits                             0x08002645   Thumb Code     4  stm32f10x_gpio.o(i.GPIO_SetBits)
    GPIO_StructInit                          0x08002649   Thumb Code    16  stm32f10x_gpio.o(i.GPIO_StructInit)
    NVIC_Init                                0x08002659   Thumb Code   108  misc.o(i.NVIC_Init)
    NVIC_PriorityGroupConfig                 0x080026c5   Thumb Code    14  misc.o(i.NVIC_PriorityGroupConfig)
    NVIC_SetVectorTable                      0x080026d9   Thumb Code    16  misc.o(i.NVIC_SetVectorTable)
    RCC_ADCCLKConfig                         0x080026ed   Thumb Code    14  stm32f10x_rcc.o(i.RCC_ADCCLKConfig)
    RCC_AHBPeriphClockCmd                    0x08002701   Thumb Code    18  stm32f10x_rcc.o(i.RCC_AHBPeriphClockCmd)
    RCC_APB1PeriphClockCmd                   0x08002719   Thumb Code    18  stm32f10x_rcc.o(i.RCC_APB1PeriphClockCmd)
    RCC_APB1PeriphResetCmd                   0x08002731   Thumb Code    18  stm32f10x_rcc.o(i.RCC_APB1PeriphResetCmd)
    RCC_APB2PeriphClockCmd                   0x08002749   Thumb Code    18  stm32f10x_rcc.o(i.RCC_APB2PeriphClockCmd)
    RCC_DeInit                               0x08002761   Thumb Code    54  stm32f10x_rcc.o(i.RCC_DeInit)
    RCC_GetClocksFreq                        0x080027a1   Thumb Code   148  stm32f10x_rcc.o(i.RCC_GetClocksFreq)
    RCC_GetFlagStatus                        0x08002845   Thumb Code    42  stm32f10x_rcc.o(i.RCC_GetFlagStatus)
    RCC_GetSYSCLKSource                      0x08002875   Thumb Code    10  stm32f10x_rcc.o(i.RCC_GetSYSCLKSource)
    RCC_HCLKConfig                           0x08002885   Thumb Code    14  stm32f10x_rcc.o(i.RCC_HCLKConfig)
    RCC_HSEConfig                            0x08002899   Thumb Code    50  stm32f10x_rcc.o(i.RCC_HSEConfig)
    RCC_HSICmd                               0x080028d1   Thumb Code     6  stm32f10x_rcc.o(i.RCC_HSICmd)
    RCC_PCLK1Config                          0x080028dd   Thumb Code    14  stm32f10x_rcc.o(i.RCC_PCLK1Config)
    RCC_PCLK2Config                          0x080028f1   Thumb Code    16  stm32f10x_rcc.o(i.RCC_PCLK2Config)
    RCC_PLLCmd                               0x08002905   Thumb Code     6  stm32f10x_rcc.o(i.RCC_PLLCmd)
    RCC_PLLConfig                            0x08002911   Thumb Code    16  stm32f10x_rcc.o(i.RCC_PLLConfig)
    RCC_SYSCLKConfig                         0x08002925   Thumb Code    14  stm32f10x_rcc.o(i.RCC_SYSCLKConfig)
    RCC_WaitForHSEStartUp                    0x08002939   Thumb Code    48  stm32f10x_rcc.o(i.RCC_WaitForHSEStartUp)
    SysTick_CLKSourceConfig                  0x0800296d   Thumb Code    22  misc.o(i.SysTick_CLKSourceConfig)
    TIM_ClearFlag                            0x08002983   Thumb Code     6  stm32f10x_tim.o(i.TIM_ClearFlag)
    TIM_Cmd                                  0x08002989   Thumb Code    22  stm32f10x_tim.o(i.TIM_Cmd)
    TIM_GetITStatus                          0x0800299f   Thumb Code    26  stm32f10x_tim.o(i.TIM_GetITStatus)
    TIM_ITConfig                             0x080029b9   Thumb Code    16  stm32f10x_tim.o(i.TIM_ITConfig)
    TIM_TimeBaseInit                         0x080029c9   Thumb Code    60  stm32f10x_tim.o(i.TIM_TimeBaseInit)
    USART_Cmd                                0x08002a05   Thumb Code    18  stm32f10x_usart.o(i.USART_Cmd)
    USART_GetFlagStatus                      0x08002a17   Thumb Code    14  stm32f10x_usart.o(i.USART_GetFlagStatus)
    USART_GetITStatus                        0x08002a25   Thumb Code    68  stm32f10x_usart.o(i.USART_GetITStatus)
    USART_ITConfig                           0x08002a69   Thumb Code    48  stm32f10x_usart.o(i.USART_ITConfig)
    USART_Init                               0x08002a99   Thumb Code   140  stm32f10x_usart.o(i.USART_Init)
    USART_ReceiveData                        0x08002b29   Thumb Code     8  stm32f10x_usart.o(i.USART_ReceiveData)
    USART_SendData                           0x08002b31   Thumb Code     8  stm32f10x_usart.o(i.USART_SendData)
    USART_StructInit                         0x08002b39   Thumb Code    22  stm32f10x_usart.o(i.USART_StructInit)
    Region$$Table$$Base                      0x08002b50   Number         0  anon$$obj.o(Region$$Table)
    Region$$Table$$Limit                     0x08002b70   Number         0  anon$$obj.o(Region$$Table)
    adc_sample_irq_function                  0x20000004   Data           4  adc_config.o(.data)
    resend_count                             0x20000008   Data           4  setcan.o(.data)
    in_send_loop                             0x2000000c   Data           1  setcan.o(.data)
    TransmitMailbox                          0x2000000d   Data           1  setcan.o(.data)
    systemClk                                0x20000010   Data           4  setclock.o(.data)
    TimingDelay                              0x20000014   Data           4  setsystick.o(.data)
    systick_ms                               0x20000018   Data           4  setsystick.o(.data)
    systick_us                               0x2000001c   Data           4  setsystick.o(.data)
    systick_ms_overflow                      0x20000020   Data           1  setsystick.o(.data)
    uart1_p                                  0x20000024   Data           4  setuart.o(.data)
    uart2_p                                  0x20000028   Data           4  setuart.o(.data)
    uart3_p                                  0x2000002c   Data           4  setuart.o(.data)
    _system_error                            0x20000030   Data           5  system_error_status.o(.data)
    remoterUart                              0x20000038   Data           4  iap_jumper.o(.data)
    log_uart                                 0x2000003c   Data           4  slog.o(.data)
    Uart1                                    0x20000054   Data        1080  main_stm32f103v_box.o(.bss)
    Uart2                                    0x2000048c   Data        1080  main_stm32f103v_box.o(.bss)
    Uart3                                    0x200008c4   Data        1080  main_stm32f103v_box.o(.bss)
    rxmsg                                    0x20000cfc   Data          20  main_stm32f103v_box.o(.bss)
    txmsg                                    0x20000d10   Data          20  main_stm32f103v_box.o(.bss)
    RxMessage                                0x20000dd8   Data          20  setcan.o(.bss)
    TxMessage                                0x20000dec   Data          20  setcan.o(.bss)
    TxMessageArray                           0x20000e00   Data        2000  setcan.o(.bss)
    RxMessageArray                           0x200015d0   Data        2000  setcan.o(.bss)
    can1_tx_msg_fifo                         0x20001da0   Data          24  setcan.o(.bss)
    can1_rx_msg_fifo                         0x20001db8   Data          24  setcan.o(.bss)
    iapJumperEncoder                         0x20001e64   Data         148  iap_jumper.o(.bss)
    __libspace_start                         0x20001ef8   Data          96  libspace.o(.bss)
    __temporary_stack_top$libspace           0x20001f58   Data           0  libspace.o(.bss)



==============================================================================

Memory Map of the image

  Image Entry point : 0x080000ed

  Load Region LR_IROM1 (Base: 0x08000000, Size: 0x00002bc4, Max: 0x00010000, ABSOLUTE)

    Execution Region ER_IROM1 (Base: 0x08000000, Size: 0x00002b70, Max: 0x00010000, ABSOLUTE)

    Base Addr    Size         Type   Attr      Idx    E Section Name        Object

    0x08000000   0x000000ec   Data   RO          717    RESET               startup_stm32f10x_md.o
    0x080000ec   0x00000008   Code   RO         2403  * !!!main             c_w.l(__main.o)
    0x080000f4   0x00000034   Code   RO         2566    !!!scatter          c_w.l(__scatter.o)
    0x08000128   0x0000001a   Code   RO         2568    !!handler_copy      c_w.l(__scatter_copy.o)
    0x08000142   0x00000002   PAD
    0x08000144   0x0000001c   Code   RO         2570    !!handler_zi        c_w.l(__scatter_zi.o)
    0x08000160   0x00000002   Code   RO         2437    .ARM.Collect$$libinit$$00000000  c_w.l(libinit.o)
    0x08000162   0x00000000   Code   RO         2444    .ARM.Collect$$libinit$$00000002  c_w.l(libinit2.o)
    0x08000162   0x00000000   Code   RO         2446    .ARM.Collect$$libinit$$00000004  c_w.l(libinit2.o)
    0x08000162   0x00000000   Code   RO         2449    .ARM.Collect$$libinit$$0000000A  c_w.l(libinit2.o)
    0x08000162   0x00000000   Code   RO         2451    .ARM.Collect$$libinit$$0000000C  c_w.l(libinit2.o)
    0x08000162   0x00000000   Code   RO         2453    .ARM.Collect$$libinit$$0000000E  c_w.l(libinit2.o)
    0x08000162   0x00000000   Code   RO         2456    .ARM.Collect$$libinit$$00000011  c_w.l(libinit2.o)
    0x08000162   0x00000000   Code   RO         2458    .ARM.Collect$$libinit$$00000013  c_w.l(libinit2.o)
    0x08000162   0x00000000   Code   RO         2460    .ARM.Collect$$libinit$$00000015  c_w.l(libinit2.o)
    0x08000162   0x00000000   Code   RO         2462    .ARM.Collect$$libinit$$00000017  c_w.l(libinit2.o)
    0x08000162   0x00000000   Code   RO         2464    .ARM.Collect$$libinit$$00000019  c_w.l(libinit2.o)
    0x08000162   0x00000000   Code   RO         2466    .ARM.Collect$$libinit$$0000001B  c_w.l(libinit2.o)
    0x08000162   0x00000000   Code   RO         2468    .ARM.Collect$$libinit$$0000001D  c_w.l(libinit2.o)
    0x08000162   0x00000000   Code   RO         2470    .ARM.Collect$$libinit$$0000001F  c_w.l(libinit2.o)
    0x08000162   0x00000000   Code   RO         2472    .ARM.Collect$$libinit$$00000021  c_w.l(libinit2.o)
    0x08000162   0x00000000   Code   RO         2474    .ARM.Collect$$libinit$$00000023  c_w.l(libinit2.o)
    0x08000162   0x00000000   Code   RO         2476    .ARM.Collect$$libinit$$00000025  c_w.l(libinit2.o)
    0x08000162   0x00000000   Code   RO         2480    .ARM.Collect$$libinit$$0000002C  c_w.l(libinit2.o)
    0x08000162   0x00000000   Code   RO         2482    .ARM.Collect$$libinit$$0000002E  c_w.l(libinit2.o)
    0x08000162   0x00000000   Code   RO         2484    .ARM.Collect$$libinit$$00000030  c_w.l(libinit2.o)
    0x08000162   0x00000000   Code   RO         2486    .ARM.Collect$$libinit$$00000032  c_w.l(libinit2.o)
    0x08000162   0x00000002   Code   RO         2487    .ARM.Collect$$libinit$$00000033  c_w.l(libinit2.o)
    0x08000164   0x00000002   Code   RO         2507    .ARM.Collect$$libshutdown$$00000000  c_w.l(libshutdown.o)
    0x08000166   0x00000000   Code   RO         2521    .ARM.Collect$$libshutdown$$00000003  c_w.l(libshutdown2.o)
    0x08000166   0x00000000   Code   RO         2524    .ARM.Collect$$libshutdown$$00000006  c_w.l(libshutdown2.o)
    0x08000166   0x00000000   Code   RO         2527    .ARM.Collect$$libshutdown$$00000009  c_w.l(libshutdown2.o)
    0x08000166   0x00000000   Code   RO         2529    .ARM.Collect$$libshutdown$$0000000B  c_w.l(libshutdown2.o)
    0x08000166   0x00000000   Code   RO         2532    .ARM.Collect$$libshutdown$$0000000E  c_w.l(libshutdown2.o)
    0x08000166   0x00000002   Code   RO         2533    .ARM.Collect$$libshutdown$$0000000F  c_w.l(libshutdown2.o)
    0x08000168   0x00000000   Code   RO         2411    .ARM.Collect$$rtentry$$00000000  c_w.l(__rtentry.o)
    0x08000168   0x00000000   Code   RO         2414    .ARM.Collect$$rtentry$$00000002  c_w.l(__rtentry2.o)
    0x08000168   0x00000006   Code   RO         2426    .ARM.Collect$$rtentry$$00000004  c_w.l(__rtentry4.o)
    0x0800016e   0x00000000   Code   RO         2416    .ARM.Collect$$rtentry$$00000009  c_w.l(__rtentry2.o)
    0x0800016e   0x00000004   Code   RO         2417    .ARM.Collect$$rtentry$$0000000A  c_w.l(__rtentry2.o)
    0x08000172   0x00000000   Code   RO         2419    .ARM.Collect$$rtentry$$0000000C  c_w.l(__rtentry2.o)
    0x08000172   0x00000008   Code   RO         2420    .ARM.Collect$$rtentry$$0000000D  c_w.l(__rtentry2.o)
    0x0800017a   0x00000002   Code   RO         2441    .ARM.Collect$$rtexit$$00000000  c_w.l(rtexit.o)
    0x0800017c   0x00000000   Code   RO         2489    .ARM.Collect$$rtexit$$00000002  c_w.l(rtexit2.o)
    0x0800017c   0x00000004   Code   RO         2490    .ARM.Collect$$rtexit$$00000003  c_w.l(rtexit2.o)
    0x08000180   0x00000006   Code   RO         2491    .ARM.Collect$$rtexit$$00000004  c_w.l(rtexit2.o)
    0x08000186   0x00000002   PAD
    0x08000188   0x00000020   Code   RO          671    .emb_text           core_cm3.o
    0x080001a8   0x00000218   Code   RO            1    .text               main_stm32f103v_box.o
    0x080003c0   0x00000124   Code   RO          155    .text               settimer.o
    0x080004e4   0x00000228   Code   RO          290    .text               adc_config.o
    0x0800070c   0x00000328   Code   RO          472    .text               cmdcoder.o
    0x08000a34   0x000000dc   Code   RO          487    .text               fifo.o
    0x08000b10   0x000000e8   Code   RO          502    .text               fifo_void.o
    0x08000bf8   0x00000018   Code   RO          517    .text               main.o
    0x08000c10   0x0000057c   Code   RO          538    .text               setcan.o
    0x0800118c   0x0000015c   Code   RO          555    .text               setclock.o
    0x080012e8   0x00000190   Code   RO          577    .text               setsystick.o
    0x08001478   0x000002e8   Code   RO          596    .text               setuart.o
    0x08001760   0x00000108   Code   RO          619    .text               system_error_status.o
    0x08001868   0x00000170   Code   RO          635    .text               iap_jumper.o
    0x080019d8   0x000000cc   Code   RO          655    .text               slog.o
    0x08001aa4   0x00000038   Code   RO          718    .text               startup_stm32f10x_md.o
    0x08001adc   0x00000064   Code   RO         2399    .text               c_w.l(rt_memcpy_w.o)
    0x08001b40   0x00000006   Code   RO         2401    .text               c_w.l(heapauxi.o)
    0x08001b46   0x0000004a   Code   RO         2428    .text               c_w.l(sys_stackheap_outer.o)
    0x08001b90   0x0000000c   Code   RO         2430    .text               c_w.l(exit.o)
    0x08001b9c   0x00000008   Code   RO         2438    .text               c_w.l(libspace.o)
    0x08001ba4   0x0000000c   Code   RO         2499    .text               c_w.l(sys_exit.o)
    0x08001bb0   0x00000002   Code   RO         2510    .text               c_w.l(use_no_semi.o)
    0x08001bb2   0x00000000   Code   RO         2512    .text               c_w.l(indicate_semi.o)
    0x08001bb2   0x00000012   Code   RO          846    i.ADC_Cmd           lib.lib(stm32f10x_adc.o)
    0x08001bc4   0x00000012   Code   RO          847    i.ADC_DMACmd        lib.lib(stm32f10x_adc.o)
    0x08001bd6   0x00000010   Code   RO          854    i.ADC_GetCalibrationStatus  lib.lib(stm32f10x_adc.o)
    0x08001be6   0x00000010   Code   RO          860    i.ADC_GetResetCalibrationStatus  lib.lib(stm32f10x_adc.o)
    0x08001bf6   0x00000002   PAD
    0x08001bf8   0x00000050   Code   RO          864    i.ADC_Init          lib.lib(stm32f10x_adc.o)
    0x08001c48   0x00000090   Code   RO          868    i.ADC_RegularChannelConfig  lib.lib(stm32f10x_adc.o)
    0x08001cd8   0x0000000a   Code   RO          869    i.ADC_ResetCalibration  lib.lib(stm32f10x_adc.o)
    0x08001ce2   0x00000012   Code   RO          871    i.ADC_SoftwareStartConvCmd  lib.lib(stm32f10x_adc.o)
    0x08001cf4   0x0000000a   Code   RO          873    i.ADC_StartCalibration  lib.lib(stm32f10x_adc.o)
    0x08001cfe   0x0000003a   Code   RO         1066    i.CAN_DeInit        lib.lib(stm32f10x_can.o)
    0x08001d38   0x000000e4   Code   RO         1068    i.CAN_FilterInit    lib.lib(stm32f10x_can.o)
    0x08001e1c   0x000000e8   Code   RO         1070    i.CAN_GetITStatus   lib.lib(stm32f10x_can.o)
    0x08001f04   0x00000010   Code   RO         1071    i.CAN_ITConfig      lib.lib(stm32f10x_can.o)
    0x08001f14   0x000000f4   Code   RO         1072    i.CAN_Init          lib.lib(stm32f10x_can.o)
    0x08002008   0x000000b2   Code   RO         1074    i.CAN_Receive       lib.lib(stm32f10x_can.o)
    0x080020ba   0x00000020   Code   RO         1077    i.CAN_StructInit    lib.lib(stm32f10x_can.o)
    0x080020da   0x000000b8   Code   RO         1078    i.CAN_Transmit      lib.lib(stm32f10x_can.o)
    0x08002192   0x00000082   Code   RO         1079    i.CAN_TransmitStatus  lib.lib(stm32f10x_can.o)
    0x08002214   0x00000014   Code   RO         1183    i.DMA_ClearITPendingBit  lib.lib(stm32f10x_dma.o)
    0x08002228   0x00000012   Code   RO         1184    i.DMA_Cmd           lib.lib(stm32f10x_dma.o)
    0x0800223a   0x00000002   PAD
    0x0800223c   0x00000108   Code   RO         1185    i.DMA_DeInit        lib.lib(stm32f10x_dma.o)
    0x08002344   0x00000020   Code   RO         1188    i.DMA_GetITStatus   lib.lib(stm32f10x_dma.o)
    0x08002364   0x00000010   Code   RO         1189    i.DMA_ITConfig      lib.lib(stm32f10x_dma.o)
    0x08002374   0x00000048   Code   RO         1190    i.DMA_Init          lib.lib(stm32f10x_dma.o)
    0x080023bc   0x0000000c   Code   RO         1248    i.FLASH_ClearFlag   lib.lib(stm32f10x_flash.o)
    0x080023c8   0x00000044   Code   RO         1252    i.FLASH_ErasePage   lib.lib(stm32f10x_flash.o)
    0x0800240c   0x00000010   Code   RO         1261    i.FLASH_Lock        lib.lib(stm32f10x_flash.o)
    0x0800241c   0x00000018   Code   RO         1262    i.FLASH_PrefetchBufferCmd  lib.lib(stm32f10x_flash.o)
    0x08002434   0x00000050   Code   RO         1265    i.FLASH_ProgramWord  lib.lib(stm32f10x_flash.o)
    0x08002484   0x00000014   Code   RO         1267    i.FLASH_SetLatency  lib.lib(stm32f10x_flash.o)
    0x08002498   0x00000018   Code   RO         1268    i.FLASH_Unlock      lib.lib(stm32f10x_flash.o)
    0x080024b0   0x0000006c   Code   RO         1270    i.FLASH_WaitForLastOperation  lib.lib(stm32f10x_flash.o)
    0x0800251c   0x000000ca   Code   RO         1398    i.GPIO_Init         lib.lib(stm32f10x_gpio.o)
    0x080025e6   0x00000002   PAD
    0x080025e8   0x00000058   Code   RO         1400    i.GPIO_PinRemapConfig  lib.lib(stm32f10x_gpio.o)
    0x08002640   0x00000004   Code   RO         1405    i.GPIO_ResetBits    lib.lib(stm32f10x_gpio.o)
    0x08002644   0x00000004   Code   RO         1406    i.GPIO_SetBits      lib.lib(stm32f10x_gpio.o)
    0x08002648   0x00000010   Code   RO         1407    i.GPIO_StructInit   lib.lib(stm32f10x_gpio.o)
    0x08002658   0x0000006c   Code   RO          722    i.NVIC_Init         lib.lib(misc.o)
    0x080026c4   0x00000014   Code   RO          723    i.NVIC_PriorityGroupConfig  lib.lib(misc.o)
    0x080026d8   0x00000014   Code   RO          724    i.NVIC_SetVectorTable  lib.lib(misc.o)
    0x080026ec   0x00000014   Code   RO         1506    i.RCC_ADCCLKConfig  lib.lib(stm32f10x_rcc.o)
    0x08002700   0x00000018   Code   RO         1507    i.RCC_AHBPeriphClockCmd  lib.lib(stm32f10x_rcc.o)
    0x08002718   0x00000018   Code   RO         1508    i.RCC_APB1PeriphClockCmd  lib.lib(stm32f10x_rcc.o)
    0x08002730   0x00000018   Code   RO         1509    i.RCC_APB1PeriphResetCmd  lib.lib(stm32f10x_rcc.o)
    0x08002748   0x00000018   Code   RO         1510    i.RCC_APB2PeriphClockCmd  lib.lib(stm32f10x_rcc.o)
    0x08002760   0x00000040   Code   RO         1517    i.RCC_DeInit        lib.lib(stm32f10x_rcc.o)
    0x080027a0   0x000000a4   Code   RO         1518    i.RCC_GetClocksFreq  lib.lib(stm32f10x_rcc.o)
    0x08002844   0x00000030   Code   RO         1519    i.RCC_GetFlagStatus  lib.lib(stm32f10x_rcc.o)
    0x08002874   0x00000010   Code   RO         1521    i.RCC_GetSYSCLKSource  lib.lib(stm32f10x_rcc.o)
    0x08002884   0x00000014   Code   RO         1522    i.RCC_HCLKConfig    lib.lib(stm32f10x_rcc.o)
    0x08002898   0x00000038   Code   RO         1523    i.RCC_HSEConfig     lib.lib(stm32f10x_rcc.o)
    0x080028d0   0x0000000c   Code   RO         1524    i.RCC_HSICmd        lib.lib(stm32f10x_rcc.o)
    0x080028dc   0x00000014   Code   RO         1529    i.RCC_PCLK1Config   lib.lib(stm32f10x_rcc.o)
    0x080028f0   0x00000014   Code   RO         1530    i.RCC_PCLK2Config   lib.lib(stm32f10x_rcc.o)
    0x08002904   0x0000000c   Code   RO         1531    i.RCC_PLLCmd        lib.lib(stm32f10x_rcc.o)
    0x08002910   0x00000014   Code   RO         1532    i.RCC_PLLConfig     lib.lib(stm32f10x_rcc.o)
    0x08002924   0x00000014   Code   RO         1535    i.RCC_SYSCLKConfig  lib.lib(stm32f10x_rcc.o)
    0x08002938   0x00000034   Code   RO         1537    i.RCC_WaitForHSEStartUp  lib.lib(stm32f10x_rcc.o)
    0x0800296c   0x00000016   Code   RO          726    i.SysTick_CLKSourceConfig  lib.lib(misc.o)
    0x08002982   0x00000006   Code   RO         1712    i.TIM_ClearFlag     lib.lib(stm32f10x_tim.o)
    0x08002988   0x00000016   Code   RO         1718    i.TIM_Cmd           lib.lib(stm32f10x_tim.o)
    0x0800299e   0x0000001a   Code   RO         1739    i.TIM_GetITStatus   lib.lib(stm32f10x_tim.o)
    0x080029b8   0x00000010   Code   RO         1743    i.TIM_ITConfig      lib.lib(stm32f10x_tim.o)
    0x080029c8   0x0000003c   Code   RO         1789    i.TIM_TimeBaseInit  lib.lib(stm32f10x_tim.o)
    0x08002a04   0x00000012   Code   RO         2233    i.USART_Cmd         lib.lib(stm32f10x_usart.o)
    0x08002a16   0x0000000e   Code   RO         2236    i.USART_GetFlagStatus  lib.lib(stm32f10x_usart.o)
    0x08002a24   0x00000044   Code   RO         2237    i.USART_GetITStatus  lib.lib(stm32f10x_usart.o)
    0x08002a68   0x00000030   Code   RO         2239    i.USART_ITConfig    lib.lib(stm32f10x_usart.o)
    0x08002a98   0x00000090   Code   RO         2240    i.USART_Init        lib.lib(stm32f10x_usart.o)
    0x08002b28   0x00000008   Code   RO         2245    i.USART_ReceiveData  lib.lib(stm32f10x_usart.o)
    0x08002b30   0x00000008   Code   RO         2248    i.USART_SendData    lib.lib(stm32f10x_usart.o)
    0x08002b38   0x00000016   Code   RO         2254    i.USART_StructInit  lib.lib(stm32f10x_usart.o)
    0x08002b4e   0x00000002   PAD
    0x08002b50   0x00000020   Data   RO         2564    Region$$Table       anon$$obj.o


    Execution Region RW_IRAM1 (Base: 0x20000000, Size: 0x00002558, Max: 0x00005000, ABSOLUTE)

    Base Addr    Size         Type   Attr      Idx    E Section Name        Object

    0x20000000   0x00000004   Data   RW            4    .data               main_stm32f103v_box.o
    0x20000004   0x00000004   Data   RW          293    .data               adc_config.o
    0x20000008   0x00000006   Data   RW          541    .data               setcan.o
    0x2000000e   0x00000002   PAD
    0x20000010   0x00000004   Data   RW          557    .data               setclock.o
    0x20000014   0x0000000d   Data   RW          579    .data               setsystick.o
    0x20000021   0x00000003   PAD
    0x20000024   0x0000000c   Data   RW          598    .data               setuart.o
    0x20000030   0x00000005   Data   RW          621    .data               system_error_status.o
    0x20000035   0x00000003   PAD
    0x20000038   0x00000004   Data   RW          638    .data               iap_jumper.o
    0x2000003c   0x00000004   Data   RW          657    .data               slog.o
    0x20000040   0x00000014   Data   RW         1538    .data               lib.lib(stm32f10x_rcc.o)
    0x20000054   0x00000cd0   Zero   RW            2    .bss                main_stm32f103v_box.o
    0x20000d24   0x000000b4   Zero   RW          291    .bss                adc_config.o
    0x20000dd8   0x00000ff8   Zero   RW          539    .bss                setcan.o
    0x20001dd0   0x00000128   Zero   RW          636    .bss                iap_jumper.o
    0x20001ef8   0x00000060   Zero   RW         2439    .bss                c_w.l(libspace.o)
    0x20001f58   0x00000200   Zero   RW          716    HEAP                startup_stm32f10x_md.o
    0x20002158   0x00000400   Zero   RW          715    STACK               startup_stm32f10x_md.o


==============================================================================

Image component sizes


      Code (inc. data)   RO Data    RW Data    ZI Data      Debug   Object Name

       552         22          0          4        180       2712   adc_config.o
       808          6          0          0          0       3601   cmdcoder.o
        32          0          0          0          0        592   core_cm3.o
       220          0          0          0          0       2743   fifo.o
       232          0          0          0          0       2995   fifo_void.o
       368         26          0          4        296       3162   iap_jumper.o
        24          0          0          0          0       2859   main.o
         0          0          0          0          0       3032   main_esc_box.o
       536         46          0          4       3280     254553   main_stm32f103v_box.o
      1404         72          0          6       4088       5790   setcan.o
       348         22          0          4          0       6091   setclock.o
       400         24          0         13          0       7582   setsystick.o
       292          6          0          0          0      18001   settimer.o
       744         26          0         12          0       3587   setuart.o
       204         10          0          4          0       2216   slog.o
        56         22        236          0       1536        844   startup_stm32f10x_md.o
       264         26          0          5          0       1635   system_error_status.o

    ----------------------------------------------------------------------
      6484        308        268         64       9380     321995   Object Totals
         0          0         32          0          0          0   (incl. Generated)
         0          0          0          8          0          0   (incl. Padding)

    ----------------------------------------------------------------------

      Code (inc. data)   RO Data    RW Data    ZI Data      Debug   Library Member Name

         8          0          0          0          0         68   __main.o
         0          0          0          0          0          0   __rtentry.o
        12          0          0          0          0          0   __rtentry2.o
         6          0          0          0          0          0   __rtentry4.o
        52          8          0          0          0          0   __scatter.o
        26          0          0          0          0          0   __scatter_copy.o
        28          0          0          0          0          0   __scatter_zi.o
        12          0          0          0          0         72   exit.o
         6          0          0          0          0        152   heapauxi.o
         0          0          0          0          0          0   indicate_semi.o
         2          0          0          0          0          0   libinit.o
         2          0          0          0          0          0   libinit2.o
         2          0          0          0          0          0   libshutdown.o
         2          0          0          0          0          0   libshutdown2.o
         8          4          0          0         96         68   libspace.o
       100          0          0          0          0         80   rt_memcpy_w.o
         2          0          0          0          0          0   rtexit.o
        10          0          0          0          0          0   rtexit2.o
        12          4          0          0          0         68   sys_exit.o
        74          0          0          0          0         80   sys_stackheap_outer.o
         2          0          0          0          0         68   use_no_semi.o
       170         10          0          0          0     275419   misc.o
       330          6          0          0          0       6965   stm32f10x_adc.o
      1302          6          0          0          0       9275   stm32f10x_can.o
       422         64          0          0          0       4311   stm32f10x_dma.o
       352         50          0          0          0       5668   stm32f10x_flash.o
       314          4          0          0          0       3984   stm32f10x_gpio.o
       640        116          0         20          0      11483   stm32f10x_rcc.o
       130          0          0          0          0       6529   stm32f10x_tim.o
       330          4          0          0          0       5988   stm32f10x_usart.o

    ----------------------------------------------------------------------
      4368        276          0         20         96     330278   Library Totals
        12          0          0          0          0          0   (incl. Padding)

    ----------------------------------------------------------------------

      Code (inc. data)   RO Data    RW Data    ZI Data      Debug   Library Name

       366         16          0          0         96        656   c_w.l
      3990        260          0         20          0     329622   lib.lib

    ----------------------------------------------------------------------
      4368        276          0         20         96     330278   Library Totals

    ----------------------------------------------------------------------

==============================================================================


      Code (inc. data)   RO Data    RW Data    ZI Data      Debug   

     10852        584        268         84       9476     647567   Grand Totals
     10852        584        268         84       9476     647567   ELF Image Totals
     10852        584        268         84          0          0   ROM Totals

==============================================================================

    Total RO  Size (Code + RO Data)                11120 (  10.86kB)
    Total RW  Size (RW Data + ZI Data)              9560 (   9.34kB)
    Total ROM Size (Code + RO Data + RW Data)      11204 (  10.94kB)

==============================================================================

