Component: ARM Compiler 5.05 update 1 (build 106) Tool: armlink [4d0efa]

==============================================================================

Section Cross References

    main.o(.text) refers to setclock.o(.text) for SetClock
    main.o(.text) refers to stm32f10x_rcc.o(i.RCC_APB2PeriphClockCmd) for RCC_APB2PeriphClockCmd
    main.o(.text) refers to stm32f10x_rcc.o(i.RCC_APB1PeriphClockCmd) for RCC_APB1PeriphClockCmd
    main.o(.text) refers to stm32f10x_rcc.o(i.RCC_AHBPeriphClockCmd) for RCC_AHBPeriphClockCmd
    main.o(.text) refers to stm32f10x_gpio.o(i.GPIO_PinRemapConfig) for GPIO_PinRemapConfig
    main.o(.text) refers to setnvic.o(.text) for NVIC_Configuration
    main.o(.text) refers to setgpio.o(.text) for GPIO_Configuration
    main.o(.text) refers to setsystick.o(.text) for SysTick_Configuration
    main.o(.text) refers to setadc.o(.text) for ADC_Configuration
    main.o(.text) refers to setuart.o(.text) for UART_Configuration
    main.o(.text) refers to setcan.o(.text) for CAN_Configuration
    main.o(.text) refers to fflt_clz.o(x$fpl$ffltu) for __aeabi_ui2f
    main.o(.text) refers to faddsub_clz.o(x$fpl$fadd) for __aeabi_fadd
    main.o(.text) refers to fdiv.o(x$fpl$fdiv) for __aeabi_fdiv
    main.o(.text) refers to frleqf.o(x$fpl$frleqf) for __aeabi_cfrcmple
    main.o(.text) refers to fmul.o(x$fpl$fmul) for __aeabi_fmul
    main.o(.text) refers to ffixu.o(x$fpl$ffixu) for __aeabi_f2uiz
    main.o(.text) refers to faddsub_clz.o(x$fpl$fsub) for __aeabi_fsub
    main.o(.text) refers to ffix.o(x$fpl$ffix) for __aeabi_f2iz
    main.o(.text) refers to commandgeneratorold.o(.text) for reportToARM9
    main.o(.text) refers to commandgenerator.o(.text) for ReportToARM9Base64
    main.o(.text) refers to ds18b20.o(.text) for Read_DS18B20
    main.o(.text) refers to main.o(.bss) for GlobalVariable
    main.o(.text) refers to main.o(.data) for MainControllerType
    main.o(.text) refers to setadc.o(.bss) for ADCConvert
    commandparserold.o(.text) refers to executecommand.o(.text) for ExecuteCommand
    commandparserold.o(.text) refers to commandparserold.o(.data) for command_buffer_count
    commandparserold.o(.text) refers to commandparserold.o(.bss) for command_buffer
    commandparserold.o(.text) refers to executecommand.o(.data) for Arm9Started
    commandparser.o(.text) refers to base64.o(.text) for fnBase64Decode
    commandparser.o(.text) refers to executecommand.o(.text) for ExecuteCommand
    commandparser.o(.text) refers to commandparser.o(.data) for expectState
    commandparser.o(.text) refers to commandparser.o(.bss) for receivedBuffer
    commandgeneratorold.o(.text) refers to setuart.o(.text) for PutUART
    commandgeneratorold.o(.text) refers to main.o(.bss) for GlobalVariable
    commandgenerator.o(.text) refers to commandgenerator.o(.data) for buffer_index
    commandgenerator.o(.text) refers to commandgenerator.o(.bss) for buffer
    commandgenerator.o(.text) refers to main.o(.bss) for GlobalVariable
    commandgenerator.o(.text) refers to base64.o(.text) for base64_encode
    commandgenerator.o(.text) refers to setuart.o(.text) for PutUART
    executecommand.o(.text) refers to setcan.o(.text) for CAN_TX
    executecommand.o(.text) refers to executecommand.o(.bss) for TxMessage2
    executecommand.o(.text) refers to executecommand.o(.data) for i
    setadc.o(.text) refers to stm32f10x_adc.o(i.ADC_Init) for ADC_Init
    setadc.o(.text) refers to stm32f10x_adc.o(i.ADC_RegularChannelConfig) for ADC_RegularChannelConfig
    setadc.o(.text) refers to stm32f10x_adc.o(i.ADC_TempSensorVrefintCmd) for ADC_TempSensorVrefintCmd
    setadc.o(.text) refers to stm32f10x_adc.o(i.ADC_DMACmd) for ADC_DMACmd
    setadc.o(.text) refers to stm32f10x_adc.o(i.ADC_Cmd) for ADC_Cmd
    setadc.o(.text) refers to stm32f10x_adc.o(i.ADC_ResetCalibration) for ADC_ResetCalibration
    setadc.o(.text) refers to stm32f10x_adc.o(i.ADC_GetResetCalibrationStatus) for ADC_GetResetCalibrationStatus
    setadc.o(.text) refers to stm32f10x_adc.o(i.ADC_StartCalibration) for ADC_StartCalibration
    setadc.o(.text) refers to stm32f10x_adc.o(i.ADC_GetCalibrationStatus) for ADC_GetCalibrationStatus
    setadc.o(.text) refers to stm32f10x_adc.o(i.ADC_SoftwareStartConvCmd) for ADC_SoftwareStartConvCmd
    setadc.o(.text) refers to stm32f10x_dma.o(i.DMA_DeInit) for DMA_DeInit
    setadc.o(.text) refers to stm32f10x_dma.o(i.DMA_Init) for DMA_Init
    setadc.o(.text) refers to stm32f10x_dma.o(i.DMA_Cmd) for DMA_Cmd
    setadc.o(.text) refers to setadc.o(.bss) for ADCConvert
    setclock.o(.text) refers to stm32f10x_rcc.o(i.RCC_DeInit) for RCC_DeInit
    setclock.o(.text) refers to stm32f10x_rcc.o(i.RCC_HSEConfig) for RCC_HSEConfig
    setclock.o(.text) refers to stm32f10x_rcc.o(i.RCC_WaitForHSEStartUp) for RCC_WaitForHSEStartUp
    setclock.o(.text) refers to stm32f10x_rcc.o(i.RCC_HCLKConfig) for RCC_HCLKConfig
    setclock.o(.text) refers to stm32f10x_rcc.o(i.RCC_PCLK2Config) for RCC_PCLK2Config
[...]
    Removing stm32f10x_tim.o(i.TIM_OC2PreloadConfig), (14 bytes).
    Removing stm32f10x_tim.o(i.TIM_OC3FastConfig), (12 bytes).
    Removing stm32f10x_tim.o(i.TIM_OC3Init), (128 bytes).
    Removing stm32f10x_tim.o(i.TIM_OC3NPolarityConfig), (14 bytes).
    Removing stm32f10x_tim.o(i.TIM_OC3PolarityConfig), (14 bytes).
    Removing stm32f10x_tim.o(i.TIM_OC3PreloadConfig), (12 bytes).
    Removing stm32f10x_tim.o(i.TIM_OC4FastConfig), (14 bytes).
    Removing stm32f10x_tim.o(i.TIM_OC4Init), (102 bytes).
    Removing stm32f10x_tim.o(i.TIM_OC4PolarityConfig), (14 bytes).
    Removing stm32f10x_tim.o(i.TIM_OC4PreloadConfig), (14 bytes).
    Removing stm32f10x_tim.o(i.TIM_OCStructInit), (20 bytes).
    Removing stm32f10x_tim.o(i.TIM_PWMIConfig), (286 bytes).
    Removing stm32f10x_tim.o(i.TIM_PrescalerConfig), (6 bytes).
    Removing stm32f10x_tim.o(i.TIM_SelectCCDMA), (18 bytes).
    Removing stm32f10x_tim.o(i.TIM_SelectCOM), (18 bytes).
    Removing stm32f10x_tim.o(i.TIM_SelectHallSensor), (18 bytes).
    Removing stm32f10x_tim.o(i.TIM_SelectInputTrigger), (12 bytes).
    Removing stm32f10x_tim.o(i.TIM_SelectMasterSlaveMode), (16 bytes).
    Removing stm32f10x_tim.o(i.TIM_SelectOCxM), (88 bytes).
    Removing stm32f10x_tim.o(i.TIM_SelectOnePulseMode), (20 bytes).
    Removing stm32f10x_tim.o(i.TIM_SelectOutputTrigger), (16 bytes).
    Removing stm32f10x_tim.o(i.TIM_SelectSlaveMode), (16 bytes).
    Removing stm32f10x_tim.o(i.TIM_SetAutoreload), (4 bytes).
    Removing stm32f10x_tim.o(i.TIM_SetClockDivision), (14 bytes).
    Removing stm32f10x_tim.o(i.TIM_SetCompare1), (4 bytes).
    Removing stm32f10x_tim.o(i.TIM_SetCompare2), (4 bytes).
    Removing stm32f10x_tim.o(i.TIM_SetCompare3), (4 bytes).
    Removing stm32f10x_tim.o(i.TIM_SetCompare4), (6 bytes).
    Removing stm32f10x_tim.o(i.TIM_SetCounter), (4 bytes).
    Removing stm32f10x_tim.o(i.TIM_SetIC1Prescaler), (16 bytes).
    Removing stm32f10x_tim.o(i.TIM_SetIC2Prescaler), (18 bytes).
    Removing stm32f10x_tim.o(i.TIM_SetIC3Prescaler), (16 bytes).
    Removing stm32f10x_tim.o(i.TIM_SetIC4Prescaler), (18 bytes).
    Removing stm32f10x_tim.o(i.TIM_TIxExternalClockConfig), (118 bytes).
    Removing stm32f10x_tim.o(i.TIM_TimeBaseStructInit), (18 bytes).
    Removing stm32f10x_tim.o(i.TIM_UpdateDisableConfig), (22 bytes).
    Removing stm32f10x_tim.o(i.TIM_UpdateRequestConfig), (22 bytes).
    Removing stm32f10x_usart.o(i.USART_ClearFlag), (6 bytes).
    Removing stm32f10x_usart.o(i.USART_ClearITPendingBit), (14 bytes).
    Removing stm32f10x_usart.o(i.USART_ClockInit), (36 bytes).
    Removing stm32f10x_usart.o(i.USART_ClockStructInit), (12 bytes).
    Removing stm32f10x_usart.o(i.USART_DMACmd), (16 bytes).
    Removing stm32f10x_usart.o(i.USART_DeInit), (164 bytes).
    Removing stm32f10x_usart.o(i.USART_HalfDuplexCmd), (18 bytes).
    Removing stm32f10x_usart.o(i.USART_IrDACmd), (18 bytes).
    Removing stm32f10x_usart.o(i.USART_IrDAConfig), (16 bytes).
    Removing stm32f10x_usart.o(i.USART_LINBreakDetectLengthConfig), (16 bytes).
    Removing stm32f10x_usart.o(i.USART_LINCmd), (18 bytes).
    Removing stm32f10x_usart.o(i.USART_ReceiverWakeUpCmd), (18 bytes).
    Removing stm32f10x_usart.o(i.USART_SendBreak), (10 bytes).
    Removing stm32f10x_usart.o(i.USART_SetAddress), (16 bytes).
    Removing stm32f10x_usart.o(i.USART_SetGuardTime), (16 bytes).
    Removing stm32f10x_usart.o(i.USART_SetPrescaler), (16 bytes).
    Removing stm32f10x_usart.o(i.USART_SmartCardCmd), (18 bytes).
    Removing stm32f10x_usart.o(i.USART_SmartCardNACKCmd), (18 bytes).
    Removing stm32f10x_usart.o(i.USART_WakeUpConfig), (16 bytes).

200 unused section(s) (total 7484 bytes) removed from the image.

==============================================================================

Image Symbol Table

    Local Symbols

    Symbol Name                              Value     Ov Type        Size  Object(Section)

    ../clib/angel/boardlib.s                 0x00000000   Number         0  boardinit1.o ABSOLUTE
    ../clib/angel/boardlib.s                 0x00000000   Number         0  boardinit2.o ABSOLUTE
    ../clib/angel/boardlib.s                 0x00000000   Number         0  boardinit3.o ABSOLUTE
    ../clib/angel/boardlib.s                 0x00000000   Number         0  boardshut.o ABSOLUTE
    ../clib/angel/handlers.s                 0x00000000   Number         0  __scatter_copy.o ABSOLUTE
    ../clib/angel/handlers.s                 0x00000000   Number         0  __scatter_zi.o ABSOLUTE
    ../clib/angel/kernel.s                   0x00000000   Number         0  __rtentry4.o ABSOLUTE
    ../clib/angel/kernel.s                   0x00000000   Number         0  __rtentry2.o ABSOLUTE
    ../clib/angel/kernel.s                   0x00000000   Number         0  rtexit.o ABSOLUTE
    ../clib/angel/kernel.s                   0x00000000   Number         0  __rtentry.o ABSOLUTE
    ../clib/angel/kernel.s                   0x00000000   Number         0  rtexit2.o ABSOLUTE
    ../clib/angel/rt.s                       0x00000000   Number         0  rt_raise.o ABSOLUTE
    ../clib/angel/scatter.s                  0x00000000   Number         0  __scatter.o ABSOLUTE
    ../clib/angel/startup.s                  0x00000000   Number         0  __main.o ABSOLUTE
    ../clib/angel/sys.s                      0x00000000   Number         0  libspace.o ABSOLUTE
    ../clib/angel/sys.s                      0x00000000   Number         0  use_no_semi.o ABSOLUTE
    ../clib/angel/sys.s                      0x00000000   Number         0  indicate_semi.o ABSOLUTE
    ../clib/angel/sys.s                      0x00000000   Number         0  sys_stackheap_outer.o ABSOLUTE
    ../clib/angel/sysapp.c                   0x00000000   Number         0  sys_command.o ABSOLUTE
    ../clib/angel/sysapp.c                   0x00000000   Number         0  sys_wrch.o ABSOLUTE
    ../clib/angel/sysapp.c                   0x00000000   Number         0  sys_exit.o ABSOLUTE
    ../clib/armsys.c                         0x00000000   Number         0  _get_argv_nomalloc.o ABSOLUTE
    ../clib/armsys.c                         0x00000000   Number         0  no_argv.o ABSOLUTE
    ../clib/armsys.c                         0x00000000   Number         0  argv_veneer.o ABSOLUTE
    ../clib/armsys.c                         0x00000000   Number         0  argv_veneer.o ABSOLUTE
    ../clib/heapalloc.c                      0x00000000   Number         0  hrguard.o ABSOLUTE
    ../clib/heapaux.c                        0x00000000   Number         0  heapauxi.o ABSOLUTE
    ../clib/libinit.s                        0x00000000   Number         0  libshutdown2.o ABSOLUTE
    ../clib/libinit.s                        0x00000000   Number         0  libshutdown.o ABSOLUTE
    ../clib/libinit.s                        0x00000000   Number         0  libinit2.o ABSOLUTE
    ../clib/libinit.s                        0x00000000   Number         0  libinit.o ABSOLUTE
    ../clib/signal.c                         0x00000000   Number         0  defsig_rtred_inner.o ABSOLUTE
    ../clib/signal.c                         0x00000000   Number         0  defsig_fpe_inner.o ABSOLUTE
    ../clib/signal.c                         0x00000000   Number         0  defsig_rtmem_inner.o ABSOLUTE
    ../clib/signal.c                         0x00000000   Number         0  defsig_abrt_inner.o ABSOLUTE
    ../clib/signal.c                         0x00000000   Number         0  defsig_stak_inner.o ABSOLUTE
    ../clib/signal.c                         0x00000000   Number         0  __raise.o ABSOLUTE
    ../clib/signal.c                         0x00000000   Number         0  defsig_general.o ABSOLUTE
    ../clib/signal.c                         0x00000000   Number         0  defsig_rtmem_outer.o ABSOLUTE
    ../clib/signal.c                         0x00000000   Number         0  defsig_rtmem_formal.o ABSOLUTE
    ../clib/signal.c                         0x00000000   Number         0  defsig_other.o ABSOLUTE
    ../clib/signal.c                         0x00000000   Number         0  defsig_segv_inner.o ABSOLUTE
    ../clib/signal.c                         0x00000000   Number         0  defsig_cppl_inner.o ABSOLUTE
    ../clib/signal.c                         0x00000000   Number         0  defsig_exit.o ABSOLUTE
    ../clib/signal.c                         0x00000000   Number         0  defsig_pvfn_inner.o ABSOLUTE
    ../clib/signal.s                         0x00000000   Number         0  defsig.o ABSOLUTE
    ../clib/stdlib.c                         0x00000000   Number         0  exit.o ABSOLUTE
    ../fplib/faddsub.s                       0x00000000   Number         0  faddsub_clz.o ABSOLUTE
    ../fplib/fcmpi.s                         0x00000000   Number         0  fcmpi.o ABSOLUTE
    ../fplib/fdiv.s                          0x00000000   Number         0  fdiv.o ABSOLUTE
    ../fplib/ffix.s                          0x00000000   Number         0  ffix.o ABSOLUTE
    ../fplib/ffixu.s                         0x00000000   Number         0  ffixu.o ABSOLUTE
    ../fplib/fflt.s                          0x00000000   Number         0  fflt_clz.o ABSOLUTE
    ../fplib/fleqf.s                         0x00000000   Number         0  fleqf.o ABSOLUTE
    ../fplib/fmul.s                          0x00000000   Number         0  fmul.o ABSOLUTE
    ../fplib/fnaninf.s                       0x00000000   Number         0  fnaninf.o ABSOLUTE
    ../fplib/fpinit.s                        0x00000000   Number         0  fpinit.o ABSOLUTE
    ../fplib/fretinf.s                       0x00000000   Number         0  fretinf.o ABSOLUTE
    ../fplib/frleqf.s                        0x00000000   Number         0  frleqf.o ABSOLUTE
    ../fplib/usenofp.s                       0x00000000   Number         0  usenofp.o ABSOLUTE
    Libraries\CMSIS\Core\CM3\core_cm3.c      0x00000000   Number         0  core_cm3.o ABSOLUTE
    Libraries\CMSIS\Core\CM3\startup\arm\startup_stm32f10x_md.s 0x00000000   Number         0  startup_stm32f10x_md.o ABSOLUTE
    Libraries\CMSIS\Core\CM3\system_stm32f10x.c 0x00000000   Number         0  system_stm32f10x.o ABSOLUTE
    Libraries\\CMSIS\\Core\\CM3\\core_cm3.c  0x00000000   Number         0  core_cm3.o ABSOLUTE
    dc.s                                     0x00000000   Number         0  dc.o ABSOLUTE
    src\misc.c                               0x00000000   Number         0  misc.o ABSOLUTE
    src\stm32f10x_adc.c                      0x00000000   Number         0  stm32f10x_adc.o ABSOLUTE
    src\stm32f10x_can.c                      0x00000000   Number         0  stm32f10x_can.o ABSOLUTE
    src\stm32f10x_dma.c                      0x00000000   Number         0  stm32f10x_dma.o ABSOLUTE
    src\stm32f10x_flash.c                    0x00000000   Number         0  stm32f10x_flash.o ABSOLUTE
    src\stm32f10x_gpio.c                     0x00000000   Number         0  stm32f10x_gpio.o ABSOLUTE
    src\stm32f10x_rcc.c                      0x00000000   Number         0  stm32f10x_rcc.o ABSOLUTE
    src\stm32f10x_tim.c                      0x00000000   Number         0  stm32f10x_tim.o ABSOLUTE
    src\stm32f10x_usart.c                    0x00000000   Number         0  stm32f10x_usart.o ABSOLUTE
    user\ADXL345.c                           0x00000000   Number         0  adxl345.o ABSOLUTE
    user\CommandGenerator.c                  0x00000000   Number         0  commandgenerator.o ABSOLUTE
    user\CommandGeneratorOld.c               0x00000000   Number         0  commandgeneratorold.o ABSOLUTE
    user\CommandParser.c                     0x00000000   Number         0  commandparser.o ABSOLUTE
    user\CommandParserOld.c                  0x00000000   Number         0  commandparserold.o ABSOLUTE
    user\Ds18B20.c                           0x00000000   Number         0  ds18b20.o ABSOLUTE
    user\ExecuteCommand.c                    0x00000000   Number         0  executecommand.o ABSOLUTE
    user\SetADC.c                            0x00000000   Number         0  setadc.o ABSOLUTE
    user\SetCAN.c                            0x00000000   Number         0  setcan.o ABSOLUTE
    user\SetClock.c                          0x00000000   Number         0  setclock.o ABSOLUTE
    user\SetGPIO.c                           0x00000000   Number         0  setgpio.o ABSOLUTE
    user\SetI2C.c                            0x00000000   Number         0  seti2c.o ABSOLUTE
    user\SetNVIC.c                           0x00000000   Number         0  setnvic.o ABSOLUTE
    user\SetSysTick.c                        0x00000000   Number         0  setsystick.o ABSOLUTE
    user\SetTimer.c                          0x00000000   Number         0  settimer.o ABSOLUTE
    user\SetUART.c                           0x00000000   Number         0  setuart.o ABSOLUTE
    user\\SetUART.c                          0x00000000   Number         0  setuart.o ABSOLUTE
    user\base64\base64.c                     0x00000000   Number         0  base64.o ABSOLUTE
    user\main.c                              0x00000000   Number         0  main.o ABSOLUTE
    RESET                                    0x08000000   Section      236  startup_stm32f10x_md.o(RESET)
    !!!main                                  0x080000ec   Section        8  __main.o(!!!main)
    !!!scatter                               0x080000f4   Section       52  __scatter.o(!!!scatter)
    !!handler_copy                           0x08000128   Section       26  __scatter_copy.o(!!handler_copy)
    !!handler_zi                             0x08000144   Section       28  __scatter_zi.o(!!handler_zi)
    .ARM.Collect$$libinit$$00000000          0x08000160   Section        2  libinit.o(.ARM.Collect$$libinit$$00000000)
    .ARM.Collect$$libinit$$00000002          0x08000162   Section        0  libinit2.o(.ARM.Collect$$libinit$$00000002)
    .ARM.Collect$$libinit$$00000004          0x08000162   Section        0  libinit2.o(.ARM.Collect$$libinit$$00000004)
    .ARM.Collect$$libinit$$0000000A          0x08000162   Section        0  libinit2.o(.ARM.Collect$$libinit$$0000000A)
    .ARM.Collect$$libinit$$0000000C          0x08000162   Section        0  libinit2.o(.ARM.Collect$$libinit$$0000000C)
    .ARM.Collect$$libinit$$0000000E          0x08000162   Section        0  libinit2.o(.ARM.Collect$$libinit$$0000000E)
    .ARM.Collect$$libinit$$00000011          0x08000162   Section        0  libinit2.o(.ARM.Collect$$libinit$$00000011)
    .ARM.Collect$$libinit$$00000013          0x08000162   Section        0  libinit2.o(.ARM.Collect$$libinit$$00000013)
    .ARM.Collect$$libinit$$00000015          0x08000162   Section        0  libinit2.o(.ARM.Collect$$libinit$$00000015)
    .ARM.Collect$$libinit$$00000017          0x08000162   Section        0  libinit2.o(.ARM.Collect$$libinit$$00000017)
    .ARM.Collect$$libinit$$00000019          0x08000162   Section        0  libinit2.o(.ARM.Collect$$libinit$$00000019)
    .ARM.Collect$$libinit$$0000001B          0x08000162   Section        0  libinit2.o(.ARM.Collect$$libinit$$0000001B)
    .ARM.Collect$$libinit$$0000001D          0x08000162   Section        0  libinit2.o(.ARM.Collect$$libinit$$0000001D)
    .ARM.Collect$$libinit$$0000001F          0x08000162   Section        0  libinit2.o(.ARM.Collect$$libinit$$0000001F)
    .ARM.Collect$$libinit$$00000021          0x08000162   Section        0  libinit2.o(.ARM.Collect$$libinit$$00000021)
    .ARM.Collect$$libinit$$00000023          0x08000162   Section        0  libinit2.o(.ARM.Collect$$libinit$$00000023)
    .ARM.Collect$$libinit$$00000025          0x08000162   Section        0  libinit2.o(.ARM.Collect$$libinit$$00000025)
    .ARM.Collect$$libinit$$0000002C          0x08000162   Section        0  libinit2.o(.ARM.Collect$$libinit$$0000002C)
    .ARM.Collect$$libinit$$0000002E          0x08000162   Section        0  libinit2.o(.ARM.Collect$$libinit$$0000002E)
    .ARM.Collect$$libinit$$00000030          0x08000162   Section        0  libinit2.o(.ARM.Collect$$libinit$$00000030)
    .ARM.Collect$$libinit$$00000032          0x08000162   Section        0  libinit2.o(.ARM.Collect$$libinit$$00000032)
    .ARM.Collect$$libinit$$00000033          0x08000162   Section        2  libinit2.o(.ARM.Collect$$libinit$$00000033)
    .ARM.Collect$$libshutdown$$00000000      0x08000164   Section        2  libshutdown.o(.ARM.Collect$$libshutdown$$00000000)
    .ARM.Collect$$libshutdown$$00000003      0x08000166   Section        0  libshutdown2.o(.ARM.Collect$$libshutdown$$00000003)
    .ARM.Collect$$libshutdown$$00000006      0x08000166   Section        0  libshutdown2.o(.ARM.Collect$$libshutdown$$00000006)
    .ARM.Collect$$libshutdown$$00000009      0x08000166   Section        0  libshutdown2.o(.ARM.Collect$$libshutdown$$00000009)
    .ARM.Collect$$libshutdown$$0000000B      0x08000166   Section        0  libshutdown2.o(.ARM.Collect$$libshutdown$$0000000B)
    .ARM.Collect$$libshutdown$$0000000E      0x08000166   Section        0  libshutdown2.o(.ARM.Collect$$libshutdown$$0000000E)
    .ARM.Collect$$libshutdown$$0000000F      0x08000166   Section        2  libshutdown2.o(.ARM.Collect$$libshutdown$$0000000F)
    .ARM.Collect$$rtentry$$00000000          0x08000168   Section        0  __rtentry.o(.ARM.Collect$$rtentry$$00000000)
    .ARM.Collect$$rtentry$$00000002          0x08000168   Section        0  __rtentry2.o(.ARM.Collect$$rtentry$$00000002)
    .ARM.Collect$$rtentry$$00000004          0x08000168   Section        6  __rtentry4.o(.ARM.Collect$$rtentry$$00000004)
    .ARM.Collect$$rtentry$$00000009          0x0800016e   Section        0  __rtentry2.o(.ARM.Collect$$rtentry$$00000009)
    .ARM.Collect$$rtentry$$0000000A          0x0800016e   Section        4  __rtentry2.o(.ARM.Collect$$rtentry$$0000000A)
    .ARM.Collect$$rtentry$$0000000C          0x08000172   Section        0  __rtentry2.o(.ARM.Collect$$rtentry$$0000000C)
    .ARM.Collect$$rtentry$$0000000D          0x08000172   Section        8  __rtentry2.o(.ARM.Collect$$rtentry$$0000000D)
    .ARM.Collect$$rtexit$$00000000           0x0800017a   Section        2  rtexit.o(.ARM.Collect$$rtexit$$00000000)
    .ARM.Collect$$rtexit$$00000002           0x0800017c   Section        0  rtexit2.o(.ARM.Collect$$rtexit$$00000002)
    .ARM.Collect$$rtexit$$00000003           0x0800017c   Section        4  rtexit2.o(.ARM.Collect$$rtexit$$00000003)
    .ARM.Collect$$rtexit$$00000004           0x08000180   Section        6  rtexit2.o(.ARM.Collect$$rtexit$$00000004)
    .emb_text                                0x08000188   Section        2  setuart.o(.emb_text)
    .text                                    0x0800018c   Section        0  main.o(.text)
    .text                                    0x080006a0   Section        0  commandparserold.o(.text)
    .text                                    0x080006f4   Section        0  commandparser.o(.text)
    .text                                    0x08000958   Section        0  commandgeneratorold.o(.text)
    .text                                    0x08000ca0   Section        0  commandgenerator.o(.text)
    .text                                    0x08001274   Section        0  executecommand.o(.text)
    .text                                    0x08001800   Section        0  setadc.o(.text)
    .text                                    0x080018e4   Section        0  setclock.o(.text)
    .text                                    0x080019c0   Section        0  setgpio.o(.text)
    .text                                    0x08001cbc   Section        0  setnvic.o(.text)
    .text                                    0x08001d90   Section        0  setsystick.o(.text)
    NVIC_SetPriority                         0x08001d91   Thumb Code    32  setsystick.o(.text)
    .text                                    0x08001e60   Section        0  setuart.o(.text)
    .text                                    0x08002414   Section        0  setcan.o(.text)
    .text                                    0x080027ac   Section        0  settimer.o(.text)
    .text                                    0x08002880   Section        0  ds18b20.o(.text)
    .text                                    0x08002b08   Section       56  startup_stm32f10x_md.o(.text)
    .text                                    0x08002b40   Section        0  base64.o(.text)
    .text                                    0x08003048   Section        0  heapauxi.o(.text)
    .text                                    0x0800304e   Section       74  sys_stackheap_outer.o(.text)
    .text                                    0x08003098   Section        0  exit.o(.text)
    .text                                    0x080030a4   Section        8  libspace.o(.text)
    .text                                    0x080030ac   Section        0  sys_exit.o(.text)
    .text                                    0x080030b8   Section        2  use_no_semi.o(.text)
    .text                                    0x080030ba   Section        0  indicate_semi.o(.text)
    i.ADC_Cmd                                0x080030ba   Section        0  stm32f10x_adc.o(i.ADC_Cmd)
    i.ADC_DMACmd                             0x080030cc   Section        0  stm32f10x_adc.o(i.ADC_DMACmd)
    i.ADC_GetCalibrationStatus               0x080030de   Section        0  stm32f10x_adc.o(i.ADC_GetCalibrationStatus)
    i.ADC_GetResetCalibrationStatus          0x080030ee   Section        0  stm32f10x_adc.o(i.ADC_GetResetCalibrationStatus)
    i.ADC_Init                               0x08003100   Section        0  stm32f10x_adc.o(i.ADC_Init)
    i.ADC_RegularChannelConfig               0x08003150   Section        0  stm32f10x_adc.o(i.ADC_RegularChannelConfig)
    i.ADC_ResetCalibration                   0x080031e0   Section        0  stm32f10x_adc.o(i.ADC_ResetCalibration)
    i.ADC_SoftwareStartConvCmd               0x080031ea   Section        0  stm32f10x_adc.o(i.ADC_SoftwareStartConvCmd)
    i.ADC_StartCalibration                   0x080031fc   Section        0  stm32f10x_adc.o(i.ADC_StartCalibration)
    i.ADC_TempSensorVrefintCmd               0x08003208   Section        0  stm32f10x_adc.o(i.ADC_TempSensorVrefintCmd)
    i.CAN_ClearITPendingBit                  0x08003224   Section        0  stm32f10x_can.o(i.CAN_ClearITPendingBit)
    i.CAN_DeInit                             0x080032b4   Section        0  stm32f10x_can.o(i.CAN_DeInit)
    i.CAN_FilterInit                         0x080032f0   Section        0  stm32f10x_can.o(i.CAN_FilterInit)
    i.CAN_ITConfig                           0x080033d4   Section        0  stm32f10x_can.o(i.CAN_ITConfig)
    i.CAN_Init                               0x080033e4   Section        0  stm32f10x_can.o(i.CAN_Init)
    i.CAN_Receive                            0x080034d8   Section        0  stm32f10x_can.o(i.CAN_Receive)
    i.CAN_StructInit                         0x0800358a   Section        0  stm32f10x_can.o(i.CAN_StructInit)
    i.CAN_Transmit                           0x080035aa   Section        0  stm32f10x_can.o(i.CAN_Transmit)
    i.CAN_TransmitStatus                     0x08003662   Section        0  stm32f10x_can.o(i.CAN_TransmitStatus)
    i.DMA_Cmd                                0x080036e4   Section        0  stm32f10x_dma.o(i.DMA_Cmd)
    i.DMA_DeInit                             0x080036f8   Section        0  stm32f10x_dma.o(i.DMA_DeInit)
    i.DMA_Init                               0x08003800   Section        0  stm32f10x_dma.o(i.DMA_Init)
    i.FLASH_PrefetchBufferCmd                0x08003848   Section        0  stm32f10x_flash.o(i.FLASH_PrefetchBufferCmd)
    i.FLASH_SetLatency                       0x08003860   Section        0  stm32f10x_flash.o(i.FLASH_SetLatency)
    i.GPIO_Init                              0x08003874   Section        0  stm32f10x_gpio.o(i.GPIO_Init)
    i.GPIO_PinRemapConfig                    0x08003940   Section        0  stm32f10x_gpio.o(i.GPIO_PinRemapConfig)
    i.GPIO_StructInit                        0x08003998   Section        0  stm32f10x_gpio.o(i.GPIO_StructInit)
    i.NVIC_Init                              0x080039a8   Section        0  misc.o(i.NVIC_Init)
    i.NVIC_PriorityGroupConfig               0x08003a14   Section        0  misc.o(i.NVIC_PriorityGroupConfig)
    i.NVIC_SetVectorTable                    0x08003a28   Section        0  misc.o(i.NVIC_SetVectorTable)
    i.RCC_ADCCLKConfig                       0x08003a3c   Section        0  stm32f10x_rcc.o(i.RCC_ADCCLKConfig)
    i.RCC_AHBPeriphClockCmd                  0x08003a50   Section        0  stm32f10x_rcc.o(i.RCC_AHBPeriphClockCmd)
    i.RCC_APB1PeriphClockCmd                 0x08003a68   Section        0  stm32f10x_rcc.o(i.RCC_APB1PeriphClockCmd)
    i.RCC_APB1PeriphResetCmd                 0x08003a80   Section        0  stm32f10x_rcc.o(i.RCC_APB1PeriphResetCmd)
    i.RCC_APB2PeriphClockCmd                 0x08003a98   Section        0  stm32f10x_rcc.o(i.RCC_APB2PeriphClockCmd)
    i.RCC_DeInit                             0x08003ab0   Section        0  stm32f10x_rcc.o(i.RCC_DeInit)
    i.RCC_GetClocksFreq                      0x08003af0   Section        0  stm32f10x_rcc.o(i.RCC_GetClocksFreq)
    i.RCC_GetFlagStatus                      0x08003b94   Section        0  stm32f10x_rcc.o(i.RCC_GetFlagStatus)
    i.RCC_GetSYSCLKSource                    0x08003bc4   Section        0  stm32f10x_rcc.o(i.RCC_GetSYSCLKSource)
    i.RCC_HCLKConfig                         0x08003bd4   Section        0  stm32f10x_rcc.o(i.RCC_HCLKConfig)
    i.RCC_HSEConfig                          0x08003be8   Section        0  stm32f10x_rcc.o(i.RCC_HSEConfig)
    i.RCC_HSICmd                             0x08003c20   Section        0  stm32f10x_rcc.o(i.RCC_HSICmd)
    i.RCC_PCLK1Config                        0x08003c2c   Section        0  stm32f10x_rcc.o(i.RCC_PCLK1Config)
    i.RCC_PCLK2Config                        0x08003c40   Section        0  stm32f10x_rcc.o(i.RCC_PCLK2Config)
    i.RCC_PLLCmd                             0x08003c54   Section        0  stm32f10x_rcc.o(i.RCC_PLLCmd)
    i.RCC_PLLConfig                          0x08003c60   Section        0  stm32f10x_rcc.o(i.RCC_PLLConfig)
    i.RCC_SYSCLKConfig                       0x08003c74   Section        0  stm32f10x_rcc.o(i.RCC_SYSCLKConfig)
    i.RCC_WaitForHSEStartUp                  0x08003c88   Section        0  stm32f10x_rcc.o(i.RCC_WaitForHSEStartUp)
    i.SysTick_CLKSourceConfig                0x08003cbc   Section        0  misc.o(i.SysTick_CLKSourceConfig)
    i.TIM_ClearFlag                          0x08003cd2   Section        0  stm32f10x_tim.o(i.TIM_ClearFlag)
    i.TIM_Cmd                                0x08003cd8   Section        0  stm32f10x_tim.o(i.TIM_Cmd)
    i.TIM_GetITStatus                        0x08003cee   Section        0  stm32f10x_tim.o(i.TIM_GetITStatus)
    i.TIM_ITConfig                           0x08003d08   Section        0  stm32f10x_tim.o(i.TIM_ITConfig)
    i.TIM_TimeBaseInit                       0x08003d18   Section        0  stm32f10x_tim.o(i.TIM_TimeBaseInit)
    i.USART_Cmd                              0x08003d54   Section        0  stm32f10x_usart.o(i.USART_Cmd)
    i.USART_GetFlagStatus                    0x08003d66   Section        0  stm32f10x_usart.o(i.USART_GetFlagStatus)
    i.USART_GetITStatus                      0x08003d74   Section        0  stm32f10x_usart.o(i.USART_GetITStatus)
    i.USART_ITConfig                         0x08003db8   Section        0  stm32f10x_usart.o(i.USART_ITConfig)
    i.USART_Init                             0x08003de8   Section        0  stm32f10x_usart.o(i.USART_Init)
    i.USART_ReceiveData                      0x08003e78   Section        0  stm32f10x_usart.o(i.USART_ReceiveData)
    i.USART_SendData                         0x08003e80   Section        0  stm32f10x_usart.o(i.USART_SendData)
    i.USART_StructInit                       0x08003e88   Section        0  stm32f10x_usart.o(i.USART_StructInit)
    x$fpl$fadd                               0x08003ea0   Section      196  faddsub_clz.o(x$fpl$fadd)
    _fadd1                                   0x08003eaf   Thumb Code     0  faddsub_clz.o(x$fpl$fadd)
    x$fpl$fcmpinf                            0x08003f64   Section       24  fcmpi.o(x$fpl$fcmpinf)
    x$fpl$fdiv                               0x08003f7c   Section      388  fdiv.o(x$fpl$fdiv)
    _fdiv1                                   0x08003f7d   Thumb Code     0  fdiv.o(x$fpl$fdiv)
    x$fpl$ffix                               0x08004100   Section       54  ffix.o(x$fpl$ffix)
    x$fpl$ffixu                              0x08004138   Section       62  ffixu.o(x$fpl$ffixu)
    x$fpl$fflt                               0x08004178   Section       48  fflt_clz.o(x$fpl$fflt)
    x$fpl$ffltu                              0x080041a8   Section       38  fflt_clz.o(x$fpl$ffltu)
    x$fpl$fleqf                              0x080041d0   Section      104  fleqf.o(x$fpl$fleqf)
    x$fpl$fmul                               0x08004238   Section      258  fmul.o(x$fpl$fmul)
    x$fpl$fnaninf                            0x0800433a   Section      140  fnaninf.o(x$fpl$fnaninf)
    x$fpl$fretinf                            0x080043c6   Section       10  fretinf.o(x$fpl$fretinf)
    x$fpl$frleqf                             0x080043d0   Section       98  frleqf.o(x$fpl$frleqf)
    x$fpl$fsub                               0x08004434   Section      234  faddsub_clz.o(x$fpl$fsub)
    _fsub1                                   0x08004443   Thumb Code     0  faddsub_clz.o(x$fpl$fsub)
    x$fpl$usenofp                            0x0800451e   Section        0  usenofp.o(x$fpl$usenofp)
    .constdata                               0x08004520   Section     4929  base64.o(.constdata)
    e0                                       0x08004520   Data         256  base64.o(.constdata)
    e1                                       0x08004620   Data         256  base64.o(.constdata)
    e2                                       0x08004720   Data         256  base64.o(.constdata)
    d0                                       0x08004820   Data        1024  base64.o(.constdata)
    d1                                       0x08004c20   Data        1024  base64.o(.constdata)
    d2                                       0x08005020   Data        1024  base64.o(.constdata)
    d3                                       0x08005420   Data        1024  base64.o(.constdata)
    .data                                    0x20000000   Section       68  main.o(.data)
    .data                                    0x20000044   Section        4  commandparserold.o(.data)
    command_buffer_count                     0x20000044   Data           4  commandparserold.o(.data)
    .data                                    0x20000048   Section       12  commandparser.o(.data)
    expectState                              0x20000048   Data           1  commandparser.o(.data)
    receivedState                            0x20000049   Data           1  commandparser.o(.data)
    receivedBufferCount                      0x2000004c   Data           4  commandparser.o(.data)
    decodedBufferCount                       0x20000050   Data           4  commandparser.o(.data)
    .data                                    0x20000054   Section        1  commandgenerator.o(.data)
    buffer_index                             0x20000054   Data           1  commandgenerator.o(.data)
    .data                                    0x20000055   Section        3  executecommand.o(.data)
    sampleValue                              0x20000056   Data           1  executecommand.o(.data)
    i                                        0x20000057   Data           1  executecommand.o(.data)
    .data                                    0x20000058   Section        1  setclock.o(.data)
    .data                                    0x2000005c   Section        4  setsystick.o(.data)
    .data                                    0x20000060   Section       34  setuart.o(.data)
    uart_buffer2_count                       0x20000078   Data           4  setuart.o(.data)
    uart_buffer3_count                       0x2000007c   Data           4  setuart.o(.data)
    uart_buffer2_readytoget                  0x20000080   Data           1  setuart.o(.data)
    uart_buffer3_readytoget                  0x20000081   Data           1  setuart.o(.data)
    .data                                    0x20000082   Section        6  ds18b20.o(.data)
    .data                                    0x20000088   Section        4  base64.o(.data)
    lpCode                                   0x20000088   Data           4  base64.o(.data)
    .data                                    0x2000008c   Section       20  stm32f10x_rcc.o(.data)
    ADCPrescTable                            0x2000008c   Data           4  stm32f10x_rcc.o(.data)
    APBAHBPrescTable                         0x20000090   Data          16  stm32f10x_rcc.o(.data)
    .bss                                     0x200000a0   Section      452  main.o(.bss)
    .bss                                     0x20000264   Section       30  commandparserold.o(.bss)
    command_buffer                           0x20000264   Data          30  commandparserold.o(.bss)
    .bss                                     0x20000282   Section      280  commandparser.o(.bss)
    receivedBuffer                           0x20000282   Data         120  commandparser.o(.bss)
    decodedBuffer                            0x200002fa   Data         160  commandparser.o(.bss)
    .bss                                     0x2000039a   Section      700  commandgenerator.o(.bss)
    buffer                                   0x2000039a   Data         300  commandgenerator.o(.bss)
    buffer_encoded                           0x200004c6   Data         400  commandgenerator.o(.bss)
    .bss                                     0x20000658   Section       60  executecommand.o(.bss)
    TxMessage2                               0x20000658   Data          20  executecommand.o(.bss)
    TxMessage3                               0x2000066c   Data          20  executecommand.o(.bss)
    TxMessage7                               0x20000680   Data          20  executecommand.o(.bss)
    .bss                                     0x20000694   Section      300  setadc.o(.bss)
    .bss                                     0x200007c0   Section     1260  setuart.o(.bss)
    uart_buffer2                             0x20000c70   Data          30  setuart.o(.bss)
    uart_buffer3                             0x20000c8e   Data          30  setuart.o(.bss)
    .bss                                     0x20000cac   Section       20  setcan.o(.bss)
    .bss                                     0x20000cc0   Section      300  ds18b20.o(.bss)
    .bss                                     0x20000dec   Section       96  libspace.o(.bss)
    HEAP                                     0x20000e50   Section      512  startup_stm32f10x_md.o(HEAP)
    Heap_Mem                                 0x20000e50   Data         512  startup_stm32f10x_md.o(HEAP)
    STACK                                    0x20001050   Section     1024  startup_stm32f10x_md.o(STACK)
    Stack_Mem                                0x20001050   Data        1024  startup_stm32f10x_md.o(STACK)
    __initial_sp                             0x20001450   Data           0  startup_stm32f10x_md.o(STACK)

    Global Symbols

    Symbol Name                              Value     Ov Type        Size  Object(Section)

    BuildAttributes$$THM_ISAv4$P$D$K$B$S$PE$A:L22UL41UL21$X:L11$S22US41US21$IEEE1$IW$USESV6$~STKCKD$USESV7$~SHL$OTIME$ROPI$EBA8$UX$STANDARDLIB$REQ8$PRES8$EABIv2 0x00000000   Number         0  anon$$obj.o ABSOLUTE
    __ARM_use_no_argv                        0x00000000   Number         0  main.o ABSOLUTE
    __ARM_exceptions_init                     - Undefined Weak Reference
    __alloca_initialize                       - Undefined Weak Reference
    __arm_preinit_                            - Undefined Weak Reference
    __cpp_initialize__aeabi_                  - Undefined Weak Reference
    __cxa_finalize                            - Undefined Weak Reference
    __rt_locale                               - Undefined Weak Reference
    __sigvec_lookup                           - Undefined Weak Reference
    _atexit_init                              - Undefined Weak Reference
    _call_atexit_fns                          - Undefined Weak Reference
    _clock_init                               - Undefined Weak Reference
    _fp_trap_init                             - Undefined Weak Reference
    _fp_trap_shutdown                         - Undefined Weak Reference
    _get_lc_collate                           - Undefined Weak Reference
    _get_lc_ctype                             - Undefined Weak Reference
    _get_lc_monetary                          - Undefined Weak Reference
    _get_lc_numeric                           - Undefined Weak Reference
    _get_lc_time                              - Undefined Weak Reference
    _getenv_init                              - Undefined Weak Reference
    _handle_redirection                       - Undefined Weak Reference
    _init_alloc                               - Undefined Weak Reference
    _init_user_alloc                          - Undefined Weak Reference
    _initio                                   - Undefined Weak Reference
    _rand_init                                - Undefined Weak Reference
    _signal_finish                            - Undefined Weak Reference
    _signal_init                              - Undefined Weak Reference
    _terminate_alloc                          - Undefined Weak Reference
    _terminate_user_alloc                     - Undefined Weak Reference
    _terminateio                              - Undefined Weak Reference
    __Vectors_Size                           0x000000ec   Number         0  startup_stm32f10x_md.o ABSOLUTE
    __Vectors                                0x08000000   Data           4  startup_stm32f10x_md.o(RESET)
    __Vectors_End                            0x080000ec   Data           0  startup_stm32f10x_md.o(RESET)
    __main                                   0x080000ed   Thumb Code     8  __main.o(!!!main)
    __scatterload                            0x080000f5   Thumb Code     0  __scatter.o(!!!scatter)
    __scatterload_rt2                        0x080000f5   Thumb Code    44  __scatter.o(!!!scatter)
    __scatterload_rt2_thumb_only             0x080000f5   Thumb Code     0  __scatter.o(!!!scatter)
    __scatterload_null                       0x08000103   Thumb Code     0  __scatter.o(!!!scatter)
    __scatterload_copy                       0x08000129   Thumb Code    26  __scatter_copy.o(!!handler_copy)
    __scatterload_zeroinit                   0x08000145   Thumb Code    28  __scatter_zi.o(!!handler_zi)
    __rt_lib_init                            0x08000161   Thumb Code     0  libinit.o(.ARM.Collect$$libinit$$00000000)
    __rt_lib_init_alloca_1                   0x08000163   Thumb Code     0  libinit2.o(.ARM.Collect$$libinit$$0000002E)
    __rt_lib_init_argv_1                     0x08000163   Thumb Code     0  libinit2.o(.ARM.Collect$$libinit$$0000002C)
    __rt_lib_init_atexit_1                   0x08000163   Thumb Code     0  libinit2.o(.ARM.Collect$$libinit$$0000001B)
    __rt_lib_init_clock_1                    0x08000163   Thumb Code     0  libinit2.o(.ARM.Collect$$libinit$$00000021)
    __rt_lib_init_cpp_1                      0x08000163   Thumb Code     0  libinit2.o(.ARM.Collect$$libinit$$00000032)
    __rt_lib_init_exceptions_1               0x08000163   Thumb Code     0  libinit2.o(.ARM.Collect$$libinit$$00000030)
    __rt_lib_init_fp_1                       0x08000163   Thumb Code     0  libinit2.o(.ARM.Collect$$libinit$$00000002)
    __rt_lib_init_fp_trap_1                  0x08000163   Thumb Code     0  libinit2.o(.ARM.Collect$$libinit$$0000001F)
    __rt_lib_init_getenv_1                   0x08000163   Thumb Code     0  libinit2.o(.ARM.Collect$$libinit$$00000023)
    __rt_lib_init_heap_1                     0x08000163   Thumb Code     0  libinit2.o(.ARM.Collect$$libinit$$0000000A)
    __rt_lib_init_lc_collate_1               0x08000163   Thumb Code     0  libinit2.o(.ARM.Collect$$libinit$$00000011)
    __rt_lib_init_lc_ctype_1                 0x08000163   Thumb Code     0  libinit2.o(.ARM.Collect$$libinit$$00000013)
    __rt_lib_init_lc_monetary_1              0x08000163   Thumb Code     0  libinit2.o(.ARM.Collect$$libinit$$00000015)
    __rt_lib_init_lc_numeric_1               0x08000163   Thumb Code     0  libinit2.o(.ARM.Collect$$libinit$$00000017)
    __rt_lib_init_lc_time_1                  0x08000163   Thumb Code     0  libinit2.o(.ARM.Collect$$libinit$$00000019)
    __rt_lib_init_preinit_1                  0x08000163   Thumb Code     0  libinit2.o(.ARM.Collect$$libinit$$00000004)
    __rt_lib_init_rand_1                     0x08000163   Thumb Code     0  libinit2.o(.ARM.Collect$$libinit$$0000000E)
    __rt_lib_init_return                     0x08000163   Thumb Code     0  libinit2.o(.ARM.Collect$$libinit$$00000033)
    __rt_lib_init_signal_1                   0x08000163   Thumb Code     0  libinit2.o(.ARM.Collect$$libinit$$0000001D)
    __rt_lib_init_stdio_1                    0x08000163   Thumb Code     0  libinit2.o(.ARM.Collect$$libinit$$00000025)
    __rt_lib_init_user_alloc_1               0x08000163   Thumb Code     0  libinit2.o(.ARM.Collect$$libinit$$0000000C)
    __rt_lib_shutdown                        0x08000165   Thumb Code     0  libshutdown.o(.ARM.Collect$$libshutdown$$00000000)
    __rt_lib_shutdown_fp_trap_1              0x08000167   Thumb Code     0  libshutdown2.o(.ARM.Collect$$libshutdown$$00000006)
    __rt_lib_shutdown_heap_1                 0x08000167   Thumb Code     0  libshutdown2.o(.ARM.Collect$$libshutdown$$0000000E)
    __rt_lib_shutdown_return                 0x08000167   Thumb Code     0  libshutdown2.o(.ARM.Collect$$libshutdown$$0000000F)
    __rt_lib_shutdown_signal_1               0x08000167   Thumb Code     0  libshutdown2.o(.ARM.Collect$$libshutdown$$00000009)
    __rt_lib_shutdown_stdio_1                0x08000167   Thumb Code     0  libshutdown2.o(.ARM.Collect$$libshutdown$$00000003)
    __rt_lib_shutdown_user_alloc_1           0x08000167   Thumb Code     0  libshutdown2.o(.ARM.Collect$$libshutdown$$0000000B)
    __rt_entry                               0x08000169   Thumb Code     0  __rtentry.o(.ARM.Collect$$rtentry$$00000000)
    __rt_entry_presh_1                       0x08000169   Thumb Code     0  __rtentry2.o(.ARM.Collect$$rtentry$$00000002)
    __rt_entry_sh                            0x08000169   Thumb Code     0  __rtentry4.o(.ARM.Collect$$rtentry$$00000004)
    __rt_entry_li                            0x0800016f   Thumb Code     0  __rtentry2.o(.ARM.Collect$$rtentry$$0000000A)
    __rt_entry_postsh_1                      0x0800016f   Thumb Code     0  __rtentry2.o(.ARM.Collect$$rtentry$$00000009)
    __rt_entry_main                          0x08000173   Thumb Code     0  __rtentry2.o(.ARM.Collect$$rtentry$$0000000D)
    __rt_entry_postli_1                      0x08000173   Thumb Code     0  __rtentry2.o(.ARM.Collect$$rtentry$$0000000C)
    __rt_exit                                0x0800017b   Thumb Code     0  rtexit.o(.ARM.Collect$$rtexit$$00000000)
    __rt_exit_ls                             0x0800017d   Thumb Code     0  rtexit2.o(.ARM.Collect$$rtexit$$00000003)
    __rt_exit_prels_1                        0x0800017d   Thumb Code     0  rtexit2.o(.ARM.Collect$$rtexit$$00000002)
    __rt_exit_exit                           0x08000181   Thumb Code     0  rtexit2.o(.ARM.Collect$$rtexit$$00000004)
    wait                                     0x08000189   Thumb Code     2  setuart.o(.emb_text)
    main                                     0x0800018d   Thumb Code  1044  main.o(.text)
    DriverLED                                0x080005a1   Thumb Code    36  main.o(.text)
    BytesToDouble                            0x080005c5   Thumb Code   160  main.o(.text)
    FloatToBytes                             0x08000665   Thumb Code    28  main.o(.text)
    BytesToFloat                             0x08000681   Thumb Code    32  main.o(.text)
    CommandPaserOld                          0x080006a1   Thumb Code    70  commandparserold.o(.text)
    ResetReceivedState                       0x080006f5   Thumb Code    16  commandparser.o(.text)
    OnReceivedOk                             0x08000705   Thumb Code    64  commandparser.o(.text)
    OnReceivedError                          0x08000745   Thumb Code     8  commandparser.o(.text)
    OnReceivedByteIdle                       0x0800074d   Thumb Code    70  commandparser.o(.text)
    OnReceivedByteFA                         0x08000793   Thumb Code    50  commandparser.o(.text)
    OnReceivedByteFC                         0x080007c5   Thumb Code    50  commandparser.o(.text)
    OnReceivedByteFD                         0x080007f7   Thumb Code    50  commandparser.o(.text)
    IsValidBase64Byte                        0x08000829   Thumb Code    66  commandparser.o(.text)
    OnExpectByteFE                           0x0800086b   Thumb Code   124  commandparser.o(.text)
    OnReceivedCommandByte                    0x080008e7   Thumb Code    90  commandparser.o(.text)
    reportToARM9                             0x08000959   Thumb Code   834  commandgeneratorold.o(.text)
    ReportToARM9Base64                       0x08000ca1   Thumb Code  1474  commandgenerator.o(.text)
    SetSamplePump                            0x08001275   Thumb Code    28  executecommand.o(.text)
    SetSampleValve                           0x08001291   Thumb Code    28  executecommand.o(.text)
    SendSamplePipeLenCmd                     0x080012ad   Thumb Code    28  executecommand.o(.text)
    test_sample_pipe_len_cmd                 0x080012c9   Thumb Code    44  executecommand.o(.text)
    ExecuteValve                             0x080012f5   Thumb Code   166  executecommand.o(.text)
    ExecuteCommand                           0x0800139b   Thumb Code  1108  executecommand.o(.text)
    ADC_Configuration                        0x08001801   Thumb Code   216  setadc.o(.text)
    SetClock                                 0x080018e5   Thumb Code   216  setclock.o(.text)
    GPIO_Configuration                       0x080019c1   Thumb Code   704  setgpio.o(.text)
    GPIO_Initialization                      0x08001c81   Thumb Code    48  setgpio.o(.text)
    NVIC_Configuration                       0x08001cbd   Thumb Code   210  setnvic.o(.text)
    SysTick_Configuration                    0x08001db1   Thumb Code    54  setsystick.o(.text)
    SysTick_Handler                          0x08001de7   Thumb Code    18  setsystick.o(.text)
    delay_us                                 0x08001df9   Thumb Code    92  setsystick.o(.text)
    UART_Configuration                       0x08001e61   Thumb Code   232  setuart.o(.text)
    TxBufRelease                             0x08001f49   Thumb Code    78  setuart.o(.text)
    USART1_IRQHandler                        0x08001f97   Thumb Code    74  setuart.o(.text)
    TxBufRelease2                            0x08001fe1   Thumb Code    78  setuart.o(.text)
    USART2_IRQHandler                        0x0800202f   Thumb Code   184  setuart.o(.text)
    TxBufRelease3                            0x080020e7   Thumb Code    78  setuart.o(.text)
    USART3_IRQHandler                        0x08002135   Thumb Code   184  setuart.o(.text)
    TxBufFill                                0x080021ed   Thumb Code    62  setuart.o(.text)
    PutUART                                  0x0800222b   Thumb Code    44  setuart.o(.text)
    PutString                                0x08002257   Thumb Code   102  setuart.o(.text)
    PutBytes                                 0x080022bd   Thumb Code    48  setuart.o(.text)
    TxBufFill2                               0x080022ed   Thumb Code    62  setuart.o(.text)
    PutUART2                                 0x0800232b   Thumb Code    44  setuart.o(.text)
    PutString2                               0x08002357   Thumb Code    22  setuart.o(.text)
    TxBufFill3                               0x0800236d   Thumb Code    62  setuart.o(.text)
    PutUART3                                 0x080023ab   Thumb Code    44  setuart.o(.text)
    PutString3                               0x080023d7   Thumb Code    22  setuart.o(.text)
    HardFault_Handler                        0x080023ed   Thumb Code     8  setuart.o(.text)
    CAN_Configuration                        0x08002415   Thumb Code   180  setcan.o(.text)
    CAN_TX                                   0x080024c9   Thumb Code    54  setcan.o(.text)
    CAN_Interrupt                            0x080024ff   Thumb Code   652  setcan.o(.text)
    USB_LP_CAN1_RX0_IRQHandler               0x0800278b   Thumb Code    16  setcan.o(.text)
    Timer_Configuration                      0x080027ad   Thumb Code   126  settimer.o(.text)
    TIM1_UP_IRQHandler                       0x0800282b   Thumb Code    40  settimer.o(.text)
    TIM2_IRQHandler                          0x08002853   Thumb Code    40  settimer.o(.text)
    ds_GPIO                                  0x08002881   Thumb Code    44  ds18b20.o(.text)
    ds_reset                                 0x080028ad   Thumb Code   132  ds18b20.o(.text)
    ds_readbyte                              0x08002931   Thumb Code    86  ds18b20.o(.text)
    ds_writebyte                             0x08002987   Thumb Code    84  ds18b20.o(.text)
    ds_convert                               0x080029db   Thumb Code   120  ds18b20.o(.text)
    Read_DS18B20                             0x08002a53   Thumb Code   162  ds18b20.o(.text)
    Reset_Handler                            0x08002b09   Thumb Code     4  startup_stm32f10x_md.o(.text)
    NMI_Handler                              0x08002b0d   Thumb Code     2  startup_stm32f10x_md.o(.text)
    MemManage_Handler                        0x08002b11   Thumb Code     2  startup_stm32f10x_md.o(.text)
    BusFault_Handler                         0x08002b13   Thumb Code     2  startup_stm32f10x_md.o(.text)
    UsageFault_Handler                       0x08002b15   Thumb Code     2  startup_stm32f10x_md.o(.text)
    SVC_Handler                              0x08002b17   Thumb Code     2  startup_stm32f10x_md.o(.text)
    DebugMon_Handler                         0x08002b19   Thumb Code     2  startup_stm32f10x_md.o(.text)
    PendSV_Handler                           0x08002b1b   Thumb Code     2  startup_stm32f10x_md.o(.text)
    ADC1_2_IRQHandler                        0x08002b1f   Thumb Code     0  startup_stm32f10x_md.o(.text)
    CAN1_RX1_IRQHandler                      0x08002b1f   Thumb Code     0  startup_stm32f10x_md.o(.text)
    CAN1_SCE_IRQHandler                      0x08002b1f   Thumb Code     0  startup_stm32f10x_md.o(.text)
    DMA1_Channel1_IRQHandler                 0x08002b1f   Thumb Code     0  startup_stm32f10x_md.o(.text)
    DMA1_Channel2_IRQHandler                 0x08002b1f   Thumb Code     0  startup_stm32f10x_md.o(.text)
    DMA1_Channel3_IRQHandler                 0x08002b1f   Thumb Code     0  startup_stm32f10x_md.o(.text)
    DMA1_Channel4_IRQHandler                 0x08002b1f   Thumb Code     0  startup_stm32f10x_md.o(.text)
    DMA1_Channel5_IRQHandler                 0x08002b1f   Thumb Code     0  startup_stm32f10x_md.o(.text)
    DMA1_Channel6_IRQHandler                 0x08002b1f   Thumb Code     0  startup_stm32f10x_md.o(.text)
    DMA1_Channel7_IRQHandler                 0x08002b1f   Thumb Code     0  startup_stm32f10x_md.o(.text)
    EXTI0_IRQHandler                         0x08002b1f   Thumb Code     0  startup_stm32f10x_md.o(.text)
    EXTI15_10_IRQHandler                     0x08002b1f   Thumb Code     0  startup_stm32f10x_md.o(.text)
    EXTI1_IRQHandler                         0x08002b1f   Thumb Code     0  startup_stm32f10x_md.o(.text)
    EXTI2_IRQHandler                         0x08002b1f   Thumb Code     0  startup_stm32f10x_md.o(.text)
    EXTI3_IRQHandler                         0x08002b1f   Thumb Code     0  startup_stm32f10x_md.o(.text)
    EXTI4_IRQHandler                         0x08002b1f   Thumb Code     0  startup_stm32f10x_md.o(.text)
    EXTI9_5_IRQHandler                       0x08002b1f   Thumb Code     0  startup_stm32f10x_md.o(.text)
    FLASH_IRQHandler                         0x08002b1f   Thumb Code     0  startup_stm32f10x_md.o(.text)
    I2C1_ER_IRQHandler                       0x08002b1f   Thumb Code     0  startup_stm32f10x_md.o(.text)
    I2C1_EV_IRQHandler                       0x08002b1f   Thumb Code     0  startup_stm32f10x_md.o(.text)
    I2C2_ER_IRQHandler                       0x08002b1f   Thumb Code     0  startup_stm32f10x_md.o(.text)
    I2C2_EV_IRQHandler                       0x08002b1f   Thumb Code     0  startup_stm32f10x_md.o(.text)
    PVD_IRQHandler                           0x08002b1f   Thumb Code     0  startup_stm32f10x_md.o(.text)
    RCC_IRQHandler                           0x08002b1f   Thumb Code     0  startup_stm32f10x_md.o(.text)
    RTCAlarm_IRQHandler                      0x08002b1f   Thumb Code     0  startup_stm32f10x_md.o(.text)
    RTC_IRQHandler                           0x08002b1f   Thumb Code     0  startup_stm32f10x_md.o(.text)
    SPI1_IRQHandler                          0x08002b1f   Thumb Code     0  startup_stm32f10x_md.o(.text)
    SPI2_IRQHandler                          0x08002b1f   Thumb Code     0  startup_stm32f10x_md.o(.text)
    TAMPER_IRQHandler                        0x08002b1f   Thumb Code     0  startup_stm32f10x_md.o(.text)
    TIM1_BRK_IRQHandler                      0x08002b1f   Thumb Code     0  startup_stm32f10x_md.o(.text)
    TIM1_CC_IRQHandler                       0x08002b1f   Thumb Code     0  startup_stm32f10x_md.o(.text)
    TIM1_TRG_COM_IRQHandler                  0x08002b1f   Thumb Code     0  startup_stm32f10x_md.o(.text)
    TIM3_IRQHandler                          0x08002b1f   Thumb Code     0  startup_stm32f10x_md.o(.text)
    TIM4_IRQHandler                          0x08002b1f   Thumb Code     0  startup_stm32f10x_md.o(.text)
    USBWakeUp_IRQHandler                     0x08002b1f   Thumb Code     0  startup_stm32f10x_md.o(.text)
    USB_HP_CAN1_TX_IRQHandler                0x08002b1f   Thumb Code     0  startup_stm32f10x_md.o(.text)
    WWDG_IRQHandler                          0x08002b1f   Thumb Code     0  startup_stm32f10x_md.o(.text)
    __user_initial_stackheap                 0x08002b21   Thumb Code     0  startup_stm32f10x_md.o(.text)
    base64_encode                            0x08002b41   Thumb Code   212  base64.o(.text)
    base64_decode                            0x08002c15   Thumb Code   528  base64.o(.text)
    fnBase64Encode                           0x08002e25   Thumb Code   186  base64.o(.text)
    GetCharIndex                             0x08002edf   Thumb Code    76  base64.o(.text)
    fnBase64Decode                           0x08002f2b   Thumb Code   282  base64.o(.text)
    __use_two_region_memory                  0x08003049   Thumb Code     2  heapauxi.o(.text)
    __rt_heap_escrow$2region                 0x0800304b   Thumb Code     2  heapauxi.o(.text)
    __rt_heap_expand$2region                 0x0800304d   Thumb Code     2  heapauxi.o(.text)
    __user_setup_stackheap                   0x0800304f   Thumb Code    74  sys_stackheap_outer.o(.text)
    exit                                     0x08003099   Thumb Code    12  exit.o(.text)
    __user_libspace                          0x080030a5   Thumb Code     8  libspace.o(.text)
    __user_perproc_libspace                  0x080030a5   Thumb Code     0  libspace.o(.text)
    __user_perthread_libspace                0x080030a5   Thumb Code     0  libspace.o(.text)
    _sys_exit                                0x080030ad   Thumb Code     8  sys_exit.o(.text)
    __I$use$semihosting                      0x080030b9   Thumb Code     0  use_no_semi.o(.text)
    __use_no_semihosting_swi                 0x080030b9   Thumb Code     2  use_no_semi.o(.text)
    ADC_Cmd                                  0x080030bb   Thumb Code    18  stm32f10x_adc.o(i.ADC_Cmd)
    __semihosting_library_function           0x080030bb   Thumb Code     0  indicate_semi.o(.text)
    ADC_DMACmd                               0x080030cd   Thumb Code    18  stm32f10x_adc.o(i.ADC_DMACmd)
    ADC_GetCalibrationStatus                 0x080030df   Thumb Code    16  stm32f10x_adc.o(i.ADC_GetCalibrationStatus)
    ADC_GetResetCalibrationStatus            0x080030ef   Thumb Code    16  stm32f10x_adc.o(i.ADC_GetResetCalibrationStatus)
    ADC_Init                                 0x08003101   Thumb Code    74  stm32f10x_adc.o(i.ADC_Init)
    ADC_RegularChannelConfig                 0x08003151   Thumb Code   144  stm32f10x_adc.o(i.ADC_RegularChannelConfig)
    ADC_ResetCalibration                     0x080031e1   Thumb Code    10  stm32f10x_adc.o(i.ADC_ResetCalibration)
    ADC_SoftwareStartConvCmd                 0x080031eb   Thumb Code    18  stm32f10x_adc.o(i.ADC_SoftwareStartConvCmd)
    ADC_StartCalibration                     0x080031fd   Thumb Code    10  stm32f10x_adc.o(i.ADC_StartCalibration)
    ADC_TempSensorVrefintCmd                 0x08003209   Thumb Code    24  stm32f10x_adc.o(i.ADC_TempSensorVrefintCmd)
    CAN_ClearITPendingBit                    0x08003225   Thumb Code   144  stm32f10x_can.o(i.CAN_ClearITPendingBit)
    CAN_DeInit                               0x080032b5   Thumb Code    58  stm32f10x_can.o(i.CAN_DeInit)
    CAN_FilterInit                           0x080032f1   Thumb Code   222  stm32f10x_can.o(i.CAN_FilterInit)
    CAN_ITConfig                             0x080033d5   Thumb Code    16  stm32f10x_can.o(i.CAN_ITConfig)
    CAN_Init                                 0x080033e5   Thumb Code   244  stm32f10x_can.o(i.CAN_Init)
    CAN_Receive                              0x080034d9   Thumb Code   178  stm32f10x_can.o(i.CAN_Receive)
    CAN_StructInit                           0x0800358b   Thumb Code    32  stm32f10x_can.o(i.CAN_StructInit)
    CAN_Transmit                             0x080035ab   Thumb Code   184  stm32f10x_can.o(i.CAN_Transmit)
    CAN_TransmitStatus                       0x08003663   Thumb Code   130  stm32f10x_can.o(i.CAN_TransmitStatus)
    DMA_Cmd                                  0x080036e5   Thumb Code    18  stm32f10x_dma.o(i.DMA_Cmd)
    DMA_DeInit                               0x080036f9   Thumb Code   210  stm32f10x_dma.o(i.DMA_DeInit)
    DMA_Init                                 0x08003801   Thumb Code    72  stm32f10x_dma.o(i.DMA_Init)
    FLASH_PrefetchBufferCmd                  0x08003849   Thumb Code    18  stm32f10x_flash.o(i.FLASH_PrefetchBufferCmd)
    FLASH_SetLatency                         0x08003861   Thumb Code    14  stm32f10x_flash.o(i.FLASH_SetLatency)
    GPIO_Init                                0x08003875   Thumb Code   202  stm32f10x_gpio.o(i.GPIO_Init)
    GPIO_PinRemapConfig                      0x08003941   Thumb Code    84  stm32f10x_gpio.o(i.GPIO_PinRemapConfig)
    GPIO_StructInit                          0x08003999   Thumb Code    16  stm32f10x_gpio.o(i.GPIO_StructInit)
    NVIC_Init                                0x080039a9   Thumb Code   108  misc.o(i.NVIC_Init)
    NVIC_PriorityGroupConfig                 0x08003a15   Thumb Code    14  misc.o(i.NVIC_PriorityGroupConfig)
    NVIC_SetVectorTable                      0x08003a29   Thumb Code    16  misc.o(i.NVIC_SetVectorTable)
    RCC_ADCCLKConfig                         0x08003a3d   Thumb Code    14  stm32f10x_rcc.o(i.RCC_ADCCLKConfig)
    RCC_AHBPeriphClockCmd                    0x08003a51   Thumb Code    18  stm32f10x_rcc.o(i.RCC_AHBPeriphClockCmd)
    RCC_APB1PeriphClockCmd                   0x08003a69   Thumb Code    18  stm32f10x_rcc.o(i.RCC_APB1PeriphClockCmd)
    RCC_APB1PeriphResetCmd                   0x08003a81   Thumb Code    18  stm32f10x_rcc.o(i.RCC_APB1PeriphResetCmd)
    RCC_APB2PeriphClockCmd                   0x08003a99   Thumb Code    18  stm32f10x_rcc.o(i.RCC_APB2PeriphClockCmd)
    RCC_DeInit                               0x08003ab1   Thumb Code    54  stm32f10x_rcc.o(i.RCC_DeInit)
    RCC_GetClocksFreq                        0x08003af1   Thumb Code   148  stm32f10x_rcc.o(i.RCC_GetClocksFreq)
    RCC_GetFlagStatus                        0x08003b95   Thumb Code    42  stm32f10x_rcc.o(i.RCC_GetFlagStatus)
    RCC_GetSYSCLKSource                      0x08003bc5   Thumb Code    10  stm32f10x_rcc.o(i.RCC_GetSYSCLKSource)
    RCC_HCLKConfig                           0x08003bd5   Thumb Code    14  stm32f10x_rcc.o(i.RCC_HCLKConfig)
    RCC_HSEConfig                            0x08003be9   Thumb Code    50  stm32f10x_rcc.o(i.RCC_HSEConfig)
    RCC_HSICmd                               0x08003c21   Thumb Code     6  stm32f10x_rcc.o(i.RCC_HSICmd)
    RCC_PCLK1Config                          0x08003c2d   Thumb Code    14  stm32f10x_rcc.o(i.RCC_PCLK1Config)
    RCC_PCLK2Config                          0x08003c41   Thumb Code    16  stm32f10x_rcc.o(i.RCC_PCLK2Config)
    RCC_PLLCmd                               0x08003c55   Thumb Code     6  stm32f10x_rcc.o(i.RCC_PLLCmd)
    RCC_PLLConfig                            0x08003c61   Thumb Code    16  stm32f10x_rcc.o(i.RCC_PLLConfig)
    RCC_SYSCLKConfig                         0x08003c75   Thumb Code    14  stm32f10x_rcc.o(i.RCC_SYSCLKConfig)
    RCC_WaitForHSEStartUp                    0x08003c89   Thumb Code    48  stm32f10x_rcc.o(i.RCC_WaitForHSEStartUp)
    SysTick_CLKSourceConfig                  0x08003cbd   Thumb Code    22  misc.o(i.SysTick_CLKSourceConfig)
    TIM_ClearFlag                            0x08003cd3   Thumb Code     6  stm32f10x_tim.o(i.TIM_ClearFlag)
    TIM_Cmd                                  0x08003cd9   Thumb Code    22  stm32f10x_tim.o(i.TIM_Cmd)
    TIM_GetITStatus                          0x08003cef   Thumb Code    26  stm32f10x_tim.o(i.TIM_GetITStatus)
    TIM_ITConfig                             0x08003d09   Thumb Code    16  stm32f10x_tim.o(i.TIM_ITConfig)
    TIM_TimeBaseInit                         0x08003d19   Thumb Code    60  stm32f10x_tim.o(i.TIM_TimeBaseInit)
    USART_Cmd                                0x08003d55   Thumb Code    18  stm32f10x_usart.o(i.USART_Cmd)
    USART_GetFlagStatus                      0x08003d67   Thumb Code    14  stm32f10x_usart.o(i.USART_GetFlagStatus)
    USART_GetITStatus                        0x08003d75   Thumb Code    68  stm32f10x_usart.o(i.USART_GetITStatus)
    USART_ITConfig                           0x08003db9   Thumb Code    48  stm32f10x_usart.o(i.USART_ITConfig)
    USART_Init                               0x08003de9   Thumb Code   140  stm32f10x_usart.o(i.USART_Init)
    USART_ReceiveData                        0x08003e79   Thumb Code     8  stm32f10x_usart.o(i.USART_ReceiveData)
    USART_SendData                           0x08003e81   Thumb Code     8  stm32f10x_usart.o(i.USART_SendData)
    USART_StructInit                         0x08003e89   Thumb Code    22  stm32f10x_usart.o(i.USART_StructInit)
    __aeabi_fadd                             0x08003ea1   Thumb Code     0  faddsub_clz.o(x$fpl$fadd)
    _fadd                                    0x08003ea1   Thumb Code   196  faddsub_clz.o(x$fpl$fadd)
    __fpl_fcmp_Inf                           0x08003f65   Thumb Code    24  fcmpi.o(x$fpl$fcmpinf)
    __aeabi_fdiv                             0x08003f7d   Thumb Code     0  fdiv.o(x$fpl$fdiv)
    _fdiv                                    0x08003f7d   Thumb Code   384  fdiv.o(x$fpl$fdiv)
    __aeabi_f2iz                             0x08004101   Thumb Code     0  ffix.o(x$fpl$ffix)
    _ffix                                    0x08004101   Thumb Code    54  ffix.o(x$fpl$ffix)
    __aeabi_f2uiz                            0x08004139   Thumb Code     0  ffixu.o(x$fpl$ffixu)
    _ffixu                                   0x08004139   Thumb Code    62  ffixu.o(x$fpl$ffixu)
    __aeabi_i2f                              0x08004179   Thumb Code     0  fflt_clz.o(x$fpl$fflt)
    _fflt                                    0x08004179   Thumb Code    48  fflt_clz.o(x$fpl$fflt)
    __aeabi_ui2f                             0x080041a9   Thumb Code     0  fflt_clz.o(x$fpl$ffltu)
    _ffltu                                   0x080041a9   Thumb Code    38  fflt_clz.o(x$fpl$ffltu)
    __aeabi_cfcmple                          0x080041d1   Thumb Code     0  fleqf.o(x$fpl$fleqf)
    _fcmple                                  0x080041d1   Thumb Code   104  fleqf.o(x$fpl$fleqf)
    __fpl_fcmple_InfNaN                      0x08004223   Thumb Code     0  fleqf.o(x$fpl$fleqf)
    __aeabi_fmul                             0x08004239   Thumb Code     0  fmul.o(x$fpl$fmul)
    _fmul                                    0x08004239   Thumb Code   258  fmul.o(x$fpl$fmul)
    __fpl_fnaninf                            0x0800433b   Thumb Code   140  fnaninf.o(x$fpl$fnaninf)
    __fpl_fretinf                            0x080043c7   Thumb Code    10  fretinf.o(x$fpl$fretinf)
    __aeabi_cfrcmple                         0x080043d1   Thumb Code     0  frleqf.o(x$fpl$frleqf)
    _frcmple                                 0x080043d1   Thumb Code    98  frleqf.o(x$fpl$frleqf)
    __aeabi_fsub                             0x08004435   Thumb Code     0  faddsub_clz.o(x$fpl$fsub)
    _fsub                                    0x08004435   Thumb Code   234  faddsub_clz.o(x$fpl$fsub)
    __I$use$fp                               0x0800451e   Number         0  usenofp.o(x$fpl$usenofp)
    BASE_CODE                                0x08005820   Data          65  base64.o(.constdata)
    Region$$Table$$Base                      0x08005864   Number         0  anon$$obj.o(Region$$Table)
    Region$$Table$$Limit                     0x08005884   Number         0  anon$$obj.o(Region$$Table)
    SoftwareVersion                          0x20000000   Data           6  main.o(.data)
    MainControllerType                       0x20000008   Data           4  main.o(.data)
    ultrasound_timer                         0x2000000c   Data           4  main.o(.data)
    ultrasound_flag                          0x20000010   Data           1  main.o(.data)
    sensor                                   0x20000014   Data           4  main.o(.data)
    tempf                                    0x20000018   Data           4  main.o(.data)
    voltage_mean                             0x2000001c   Data           4  main.o(.data)
    voltage_count                            0x20000020   Data           4  main.o(.data)
    voltage_max                              0x20000024   Data           4  main.o(.data)
    time_flag                                0x20000028   Data           1  main.o(.data)
    ADCvoltage_meansum                       0x2000002c   Data           4  main.o(.data)
    ADCvoltage_meanmean                      0x20000030   Data           4  main.o(.data)
    ADCvoltage_meancount                     0x20000034   Data           1  main.o(.data)
    ADCmeanflag                              0x20000035   Data           1  main.o(.data)
    usv_protocol_version                     0x20000036   Data           1  main.o(.data)
    can_data_updating                        0x20000037   Data           1  main.o(.data)
    seroCommand                              0x20000038   Data           2  main.o(.data)
    properCommand                            0x2000003a   Data           2  main.o(.data)
    speekerstatus                            0x2000003c   Data           4  main.o(.data)
    alertledstatus                           0x20000040   Data           4  main.o(.data)
    Arm9Started                              0x20000055   Data           1  executecommand.o(.data)
    HSEStartUpStatus                         0x20000058   Data           1  setclock.o(.data)
    TimingDelay                              0x2000005c   Data           4  setsystick.o(.data)
    TxBufTop                                 0x20000060   Data           4  setuart.o(.data)
    TxBufBottom                              0x20000064   Data           4  setuart.o(.data)
    TxBufTop2                                0x20000068   Data           4  setuart.o(.data)
    TxBufBottom2                             0x2000006c   Data           4  setuart.o(.data)
    TxBufTop3                                0x20000070   Data           4  setuart.o(.data)
    TxBufBottom3                             0x20000074   Data           4  setuart.o(.data)
    TempBytes                                0x20000082   Data           4  ds18b20.o(.data)
    nu                                       0x20000086   Data           2  ds18b20.o(.data)
    GlobalVariable                           0x200000a0   Data         284  main.o(.bss)
    BoatData                                 0x200001bc   Data          48  main.o(.bss)
    ADCvoltage_meantable                     0x200001ec   Data         120  main.o(.bss)
    ADCConvert                               0x20000694   Data         300  setadc.o(.bss)
    TxBuf                                    0x200007c0   Data         400  setuart.o(.bss)
    TxBuf2                                   0x20000950   Data         400  setuart.o(.bss)
    TxBuf3                                   0x20000ae0   Data         400  setuart.o(.bss)
    RxMessage                                0x20000cac   Data          20  setcan.o(.bss)
    number                                   0x20000cc0   Data         300  ds18b20.o(.bss)
    __libspace_start                         0x20000dec   Data          96  libspace.o(.bss)
    __temporary_stack_top$libspace           0x20000e4c   Data           0  libspace.o(.bss)



==============================================================================

Memory Map of the image

  Image Entry point : 0x080000ed

  Load Region LR_IROM1 (Base: 0x08000000, Size: 0x00005924, Max: 0x00010000, ABSOLUTE)

    Execution Region ER_IROM1 (Base: 0x08000000, Size: 0x00005884, Max: 0x00010000, ABSOLUTE)

    Base Addr    Size         Type   Attr      Idx    E Section Name        Object

    0x08000000   0x000000ec   Data   RO          373    RESET               startup_stm32f10x_md.o
    0x080000ec   0x00000008   Code   RO         2079  * !!!main             c_w.l(__main.o)
    0x080000f4   0x00000034   Code   RO         2272    !!!scatter          c_w.l(__scatter.o)
    0x08000128   0x0000001a   Code   RO         2274    !!handler_copy      c_w.l(__scatter_copy.o)
    0x08000142   0x00000002   PAD
    0x08000144   0x0000001c   Code   RO         2276    !!handler_zi        c_w.l(__scatter_zi.o)
    0x08000160   0x00000002   Code   RO         2143    .ARM.Collect$$libinit$$00000000  c_w.l(libinit.o)
    0x08000162   0x00000000   Code   RO         2150    .ARM.Collect$$libinit$$00000002  c_w.l(libinit2.o)
    0x08000162   0x00000000   Code   RO         2152    .ARM.Collect$$libinit$$00000004  c_w.l(libinit2.o)
    0x08000162   0x00000000   Code   RO         2155    .ARM.Collect$$libinit$$0000000A  c_w.l(libinit2.o)
    0x08000162   0x00000000   Code   RO         2157    .ARM.Collect$$libinit$$0000000C  c_w.l(libinit2.o)
    0x08000162   0x00000000   Code   RO         2159    .ARM.Collect$$libinit$$0000000E  c_w.l(libinit2.o)
    0x08000162   0x00000000   Code   RO         2162    .ARM.Collect$$libinit$$00000011  c_w.l(libinit2.o)
    0x08000162   0x00000000   Code   RO         2164    .ARM.Collect$$libinit$$00000013  c_w.l(libinit2.o)
    0x08000162   0x00000000   Code   RO         2166    .ARM.Collect$$libinit$$00000015  c_w.l(libinit2.o)
    0x08000162   0x00000000   Code   RO         2168    .ARM.Collect$$libinit$$00000017  c_w.l(libinit2.o)
    0x08000162   0x00000000   Code   RO         2170    .ARM.Collect$$libinit$$00000019  c_w.l(libinit2.o)
    0x08000162   0x00000000   Code   RO         2172    .ARM.Collect$$libinit$$0000001B  c_w.l(libinit2.o)
    0x08000162   0x00000000   Code   RO         2174    .ARM.Collect$$libinit$$0000001D  c_w.l(libinit2.o)
    0x08000162   0x00000000   Code   RO         2176    .ARM.Collect$$libinit$$0000001F  c_w.l(libinit2.o)
    0x08000162   0x00000000   Code   RO         2178    .ARM.Collect$$libinit$$00000021  c_w.l(libinit2.o)
    0x08000162   0x00000000   Code   RO         2180    .ARM.Collect$$libinit$$00000023  c_w.l(libinit2.o)
    0x08000162   0x00000000   Code   RO         2182    .ARM.Collect$$libinit$$00000025  c_w.l(libinit2.o)
    0x08000162   0x00000000   Code   RO         2186    .ARM.Collect$$libinit$$0000002C  c_w.l(libinit2.o)
    0x08000162   0x00000000   Code   RO         2188    .ARM.Collect$$libinit$$0000002E  c_w.l(libinit2.o)
    0x08000162   0x00000000   Code   RO         2190    .ARM.Collect$$libinit$$00000030  c_w.l(libinit2.o)
    0x08000162   0x00000000   Code   RO         2192    .ARM.Collect$$libinit$$00000032  c_w.l(libinit2.o)
    0x08000162   0x00000002   Code   RO         2193    .ARM.Collect$$libinit$$00000033  c_w.l(libinit2.o)
    0x08000164   0x00000002   Code   RO         2213    .ARM.Collect$$libshutdown$$00000000  c_w.l(libshutdown.o)
    0x08000166   0x00000000   Code   RO         2227    .ARM.Collect$$libshutdown$$00000003  c_w.l(libshutdown2.o)
    0x08000166   0x00000000   Code   RO         2230    .ARM.Collect$$libshutdown$$00000006  c_w.l(libshutdown2.o)
    0x08000166   0x00000000   Code   RO         2233    .ARM.Collect$$libshutdown$$00000009  c_w.l(libshutdown2.o)
    0x08000166   0x00000000   Code   RO         2235    .ARM.Collect$$libshutdown$$0000000B  c_w.l(libshutdown2.o)
    0x08000166   0x00000000   Code   RO         2238    .ARM.Collect$$libshutdown$$0000000E  c_w.l(libshutdown2.o)
    0x08000166   0x00000002   Code   RO         2239    .ARM.Collect$$libshutdown$$0000000F  c_w.l(libshutdown2.o)
    0x08000168   0x00000000   Code   RO         2109    .ARM.Collect$$rtentry$$00000000  c_w.l(__rtentry.o)
    0x08000168   0x00000000   Code   RO         2118    .ARM.Collect$$rtentry$$00000002  c_w.l(__rtentry2.o)
    0x08000168   0x00000006   Code   RO         2130    .ARM.Collect$$rtentry$$00000004  c_w.l(__rtentry4.o)
    0x0800016e   0x00000000   Code   RO         2120    .ARM.Collect$$rtentry$$00000009  c_w.l(__rtentry2.o)
    0x0800016e   0x00000004   Code   RO         2121    .ARM.Collect$$rtentry$$0000000A  c_w.l(__rtentry2.o)
    0x08000172   0x00000000   Code   RO         2123    .ARM.Collect$$rtentry$$0000000C  c_w.l(__rtentry2.o)
    0x08000172   0x00000008   Code   RO         2124    .ARM.Collect$$rtentry$$0000000D  c_w.l(__rtentry2.o)
    0x0800017a   0x00000002   Code   RO         2147    .ARM.Collect$$rtexit$$00000000  c_w.l(rtexit.o)
    0x0800017c   0x00000000   Code   RO         2195    .ARM.Collect$$rtexit$$00000002  c_w.l(rtexit2.o)
    0x0800017c   0x00000004   Code   RO         2196    .ARM.Collect$$rtexit$$00000003  c_w.l(rtexit2.o)
    0x08000180   0x00000006   Code   RO         2197    .ARM.Collect$$rtexit$$00000004  c_w.l(rtexit2.o)
    0x08000186   0x00000002   PAD
    0x08000188   0x00000002   Code   RO          238    .emb_text           setuart.o
    0x0800018a   0x00000002   PAD
    0x0800018c   0x00000514   Code   RO            1    .text               main.o
    0x080006a0   0x00000054   Code   RO           75    .text               commandparserold.o
    0x080006f4   0x00000264   Code   RO          101    .text               commandparser.o
    0x08000958   0x00000348   Code   RO          119    .text               commandgeneratorold.o
    0x08000ca0   0x000005d4   Code   RO          131    .text               commandgenerator.o
    0x08001274   0x0000058c   Code   RO          146    .text               executecommand.o
    0x08001800   0x000000e4   Code   RO          166    .text               setadc.o
    0x080018e4   0x000000dc   Code   RO          181    .text               setclock.o
    0x080019c0   0x000002fc   Code   RO          196    .text               setgpio.o
    0x08001cbc   0x000000d2   Code   RO          208    .text               setnvic.o
    0x08001d8e   0x00000002   PAD
    0x08001d90   0x000000d0   Code   RO          220    .text               setsystick.o
    0x08001e60   0x000005b4   Code   RO          239    .text               setuart.o
    0x08002414   0x00000398   Code   RO          259    .text               setcan.o
    0x080027ac   0x000000d4   Code   RO          287    .text               settimer.o
    0x08002880   0x00000288   Code   RO          311    .text               ds18b20.o
    0x08002b08   0x00000038   Code   RO          374    .text               startup_stm32f10x_md.o
    0x08002b40   0x00000508   Code   RO          378    .text               base64.o
    0x08003048   0x00000006   Code   RO         2077    .text               c_w.l(heapauxi.o)
    0x0800304e   0x0000004a   Code   RO         2134    .text               c_w.l(sys_stackheap_outer.o)
    0x08003098   0x0000000c   Code   RO         2136    .text               c_w.l(exit.o)
    0x080030a4   0x00000008   Code   RO         2144    .text               c_w.l(libspace.o)
    0x080030ac   0x0000000c   Code   RO         2205    .text               c_w.l(sys_exit.o)
    0x080030b8   0x00000002   Code   RO         2216    .text               c_w.l(use_no_semi.o)
    0x080030ba   0x00000000   Code   RO         2218    .text               c_w.l(indicate_semi.o)
    0x080030ba   0x00000012   Code   RO          524    i.ADC_Cmd           lib.lib(stm32f10x_adc.o)
    0x080030cc   0x00000012   Code   RO          525    i.ADC_DMACmd        lib.lib(stm32f10x_adc.o)
    0x080030de   0x00000010   Code   RO          532    i.ADC_GetCalibrationStatus  lib.lib(stm32f10x_adc.o)
    0x080030ee   0x00000010   Code   RO          538    i.ADC_GetResetCalibrationStatus  lib.lib(stm32f10x_adc.o)
    0x080030fe   0x00000002   PAD
    0x08003100   0x00000050   Code   RO          542    i.ADC_Init          lib.lib(stm32f10x_adc.o)
    0x08003150   0x00000090   Code   RO          546    i.ADC_RegularChannelConfig  lib.lib(stm32f10x_adc.o)
    0x080031e0   0x0000000a   Code   RO          547    i.ADC_ResetCalibration  lib.lib(stm32f10x_adc.o)
    0x080031ea   0x00000012   Code   RO          549    i.ADC_SoftwareStartConvCmd  lib.lib(stm32f10x_adc.o)
    0x080031fc   0x0000000a   Code   RO          551    i.ADC_StartCalibration  lib.lib(stm32f10x_adc.o)
    0x08003206   0x00000002   PAD
    0x08003208   0x0000001c   Code   RO          553    i.ADC_TempSensorVrefintCmd  lib.lib(stm32f10x_adc.o)
    0x08003224   0x00000090   Code   RO          742    i.CAN_ClearITPendingBit  lib.lib(stm32f10x_can.o)
    0x080032b4   0x0000003a   Code   RO          744    i.CAN_DeInit        lib.lib(stm32f10x_can.o)
    0x080032ee   0x00000002   PAD
    0x080032f0   0x000000e4   Code   RO          746    i.CAN_FilterInit    lib.lib(stm32f10x_can.o)
    0x080033d4   0x00000010   Code   RO          749    i.CAN_ITConfig      lib.lib(stm32f10x_can.o)
    0x080033e4   0x000000f4   Code   RO          750    i.CAN_Init          lib.lib(stm32f10x_can.o)
    0x080034d8   0x000000b2   Code   RO          752    i.CAN_Receive       lib.lib(stm32f10x_can.o)
    0x0800358a   0x00000020   Code   RO          755    i.CAN_StructInit    lib.lib(stm32f10x_can.o)
    0x080035aa   0x000000b8   Code   RO          756    i.CAN_Transmit      lib.lib(stm32f10x_can.o)
    0x08003662   0x00000082   Code   RO          757    i.CAN_TransmitStatus  lib.lib(stm32f10x_can.o)
    0x080036e4   0x00000012   Code   RO          862    i.DMA_Cmd           lib.lib(stm32f10x_dma.o)
    0x080036f6   0x00000002   PAD
    0x080036f8   0x00000108   Code   RO          863    i.DMA_DeInit        lib.lib(stm32f10x_dma.o)
    0x08003800   0x00000048   Code   RO          868    i.DMA_Init          lib.lib(stm32f10x_dma.o)
    0x08003848   0x00000018   Code   RO          940    i.FLASH_PrefetchBufferCmd  lib.lib(stm32f10x_flash.o)
    0x08003860   0x00000014   Code   RO          945    i.FLASH_SetLatency  lib.lib(stm32f10x_flash.o)
    0x08003874   0x000000ca   Code   RO         1076    i.GPIO_Init         lib.lib(stm32f10x_gpio.o)
    0x0800393e   0x00000002   PAD
    0x08003940   0x00000058   Code   RO         1078    i.GPIO_PinRemapConfig  lib.lib(stm32f10x_gpio.o)
    0x08003998   0x00000010   Code   RO         1085    i.GPIO_StructInit   lib.lib(stm32f10x_gpio.o)
    0x080039a8   0x0000006c   Code   RO          400    i.NVIC_Init         lib.lib(misc.o)
    0x08003a14   0x00000014   Code   RO          401    i.NVIC_PriorityGroupConfig  lib.lib(misc.o)
    0x08003a28   0x00000014   Code   RO          402    i.NVIC_SetVectorTable  lib.lib(misc.o)
    0x08003a3c   0x00000014   Code   RO         1184    i.RCC_ADCCLKConfig  lib.lib(stm32f10x_rcc.o)
    0x08003a50   0x00000018   Code   RO         1185    i.RCC_AHBPeriphClockCmd  lib.lib(stm32f10x_rcc.o)
    0x08003a68   0x00000018   Code   RO         1186    i.RCC_APB1PeriphClockCmd  lib.lib(stm32f10x_rcc.o)
    0x08003a80   0x00000018   Code   RO         1187    i.RCC_APB1PeriphResetCmd  lib.lib(stm32f10x_rcc.o)
    0x08003a98   0x00000018   Code   RO         1188    i.RCC_APB2PeriphClockCmd  lib.lib(stm32f10x_rcc.o)
    0x08003ab0   0x00000040   Code   RO         1195    i.RCC_DeInit        lib.lib(stm32f10x_rcc.o)
    0x08003af0   0x000000a4   Code   RO         1196    i.RCC_GetClocksFreq  lib.lib(stm32f10x_rcc.o)
    0x08003b94   0x00000030   Code   RO         1197    i.RCC_GetFlagStatus  lib.lib(stm32f10x_rcc.o)
    0x08003bc4   0x00000010   Code   RO         1199    i.RCC_GetSYSCLKSource  lib.lib(stm32f10x_rcc.o)
    0x08003bd4   0x00000014   Code   RO         1200    i.RCC_HCLKConfig    lib.lib(stm32f10x_rcc.o)
    0x08003be8   0x00000038   Code   RO         1201    i.RCC_HSEConfig     lib.lib(stm32f10x_rcc.o)
    0x08003c20   0x0000000c   Code   RO         1202    i.RCC_HSICmd        lib.lib(stm32f10x_rcc.o)
    0x08003c2c   0x00000014   Code   RO         1207    i.RCC_PCLK1Config   lib.lib(stm32f10x_rcc.o)
    0x08003c40   0x00000014   Code   RO         1208    i.RCC_PCLK2Config   lib.lib(stm32f10x_rcc.o)
    0x08003c54   0x0000000c   Code   RO         1209    i.RCC_PLLCmd        lib.lib(stm32f10x_rcc.o)
    0x08003c60   0x00000014   Code   RO         1210    i.RCC_PLLConfig     lib.lib(stm32f10x_rcc.o)
    0x08003c74   0x00000014   Code   RO         1213    i.RCC_SYSCLKConfig  lib.lib(stm32f10x_rcc.o)
    0x08003c88   0x00000034   Code   RO         1215    i.RCC_WaitForHSEStartUp  lib.lib(stm32f10x_rcc.o)
    0x08003cbc   0x00000016   Code   RO          404    i.SysTick_CLKSourceConfig  lib.lib(misc.o)
    0x08003cd2   0x00000006   Code   RO         1390    i.TIM_ClearFlag     lib.lib(stm32f10x_tim.o)
    0x08003cd8   0x00000016   Code   RO         1396    i.TIM_Cmd           lib.lib(stm32f10x_tim.o)
    0x08003cee   0x0000001a   Code   RO         1417    i.TIM_GetITStatus   lib.lib(stm32f10x_tim.o)
    0x08003d08   0x00000010   Code   RO         1421    i.TIM_ITConfig      lib.lib(stm32f10x_tim.o)
    0x08003d18   0x0000003c   Code   RO         1467    i.TIM_TimeBaseInit  lib.lib(stm32f10x_tim.o)
    0x08003d54   0x00000012   Code   RO         1911    i.USART_Cmd         lib.lib(stm32f10x_usart.o)
    0x08003d66   0x0000000e   Code   RO         1914    i.USART_GetFlagStatus  lib.lib(stm32f10x_usart.o)
    0x08003d74   0x00000044   Code   RO         1915    i.USART_GetITStatus  lib.lib(stm32f10x_usart.o)
    0x08003db8   0x00000030   Code   RO         1917    i.USART_ITConfig    lib.lib(stm32f10x_usart.o)
    0x08003de8   0x00000090   Code   RO         1918    i.USART_Init        lib.lib(stm32f10x_usart.o)
    0x08003e78   0x00000008   Code   RO         1923    i.USART_ReceiveData  lib.lib(stm32f10x_usart.o)
    0x08003e80   0x00000008   Code   RO         1926    i.USART_SendData    lib.lib(stm32f10x_usart.o)
    0x08003e88   0x00000016   Code   RO         1932    i.USART_StructInit  lib.lib(stm32f10x_usart.o)
    0x08003e9e   0x00000002   PAD
    0x08003ea0   0x000000c4   Code   RO         2081    x$fpl$fadd          fz_ws.l(faddsub_clz.o)
    0x08003f64   0x00000018   Code   RO         2132    x$fpl$fcmpinf       fz_ws.l(fcmpi.o)
    0x08003f7c   0x00000184   Code   RO         2088    x$fpl$fdiv          fz_ws.l(fdiv.o)
    0x08004100   0x00000036   Code   RO         2091    x$fpl$ffix          fz_ws.l(ffix.o)
    0x08004136   0x00000002   PAD
    0x08004138   0x0000003e   Code   RO         2095    x$fpl$ffixu         fz_ws.l(ffixu.o)
    0x08004176   0x00000002   PAD
    0x08004178   0x00000030   Code   RO         2100    x$fpl$fflt          fz_ws.l(fflt_clz.o)
    0x080041a8   0x00000026   Code   RO         2099    x$fpl$ffltu         fz_ws.l(fflt_clz.o)
    0x080041ce   0x00000002   PAD
    0x080041d0   0x00000068   Code   RO         2110    x$fpl$fleqf         fz_ws.l(fleqf.o)
    0x08004238   0x00000102   Code   RO         2105    x$fpl$fmul          fz_ws.l(fmul.o)
    0x0800433a   0x0000008c   Code   RO         2112    x$fpl$fnaninf       fz_ws.l(fnaninf.o)
    0x080043c6   0x0000000a   Code   RO         2114    x$fpl$fretinf       fz_ws.l(fretinf.o)
    0x080043d0   0x00000062   Code   RO         2107    x$fpl$frleqf        fz_ws.l(frleqf.o)
    0x08004432   0x00000002   PAD
    0x08004434   0x000000ea   Code   RO         2083    x$fpl$fsub          fz_ws.l(faddsub_clz.o)
    0x0800451e   0x00000000   Code   RO         2116    x$fpl$usenofp       fz_ws.l(usenofp.o)
    0x0800451e   0x00000002   PAD
    0x08004520   0x00001341   Data   RO          379    .constdata          base64.o
    0x08005861   0x00000003   PAD
    0x08005864   0x00000020   Data   RO         2270    Region$$Table       anon$$obj.o


    Execution Region RW_IRAM1 (Base: 0x20000000, Size: 0x00001450, Max: 0x00005000, ABSOLUTE)

    Base Addr    Size         Type   Attr      Idx    E Section Name        Object

    0x20000000   0x00000044   Data   RW            3    .data               main.o
    0x20000044   0x00000004   Data   RW           77    .data               commandparserold.o
    0x20000048   0x0000000c   Data   RW          103    .data               commandparser.o
    0x20000054   0x00000001   Data   RW          133    .data               commandgenerator.o
    0x20000055   0x00000003   Data   RW          148    .data               executecommand.o
    0x20000058   0x00000001   Data   RW          182    .data               setclock.o
    0x20000059   0x00000003   PAD
    0x2000005c   0x00000004   Data   RW          221    .data               setsystick.o
    0x20000060   0x00000022   Data   RW          241    .data               setuart.o
    0x20000082   0x00000006   Data   RW          313    .data               ds18b20.o
    0x20000088   0x00000004   Data   RW          380    .data               base64.o
    0x2000008c   0x00000014   Data   RW         1216    .data               lib.lib(stm32f10x_rcc.o)
    0x200000a0   0x000001c4   Zero   RW            2    .bss                main.o
    0x20000264   0x0000001e   Zero   RW           76    .bss                commandparserold.o
    0x20000282   0x00000118   Zero   RW          102    .bss                commandparser.o
    0x2000039a   0x000002bc   Zero   RW          132    .bss                commandgenerator.o
    0x20000656   0x00000002   PAD
    0x20000658   0x0000003c   Zero   RW          147    .bss                executecommand.o
    0x20000694   0x0000012c   Zero   RW          167    .bss                setadc.o
    0x200007c0   0x000004ec   Zero   RW          240    .bss                setuart.o
    0x20000cac   0x00000014   Zero   RW          260    .bss                setcan.o
    0x20000cc0   0x0000012c   Zero   RW          312    .bss                ds18b20.o
    0x20000dec   0x00000060   Zero   RW         2145    .bss                c_w.l(libspace.o)
    0x20000e4c   0x00000004   PAD
    0x20000e50   0x00000200   Zero   RW          372    HEAP                startup_stm32f10x_md.o
    0x20001050   0x00000400   Zero   RW          371    STACK               startup_stm32f10x_md.o


==============================================================================

Image component sizes


      Code (inc. data)   RO Data    RW Data    ZI Data      Debug   Object Name

      1288         36       4929          4          0       3769   base64.o
      1492         30          0          1        700       1953   commandgenerator.o
       840          6          0          0          0       1127   commandgeneratorold.o
       612         30          0         12        280       3583   commandparser.o
        84         14          0          4         30       4404   commandparserold.o
       648         20          0          6        300       2741   ds18b20.o
      1420         70          0          3         60       3083   executecommand.o
      1300        122          0         68        452     267183   main.o
       228         12          0          0        300       1181   setadc.o
       920         24          0          0         20       2497   setcan.o
       220          4          0          1          0        782   setclock.o
       764         12          0          0          0       1073   setgpio.o
       210          0          0          0          0        605   setnvic.o
       208         12          0          4          0       1619   setsystick.o
       212          6          0          0          0        809   settimer.o
      1462        112          0         34       1260       5418   setuart.o
        56         22        236          0       1536        844   startup_stm32f10x_md.o

    ----------------------------------------------------------------------
     11968        532       5200        140       4940     302671   Object Totals
         0          0         32          0          0          0   (incl. Generated)
         4          0          3          3          2          0   (incl. Padding)

    ----------------------------------------------------------------------

      Code (inc. data)   RO Data    RW Data    ZI Data      Debug   Library Member Name

         8          0          0          0          0         68   __main.o
         0          0          0          0          0          0   __rtentry.o
        12          0          0          0          0          0   __rtentry2.o
         6          0          0          0          0          0   __rtentry4.o
        52          8          0          0          0          0   __scatter.o
        26          0          0          0          0          0   __scatter_copy.o
        28          0          0          0          0          0   __scatter_zi.o
        12          0          0          0          0         72   exit.o
         6          0          0          0          0        152   heapauxi.o
         0          0          0          0          0          0   indicate_semi.o
         2          0          0          0          0          0   libinit.o
         2          0          0          0          0          0   libinit2.o
         2          0          0          0          0          0   libshutdown.o
         2          0          0          0          0          0   libshutdown2.o
         8          4          0          0         96         68   libspace.o
         2          0          0          0          0          0   rtexit.o
        10          0          0          0          0          0   rtexit2.o
        12          4          0          0          0         68   sys_exit.o
        74          0          0          0          0         80   sys_stackheap_outer.o
         2          0          0          0          0         68   use_no_semi.o
       430          8          0          0          0        168   faddsub_clz.o
        24          0          0          0          0         68   fcmpi.o
       388         76          0          0          0         96   fdiv.o
        54          4          0          0          0         84   ffix.o
        62          4          0          0          0         84   ffixu.o
        86          0          0          0          0        136   fflt_clz.o
       104          4          0          0          0         84   fleqf.o
       258          4          0          0          0         84   fmul.o
       140          4          0          0          0         84   fnaninf.o
        10          0          0          0          0         68   fretinf.o
        98          0          0          0          0         68   frleqf.o
         0          0          0          0          0          0   usenofp.o
       170         10          0          0          0     269579   misc.o
       358         10          0          0          0       7440   stm32f10x_adc.o
      1214          6          0          0          0       7757   stm32f10x_can.o
       354         54          0          0          0       2786   stm32f10x_dma.o
        44         12          0          0          0        937   stm32f10x_flash.o
       306          4          0          0          0       3048   stm32f10x_gpio.o
       640        116          0         20          0      11483   stm32f10x_rcc.o
       130          0          0          0          0       6529   stm32f10x_tim.o
       330          4          0          0          0       5988   stm32f10x_usart.o

    ----------------------------------------------------------------------
      5492        336          0         20        100     317147   Library Totals
        26          0          0          0          4          0   (incl. Padding)

    ----------------------------------------------------------------------

      Code (inc. data)   RO Data    RW Data    ZI Data      Debug   Library Name

       266         16          0          0         96        576   c_w.l
      1654        104          0          0          0       1024   fz_ws.l
      3546        216          0         20          0     315547   lib.lib

    ----------------------------------------------------------------------
      5492        336          0         20        100     317147   Library Totals

    ----------------------------------------------------------------------

==============================================================================


      Code (inc. data)   RO Data    RW Data    ZI Data      Debug   

     17460        868       5200        160       5040     615092   Grand Totals
     17460        868       5200        160       5040     615092   ELF Image Totals
     17460        868       5200        160          0          0   ROM Totals

==============================================================================

    Total RO  Size (Code + RO Data)                22660 (  22.13kB)
    Total RW  Size (RW Data + ZI Data)              5200 (   5.08kB)
    Total ROM Size (Code + RO Data + RW Data)      22820 (  22.29kB)

==============================================================================

