<html>
<body>
<pre>
<h1>µVision Build Log</h1>
<h2>Tool Versions:</h2>
IDE-Version: ¦ÌVision V5.12.0.0
Copyright (C) 2014 ARM Ltd and ARM Germany GmbH. All rights reserved.
License Information: Sim Zhao, yunzhou-tech, LIC=BL2Y8-3XAFK-WII5K-ZZC32-G59IY-FVTV0
 
Tool Versions:
Toolchain:       MDK-ARM Professional  Version: 5.12.0.0
Toolchain Path:  d:\Keil_v5\ARM\ARMCC\Bin
C Compiler:      Armcc.exe V5.05 (build 41)
Assembler:       Armasm.exe V5.05 (build 41)
Linker/Locator:  ArmLink.exe V5.05 (build 41)
Library Manager: ArmAr.exe V5.05 (build 41)
Hex Converter:   FromElf.exe V5.05 (build 41)
CPU DLL:         SARMCM3.DLL V5.12.0.0
Dialog DLL:      DCM.DLL V1.13.0.0
    Target DLL: STLink\ST-LINKIII-KEIL_SWO.dll
Dialog DLL:      TCM.DLL V1.14.2.0
 
<h2>Project:</h2>
E:\1_ÃúÕÂ\9_software\Project\ETH\STM32F4x7_ETH_LwIP_V1.0.0\Project\Standalone\httpserver\MDK-ARM\Project.uvproj
Project File Date:  07/04/2014

<h2>Output:</h2>
Build target 'STM324xG_EVAL'
compiling system_stm32f4xx.c...
assembling startup_stm32f4xx.s...
compiling main.c...
compiling netconf.c...
compiling stm32f4x7_eth_bsp.c...
compiling stm32f4xx_it.c...
compiling fs.c...
compiling serial_debug.c...
compiling httpd_cgi_ssi.c...
compiling httpd.c...
..\src\httpd.c(2047): warning:  #177-D: variable "lpcb" was declared but never referenced
    struct tcp_pcb_listen *lpcb = (struct tcp_pcb_listen*)arg;
..\src\httpd.c: 1 warning, 0 errors
compiling api_lib.c...
compiling api_msg.c...
compiling err.c...
compiling netbuf.c...
compiling netdb.c...
compiling netifapi.c...
compiling sockets.c...
compiling tcpip.c...
compiling dhcp.c...
compiling dns.c...
compiling init.c...
compiling mem.c...
..\..\..\..\Utilities\Third_Party\lwip_v1.3.2\src\core\mem.c(184): warning:  #550-D: variable "mem_sem" was set but never used
  static sys_sem_t mem_sem;
..\..\..\..\Utilities\Third_Party\lwip_v1.3.2\src\core\mem.c: 1 warning, 0 errors
compiling memp.c...
compiling netif.c...
compiling pbuf.c...
compiling raw.c...
compiling stats.c...
compiling sys.c...
compiling tcp.c...
compiling tcp_in.c...
compiling tcp_out.c...
..\..\..\..\Utilities\Third_Party\lwip_v1.3.2\src\core\tcp_out.c(465): warning:  #550-D: variable "tcphdr" was set but never used
    struct tcp_hdr *tcphdr;
..\..\..\..\Utilities\Third_Party\lwip_v1.3.2\src\core\tcp_out.c(935): warning:  #550-D: variable "tcphdr" was set but never used
    struct tcp_hdr *tcphdr;
..\..\..\..\Utilities\Third_Party\lwip_v1.3.2\src\core\tcp_out.c: 2 warnings, 0 errors
compiling udp.c...
compiling autoip.c...
compiling icmp.c...
compiling igmp.c...
compiling inet.c...
compiling inet_chksum.c...
compiling ip.c...
compiling ip_addr.c...
compiling ip_frag.c...
compiling etharp.c...
compiling loopif.c...
compiling slipif.c...
compiling ethernetif.c...
compiling stm32f4xx_usart.c...
compiling misc.c...
compiling stm32f4xx_adc.c...
compiling stm32f4xx_dma.c...
compiling stm32f4xx_exti.c...
compiling stm32f4xx_flash.c...
compiling stm32f4xx_fsmc.c...
compiling stm32f4xx_gpio.c...
compiling stm32f4xx_rcc.c...
compiling stm32f4xx_sdio.c...
compiling stm32f4xx_syscfg.c...
compiling stm32f4xx_i2c.c...
compiling stm32f4x7_eth.c...
compiling stm324xg_eval_lcd.c...
compiling stm324xg_eval.c...
linking...
Program Size: Code=27400 RO-data=57788 RW-data=340 ZI-data=32948  
".\STM324xG_EVAL\STM324xG_EVAL.axf" - 0 Error(s), 4 Warning(s).
Load "E:\\1_ÃúÕÂ\\9_software\\Project\\ETH\\STM32F4x7_ETH_LwIP_V1.0.0\\Project\\Standalone\\httpserver\\MDK-ARM\\STM324xG_EVAL\\STM324xG_EVAL.axf" 
Error: Flash Download failed  -  Target DLL has been cancelled
Load "E:\\1_ÃúÕÂ\\9_software\\Project\\ETH\\STM32F4x7_ETH_LwIP_V1.0.0\\Project\\Standalone\\httpserver\\MDK-ARM\\STM324xG_EVAL\\STM324xG_EVAL.axf" 
Error: Flash Download failed  -  Target DLL has been cancelled
Load "E:\\1_ÃúÕÂ\\9_software\\Project\\ETH\\STM32F4x7_ETH_LwIP_V1.0.0\\Project\\Standalone\\httpserver\\MDK-ARM\\STM324xG_EVAL\\STM324xG_EVAL.axf" 
Error: Flash Download failed  -  Target DLL has been cancelled
Load "E:\\1_ÃúÕÂ\\9_software\\Project\\ETH\\STM32F4x7_ETH_LwIP_V1.0.0\\Project\\Standalone\\httpserver\\MDK-ARM\\STM324xG_EVAL\\STM324xG_EVAL.axf" 
Set JLink Project File to "E:\1_ÃúÕÂ\9_software\Project\ETH\STM32F4x7_ETH_LwIP_V1.0.0\Project\Standalone\httpserver\MDK-ARM\JLinkSettings.ini"
* JLink Info: Device "STM32F407IG" selected (1024 KB flash, 128 KB RAM).
 
JLink info:
------------
DLL: V4.91b, compiled Sep 15 2014 09:17:56
Firmware: J-Link ARM V8 compiled Jan 31 2018 18:34:52
Hardware: V8.00
S/N : 20080643 
Feature(s) : RDI,FlashDL,FlashBP,JFlash,GDBFull 
 
* JLink Info: Found SWD-DP with ID 0x2BA01477
* JLink Info: Found SWD-DP with ID 0x2BA01477
* JLink Info: Found Cortex-M4 r0p1, Little endian.
* JLink Info: FPUnit: 6 code (BP) slots and 2 literal slots
* JLink Info: TPIU fitted.
* JLink Info: ETM fitted.
ROMTableAddr = 0xE00FF003
 
Target info:
------------
Device: STM32F407IG
VTarget = 3.228V
State of Pins: 
TCK: 0, TDI: 1, TDO: 1, TMS: 0, TRES: 1, TRST: 1
Hardware-Breakpoints: 6
Software-Breakpoints: 8192
Watchpoints:          4
JTAG speed: 4000 kHz
 
Erase Done.
Programming Done.
Verify OK.
Application running ...
</pre>
</body>
</html>
