<html>
<body>
<pre>
<h1>µVision Build Log</h1>
<h2>Tool Versions:</h2>
IDE-Version: ¦ÌVision V5.12.0.0
Copyright (C) 2014 ARM Ltd and ARM Germany GmbH. All rights reserved.
License Information: Sim Zhao, yunzhou-tech, LIC=BL2Y8-3XAFK-WII5K-ZZC32-G59IY-FVTV0
 
Tool Versions:
Toolchain:       MDK-ARM Professional  Version: 5.12.0.0
Toolchain Path:  d:\Keil_v5\ARM\ARMCC\Bin
C Compiler:      Armcc.exe V5.05 (build 41)
Assembler:       Armasm.exe V5.05 (build 41)
Linker/Locator:  ArmLink.exe V5.05 (build 41)
Library Manager: ArmAr.exe V5.05 (build 41)
Hex Converter:   FromElf.exe V5.05 (build 41)
CPU DLL:         SARMCM3.DLL V5.12.0.0
Dialog DLL:      DCM.DLL V1.13.0.0
    Target DLL: Segger\JL2CM3.dll
Dialog DLL:      TCM.DLL V1.14.2.0
 
<h2>Project:</h2>
E:\6_stm32_project\Open429I-C-Demo\Project\4_RCG1.5_USART_DMA\MDK-ARM\Project.uvprojx
Project File Date:  05/13/2015

<h2>Output:</h2>
Build target 'STM32F429_439xx'
compiling main.c...
..\main.c(87): warning:  #1035-D: single-precision operand implicitly converted to double-precision
                AD_value_1 = (float)(AD_value_1/65535)*3.3;
..\main.c(91): warning:  #1035-D: single-precision operand implicitly converted to double-precision
                AD_value_2 = (float)(AD_value_2/65535)*3.3;
..\main.c(95): warning:  #1035-D: single-precision operand implicitly converted to double-precision
                AD_value_3 = (float)(AD_value_3/65535)*3.3;
..\main.c(99): warning:  #1035-D: single-precision operand implicitly converted to double-precision
                AD_value_4 = (float)(AD_value_4/65535)*3.3;
..\main.c(103): warning:  #1035-D: single-precision operand implicitly converted to double-precision
                AD_value_5 = (float)(AD_value_5/65535)*3.3;
..\main.c(107): warning:  #1035-D: single-precision operand implicitly converted to double-precision
                AD_value_6 = (float)(AD_value_6/65535)*3.3;
..\main.c: 6 warnings, 0 errors
linking...
Program Size: Code=6512 RO-data=532 RW-data=44 ZI-data=1036  
".\STM32F429_439xx\STM32F429_439xx.axf" - 0 Error(s), 6 Warning(s).
Load "E:\\6_stm32_project\\Open429I-C-Demo\\Project\\4_RCG1.5_USART_DMA\\MDK-ARM\\STM32F429_439xx\\STM32F429_439xx.axf" 
Set JLink Project File to "E:\6_stm32_project\Open429I-C-Demo\Project\4_RCG1.5_USART_DMA\MDK-ARM\JLinkSettings.ini"
* JLink Info: Device "STM32F439II" selected (2048 KB flash, 192 KB RAM).
 
JLink info:
------------
DLL: V4.91b, compiled Sep 15 2014 09:17:56
Firmware: J-Link V9 compiled Oct 28 2014 19:25:34
Hardware: V9.00
Feature(s) : GDB, RDI, FlashBP, FlashDL, JFlash 
 
* JLink Info: TotalIRLen = 9, IRPrint = 0x0011
* JLink Info: TotalIRLen = 9, IRPrint = 0x0011
* JLink Info: Found Cortex-M4 r0p1, Little endian.
* JLink Info: FPUnit: 6 code (BP) slots and 2 literal slots
* JLink Info: TPIU fitted.
* JLink Info: ETM fitted.
ROMTableAddr = 0xE00FF003
 
Target info:
------------
Device: STM32F439II
VTarget = 3.266V
State of Pins: 
TCK: 1, TDI: 0, TDO: 0, TMS: 0, TRES: 1, TRST: 1
Hardware-Breakpoints: 6
Software-Breakpoints: 8192
Watchpoints:          4
JTAG speed: 5000 kHz
 
Erase Done.
Programming Done.
Verify OK.
Application running ...
</pre>
</body>
</html>
 "E:\\6_stm32_project\\Open429I-C-Demo\\Project\\4_RCG1.5_USART_DMA\\MDK-ARM\\STM32F429_439xx\\STM32F429_439xx.axf" 
Set JLink Project File to "E:\6_stm32_project\Open429I-C-Demo\Project\4_RCG1.5_USART_DMA\MDK-ARM\JLinkSettings.ini"
* JLink Info: Device "STM32F439II" selected (2048 KB flash, 192 KB RAM).
 
JLink info:
------------
DLL: V4.91b, compiled Sep 15 2014 09:17:56
Firmware: J-Link V9 compiled Oct 28 2014 19:25:34
Hardware: V9.00
Feature(s) : GDB, RDI, FlashBP, FlashDL, JFlash 
 
* JLink Info: TotalIRLen = 9, IRPrint = 0x0011
* JLink Info: TotalIRLen = 9, IRPrint = 0x0011
* JLink Info: Found Cortex-M4 r0p1, Little endian.
* JLink Info: FPUnit: 6 code (BP) slots and 2 literal slots
* JLink Info: TPIU fitted.
* JLink Info: ETM fitted.
ROMTableAddr = 0xE00FF003
 
Target info:
------------
Device: STM32F439II
VTarget = 3.261V
State of Pins: 
TCK: 1, TDI: 0, TDO: 0, TMS: 0, TRES: 1, TRST: 1
Hardware-Breakpoints: 6
Software-Breakpoints: 8192
Watchpoints:          4
JTAG speed: 5000 kHz
 
Erase Done.
Programming Done.
Verify OK.
Application running ...
