<html>
<body>
<pre>
<h1>礦ision Build Log</h1>
<h2>Tool Versions:</h2>
IDE-Version: μVision V5.12.0.0
Copyright (C) 2014 ARM Ltd and ARM Germany GmbH. All rights reserved.
License Information: Sim Zhao, yunzhou, LIC=TA3CX-HLVNL-JPWZQ-NMZGG-H5EIR-BXTXP
 
Tool Versions:
Toolchain:       MDK-ARM Professional  Version: 5.12.0.0
Toolchain Path:  d:\Keil_v5\ARM\ARMCC\Bin
C Compiler:      Armcc.exe V5.05 (build 41)
Assembler:       Armasm.exe V5.05 (build 41)
Linker/Locator:  ArmLink.exe V5.05 (build 41)
Library Manager: ArmAr.exe V5.05 (build 41)
Hex Converter:   FromElf.exe V5.05 (build 41)
CPU DLL:         SARMCM3.DLL V5.12.0.0
Dialog DLL:      DCM.DLL V1.13.0.0
    Target DLL: Segger\JL2CM3.dll
Dialog DLL:      TCM.DLL V1.14.2.0
 
<h2>Project:</h2>
E:\1_铭章\4_新无人船开发\2_遥控板\3_采购单\1_测试平台采购单\1_waveshare_429平台\Open429I-C-Demo\Open429I-C-Demo\Project\OV2640_UART\MDK-ARM\Project.uvproj
Project File Date:  07/04/2014

<h2>Output:</h2>
Build target 'STM32F429_439xx'
compiling system_stm32f4xx.c...
assembling startup_stm32f429_439xx.s...
compiling misc.c...
compiling stm32f4xx_can.c...
compiling stm32f4xx_cryp.c...
compiling stm32f4xx_cryp_des.c...
compiling stm32f4xx_dac.c...
compiling stm32f4xx_dcmi.c...
compiling stm32f4xx_dma2d.c...
compiling stm32f4xx_flash.c...
compiling stm32f4xx_hash.c...
compiling stm32f4xx_hash_sha1.c...
compiling stm32f4xx_iwdg.c...
compiling stm32f4xx_pwr.c...
compiling stm32f4xx_rng.c...
compiling stm32f4xx_sai.c...
compiling stm32f4xx_spi.c...
compiling stm32f4xx_tim.c...
compiling stm32f4xx_wwdg.c...
compiling stm32f4xx_adc.c...
compiling stm32f4xx_cryp_aes.c...
compiling stm32f4xx_dbgmcu.c...
compiling stm32f4xx_exti.c...
compiling stm32f4xx_gpio.c...
compiling stm32f4xx_i2c.c...
compiling stm32f4xx_rcc.c...
compiling stm32f4xx_sdio.c...
compiling stm32f4xx_usart.c...
compiling stm32f4xx_crc.c...
compiling stm32f4xx_dma.c...
compiling stm32f4xx_hash_md5.c...
compiling stm32f4xx_rtc.c...
compiling stm32f4xx_cryp_tdes.c...
compiling stm32f4xx_ltdc.c...
compiling stm32f4xx_syscfg.c...
compiling stm32f4xx_fmc.c...
compiling main.c...
compiling stm32f4xx_it.c...
compiling stm324x9i_eval.c...
compiling usart.c...
compiling dcmi_OV2640.c...
..\camera\dcmi_OV2640.c(86): warning:  #177-D: variable "DMA_InitStructure" was declared but never referenced
    DMA_InitTypeDef  DMA_InitStructure;
..\camera\dcmi_OV2640.c: 1 warning, 0 errors
compiling SCCB.C...
linking...
Program Size: Code=5964 RO-data=1404 RW-data=124 ZI-data=34820  
FromELF: creating hex file...
".\STM32F429_439xx\STM32F429_439xx.axf" - 0 Error(s), 1 Warning(s).
</pre>
</body>
</html>
