<html>
<body>
<pre>
<h1>µVision Build Log</h1>
<h2>Tool Versions:</h2>
IDE-Version: ¶ÃVision V5.12.0.0
Copyright (C) 2014 ARM Ltd and ARM Germany GmbH. All rights reserved.
License Information: Sim Zhao, yunzhou-tech, LIC=BL2Y8-3XAFK-WII5K-ZZC32-G59IY-FVTV0
 
Tool Versions:
Toolchain:       MDK-ARM Professional  Version: 5.12.0.0
Toolchain Path:  d:\Keil_v5\ARM\ARMCC\Bin
C Compiler:      Armcc.exe V5.05 (build 41)
Assembler:       Armasm.exe V5.05 (build 41)
Linker/Locator:  ArmLink.exe V5.05 (build 41)
Library Manager: ArmAr.exe V5.05 (build 41)
Hex Converter:   FromElf.exe V5.05 (build 41)
CPU DLL:         SARMCM3.DLL V5.12.0.0
Dialog DLL:      DCM.DLL V1.13.0.0
    Target DLL: Segger\JL2CM3.dll
Dialog DLL:      TCM.DLL V1.14.2.0
 
<h2>Project:</h2>
E:\6_stm32_project\Open429I-C-Demo\Project\18_Yunzhou_remote(V5.0.6_“∫æß¡¡∂»º∞…˘“Ù)\MDK-ARM\STM32F429I-Discovery_Demo.uvproj
Project File Date:  06/15/2015

<h2>Output:</h2>
Build target 'STM32F429I-Discovery_Demo'
compiling bsp.c...
..\Core\User\bsp.c(72): warning:  #177-D: variable "ccr1" was declared but never referenced
    int ccr1 = TimerPeriod / 2;         //50%
..\Core\User\bsp.c(75): warning:  #177-D: variable "ccr3" was declared but never referenced
    int ccr3 = TimerPeriod / 4;         //25%
..\Core\User\bsp.c(76): warning:  #177-D: variable "ccr4" was declared but never referenced
    int ccr4 = TimerPeriod / 5;         //20%
..\Core\User\bsp.c(315): warning:  #940-D: missing return statement at end of non-void function "BSP_TS_Init"
  }
..\Core\User\bsp.c: 4 warnings, 0 errors
compiling joystick_app.c...
..\Core\User\joystick_app.c(167): warning:  #177-D: variable "debugbuffer" was declared but never referenced
        u8 debugbuffer[32];
..\Core\User\joystick_app.c(308): warning:  #177-D: variable "debugbuffer" was declared but never referenced
        u8 debugbuffer[32];
..\Core\User\joystick_app.c: 2 warnings, 0 errors
linking...
Program Size: Code=96296 RO-data=280812 RW-data=1280 ZI-data=4385304  
FromELF: creating hex file...
".\STM32F429I-Discovery_Demo\STM32F429I-Discovery_Demo.axf" - 0 Error(s), 6 Warning(s).
Load "E:\\6_stm32_project\\Open429I-C-Demo\\Project\\18_Yunzhou_remote(V5.0.6_“∫æß¡¡∂»º∞…˘“Ù)\\MDK-ARM\\STM32F429I-Discovery_Demo\\STM32F429I-Discovery_Demo.axf" 
Set JLink Project File to "E:\6_stm32_project\Open429I-C-Demo\Project\18_Yunzhou_remote(V5.0.6_“∫æß¡¡∂»º∞…˘“Ù)\MDK-ARM\JLinkSettings.ini"
* JLink Info: Device "STM32F429IG" selected (1024 KB flash, 192 KB RAM).
 
JLink info:
------------
DLL: V4.91b, compiled Sep 15 2014 09:17:56
Firmware: J-Link V9 compiled Oct 28 2014 19:25:34
Hardware: V9.00
Feature(s) : GDB, RDI, FlashBP, FlashDL, JFlash 
 
* JLink Info: Found SWD-DP with ID 0x2BA01477
* JLink Info: Found SWD-DP with ID 0x2BA01477
* JLink Info: Found Cortex-M4 r0p1, Little endian.
* JLink Info: FPUnit: 6 code (BP) slots and 2 literal slots
* JLink Info: TPIU fitted.
* JLink Info: ETM fitted.
ROMTableAddr = 0xE00FF003
 
Target info:
------------
Device: STM32F429IG
VTarget = 3.343V
State of Pins: 
TCK: 0, TDI: 0, TDO: 0, TMS: 1, TRES: 1, TRST: 0
Hardware-Breakpoints: 6
Software-Breakpoints: 8192
Watchpoints:          4
JTAG speed: 4000 kHz
 
Erase Done.
Programming Done.
Verify OK.
Application running ...
</pre>
</body>
</html>
RDI, FlashBP, FlashDL, JFlash 
 
* JLink Info: STM32 (connect): Can not attach to CPU. Trying connect under reset.
Error: Flash Download failed  -  Target DLL has been cancelled
Load "E:\\6_stm32_project\\Open429I-C-Demo\\Project\\18_Yunzhou_remote(V5.0.6_“∫æß¡¡∂»º∞…˘“Ù)\\MDK-ARM\\STM32F429I-Discovery_Demo\\STM32F429I-Discovery_Demo.axf" 
Set JLink Project File to "E:\6_stm32_project\Open429I-C-Demo\Project\18_Yunzhou_remote(V5.0.6_“∫æß¡¡∂»º∞…˘“Ù)\MDK-ARM\JLinkSettings.ini"
* JLink Info: Device "STM32F429IG" selected (1024 KB flash, 192 KB RAM).
 
JLink info:
------------
DLL: V4.91b, compiled Sep 15 2014 09:17:56
Firmware: J-Link V9 compiled Oct 28 2014 19:25:34
Hardware: V9.00
Feature(s) : GDB, RDI, FlashBP, FlashDL, JFlash 
 
* JLink Info: STM32 (connect): Can not attach to CPU. Trying connect under reset.
Error: Flash Download failed  -  Target DLL has been cancelled
Load "E:\\6_stm32_project\\Open429I-C-Demo\\Project\\18_Yunzhou_remote(V5.0.6_“∫æß¡¡∂»º∞…˘“Ù)\\MDK-ARM\\STM32F429I-Discovery_Demo\\STM32F429I-Discovery_Demo.axf" 
Set JLink Project File to "E:\6_stm32_project\Open429I-C-Demo\Project\18_Yunzhou_remote(V5.0.6_“∫æß¡¡∂»º∞…˘“Ù)\MDK-ARM\JLinkSettings.ini"
* JLink Info: Device "STM32F429IG" selected (1024 KB flash, 192 KB RAM).
 
JLink info:
------------
DLL: V4.91b, compiled Sep 15 2014 09:17:56
Firmware: J-Link V9 compiled Oct 28 2014 19:25:34
Hardware: V9.00
Feature(s) : GDB, RDI, FlashBP, FlashDL, JFlash 
 
* JLink Info: STM32 (connect): Can not attach to CPU. Trying connect under reset.
Error: Flash Download failed  -  Target DLL has been cancelled
Load "E:\\6_stm32_project\\Open429I-C-Demo\\Project\\18_Yunzhou_remote(V5.0.6_“∫æß¡¡∂»º∞…˘“Ù)\\MDK-ARM\\STM32F429I-Discovery_Demo\\STM32F429I-Discovery_Demo.axf" 
Set JLink Project File to "E:\6_stm32_project\Open429I-C-Demo\Project\18_Yunzhou_remote(V5.0.6_“∫æß¡¡∂»º∞…˘“Ù)\MDK-ARM\JLinkSettings.ini"
* JLink Info: Device "STM32F429IG" selected (1024 KB flash, 192 KB RAM).
 
JLink info:
------------
DLL: V4.91b, compiled Sep 15 2014 09:17:56
Firmware: J-Link V9 compiled Oct 28 2014 19:25:34
Hardware: V9.00
Feature(s) : GDB, RDI, FlashBP, FlashDL, JFlash 
 
* JLink Info: Found SWD-DP with ID 0x2BA01477
* JLink Info: Found SWD-DP with ID 0x2BA01477
* JLink Info: Found Cortex-M4 r0p1, Little endian.
* JLink Info: FPUnit: 6 code (BP) slots and 2 literal slots
* JLink Info: TPIU fitted.
* JLink Info: ETM fitted.
ROMTableAddr = 0xE00FF003
 
Target info:
------------
Device: STM32F429IG
VTarget = 3.345V
State of Pins: 
TCK: 0, TDI: 0, TDO: 0, TMS: 1, TRES: 1, TRST: 0
Hardware-Breakpoints: 6
Software-Breakpoints: 8192
Watchpoints:          4
JTAG speed: 4000 kHz
 
Erase Done.
Programming Done.
Verify OK.
Application running ...
