<html>
<body>
<pre>
<h1>礦ision Build Log</h1>
<h2>Tool Versions:</h2>
IDE-Version: μVision V5.14.0.0
Copyright (C) 2015 ARM Ltd and ARM Germany GmbH. All rights reserved.
License Information: jsdfs dfs, sdfas, LIC=3UUKP-M8XVS-ZD9K6-DKBKL-E4BUX-57SU1
 
Tool Versions:
Toolchain:       MDK-ARM Professional  Version: 5.14.0.0
Toolchain Path:  C:\Keil_v5\ARM\ARMCC\Bin
C Compiler:      Armcc.exe V5.05 update 1 (build 106)
Assembler:       Armasm.exe V5.05 update 1 (build 106)
Linker/Locator:  ArmLink.exe V5.05 update 1 (build 106)
Library Manager: ArmAr.exe V5.05 update 1 (build 106)
Hex Converter:   FromElf.exe V5.05 update 1 (build 106)
CPU DLL:         SARMCM3.DLL V5.14.0.0
Dialog DLL:      DCM.DLL V1.13.1.0
Target DLL:      Segger\JL2CM3.dll V2.99.13.0
Dialog DLL:      TCM.DLL V1.14.4.0
 
<h2>Project:</h2>
C:\RuanJG\project\svn_new\Archment\摇控器\src\Project\18_Yunzhou_remote(V5.1.9_推进灵敏度降低显示_电池电量修正_图标新增)\MDK-ARM\V5_Remote_Controller.uvproj
Project File Date:  10/09/2015

<h2>Output:</h2>
Build target 'xtend915'
compiling bsp.c...
..\Core\User\bsp.c(75): warning:  #177-D: variable "ccr1" was declared but never referenced
    int ccr1 = TimerPeriod / 2;         //50%
..\Core\User\bsp.c(88): warning:  #177-D: variable "ccr3" was declared but never referenced
    int ccr3 = TimerPeriod / 4;         //25%
..\Core\User\bsp.c(89): warning:  #177-D: variable "ccr4" was declared but never referenced
    int ccr4 = TimerPeriod / 5;         //20%
..\Core\User\bsp.c(331): warning:  #940-D: missing return statement at end of non-void function "BSP_TS_Init"
  }
..\Core\User\bsp.c: 4 warnings, 0 errors
compiling fatfs_drv.c...
compiling main.c...
compiling rtc.c...
compiling stm32xxx_it.c...
compiling system_stm32f4xx.c...
compiling usb_bsp.c...
compiling usbh_usr.c...
compiling cpu_utils.c...
compiling file_utils.c...
compiling str_utils.c...
compiling time_utils.c...
assembling startup_stm32f429_439xx.s...
compiling TouchPanel.c...
compiling usbd_desc.c...
compiling usbd_usr.c...
compiling SetUART.c...
..\Core\User\SetUART.c(46): warning:  #177-D: variable "DMA_InitStructure" was declared but never referenced
        DMA_InitTypeDef   DMA_InitStructure;
..\Core\User\SetUART.c: 1 warning, 0 errors
compiling SetADC.c...
compiling UI_app.c...
..\Core\User\UI_app.c(67): warning:  #177-D: variable "pointi" was declared but never referenced
        uint8_t pointi = 0, tempi = 0;
..\Core\User\UI_app.c(67): warning:  #177-D: variable "tempi" was declared but never referenced
        uint8_t pointi = 0, tempi = 0;
..\Core\User\UI_app.c(69): warning:  #177-D: variable "pointi2" was declared but never referenced
        uint16_t pointi2 = 0;
..\Core\User\UI_app.c(70): warning:  #177-D: variable "tempChar" was declared but never referenced
        char tempChar[20];
..\Core\User\UI_app.c(736): warning:  #177-D: variable "tempChar" was declared but never referenced
        char tempChar[30];      
..\Core\User\UI_app.c(910): warning:  #177-D: variable "tempChar" was declared but never referenced
        char tempChar[30];      
..\Core\User\UI_app.c(911): warning:  #177-D: variable "temp_i" was declared but never referenced
        uint16_t temp_i = 0;
..\Core\User\UI_app.c(2118): warning:  #177-D: variable "last_temp_num" was declared but never referenced
        uint16_t temp_num = 0, last_temp_num = 0;
..\Core\User\UI_app.c: 8 warnings, 0 errors
compiling keyboard_app.c...
compiling joystick_app.c...
..\Core\User\joystick_app.c(53): warning:  #177-D: variable "i_temp" was declared but never referenced
        uint16_t J_Temp = 0, i_temp = 0;
..\Core\User\joystick_app.c(54): warning:  #177-D: variable "count_temp" was declared but never referenced
        int count_temp = 0;
..\Core\User\joystick_app.c(275): warning:  #177-D: variable "debugbuffer" was declared but never referenced
        u8 debugbuffer[32];
..\Core\User\joystick_app.c(416): warning:  #177-D: variable "debugbuffer" was declared but never referenced
        u8 debugbuffer[32];
..\Core\User\joystick_app.c: 4 warnings, 0 errors
compiling Xtend_900.c...
..\Core\User\Xtend_900.c(211): warning:  #177-D: variable "i" was declared but never referenced
        uint8_t i;
..\Core\User\Xtend_900.c: 1 warning, 0 errors
compiling m_flash.c...
compiling local_handle.c...
compiling base64.c...
compiling RFSession.c...
..\Core\User\RFSession.c(163): warning:  #177-D: variable "i" was declared but never referenced
        int i;
..\Core\User\RFSession.c(773): warning:  #177-D: variable "percent" was declared but never referenced
        float percent;
..\Core\User\RFSession.c(774): warning:  #177-D: variable "tempvalue" was declared but never referenced
        int tempvalue;
..\Core\User\RFSession.c(2651): warning:  #177-D: variable "endindex" was declared but never referenced
        int endindex = startindex + len;
..\Core\User\RFSession.c: 4 warnings, 0 errors
compiling set_timer.c...
compiling GUIConf.c...
compiling GUI_X_FreeRTOS.c...
compiling stm32f429i_discovery.c...
compiling stm32f429i_discovery_ioe.c...
compiling stm32f429i_discovery_lcd.c...
..\..\..\Utilities\STM32F429I-Discovery\stm32f429i_discovery_lcd.c(1595): warning:  #177-D: function "delay" was declared but never referenced
  static void delay(__IO uint32_t nCount)
..\..\..\Utilities\STM32F429I-Discovery\stm32f429i_discovery_lcd.c: 1 warning, 0 errors
compiling stm32f429i_discovery_sdram.c...
compiling usbd_hid_core.c...
compiling usbd_core.c...
compiling usbd_ioreq.c...
compiling usbd_req.c...
compiling usb_core.c...
compiling usb_dcd.c...
compiling usb_dcd_int.c...
compiling usb_hcd.c...
compiling usb_hcd_int.c...
compiling usbh_msc_bot.c...
compiling usbh_msc_core.c...
compiling usbh_msc_scsi.c...
compiling usbh_core.c...
compiling usbh_hcs.c...
compiling usbh_ioreq.c...
compiling usbh_stdreq.c...
compiling misc.c...
compiling stm32f4xx_adc.c...
compiling stm32f4xx_dcmi.c...
compiling stm32f4xx_dma.c...
compiling stm32f4xx_dma2d.c...
compiling stm32f4xx_exti.c...
compiling stm32f4xx_flash.c...
compiling stm32f4xx_fmc.c...
compiling stm32f4xx_gpio.c...
compiling stm32f4xx_i2c.c...
compiling stm32f4xx_ltdc.c...
compiling stm32f4xx_pwr.c...
compiling stm32f4xx_rcc.c...
compiling stm32f4xx_rng.c...
compiling stm32f4xx_rtc.c...
compiling stm32f4xx_sdio.c...
compiling stm32f4xx_spi.c...
compiling stm32f4xx_syscfg.c...
compiling stm32f4xx_tim.c...
compiling stm32f4xx_usart.c...
compiling GUIDRV_stm32f429i_discovery.c...
..\..\..\Libraries\STemWinLibrary522_4x9i\Config\GUIDRV_stm32f429i_discovery.c(886): warning:  #177-D: function "_LCD_DisplayOn" was declared but never referenced
  static void _LCD_DisplayOn(void) {
..\..\..\Libraries\STemWinLibrary522_4x9i\Config\GUIDRV_stm32f429i_discovery.c: 1 warning, 0 errors
compiling ff.c...
compiling syscall.c...
compiling croutine.c...
compiling list.c...
compiling queue.c...
compiling tasks.c...
compiling timers.c...
compiling heap_2.c...
compiling port_cm4.c...
linking...
Program Size: Code=126524 RO-data=263896 RW-data=3860 ZI-data=4385364  
FromELF: creating hex file...
".\STM32F429I-Discovery_Demo\xtend915\STM32F429I-Discovery_Demo.axf" - 0 Error(s), 24 Warning(s).
</pre>
</body>
</html>
