<html>
<body>
<pre>
<h1>礦ision Build Log</h1>
<h2>Tool Versions:</h2>
IDE-Version: μVision V5.14.0.0
Copyright (C) 2015 ARM Ltd and ARM Germany GmbH. All rights reserved.
License Information: jsdfs dfs, sdfas, LIC=3UUKP-M8XVS-ZD9K6-DKBKL-E4BUX-57SU1
 
Tool Versions:
Toolchain:       MDK-ARM Professional  Version: 5.14.0.0
Toolchain Path:  C:\Keil_v5\ARM\ARMCC\Bin
C Compiler:      Armcc.exe V5.05 update 1 (build 106)
Assembler:       Armasm.exe V5.05 update 1 (build 106)
Linker/Locator:  ArmLink.exe V5.05 update 1 (build 106)
Library Manager: ArmAr.exe V5.05 update 1 (build 106)
Hex Converter:   FromElf.exe V5.05 update 1 (build 106)
CPU DLL:         SARMCM3.DLL V5.14.0.0
Dialog DLL:      DCM.DLL V1.13.1.0
Target DLL:      Segger\JL2CM3.dll V2.99.13.0
Dialog DLL:      TCM.DLL V1.14.4.0
 
<h2>Project:</h2>
C:\RuanJG\project\svn_new\Archment\摇控器\src\Project\18_Yunzhou_remote(V5.1.9_推进灵敏度降低显示_电池电量修正_图标新增)\MDK-ARM\V5_Remote_Controller.uvproj
Project File Date:  10/24/2016

<h2>Output:</h2>
Build target 'xtend915'
compiling driver_xtend900.c...
..\Core\NewApp\driver\driver_xtend900.h(32): warning:  #1-D: last line of file ends without a newline
  #endif
..\Core\NewApp\driver\driver_xtend900.c(158): warning:  #223-D: function "vTaskDelay" declared implicitly
                vTaskDelay(1);
..\Core\NewApp\driver\driver_xtend900.c(174): warning:  #223-D: function "vTaskDelay" declared implicitly
                vTaskDelay(1);
..\Core\NewApp\driver\driver_xtend900.c(165): warning:  #177-D: variable "index" was declared but never referenced
        int index=0, count=0;
..\Core\NewApp\driver\driver_xtend900.c(213): warning:  #167-D: argument of type "unsigned char *" is incompatible with parameter of type "const char *restrict"
        printf(buffer);
..\Core\NewApp\driver\driver_xtend900.c(274): warning:  #223-D: function "vTaskDelay" declared implicitly
        vTaskDelay(3000);//在进入AT模式前，要停止发送数据 2S 以上 
..\Core\NewApp\driver\driver_xtend900.c(298): warning:  #167-D: argument of type "char *" is incompatible with parameter of type "unsigned char *"
        _xtend_putCmd(_sendBuffer);
..\Core\NewApp\driver\driver_xtend900.c(319): warning:  #167-D: argument of type "volatile unsigned char *" is incompatible with parameter of type "unsigned char *"
        translate_parma_frome_string(reloadConfig, _uart_buffer, _uart_buffer_index);
..\Core\NewApp\driver\driver_xtend900.c(354): warning:  #223-D: function "vTaskDelay" declared implicitly
        vTaskDelay(3000);
..\Core\NewApp\driver\driver_xtend900.c(380): warning:  #167-D: argument of type "volatile unsigned char *" is incompatible with parameter of type "unsigned char *"
        translate_parma_frome_string(config, _uart_buffer, _uart_buffer_index);
..\Core\NewApp\driver\driver_xtend900.c: 10 warnings, 0 errors
linking...
Program Size: Code=63144 RO-data=18260 RW-data=2888 ZI-data=4381208  
FromELF: creating hex file...
".\STM32F429I-Discovery_Demo\xtend915\STM32F429I-Discovery_Demo.axf" - 0 Error(s), 10 Warning(s).
</pre>
</body>
</html>
