<html>
<body>
<pre>
<h1>µVision Build Log</h1>
<h2>Tool Versions:</h2>
IDE-Version: ¦ÌVision V5.12.0.0
Copyright (C) 2014 ARM Ltd and ARM Germany GmbH. All rights reserved.
License Information: Sim Zhao, yunzhou-tech, LIC=BL2Y8-3XAFK-WII5K-ZZC32-G59IY-FVTV0
 
Tool Versions:
Toolchain:       MDK-ARM Professional  Version: 5.12.0.0
Toolchain Path:  d:\Keil_v5\ARM\ARMCC\Bin
C Compiler:      Armcc.exe V5.05 (build 41)
Assembler:       Armasm.exe V5.05 (build 41)
Linker/Locator:  ArmLink.exe V5.05 (build 41)
Library Manager: ArmAr.exe V5.05 (build 41)
Hex Converter:   FromElf.exe V5.05 (build 41)
CPU DLL:         SARMCM3.DLL V5.12.0.0
Dialog DLL:      DCM.DLL V1.13.0.0
    Target DLL: Segger\JL2CM3.dll
Dialog DLL:      TCM.DLL V1.14.2.0
 
<h2>Project:</h2>
E:\1_ÃúÕÂ\9_software\Project\18_Yunzhou_remote(V5.1.7_433jizuo)\MDK-ARM\V5_Remote_Controller.uvproj
Project File Date:  10/09/2015

<h2>Output:</h2>
Build target 'xtend915'
compiling UI_app.c...
..\Core\User\UI_app.c(67): warning:  #177-D: variable "pointi" was declared but never referenced
        uint8_t pointi = 0, tempi = 0;
..\Core\User\UI_app.c(67): warning:  #177-D: variable "tempi" was declared but never referenced
        uint8_t pointi = 0, tempi = 0;
..\Core\User\UI_app.c(69): warning:  #177-D: variable "pointi2" was declared but never referenced
        uint16_t pointi2 = 0;
..\Core\User\UI_app.c(70): warning:  #177-D: variable "tempChar" was declared but never referenced
        char tempChar[20];
..\Core\User\UI_app.c(736): warning:  #177-D: variable "tempChar" was declared but never referenced
        char tempChar[30];      
..\Core\User\UI_app.c(910): warning:  #177-D: variable "tempChar" was declared but never referenced
        char tempChar[30];      
..\Core\User\UI_app.c(911): warning:  #177-D: variable "temp_i" was declared but never referenced
        uint16_t temp_i = 0;
..\Core\User\UI_app.c(2108): warning:  #177-D: variable "last_temp_num" was declared but never referenced
        uint16_t temp_num = 0, last_temp_num = 0;
..\Core\User\UI_app.c: 8 warnings, 0 errors
compiling Xtend_900.c...
..\Core\User\Xtend_900.c(363): warning:  #940-D: missing return statement at end of non-void function "get_TX_Power"
  }
..\Core\User\Xtend_900.c: 1 warning, 0 errors
linking...
Program Size: Code=126384 RO-data=263896 RW-data=3860 ZI-data=4385364  
FromELF: creating hex file...
".\STM32F429I-Discovery_Demo\xtend915\STM32F429I-Discovery_Demo.axf" - 0 Error(s), 9 Warning(s).
Load "E:\\1_ÃúÕÂ\\9_software\\Project\\18_Yunzhou_remote(V5.1.7_433jizuo)\\MDK-ARM\\STM32F429I-Discovery_Demo\\xtend915\\STM32F429I-Discovery_Demo.axf" 
Set JLink Project File to "E:\1_ÃúÕÂ\9_software\Project\18_Yunzhou_remote(V5.1.7_433jizuo)\MDK-ARM\JLinkSettings.ini"
* JLink Info: Device "STM32F429IG" selected (1024 KB flash, 192 KB RAM).
 
JLink info:
------------
DLL: V4.91b, compiled Sep 15 2014 09:17:56
Firmware: J-Link ARM V8 compiled Jan 31 2018 18:34:52
Hardware: V8.00
S/N : 20080643 
Feature(s) : RDI,FlashDL,FlashBP,JFlash,GDBFull 
 
* JLink Info: Found SWD-DP with ID 0x2BA01477
* JLink Info: Found SWD-DP with ID 0x2BA01477
* JLink Info: Found Cortex-M4 r0p1, Little endian.
* JLink Info: FPUnit: 6 code (BP) slots and 2 literal slots
* JLink Info: TPIU fitted.
* JLink Info: ETM fitted.
ROMTableAddr = 0xE00FF003
 
Target info:
------------
Device: STM32F429IG
VTarget = 3.254V
State of Pins: 
TCK: 0, TDI: 0, TDO: 0, TMS: 0, TRES: 1, TRST: 0
Hardware-Breakpoints: 6
Software-Breakpoints: 8192
Watchpoints:          4
JTAG speed: 2000 kHz
 
Erase Done.
Programming Done.
Verify OK.
Application running ...
