<html>
<body>
<pre>
<h1>礦ision Build Log</h1>
<h2>Tool Versions:</h2>
IDE-Version: μVision V5.14.0.0
Copyright (C) 2015 ARM Ltd and ARM Germany GmbH. All rights reserved.
License Information: jsdfs dfs, sdfas, LIC=3UUKP-M8XVS-ZD9K6-DKBKL-E4BUX-57SU1
 
Tool Versions:
Toolchain:       MDK-ARM Professional  Version: 5.14.0.0
Toolchain Path:  C:\Keil_v5\ARM\ARMCC\Bin
C Compiler:      Armcc.exe V5.05 update 1 (build 106)
Assembler:       Armasm.exe V5.05 update 1 (build 106)
Linker/Locator:  ArmLink.exe V5.05 update 1 (build 106)
Library Manager: ArmAr.exe V5.05 update 1 (build 106)
Hex Converter:   FromElf.exe V5.05 update 1 (build 106)
CPU DLL:         SARMCM3.DLL V5.14.0.0
Dialog DLL:      DCM.DLL V1.13.1.0
Target DLL:      Segger\JL2CM3.dll V2.99.13.0
Dialog DLL:      TCM.DLL V1.14.4.0
 
<h2>Project:</h2>
C:\RuanJG\project\svn_new\Archment\摇控器\src\0_参考文档\2_技术参考\实验36 外部SRAM实验\USER\SRAM.uvprojx
Project File Date:  10/19/2016

<h2>Output:</h2>
Build target 'SRAM'
compiling usart.c...
linking...
Program Size: Code=27214 RO-data=6574 RW-data=56 ZI-data=1001848  
FromELF: creating hex file...
"..\OBJ\SRAM.axf" - 0 Error(s), 0 Warning(s).

<h2>Collection of Component include folders:</h2>
  C:\RuanJG\project\svn_new\Archment\摇控器\src\0_参考文档\2_技术参考\实验36 外部SRAM实验\USER\RTE
  C:\Keil_v5\ARM\PACK\Keil\STM32F4xx_DFP\2.9.0

<h2>Collection of Component Files used:</h2>
</pre>
</body>
</html>
