Component: ARM Compiler 5.05 update 1 (build 106) Tool: armlink [4d0efa]

==============================================================================

Section Cross References

    main.o(i.led_thread1) refers to rt_cmsis.o(i.osDelay) for osDelay
    main.o(i.main) refers to rt_cmsis.o(i.osKernelInitialize) for osKernelInitialize
    main.o(i.main) refers to gpio_stm32f10x.o(i.GPIO_PinConfigure) for GPIO_PinConfigure
    main.o(i.main) refers to rt_cmsis.o(i.osThreadCreate) for osThreadCreate
    main.o(i.main) refers to rt_cmsis.o(i.osKernelStart) for osKernelStart
    main.o(i.main) refers to main.o(.constdata) for os_thread_def_led_thread1
    main.o(i.main) refers to main.o(.data) for led_ID1
    main.o(i.main) refers to uart_thread.o(.data) for tid_myUART_Thread
    main.o(i.main) refers to can_thread.o(.data) for tid_can1_Thread
    main.o(.constdata) refers to uart_thread.o(i.myUART_Thread) for myUART_Thread
    main.o(.constdata) refers to can_thread.o(i.can1_thread) for can1_thread
    main.o(.constdata) refers to main.o(i.led_thread1) for led_thread1
    uart_thread.o(i.myUART_Thread) refers to rt_cmsis.o(i.osSignalWait) for osSignalWait
    uart_thread.o(i.myUART_Thread) refers to uart_thread.o(.data) for USARTdrv
    uart_thread.o(i.myUART_Thread) refers to uart_thread.o(i.myUSART_callback) for myUSART_callback
    uart_thread.o(i.myUSART_callback) refers to rt_cmsis.o(i.osSignalSet) for osSignalSet
    uart_thread.o(i.myUSART_callback) refers to uart_thread.o(.data) for tid_myUART_Thread
    uart_thread.o(.data) refers to usart_stm32f10x.o(.constdata) for Driver_USART1
    can_thread.o(i.CAN_SignalObjectEvent) refers to rt_cmsis.o(i.osSignalSet) for osSignalSet
    can_thread.o(i.CAN_SignalObjectEvent) refers to can_thread.o(.data) for rx_obj_idx
    can_thread.o(i.CAN_SignalObjectEvent) refers to can_stm32f10x.o(.constdata) for Driver_CAN1
    can_thread.o(i.CAN_SignalObjectEvent) refers to usart_stm32f10x.o(.constdata) for Driver_USART1
    can_thread.o(i.Error_Handler) refers to usart_stm32f10x.o(.constdata) for Driver_USART1
    can_thread.o(i.can1_init) refers to can_thread.o(i.Error_Handler) for Error_Handler
    can_thread.o(i.can1_init) refers to can_stm32f10x.o(.constdata) for Driver_CAN1
    can_thread.o(i.can1_init) refers to can_thread.o(i.CAN_SignalObjectEvent) for CAN_SignalObjectEvent
    can_thread.o(i.can1_init) refers to can_thread.o(i.CAN_SignalUnitEvent) for CAN_SignalUnitEvent
    can_thread.o(i.can1_init) refers to can_thread.o(.data) for rx_obj_idx
    can_thread.o(i.can1_send) refers to rt_cmsis.o(i.osSignalWait) for osSignalWait
    can_thread.o(i.can1_send) refers to can_thread.o(.data) for tx_msg_info
    can_thread.o(i.can1_send) refers to can_stm32f10x.o(.constdata) for Driver_CAN1
    can_thread.o(i.can1_thread) refers to can_thread.o(i.can1_init) for can1_init
    can_thread.o(i.can1_thread) refers to rt_cmsis.o(i.osSignalSet) for osSignalSet
    can_thread.o(i.can1_thread) refers to rt_cmsis.o(i.osSignalWait) for osSignalWait
    can_thread.o(i.can1_thread) refers to can_thread.o(i.can1_send) for can1_send
    can_thread.o(i.can1_thread) refers to can_thread.o(.data) for tid_can1_Thread
    can_thread.o(i.putBytes) refers to usart_stm32f10x.o(.constdata) for Driver_USART1
    can_thread.o(i.putChar) refers to usart_stm32f10x.o(.constdata) for Driver_USART1
    rtx_conf_cm.o(.emb_text) refers to rt_cmsis.o(i.osKernelInitialize) for osKernelInitialize
    rtx_conf_cm.o(.emb_text) refers to rt_cmsis.o(i.osThreadCreate) for osThreadCreate
    rtx_conf_cm.o(.emb_text) refers to rt_cmsis.o(i.osKernelStart) for osKernelStart
    rtx_conf_cm.o(.emb_text) refers to exit.o(.text) for exit
    rtx_conf_cm.o(.emb_text) refers to rtx_conf_cm.o(.data) for os_thread_def_main
    rtx_conf_cm.o(i.__user_perthread_libspace) refers to rt_task.o(i.rt_tsk_self) for rt_tsk_self
    rtx_conf_cm.o(i.__user_perthread_libspace) refers to rt_cmsis.o(.data) for os_running
    rtx_conf_cm.o(i.__user_perthread_libspace) refers to rtx_conf_cm.o(.bss) for .bss
    rtx_conf_cm.o(i.__user_perthread_libspace) refers to libspace.o(.bss) for __libspace_start
    rtx_conf_cm.o(i._mutex_acquire) refers to rt_cmsis.o(.data) for os_running
    rtx_conf_cm.o(i._mutex_acquire) refers to rt_mutex.o(i.rt_mut_wait) for rt_mut_wait
    rtx_conf_cm.o(i._mutex_initialize) refers to rt_mutex.o(i.rt_mut_init) for rt_mut_init
    rtx_conf_cm.o(i._mutex_initialize) refers to rtx_conf_cm.o(.data) for .data
    rtx_conf_cm.o(i._mutex_initialize) refers to rtx_conf_cm.o(.bss) for .bss
    rtx_conf_cm.o(i._mutex_release) refers to rt_cmsis.o(.data) for os_running
    rtx_conf_cm.o(i._mutex_release) refers to rt_mutex.o(i.rt_mut_release) for rt_mut_release
    rtx_conf_cm.o(.constdata) refers to rt_cmsis.o(i.osTimerThread) for osTimerThread
    rtx_conf_cm.o(.constdata) refers to rtx_conf_cm.o(.bss) for os_messageQ_q_osTimerMessageQ
    rtx_conf_cm.o(.data) refers to main.o(i.main) for main
[...]
    i.CANx_RemoveFilter                      0x080013ec   Section        0  can_stm32f10x.o(i.CANx_RemoveFilter)
    CANx_RemoveFilter                        0x080013ed   Thumb Code   908  can_stm32f10x.o(i.CANx_RemoveFilter)
    i.CANx_SetBitrate                        0x0800177c   Section        0  can_stm32f10x.o(i.CANx_SetBitrate)
    CANx_SetBitrate                          0x0800177d   Thumb Code   302  can_stm32f10x.o(i.CANx_SetBitrate)
    i.CANx_SetMode                           0x080018b4   Section        0  can_stm32f10x.o(i.CANx_SetMode)
    CANx_SetMode                             0x080018b5   Thumb Code   334  can_stm32f10x.o(i.CANx_SetMode)
    i.CANx_Uninitialize                      0x08001a10   Section        0  can_stm32f10x.o(i.CANx_Uninitialize)
    CANx_Uninitialize                        0x08001a11   Thumb Code    60  can_stm32f10x.o(i.CANx_Uninitialize)
    i.DMA1_Channel1_Event                    0x08001a54   Section        0  dma_stm32f10x.o(i.DMA1_Channel1_Event)
    i.DMA1_Channel1_IRQHandler               0x08001a58   Section        0  dma_stm32f10x.o(i.DMA1_Channel1_IRQHandler)
    i.DMA1_Channel2_Event                    0x08001a74   Section        0  dma_stm32f10x.o(i.DMA1_Channel2_Event)
    i.DMA1_Channel2_IRQHandler               0x08001a78   Section        0  dma_stm32f10x.o(i.DMA1_Channel2_IRQHandler)
    i.DMA1_Channel3_Event                    0x08001a94   Section        0  dma_stm32f10x.o(i.DMA1_Channel3_Event)
    i.DMA1_Channel3_IRQHandler               0x08001a98   Section        0  dma_stm32f10x.o(i.DMA1_Channel3_IRQHandler)
    i.DMA1_Channel4_Event                    0x08001ab4   Section        0  dma_stm32f10x.o(i.DMA1_Channel4_Event)
    i.DMA1_Channel4_IRQHandler               0x08001ab8   Section        0  dma_stm32f10x.o(i.DMA1_Channel4_IRQHandler)
    i.DMA1_Channel5_Event                    0x08001ad4   Section        0  dma_stm32f10x.o(i.DMA1_Channel5_Event)
    i.DMA1_Channel5_IRQHandler               0x08001ad8   Section        0  dma_stm32f10x.o(i.DMA1_Channel5_IRQHandler)
    i.DMA1_Channel6_Event                    0x08001af4   Section        0  dma_stm32f10x.o(i.DMA1_Channel6_Event)
    i.DMA1_Channel6_IRQHandler               0x08001af8   Section        0  dma_stm32f10x.o(i.DMA1_Channel6_IRQHandler)
    i.DMA1_Channel7_Event                    0x08001b14   Section        0  dma_stm32f10x.o(i.DMA1_Channel7_Event)
    i.DMA1_Channel7_IRQHandler               0x08001b18   Section        0  dma_stm32f10x.o(i.DMA1_Channel7_IRQHandler)
    i.Error_Handler                          0x08001b34   Section        0  can_thread.o(i.Error_Handler)
    Error_Handler                            0x08001b35   Thumb Code    14  can_thread.o(i.Error_Handler)
    i.GPIO_AFConfigure                       0x08001b58   Section        0  gpio_stm32f10x.o(i.GPIO_AFConfigure)
    i.GPIO_GetPortClockState                 0x08001bb0   Section        0  gpio_stm32f10x.o(i.GPIO_GetPortClockState)
    i.GPIO_PinConfigure                      0x08001c48   Section        0  gpio_stm32f10x.o(i.GPIO_PinConfigure)
    i.GPIO_PortClock                         0x08001cc0   Section        0  gpio_stm32f10x.o(i.GPIO_PortClock)
    i.NVIC_ClearPendingIRQ                   0x08001dfc   Section        0  can_stm32f10x.o(i.NVIC_ClearPendingIRQ)
    NVIC_ClearPendingIRQ                     0x08001dfd   Thumb Code    18  can_stm32f10x.o(i.NVIC_ClearPendingIRQ)
    i.NVIC_DisableIRQ                        0x08001e14   Section        0  can_stm32f10x.o(i.NVIC_DisableIRQ)
    NVIC_DisableIRQ                          0x08001e15   Thumb Code    18  can_stm32f10x.o(i.NVIC_DisableIRQ)
    i.NVIC_EnableIRQ                         0x08001e2c   Section        0  can_stm32f10x.o(i.NVIC_EnableIRQ)
    NVIC_EnableIRQ                           0x08001e2d   Thumb Code    22  can_stm32f10x.o(i.NVIC_EnableIRQ)
    i.SetSysClock                            0x08001e42   Section        0  system_stm32f10x.o(i.SetSysClock)
    SetSysClock                              0x08001e43   Thumb Code     8  system_stm32f10x.o(i.SetSysClock)
    i.SetSysClockTo72                        0x08001e4c   Section        0  system_stm32f10x.o(i.SetSysClockTo72)
    SetSysClockTo72                          0x08001e4d   Thumb Code   214  system_stm32f10x.o(i.SetSysClockTo72)
    i.SystemInit                             0x08001f2c   Section        0  system_stm32f10x.o(i.SystemInit)
    i.USART1_Control                         0x08001f8c   Section        0  usart_stm32f10x.o(i.USART1_Control)
    USART1_Control                           0x08001f8d   Thumb Code    18  usart_stm32f10x.o(i.USART1_Control)
    i.USART1_GetCapabilities                 0x08001fa4   Section        0  usart_stm32f10x.o(i.USART1_GetCapabilities)
    USART1_GetCapabilities                   0x08001fa5   Thumb Code    12  usart_stm32f10x.o(i.USART1_GetCapabilities)
    i.USART1_GetModemStatus                  0x08001fb4   Section        0  usart_stm32f10x.o(i.USART1_GetModemStatus)
    USART1_GetModemStatus                    0x08001fb5   Thumb Code    12  usart_stm32f10x.o(i.USART1_GetModemStatus)
    i.USART1_GetRxCount                      0x08001fc4   Section        0  usart_stm32f10x.o(i.USART1_GetRxCount)
    USART1_GetRxCount                        0x08001fc5   Thumb Code    10  usart_stm32f10x.o(i.USART1_GetRxCount)
    i.USART1_GetStatus                       0x08001fd4   Section        0  usart_stm32f10x.o(i.USART1_GetStatus)
    USART1_GetStatus                         0x08001fd5   Thumb Code    12  usart_stm32f10x.o(i.USART1_GetStatus)
    i.USART1_GetTxCount                      0x08001fe4   Section        0  usart_stm32f10x.o(i.USART1_GetTxCount)
    USART1_GetTxCount                        0x08001fe5   Thumb Code    10  usart_stm32f10x.o(i.USART1_GetTxCount)
    i.USART1_IRQHandler                      0x08001ff4   Section        0  usart_stm32f10x.o(i.USART1_IRQHandler)
    i.USART1_Initialize                      0x08002004   Section        0  usart_stm32f10x.o(i.USART1_Initialize)
    USART1_Initialize                        0x08002005   Thumb Code    14  usart_stm32f10x.o(i.USART1_Initialize)
    i.USART1_PowerControl                    0x08002018   Section        0  usart_stm32f10x.o(i.USART1_PowerControl)
    USART1_PowerControl                      0x08002019   Thumb Code    14  usart_stm32f10x.o(i.USART1_PowerControl)
    i.USART1_Receive                         0x0800202c   Section        0  usart_stm32f10x.o(i.USART1_Receive)
    USART1_Receive                           0x0800202d   Thumb Code    18  usart_stm32f10x.o(i.USART1_Receive)
    i.USART1_Send                            0x08002044   Section        0  usart_stm32f10x.o(i.USART1_Send)
    USART1_Send                              0x08002045   Thumb Code    18  usart_stm32f10x.o(i.USART1_Send)
    i.USART1_SetModemControl                 0x0800205c   Section        0  usart_stm32f10x.o(i.USART1_SetModemControl)
    USART1_SetModemControl                   0x0800205d   Thumb Code    14  usart_stm32f10x.o(i.USART1_SetModemControl)
    i.USART1_Transfer                        0x08002070   Section        0  usart_stm32f10x.o(i.USART1_Transfer)
    USART1_Transfer                          0x08002071   Thumb Code    22  usart_stm32f10x.o(i.USART1_Transfer)
    i.USART1_Uninitialize                    0x0800208c   Section        0  usart_stm32f10x.o(i.USART1_Uninitialize)
    USART1_Uninitialize                      0x0800208d   Thumb Code    10  usart_stm32f10x.o(i.USART1_Uninitialize)
    i.USART_Control                          0x0800209c   Section        0  usart_stm32f10x.o(i.USART_Control)
    USART_Control                            0x0800209d   Thumb Code  2080  usart_stm32f10x.o(i.USART_Control)
    i.USART_GetCapabilities                  0x080028bc   Section        0  usart_stm32f10x.o(i.USART_GetCapabilities)
    USART_GetCapabilities                    0x080028bd   Thumb Code     6  usart_stm32f10x.o(i.USART_GetCapabilities)
    i.USART_GetModemStatus                   0x080028c2   Section        0  usart_stm32f10x.o(i.USART_GetModemStatus)
    USART_GetModemStatus                     0x080028c3   Thumb Code    86  usart_stm32f10x.o(i.USART_GetModemStatus)
    i.USART_GetRxCount                       0x08002918   Section        0  usart_stm32f10x.o(i.USART_GetRxCount)
    USART_GetRxCount                         0x08002919   Thumb Code     8  usart_stm32f10x.o(i.USART_GetRxCount)
    i.USART_GetStatus                        0x08002920   Section        0  usart_stm32f10x.o(i.USART_GetStatus)
    USART_GetStatus                          0x08002921   Thumb Code   118  usart_stm32f10x.o(i.USART_GetStatus)
    i.USART_GetTxCount                       0x08002996   Section        0  usart_stm32f10x.o(i.USART_GetTxCount)
    USART_GetTxCount                         0x08002997   Thumb Code     8  usart_stm32f10x.o(i.USART_GetTxCount)
    i.USART_IRQHandler                       0x0800299e   Section        0  usart_stm32f10x.o(i.USART_IRQHandler)
    i.USART_Initialize                       0x08002c0e   Section        0  usart_stm32f10x.o(i.USART_Initialize)
    USART_Initialize                         0x08002c0f   Thumb Code   162  usart_stm32f10x.o(i.USART_Initialize)
    i.USART_PeripheralReset                  0x08002cb0   Section        0  usart_stm32f10x.o(i.USART_PeripheralReset)
    USART_PeripheralReset                    0x08002cb1   Thumb Code   118  usart_stm32f10x.o(i.USART_PeripheralReset)
    i.USART_PowerControl                     0x08002d38   Section        0  usart_stm32f10x.o(i.USART_PowerControl)
    USART_PowerControl                       0x08002d39   Thumb Code   396  usart_stm32f10x.o(i.USART_PowerControl)
    i.USART_Receive                          0x08002edc   Section        0  usart_stm32f10x.o(i.USART_Receive)
    USART_Receive                            0x08002edd   Thumb Code   162  usart_stm32f10x.o(i.USART_Receive)
    i.USART_Send                             0x08002f7e   Section        0  usart_stm32f10x.o(i.USART_Send)
    USART_Send                               0x08002f7f   Thumb Code   136  usart_stm32f10x.o(i.USART_Send)
    i.USART_SetModemControl                  0x08003006   Section        0  usart_stm32f10x.o(i.USART_SetModemControl)
    USART_SetModemControl                    0x08003007   Thumb Code   156  usart_stm32f10x.o(i.USART_SetModemControl)
    i.USART_Transfer                         0x080030a2   Section        0  usart_stm32f10x.o(i.USART_Transfer)
    USART_Transfer                           0x080030a3   Thumb Code   106  usart_stm32f10x.o(i.USART_Transfer)
    i.USART_Uninitialize                     0x0800310c   Section        0  usart_stm32f10x.o(i.USART_Uninitialize)
    USART_Uninitialize                       0x0800310d   Thumb Code   108  usart_stm32f10x.o(i.USART_Uninitialize)
    i.USARTx_GetVersion                      0x08003178   Section        0  usart_stm32f10x.o(i.USARTx_GetVersion)
    USARTx_GetVersion                        0x08003179   Thumb Code    10  usart_stm32f10x.o(i.USARTx_GetVersion)
    i.USB_HP_CAN1_TX_IRQHandler              0x08003188   Section        0  can_stm32f10x.o(i.USB_HP_CAN1_TX_IRQHandler)
    i.USB_LP_CAN1_RX0_IRQHandler             0x080032a0   Section        0  can_stm32f10x.o(i.USB_LP_CAN1_RX0_IRQHandler)
    i._init_box                              0x0800338c   Section        0  rt_membox.o(i._init_box)
    i._mutex_acquire                         0x080033d4   Section        0  rtx_conf_cm.o(i._mutex_acquire)
    __tagsym$$used                           0x080033d5   Number         0  rtx_conf_cm.o(i._mutex_acquire)
    i._mutex_release                         0x080033f4   Section        0  rtx_conf_cm.o(i._mutex_release)
    __tagsym$$used                           0x080033f5   Number         0  rtx_conf_cm.o(i._mutex_release)
    i.can1_init                              0x08003410   Section        0  can_thread.o(i.can1_init)
    i.can1_send                              0x08003530   Section        0  can_thread.o(i.can1_send)
    i.can1_thread                            0x08003598   Section        0  can_thread.o(i.can1_thread)
    i.dbg_init                               0x080035ec   Section        0  hal_cm.o(i.dbg_init)
    i.dbg_task_notify                        0x0800361c   Section        0  hal_cm.o(i.dbg_task_notify)
    i.dbg_task_switch                        0x0800363c   Section        0  hal_cm.o(i.dbg_task_switch)
    i.isrMessageGet                          0x0800364c   Section        0  rt_cmsis.o(i.isrMessageGet)
    i.isrMessagePut                          0x08003676   Section        0  rt_cmsis.o(i.isrMessagePut)
    i.isrSignalSet                           0x080036a2   Section        0  rt_cmsis.o(i.isrSignalSet)
    i.isr_evt_set                            0x080036c8   Section        0  rt_event.o(i.isr_evt_set)
    i.isr_mbx_receive                        0x080036f0   Section        0  rt_mailbox.o(i.isr_mbx_receive)
    i.isr_mbx_send                           0x08003742   Section        0  rt_mailbox.o(i.isr_mbx_send)
    i.led_thread1                            0x08003750   Section        0  main.o(i.led_thread1)
    i.main                                   0x080037a4   Section        0  main.o(i.main)
    i.myUART_Thread                          0x080037fc   Section        0  uart_thread.o(i.myUART_Thread)
    i.myUSART_callback                       0x080038d8   Section        0  uart_thread.o(i.myUSART_callback)
    i.osDelay                                0x08003920   Section        0  rt_cmsis.o(i.osDelay)
    i.osKernelInitialize                     0x08003938   Section        0  rt_cmsis.o(i.osKernelInitialize)
    i.osKernelStart                          0x0800395c   Section        0  rt_cmsis.o(i.osKernelStart)
    i.osMessageGet                           0x080039c8   Section        0  rt_cmsis.o(i.osMessageGet)
    i.osSignalSet                            0x080039e0   Section        0  rt_cmsis.o(i.osSignalSet)
    i.osSignalWait                           0x080039f8   Section        0  rt_cmsis.o(i.osSignalWait)
    i.osThreadCreate                         0x08003a10   Section        0  rt_cmsis.o(i.osThreadCreate)
    i.osThreadExit                           0x08003a40   Section        0  rt_cmsis.o(i.osThreadExit)
    i.osTimerCall                            0x08003a58   Section        0  rt_cmsis.o(i.osTimerCall)
    i.osTimerThread                          0x08003a64   Section        0  rt_cmsis.o(i.osTimerThread)
    i.os_error                               0x08003a90   Section        0  rtx_conf_cm.o(i.os_error)
    i.os_idle_demon                          0x08003ab2   Section        0  rtx_conf_cm.o(i.os_idle_demon)
    i.os_tick_init                           0x08003ab8   Section        0  rt_system.o(i.os_tick_init)
    i.os_tick_irqack                         0x08003ae0   Section        0  rt_system.o(i.os_tick_irqack)
    i.rt_alloc_box                           0x08003ae2   Section        0  rt_membox.o(i.rt_alloc_box)
    i.rt_alloc_mem                           0x08003afc   Section        0  rt_memory.o(i.rt_alloc_mem)
    i.rt_block                               0x08003b3c   Section        0  rt_task.o(i.rt_block)
    i.rt_chk_robin                           0x08003b74   Section        0  rt_robin.o(i.rt_chk_robin)
    i.rt_dec_dly                             0x08003bbc   Section        0  rt_list.o(i.rt_dec_dly)
    i.rt_dispatch                            0x08003c2c   Section        0  rt_task.o(i.rt_dispatch)
    i.rt_dly_wait                            0x08003c70   Section        0  rt_time.o(i.rt_dly_wait)
    i.rt_evt_psh                             0x08003c78   Section        0  rt_event.o(i.rt_evt_psh)
    i.rt_evt_set                             0x08003cc8   Section        0  rt_event.o(i.rt_evt_set)
    i.rt_evt_wait                            0x08003d24   Section        0  rt_event.o(i.rt_evt_wait)
    i.rt_free_box                            0x08003d60   Section        0  rt_membox.o(i.rt_free_box)
    i.rt_free_mem                            0x08003d8c   Section        0  rt_memory.o(i.rt_free_mem)
    i.rt_get_first                           0x08003db4   Section        0  rt_list.o(i.rt_get_first)
    i.rt_id2obj                              0x08003ddc   Section        0  rt_cmsis.o(i.rt_id2obj)
    rt_id2obj                                0x08003ddd   Thumb Code     8  rt_cmsis.o(i.rt_id2obj)
    i.rt_init_context                        0x08003de4   Section        0  rt_task.o(i.rt_init_context)
    rt_init_context                          0x08003de5   Thumb Code    66  rt_task.o(i.rt_init_context)
    i.rt_init_mem                            0x08003e2c   Section        0  rt_memory.o(i.rt_init_mem)
    i.rt_init_robin                          0x08003e48   Section        0  rt_robin.o(i.rt_init_robin)
    i.rt_init_stack                          0x08003e60   Section        0  hal_cm.o(i.rt_init_stack)
    i.rt_mbx_check                           0x08003ee0   Section        0  rt_mailbox.o(i.rt_mbx_check)
    i.rt_mbx_init                            0x08003ee8   Section        0  rt_mailbox.o(i.rt_mbx_init)
    i.rt_mbx_psh                             0x08003f04   Section        0  rt_mailbox.o(i.rt_mbx_psh)
    i.rt_mbx_wait                            0x08003ff4   Section        0  rt_mailbox.o(i.rt_mbx_wait)
    i.rt_ms2tick                             0x080040a8   Section        0  rt_cmsis.o(i.rt_ms2tick)
    rt_ms2tick                               0x080040a9   Thumb Code    58  rt_cmsis.o(i.rt_ms2tick)
    i.rt_mut_release                         0x080040ec   Section        0  rt_mutex.o(i.rt_mut_release)
    i.rt_mut_wait                            0x080041c4   Section        0  rt_mutex.o(i.rt_mut_wait)
    i.rt_pop_req                             0x0800422c   Section        0  rt_system.o(i.rt_pop_req)
    i.rt_psh_req                             0x080042a8   Section        0  rt_system.o(i.rt_psh_req)
    i.rt_psq_enq                             0x080042c8   Section        0  rt_list.o(i.rt_psq_enq)
    i.rt_put_dly                             0x08004324   Section        0  rt_list.o(i.rt_put_dly)
    i.rt_put_prio                            0x0800436c   Section        0  rt_list.o(i.rt_put_prio)
    i.rt_put_rdy_first                       0x080043a4   Section        0  rt_list.o(i.rt_put_rdy_first)
    i.rt_resort_prio                         0x080043b8   Section        0  rt_list.o(i.rt_resort_prio)
    i.rt_ret_val                             0x080043ec   Section        0  hal_cm.o(i.rt_ret_val)
    i.rt_ret_val2                            0x080043f2   Section        0  hal_cm.o(i.rt_ret_val2)
    i.rt_rmv_dly                             0x080043fa   Section        0  rt_list.o(i.rt_rmv_dly)
    i.rt_rmv_list                            0x08004424   Section        0  rt_list.o(i.rt_rmv_list)
    i.rt_sem_psh                             0x08004454   Section        0  rt_semaphore.o(i.rt_sem_psh)
    i.rt_stk_check                           0x08004488   Section        0  rt_system.o(i.rt_stk_check)
    i.rt_switch_req                          0x080044ac   Section        0  rt_task.o(i.rt_switch_req)
    i.rt_sys_init                            0x080044d4   Section        0  rt_task.o(i.rt_sys_init)
    i.rt_sys_start                           0x080045a0   Section        0  rt_task.o(i.rt_sys_start)
    i.rt_systick                             0x08004618   Section        0  rt_system.o(i.rt_systick)
    i.rt_tid2ptcb                            0x08004658   Section        0  rt_cmsis.o(i.rt_tid2ptcb)
    rt_tid2ptcb                              0x08004659   Thumb Code    18  rt_cmsis.o(i.rt_tid2ptcb)
    i.rt_timer_insert                        0x0800466c   Section        0  rt_cmsis.o(i.rt_timer_insert)
    rt_timer_insert                          0x0800466d   Thumb Code    48  rt_cmsis.o(i.rt_timer_insert)
    i.rt_tsk_create                          0x080046a0   Section        0  rt_task.o(i.rt_tsk_create)
    i.rt_tsk_delete                          0x08004728   Section        0  rt_task.o(i.rt_tsk_delete)
    i.rt_tsk_prio                            0x080048a4   Section        0  rt_task.o(i.rt_tsk_prio)
    i.rt_tsk_self                            0x08004920   Section        0  rt_task.o(i.rt_tsk_self)
    i.svcDelay                               0x08004930   Section        0  rt_cmsis.o(i.svcDelay)
    i.svcKernelInitialize                    0x08004944   Section        0  rt_cmsis.o(i.svcKernelInitialize)
    i.svcKernelStart                         0x080049b4   Section        0  rt_cmsis.o(i.svcKernelStart)
    i.svcMessageCreate                       0x080049fc   Section        0  rt_cmsis.o(i.svcMessageCreate)
    i.svcMessageGet                          0x08004a20   Section        0  rt_cmsis.o(i.svcMessageGet)
    i.svcSignalSet                           0x08004a5a   Section        0  rt_cmsis.o(i.svcSignalSet)
    i.svcSignalWait                          0x08004a80   Section        0  rt_cmsis.o(i.svcSignalWait)
    i.svcThreadCreate                        0x08004ad4   Section        0  rt_cmsis.o(i.svcThreadCreate)
    i.svcThreadGetId                         0x08004b44   Section        0  rt_cmsis.o(i.svcThreadGetId)
    i.svcThreadTerminate                     0x08004b60   Section        0  rt_cmsis.o(i.svcThreadTerminate)
    i.svcTimerCall                           0x08004b98   Section        0  rt_cmsis.o(i.svcTimerCall)
    i.sysTimerTick                           0x08004bb0   Section        0  rt_cmsis.o(i.sysTimerTick)
    .constdata                               0x08004c0c   Section       48  main.o(.constdata)
    .constdata                               0x08004c3c   Section       86  rtx_conf_cm.o(.constdata)
    __tagsym$$used                           0x08004c58   Number         0  rtx_conf_cm.o(.constdata)
    __tagsym$$used                           0x08004c5c   Number         0  rtx_conf_cm.o(.constdata)
    __tagsym$$used                           0x08004c60   Number         0  rtx_conf_cm.o(.constdata)
    __tagsym$$used                           0x08004c64   Number         0  rtx_conf_cm.o(.constdata)
    .constdata                               0x08004c94   Section       84  can_stm32f10x.o(.constdata)
    can_driver_version                       0x08004c94   Data           4  can_stm32f10x.o(.constdata)
    can_driver_capabilities                  0x08004c98   Data           4  can_stm32f10x.o(.constdata)
    can_object_capabilities_rx               0x08004c9c   Data           4  can_stm32f10x.o(.constdata)
    can_object_capabilities_tx               0x08004ca0   Data           4  can_stm32f10x.o(.constdata)
    ptr_CANx                                 0x08004ca4   Data           8  can_stm32f10x.o(.constdata)
    .constdata                               0x08004ce8   Section      132  usart_stm32f10x.o(.constdata)
    usart_driver_version                     0x08004ce8   Data           4  usart_stm32f10x.o(.constdata)
    USART1_tx                                0x08004cec   Data           8  usart_stm32f10x.o(.constdata)
    USART1_rx                                0x08004cf4   Data           8  usart_stm32f10x.o(.constdata)
    USART1_Resources                         0x08004cfc   Data          56  usart_stm32f10x.o(.constdata)
    .data                                    0x20000000   Section       12  main.o(.data)
    .data                                    0x2000000c   Section        8  uart_thread.o(.data)
    USARTdrv                                 0x20000010   Data           4  uart_thread.o(.data)
    .data                                    0x20000014   Section       44  can_thread.o(.data)
    .data                                    0x20000040   Section       36  rtx_conf_cm.o(.data)
    nr_mutex                                 0x20000050   Data           4  rtx_conf_cm.o(.data)
    .data                                    0x20000064   Section       16  can_stm32f10x.o(.data)
    can_driver_powered                       0x20000064   Data           1  can_stm32f10x.o(.data)
    can_driver_initialized                   0x20000065   Data           1  can_stm32f10x.o(.data)
    can_obj_cfg                              0x20000066   Data           5  can_stm32f10x.o(.data)
    CAN_SignalUnitEvent                      0x2000006c   Data           4  can_stm32f10x.o(.data)
    CAN_SignalObjectEvent                    0x20000070   Data           4  can_stm32f10x.o(.data)
    .data                                    0x20000074   Section        8  rt_cmsis.o(.data)
    .data                                    0x2000007c   Section        8  rt_task.o(.data)
    .data                                    0x20000084   Section        8  rt_system.o(.data)
    os_lock                                  0x20000084   Data           1  rt_system.o(.data)
    os_psh_flag                              0x20000085   Data           1  rt_system.o(.data)
    pend_flags                               0x20000086   Data           1  rt_system.o(.data)
    .data                                    0x2000008c   Section        4  rt_time.o(.data)
    .data                                    0x20000090   Section        8  rt_robin.o(.data)
    .data                                    0x20000098   Section        1  hal_cm.o(.data)
    .bss                                     0x200000a0   Section     3016  rtx_conf_cm.o(.bss)
    std_libspace                             0x20000948   Data         672  rtx_conf_cm.o(.bss)
    std_libmutex                             0x20000be8   Data         128  rtx_conf_cm.o(.bss)
    .bss                                     0x20000c68   Section       56  usart_stm32f10x.o(.bss)
    USART1_Info                              0x20000c68   Data          20  usart_stm32f10x.o(.bss)
    USART1_TransferInfo                      0x20000c7c   Data          36  usart_stm32f10x.o(.bss)
    .bss                                     0x20000ca0   Section       52  rt_task.o(.bss)
    .bss                                     0x20000cd4   Section       48  rt_list.o(.bss)
    .bss                                     0x20000d04   Section       96  libspace.o(.bss)
    HEAP                                     0x20000d68   Section      512  startup_stm32f10x_md.o(HEAP)
    Heap_Mem                                 0x20000d68   Data         512  startup_stm32f10x_md.o(HEAP)
    STACK                                    0x20000f68   Section     1024  startup_stm32f10x_md.o(STACK)
    Stack_Mem                                0x20000f68   Data        1024  startup_stm32f10x_md.o(STACK)
    __initial_sp                             0x20001368   Data           0  startup_stm32f10x_md.o(STACK)

    Global Symbols

    Symbol Name                              Value     Ov Type        Size  Object(Section)

    BuildAttributes$$THM_ISAv4$P$D$K$B$S$PE$A:L22UL41UL21$X:L11$S22US41US21$IEEE1$IW$USESV6$~STKCKD$USESV7$~SHL$OSPACE$ROPI$EBA8$UX$STANDARDLIB$REQ8$PRES8$EABIv2 0x00000000   Number         0  anon$$obj.o ABSOLUTE
    __ARM_use_no_argv                        0x00000000   Number         0  main.o ABSOLUTE
    __ARM_exceptions_init                     - Undefined Weak Reference
    __alloca_initialize                       - Undefined Weak Reference
    __arm_preinit_                            - Undefined Weak Reference
    __cpp_initialize__aeabi_                  - Undefined Weak Reference
    __cxa_finalize                            - Undefined Weak Reference
    __rt_locale                               - Undefined Weak Reference
    __sigvec_lookup                           - Undefined Weak Reference
    _atexit_init                              - Undefined Weak Reference
    _call_atexit_fns                          - Undefined Weak Reference
    _clock_init                               - Undefined Weak Reference
    _fp_trap_init                             - Undefined Weak Reference
    _fp_trap_shutdown                         - Undefined Weak Reference
    _get_lc_collate                           - Undefined Weak Reference
    _get_lc_ctype                             - Undefined Weak Reference
    _get_lc_monetary                          - Undefined Weak Reference
    _get_lc_numeric                           - Undefined Weak Reference
    _get_lc_time                              - Undefined Weak Reference
    _getenv_init                              - Undefined Weak Reference
    _handle_redirection                       - Undefined Weak Reference
    _init_alloc                               - Undefined Weak Reference
    _init_user_alloc                          - Undefined Weak Reference
    _initio                                   - Undefined Weak Reference
    _rand_init                                - Undefined Weak Reference
    _signal_finish                            - Undefined Weak Reference
    _signal_init                              - Undefined Weak Reference
    _terminate_alloc                          - Undefined Weak Reference
    _terminate_user_alloc                     - Undefined Weak Reference
    _terminateio                              - Undefined Weak Reference
    __Vectors_Size                           0x000000ec   Number         0  startup_stm32f10x_md.o ABSOLUTE
    __RL_RTX_VER                             0x00000480   Number         0  rt_system.o ABSOLUTE
    __Vectors                                0x08000000   Data           4  startup_stm32f10x_md.o(RESET)
    __Vectors_End                            0x080000ec   Data           0  startup_stm32f10x_md.o(RESET)
    __main                                   0x080000ed   Thumb Code     8  __main.o(!!!main)
    __scatterload                            0x080000f5   Thumb Code     0  __scatter.o(!!!scatter)
    __scatterload_rt2                        0x080000f5   Thumb Code    44  __scatter.o(!!!scatter)
    __scatterload_rt2_thumb_only             0x080000f5   Thumb Code     0  __scatter.o(!!!scatter)
    __scatterload_null                       0x08000103   Thumb Code     0  __scatter.o(!!!scatter)
    __scatterload_copy                       0x08000129   Thumb Code    26  __scatter_copy.o(!!handler_copy)
    __scatterload_zeroinit                   0x08000145   Thumb Code    28  __scatter_zi.o(!!handler_zi)
    __rt_lib_init                            0x08000161   Thumb Code     0  libinit.o(.ARM.Collect$$libinit$$00000000)
    __rt_lib_init_alloca_1                   0x08000163   Thumb Code     0  libinit2.o(.ARM.Collect$$libinit$$0000002E)
    __rt_lib_init_argv_1                     0x08000163   Thumb Code     0  libinit2.o(.ARM.Collect$$libinit$$0000002C)
    __rt_lib_init_atexit_1                   0x08000163   Thumb Code     0  libinit2.o(.ARM.Collect$$libinit$$0000001B)
    __rt_lib_init_clock_1                    0x08000163   Thumb Code     0  libinit2.o(.ARM.Collect$$libinit$$00000021)
    __rt_lib_init_cpp_1                      0x08000163   Thumb Code     0  libinit2.o(.ARM.Collect$$libinit$$00000032)
    __rt_lib_init_exceptions_1               0x08000163   Thumb Code     0  libinit2.o(.ARM.Collect$$libinit$$00000030)
    __rt_lib_init_fp_1                       0x08000163   Thumb Code     0  libinit2.o(.ARM.Collect$$libinit$$00000002)
    __rt_lib_init_fp_trap_1                  0x08000163   Thumb Code     0  libinit2.o(.ARM.Collect$$libinit$$0000001F)
    __rt_lib_init_getenv_1                   0x08000163   Thumb Code     0  libinit2.o(.ARM.Collect$$libinit$$00000023)
    __rt_lib_init_heap_1                     0x08000163   Thumb Code     0  libinit2.o(.ARM.Collect$$libinit$$0000000A)
    __rt_lib_init_lc_collate_1               0x08000163   Thumb Code     0  libinit2.o(.ARM.Collect$$libinit$$00000011)
    __rt_lib_init_lc_ctype_1                 0x08000163   Thumb Code     0  libinit2.o(.ARM.Collect$$libinit$$00000013)
    __rt_lib_init_lc_monetary_1              0x08000163   Thumb Code     0  libinit2.o(.ARM.Collect$$libinit$$00000015)
    __rt_lib_init_lc_numeric_1               0x08000163   Thumb Code     0  libinit2.o(.ARM.Collect$$libinit$$00000017)
    __rt_lib_init_lc_time_1                  0x08000163   Thumb Code     0  libinit2.o(.ARM.Collect$$libinit$$00000019)
    __rt_lib_init_preinit_1                  0x08000163   Thumb Code     0  libinit2.o(.ARM.Collect$$libinit$$00000004)
    __rt_lib_init_rand_1                     0x08000163   Thumb Code     0  libinit2.o(.ARM.Collect$$libinit$$0000000E)
    __rt_lib_init_return                     0x08000163   Thumb Code     0  libinit2.o(.ARM.Collect$$libinit$$00000033)
    __rt_lib_init_signal_1                   0x08000163   Thumb Code     0  libinit2.o(.ARM.Collect$$libinit$$0000001D)
    __rt_lib_init_stdio_1                    0x08000163   Thumb Code     0  libinit2.o(.ARM.Collect$$libinit$$00000025)
    __rt_lib_init_user_alloc_1               0x08000163   Thumb Code     0  libinit2.o(.ARM.Collect$$libinit$$0000000C)
    __rt_lib_shutdown                        0x08000165   Thumb Code     0  libshutdown.o(.ARM.Collect$$libshutdown$$00000000)
    __rt_lib_shutdown_fp_trap_1              0x08000167   Thumb Code     0  libshutdown2.o(.ARM.Collect$$libshutdown$$00000006)
    __rt_lib_shutdown_heap_1                 0x08000167   Thumb Code     0  libshutdown2.o(.ARM.Collect$$libshutdown$$0000000E)
    __rt_lib_shutdown_return                 0x08000167   Thumb Code     0  libshutdown2.o(.ARM.Collect$$libshutdown$$0000000F)
    __rt_lib_shutdown_signal_1               0x08000167   Thumb Code     0  libshutdown2.o(.ARM.Collect$$libshutdown$$00000009)
    __rt_lib_shutdown_stdio_1                0x08000167   Thumb Code     0  libshutdown2.o(.ARM.Collect$$libshutdown$$00000003)
    __rt_lib_shutdown_user_alloc_1           0x08000167   Thumb Code     0  libshutdown2.o(.ARM.Collect$$libshutdown$$0000000B)
    __rt_entry                               0x08000169   Thumb Code     0  __rtentry.o(.ARM.Collect$$rtentry$$00000000)
    __rt_entry_presh_1                       0x08000169   Thumb Code     0  __rtentry2.o(.ARM.Collect$$rtentry$$00000002)
    __rt_entry_sh                            0x08000169   Thumb Code     0  __rtentry4.o(.ARM.Collect$$rtentry$$00000004)
    __rt_entry_li                            0x0800016f   Thumb Code     0  __rtentry2.o(.ARM.Collect$$rtentry$$0000000A)
    __rt_entry_postsh_1                      0x0800016f   Thumb Code     0  __rtentry2.o(.ARM.Collect$$rtentry$$00000009)
    __rt_entry_postli_1                      0x08000173   Thumb Code     0  __rtentry2.o(.ARM.Collect$$rtentry$$0000000B)
    __rt_entry_main                          0x0800017b   Thumb Code     0  __rtentry2.o(.ARM.Collect$$rtentry$$0000000D)
    __rt_exit                                0x08000183   Thumb Code     0  rtexit.o(.ARM.Collect$$rtexit$$00000000)
    __rt_exit_ls                             0x08000185   Thumb Code     0  rtexit2.o(.ARM.Collect$$rtexit$$00000003)
    __rt_exit_prels_1                        0x08000185   Thumb Code     0  rtexit2.o(.ARM.Collect$$rtexit$$00000002)
    __rt_exit_exit                           0x08000189   Thumb Code     0  rtexit2.o(.ARM.Collect$$rtexit$$00000004)
    _platform_post_lib_init                  0x08000191   Thumb Code    24  rtx_conf_cm.o(.emb_text)
    rt_set_PSP                               0x080001ad   Thumb Code     6  hal_cm3.o(.emb_text)
    rt_get_PSP                               0x080001b3   Thumb Code     6  hal_cm3.o(.emb_text)
    os_set_env                               0x080001b9   Thumb Code    24  hal_cm3.o(.emb_text)
    _alloc_box                               0x080001d5   Thumb Code    28  hal_cm3.o(.emb_text)
    _free_box                                0x080001f5   Thumb Code    28  hal_cm3.o(.emb_text)
    SVC_Handler                              0x08000215   Thumb Code   108  hal_cm3.o(.emb_text)
    PendSV_Handler                           0x0800028d   Thumb Code    56  hal_cm3.o(.emb_text)
    SysTick_Handler                          0x080002c9   Thumb Code     8  hal_cm3.o(.emb_text)
    OS_Tick_Handler                          0x080002d1   Thumb Code    12  hal_cm3.o(.emb_text)
    Reset_Handler                            0x080002dd   Thumb Code     8  startup_stm32f10x_md.o(.text)
    NMI_Handler                              0x080002e5   Thumb Code     2  startup_stm32f10x_md.o(.text)
    HardFault_Handler                        0x080002e7   Thumb Code     2  startup_stm32f10x_md.o(.text)
    MemManage_Handler                        0x080002e9   Thumb Code     2  startup_stm32f10x_md.o(.text)
    BusFault_Handler                         0x080002eb   Thumb Code     2  startup_stm32f10x_md.o(.text)
    UsageFault_Handler                       0x080002ed   Thumb Code     2  startup_stm32f10x_md.o(.text)
    DebugMon_Handler                         0x080002f1   Thumb Code     2  startup_stm32f10x_md.o(.text)
    ADC1_2_IRQHandler                        0x080002f7   Thumb Code     0  startup_stm32f10x_md.o(.text)
    EXTI0_IRQHandler                         0x080002f7   Thumb Code     0  startup_stm32f10x_md.o(.text)
    EXTI15_10_IRQHandler                     0x080002f7   Thumb Code     0  startup_stm32f10x_md.o(.text)
    EXTI1_IRQHandler                         0x080002f7   Thumb Code     0  startup_stm32f10x_md.o(.text)
    EXTI2_IRQHandler                         0x080002f7   Thumb Code     0  startup_stm32f10x_md.o(.text)
    EXTI3_IRQHandler                         0x080002f7   Thumb Code     0  startup_stm32f10x_md.o(.text)
    EXTI4_IRQHandler                         0x080002f7   Thumb Code     0  startup_stm32f10x_md.o(.text)
    EXTI9_5_IRQHandler                       0x080002f7   Thumb Code     0  startup_stm32f10x_md.o(.text)
    FLASH_IRQHandler                         0x080002f7   Thumb Code     0  startup_stm32f10x_md.o(.text)
    I2C1_ER_IRQHandler                       0x080002f7   Thumb Code     0  startup_stm32f10x_md.o(.text)
    I2C1_EV_IRQHandler                       0x080002f7   Thumb Code     0  startup_stm32f10x_md.o(.text)
    I2C2_ER_IRQHandler                       0x080002f7   Thumb Code     0  startup_stm32f10x_md.o(.text)
    I2C2_EV_IRQHandler                       0x080002f7   Thumb Code     0  startup_stm32f10x_md.o(.text)
    PVD_IRQHandler                           0x080002f7   Thumb Code     0  startup_stm32f10x_md.o(.text)
    RCC_IRQHandler                           0x080002f7   Thumb Code     0  startup_stm32f10x_md.o(.text)
    RTCAlarm_IRQHandler                      0x080002f7   Thumb Code     0  startup_stm32f10x_md.o(.text)
    RTC_IRQHandler                           0x080002f7   Thumb Code     0  startup_stm32f10x_md.o(.text)
    SPI1_IRQHandler                          0x080002f7   Thumb Code     0  startup_stm32f10x_md.o(.text)
    SPI2_IRQHandler                          0x080002f7   Thumb Code     0  startup_stm32f10x_md.o(.text)
    TAMPER_IRQHandler                        0x080002f7   Thumb Code     0  startup_stm32f10x_md.o(.text)
    TIM1_BRK_IRQHandler                      0x080002f7   Thumb Code     0  startup_stm32f10x_md.o(.text)
    TIM1_CC_IRQHandler                       0x080002f7   Thumb Code     0  startup_stm32f10x_md.o(.text)
    TIM1_TRG_COM_IRQHandler                  0x080002f7   Thumb Code     0  startup_stm32f10x_md.o(.text)
    TIM1_UP_IRQHandler                       0x080002f7   Thumb Code     0  startup_stm32f10x_md.o(.text)
    TIM2_IRQHandler                          0x080002f7   Thumb Code     0  startup_stm32f10x_md.o(.text)
    TIM3_IRQHandler                          0x080002f7   Thumb Code     0  startup_stm32f10x_md.o(.text)
    TIM4_IRQHandler                          0x080002f7   Thumb Code     0  startup_stm32f10x_md.o(.text)
    USART2_IRQHandler                        0x080002f7   Thumb Code     0  startup_stm32f10x_md.o(.text)
    USART3_IRQHandler                        0x080002f7   Thumb Code     0  startup_stm32f10x_md.o(.text)
    USBWakeUp_IRQHandler                     0x080002f7   Thumb Code     0  startup_stm32f10x_md.o(.text)
    WWDG_IRQHandler                          0x080002f7   Thumb Code     0  startup_stm32f10x_md.o(.text)
    __user_initial_stackheap                 0x080002f9   Thumb Code     0  startup_stm32f10x_md.o(.text)
    __user_libspace                          0x0800031d   Thumb Code     8  libspace.o(.text)
    __user_perproc_libspace                  0x0800031d   Thumb Code     0  libspace.o(.text)
    exit                                     0x08000325   Thumb Code    12  exit.o(.text)
    __aeabi_memcpy                           0x08000331   Thumb Code     0  rt_memcpy_v6.o(.text)
    __rt_memcpy                              0x08000331   Thumb Code   138  rt_memcpy_v6.o(.text)
    _memcpy_lastbytes                        0x08000397   Thumb Code     0  rt_memcpy_v6.o(.text)
    __aeabi_memclr4                          0x080003bb   Thumb Code     0  rt_memclr_w.o(.text)
    __aeabi_memclr8                          0x080003bb   Thumb Code     0  rt_memclr_w.o(.text)
    __rt_memclr_w                            0x080003bb   Thumb Code    78  rt_memclr_w.o(.text)
    _memset_w                                0x080003bf   Thumb Code     0  rt_memclr_w.o(.text)
    __use_two_region_memory                  0x08000409   Thumb Code     2  heapauxi.o(.text)
    __rt_heap_escrow$2region                 0x0800040b   Thumb Code     2  heapauxi.o(.text)
    __rt_heap_expand$2region                 0x0800040d   Thumb Code     2  heapauxi.o(.text)
    __aeabi_memcpy4                          0x0800040f   Thumb Code     0  rt_memcpy_w.o(.text)
    __aeabi_memcpy8                          0x0800040f   Thumb Code     0  rt_memcpy_w.o(.text)
    __rt_memcpy_w                            0x0800040f   Thumb Code   100  rt_memcpy_w.o(.text)
    _memcpy_lastbytes_aligned                0x08000457   Thumb Code     0  rt_memcpy_w.o(.text)
    _sys_exit                                0x08000475   Thumb Code     8  sys_exit.o(.text)
    __user_setup_stackheap                   0x08000481   Thumb Code    74  sys_stackheap_outer.o(.text)
    __I$use$semihosting                      0x080004cb   Thumb Code     0  use_no_semi.o(.text)
    __use_no_semihosting_swi                 0x080004cb   Thumb Code     2  use_no_semi.o(.text)
    SVC_Count                                0x080004cc   Data           4  svc_table.o(SVC_TABLE)
    __semihosting_library_function           0x080004cd   Thumb Code     0  indicate_semi.o(.text)
    SVC_Table                                0x080004d0   Data           0  svc_table.o(SVC_TABLE)
    CAN1_ObjectGetCapabilities               0x0800054b   Thumb Code    16  can_stm32f10x.o(i.CAN1_ObjectGetCapabilities)
    CAN1_RX1_IRQHandler                      0x08000585   Thumb Code   218  can_stm32f10x.o(i.CAN1_RX1_IRQHandler)
    CAN1_SCE_IRQHandler                      0x08000671   Thumb Code   140  can_stm32f10x.o(i.CAN1_SCE_IRQHandler)
    CAN_GetClock                             0x08000741   Thumb Code     4  can_stm32f10x.o(i.CAN_GetClock)
    CAN_SignalObjectEvent                    0x08000759   Thumb Code    80  can_thread.o(i.CAN_SignalObjectEvent)
    CAN_SignalUnitEvent                      0x080007d5   Thumb Code     2  can_thread.o(i.CAN_SignalUnitEvent)
    CANx_ObjectGetCapabilities               0x08001109   Thumb Code    34  can_stm32f10x.o(i.CANx_ObjectGetCapabilities)
    DMA1_Channel1_Event                      0x08001a55   Thumb Code     2  dma_stm32f10x.o(i.DMA1_Channel1_Event)
    DMA1_Channel1_IRQHandler                 0x08001a59   Thumb Code    22  dma_stm32f10x.o(i.DMA1_Channel1_IRQHandler)
    DMA1_Channel2_Event                      0x08001a75   Thumb Code     2  dma_stm32f10x.o(i.DMA1_Channel2_Event)
    DMA1_Channel2_IRQHandler                 0x08001a79   Thumb Code    24  dma_stm32f10x.o(i.DMA1_Channel2_IRQHandler)
    DMA1_Channel3_Event                      0x08001a95   Thumb Code     2  dma_stm32f10x.o(i.DMA1_Channel3_Event)
    DMA1_Channel3_IRQHandler                 0x08001a99   Thumb Code    24  dma_stm32f10x.o(i.DMA1_Channel3_IRQHandler)
    DMA1_Channel4_Event                      0x08001ab5   Thumb Code     2  dma_stm32f10x.o(i.DMA1_Channel4_Event)
    DMA1_Channel4_IRQHandler                 0x08001ab9   Thumb Code    24  dma_stm32f10x.o(i.DMA1_Channel4_IRQHandler)
    DMA1_Channel5_Event                      0x08001ad5   Thumb Code     2  dma_stm32f10x.o(i.DMA1_Channel5_Event)
    DMA1_Channel5_IRQHandler                 0x08001ad9   Thumb Code    24  dma_stm32f10x.o(i.DMA1_Channel5_IRQHandler)
    DMA1_Channel6_Event                      0x08001af5   Thumb Code     2  dma_stm32f10x.o(i.DMA1_Channel6_Event)
    DMA1_Channel6_IRQHandler                 0x08001af9   Thumb Code    24  dma_stm32f10x.o(i.DMA1_Channel6_IRQHandler)
    DMA1_Channel7_Event                      0x08001b15   Thumb Code     2  dma_stm32f10x.o(i.DMA1_Channel7_Event)
    DMA1_Channel7_IRQHandler                 0x08001b19   Thumb Code    24  dma_stm32f10x.o(i.DMA1_Channel7_IRQHandler)
    GPIO_AFConfigure                         0x08001b59   Thumb Code    78  gpio_stm32f10x.o(i.GPIO_AFConfigure)
    GPIO_GetPortClockState                   0x08001bb1   Thumb Code   118  gpio_stm32f10x.o(i.GPIO_GetPortClockState)
    GPIO_PinConfigure                        0x08001c49   Thumb Code   120  gpio_stm32f10x.o(i.GPIO_PinConfigure)
    GPIO_PortClock                           0x08001cc1   Thumb Code   284  gpio_stm32f10x.o(i.GPIO_PortClock)
    SystemInit                               0x08001f2d   Thumb Code    78  system_stm32f10x.o(i.SystemInit)
    USART1_IRQHandler                        0x08001ff5   Thumb Code    10  usart_stm32f10x.o(i.USART1_IRQHandler)
    USART_IRQHandler                         0x0800299f   Thumb Code   624  usart_stm32f10x.o(i.USART_IRQHandler)
    USB_HP_CAN1_TX_IRQHandler                0x08003189   Thumb Code   264  can_stm32f10x.o(i.USB_HP_CAN1_TX_IRQHandler)
    USB_LP_CAN1_RX0_IRQHandler               0x080032a1   Thumb Code   218  can_stm32f10x.o(i.USB_LP_CAN1_RX0_IRQHandler)
    _init_box                                0x0800338d   Thumb Code    70  rt_membox.o(i._init_box)
    _mutex_acquire                           0x080033d5   Thumb Code    22  rtx_conf_cm.o(i._mutex_acquire)
    _mutex_release                           0x080033f5   Thumb Code    18  rtx_conf_cm.o(i._mutex_release)
    can1_init                                0x08003411   Thumb Code   256  can_thread.o(i.can1_init)
    can1_send                                0x08003531   Thumb Code    92  can_thread.o(i.can1_send)
    can1_thread                              0x08003599   Thumb Code    58  can_thread.o(i.can1_thread)
    dbg_init                                 0x080035ed   Thumb Code    34  hal_cm.o(i.dbg_init)
    dbg_task_notify                          0x0800361d   Thumb Code    32  hal_cm.o(i.dbg_task_notify)
    dbg_task_switch                          0x0800363d   Thumb Code    16  hal_cm.o(i.dbg_task_switch)
    isrMessageGet                            0x0800364d   Thumb Code    42  rt_cmsis.o(i.isrMessageGet)
    isrMessagePut                            0x08003677   Thumb Code    44  rt_cmsis.o(i.isrMessagePut)
    isrSignalSet                             0x080036a3   Thumb Code    36  rt_cmsis.o(i.isrSignalSet)
    isr_evt_set                              0x080036c9   Thumb Code    34  rt_event.o(i.isr_evt_set)
    isr_mbx_receive                          0x080036f1   Thumb Code    82  rt_mailbox.o(i.isr_mbx_receive)
    isr_mbx_send                             0x08003743   Thumb Code    14  rt_mailbox.o(i.isr_mbx_send)
    led_thread1                              0x08003751   Thumb Code    80  main.o(i.led_thread1)
    main                                     0x080037a5   Thumb Code    60  main.o(i.main)
    myUART_Thread                            0x080037fd   Thumb Code   158  uart_thread.o(i.myUART_Thread)
    myUSART_callback                         0x080038d9   Thumb Code    66  uart_thread.o(i.myUSART_callback)
    osDelay                                  0x08003921   Thumb Code    18  rt_cmsis.o(i.osDelay)
    osKernelInitialize                       0x08003939   Thumb Code    30  rt_cmsis.o(i.osKernelInitialize)
    osKernelStart                            0x0800395d   Thumb Code    98  rt_cmsis.o(i.osKernelStart)
    osMessageGet                             0x080039c9   Thumb Code    18  rt_cmsis.o(i.osMessageGet)
    osSignalSet                              0x080039e1   Thumb Code    18  rt_cmsis.o(i.osSignalSet)
    osSignalWait                             0x080039f9   Thumb Code    18  rt_cmsis.o(i.osSignalWait)
    osThreadCreate                           0x08003a11   Thumb Code    38  rt_cmsis.o(i.osThreadCreate)
    osThreadExit                             0x08003a41   Thumb Code    14  rt_cmsis.o(i.osThreadExit)
    osTimerCall                              0x08003a59   Thumb Code     8  rt_cmsis.o(i.osTimerCall)
    osTimerThread                            0x08003a65   Thumb Code    38  rt_cmsis.o(i.osTimerThread)
    os_error                                 0x08003a91   Thumb Code    34  rtx_conf_cm.o(i.os_error)
    os_idle_demon                            0x08003ab3   Thumb Code     4  rtx_conf_cm.o(i.os_idle_demon)
    os_tick_init                             0x08003ab9   Thumb Code    32  rt_system.o(i.os_tick_init)
    os_tick_irqack                           0x08003ae1   Thumb Code     2  rt_system.o(i.os_tick_irqack)
    rt_alloc_box                             0x08003ae3   Thumb Code    26  rt_membox.o(i.rt_alloc_box)
    rt_alloc_mem                             0x08003afd   Thumb Code    62  rt_memory.o(i.rt_alloc_mem)
    rt_block                                 0x08003b3d   Thumb Code    48  rt_task.o(i.rt_block)
    rt_chk_robin                             0x08003b75   Thumb Code    60  rt_robin.o(i.rt_chk_robin)
    rt_dec_dly                               0x08003bbd   Thumb Code   102  rt_list.o(i.rt_dec_dly)
    rt_dispatch                              0x08003c2d   Thumb Code    60  rt_task.o(i.rt_dispatch)
    rt_dly_wait                              0x08003c71   Thumb Code     6  rt_time.o(i.rt_dly_wait)
    rt_evt_psh                               0x08003c79   Thumb Code    76  rt_event.o(i.rt_evt_psh)
    rt_evt_set                               0x08003cc9   Thumb Code    88  rt_event.o(i.rt_evt_set)
    rt_evt_wait                              0x08003d25   Thumb Code    56  rt_event.o(i.rt_evt_wait)
    rt_free_box                              0x08003d61   Thumb Code    44  rt_membox.o(i.rt_free_box)
    rt_free_mem                              0x08003d8d   Thumb Code    40  rt_memory.o(i.rt_free_mem)
    rt_get_first                             0x08003db5   Thumb Code    40  rt_list.o(i.rt_get_first)
    rt_init_mem                              0x08003e2d   Thumb Code    26  rt_memory.o(i.rt_init_mem)
    rt_init_robin                            0x08003e49   Thumb Code    14  rt_robin.o(i.rt_init_robin)
    rt_init_stack                            0x08003e61   Thumb Code   118  hal_cm.o(i.rt_init_stack)
    rt_mbx_check                             0x08003ee1   Thumb Code     8  rt_mailbox.o(i.rt_mbx_check)
    rt_mbx_init                              0x08003ee9   Thumb Code    26  rt_mailbox.o(i.rt_mbx_init)
    rt_mbx_psh                               0x08003f05   Thumb Code   236  rt_mailbox.o(i.rt_mbx_psh)
    rt_mbx_wait                              0x08003ff5   Thumb Code   174  rt_mailbox.o(i.rt_mbx_wait)
    rt_mut_release                           0x080040ed   Thumb Code   208  rt_mutex.o(i.rt_mut_release)
    rt_mut_wait                              0x080041c5   Thumb Code   100  rt_mutex.o(i.rt_mut_wait)
    rt_pop_req                               0x0800422d   Thumb Code   112  rt_system.o(i.rt_pop_req)
    rt_psh_req                               0x080042a9   Thumb Code    22  rt_system.o(i.rt_psh_req)
    rt_psq_enq                               0x080042c9   Thumb Code    88  rt_list.o(i.rt_psq_enq)
    rt_put_dly                               0x08004325   Thumb Code    68  rt_list.o(i.rt_put_dly)
    rt_put_prio                              0x0800436d   Thumb Code    54  rt_list.o(i.rt_put_prio)
    rt_put_rdy_first                         0x080043a5   Thumb Code    14  rt_list.o(i.rt_put_rdy_first)
    rt_resort_prio                           0x080043b9   Thumb Code    46  rt_list.o(i.rt_resort_prio)
    rt_ret_val                               0x080043ed   Thumb Code     6  hal_cm.o(i.rt_ret_val)
    rt_ret_val2                              0x080043f3   Thumb Code     8  hal_cm.o(i.rt_ret_val2)
    rt_rmv_dly                               0x080043fb   Thumb Code    40  rt_list.o(i.rt_rmv_dly)
    rt_rmv_list                              0x08004425   Thumb Code    44  rt_list.o(i.rt_rmv_list)
    rt_sem_psh                               0x08004455   Thumb Code    48  rt_semaphore.o(i.rt_sem_psh)
    rt_stk_check                             0x08004489   Thumb Code    28  rt_system.o(i.rt_stk_check)
    rt_switch_req                            0x080044ad   Thumb Code    30  rt_task.o(i.rt_switch_req)
    rt_sys_init                              0x080044d5   Thumb Code   138  rt_task.o(i.rt_sys_init)
    rt_sys_start                             0x080045a1   Thumb Code   110  rt_task.o(i.rt_sys_start)
    rt_systick                               0x08004619   Thumb Code    50  rt_system.o(i.rt_systick)
    rt_tsk_create                            0x080046a1   Thumb Code   118  rt_task.o(i.rt_tsk_create)
    rt_tsk_delete                            0x08004729   Thumb Code   352  rt_task.o(i.rt_tsk_delete)
    rt_tsk_prio                              0x080048a5   Thumb Code   108  rt_task.o(i.rt_tsk_prio)
    rt_tsk_self                              0x08004921   Thumb Code    12  rt_task.o(i.rt_tsk_self)
    svcDelay                                 0x08004931   Thumb Code    18  rt_cmsis.o(i.svcDelay)
    svcKernelInitialize                      0x08004945   Thumb Code    80  rt_cmsis.o(i.svcKernelInitialize)
    svcKernelStart                           0x080049b5   Thumb Code    62  rt_cmsis.o(i.svcKernelStart)
    svcMessageCreate                         0x080049fd   Thumb Code    36  rt_cmsis.o(i.svcMessageCreate)
    svcMessageGet                            0x08004a21   Thumb Code    58  rt_cmsis.o(i.svcMessageGet)
    svcSignalSet                             0x08004a5b   Thumb Code    36  rt_cmsis.o(i.svcSignalSet)
    svcSignalWait                            0x08004a81   Thumb Code    80  rt_cmsis.o(i.svcSignalWait)
    svcThreadCreate                          0x08004ad5   Thumb Code   100  rt_cmsis.o(i.svcThreadCreate)
    svcThreadGetId                           0x08004b45   Thumb Code    22  rt_cmsis.o(i.svcThreadGetId)
    svcThreadTerminate                       0x08004b61   Thumb Code    50  rt_cmsis.o(i.svcThreadTerminate)
    svcTimerCall                             0x08004b99   Thumb Code    24  rt_cmsis.o(i.svcTimerCall)
    sysTimerTick                             0x08004bb1   Thumb Code    84  rt_cmsis.o(i.sysTimerTick)
    os_thread_def_myUART_Thread              0x08004c0c   Data          16  main.o(.constdata)
    os_thread_def_can1_thread                0x08004c1c   Data          16  main.o(.constdata)
    os_thread_def_led_thread1                0x08004c2c   Data          16  main.o(.constdata)
    os_maxtaskrun                            0x08004c3c   Data           2  rtx_conf_cm.o(.constdata)
    os_stackinfo                             0x08004c40   Data           4  rtx_conf_cm.o(.constdata)
    os_rrobin                                0x08004c44   Data           4  rtx_conf_cm.o(.constdata)
    os_tickfreq                              0x08004c48   Data           4  rtx_conf_cm.o(.constdata)
    os_tickus_i                              0x08004c4c   Data           2  rtx_conf_cm.o(.constdata)
    os_tickus_f                              0x08004c4e   Data           2  rtx_conf_cm.o(.constdata)
    os_trv                                   0x08004c50   Data           4  rtx_conf_cm.o(.constdata)
    os_flags                                 0x08004c54   Data           1  rtx_conf_cm.o(.constdata)
    CMSIS_RTOS_API_Version                   0x08004c58   Data           4  rtx_conf_cm.o(.constdata)
    CMSIS_RTOS_RTX_Version                   0x08004c5c   Data           4  rtx_conf_cm.o(.constdata)
    os_clockrate                             0x08004c60   Data           4  rtx_conf_cm.o(.constdata)
    os_timernum                              0x08004c64   Data           4  rtx_conf_cm.o(.constdata)
    mp_tcb_size                              0x08004c68   Data           2  rtx_conf_cm.o(.constdata)
    mp_stk_size                              0x08004c6c   Data           4  rtx_conf_cm.o(.constdata)
    os_stack_sz                              0x08004c70   Data           4  rtx_conf_cm.o(.constdata)
    os_fifo_size                             0x08004c74   Data           1  rtx_conf_cm.o(.constdata)
    os_thread_def_osTimerThread              0x08004c78   Data          16  rtx_conf_cm.o(.constdata)
    os_messageQ_def_osTimerMessageQ          0x08004c88   Data           8  rtx_conf_cm.o(.constdata)
    mp_tmr_size                              0x08004c90   Data           2  rtx_conf_cm.o(.constdata)
    Driver_CAN1                              0x08004cac   Data          60  can_stm32f10x.o(.constdata)
    Driver_USART1                            0x08004d34   Data          56  usart_stm32f10x.o(.constdata)
    Region$$Table$$Base                      0x08004d6c   Number         0  anon$$obj.o(Region$$Table)
    Region$$Table$$Limit                     0x08004d8c   Number         0  anon$$obj.o(Region$$Table)
    main_ID                                  0x20000000   Data           4  main.o(.data)
    led_ID1                                  0x20000004   Data           4  main.o(.data)
    led_ID2                                  0x20000008   Data           4  main.o(.data)
    tid_myUART_Thread                        0x2000000c   Data           4  uart_thread.o(.data)
    tid_can1_Thread                          0x20000014   Data           4  can_thread.o(.data)
    rx_obj_idx                               0x20000018   Data           4  can_thread.o(.data)
    rx_data                                  0x2000001c   Data           8  can_thread.o(.data)
    rx_msg_info                              0x20000024   Data           8  can_thread.o(.data)
    tx_obj_idx                               0x2000002c   Data           4  can_thread.o(.data)
    tx_data                                  0x20000030   Data           8  can_thread.o(.data)
    tx_msg_info                              0x20000038   Data           8  can_thread.o(.data)
    osThreadId_osTimerThread                 0x20000040   Data           4  rtx_conf_cm.o(.data)
    osMessageQId_osTimerMessageQ             0x20000044   Data           4  rtx_conf_cm.o(.data)
    os_tmr                                   0x20000048   Data           4  rtx_conf_cm.o(.data)
    m_tmr                                    0x2000004c   Data           4  rtx_conf_cm.o(.data)
    os_thread_def_main                       0x20000054   Data          16  rtx_conf_cm.o(.data)
    os_initialized                           0x20000074   Data           1  rt_cmsis.o(.data)
    os_running                               0x20000075   Data           1  rt_cmsis.o(.data)
    os_timer_head                            0x20000078   Data           4  rt_cmsis.o(.data)
    os_tsk                                   0x2000007c   Data           8  rt_task.o(.data)
    os_tick_irqn                             0x20000088   Data           4  rt_system.o(.data)
    os_time                                  0x2000008c   Data           4  rt_time.o(.data)
    os_robin                                 0x20000090   Data           8  rt_robin.o(.data)
    dbg_msg                                  0x20000098   Data           1  hal_cm.o(.data)
    mp_tcb                                   0x200000a0   Data         376  rtx_conf_cm.o(.bss)
    mp_stk                                   0x20000218   Data        1216  rtx_conf_cm.o(.bss)
    os_stack_mem                             0x200006d8   Data         432  rtx_conf_cm.o(.bss)
    os_fifo                                  0x20000888   Data         132  rtx_conf_cm.o(.bss)
    os_active_TCB                            0x2000090c   Data          28  rtx_conf_cm.o(.bss)
    os_messageQ_q_osTimerMessageQ            0x20000928   Data          32  rtx_conf_cm.o(.bss)
    os_idle_TCB                              0x20000ca0   Data          52  rt_task.o(.bss)
    os_rdy                                   0x20000cd4   Data          24  rt_list.o(.bss)
    os_dly                                   0x20000cec   Data          24  rt_list.o(.bss)
    __libspace_start                         0x20000d04   Data          96  libspace.o(.bss)
    __temporary_stack_top$libspace           0x20000d64   Data           0  libspace.o(.bss)



==============================================================================

Memory Map of the image

  Image Entry point : 0x080000ed

  Load Region LR_IROM1 (Base: 0x08000000, Size: 0x00004e28, Max: 0x00010000, ABSOLUTE)

    Execution Region ER_IROM1 (Base: 0x08000000, Size: 0x00004d8c, Max: 0x00010000, ABSOLUTE)

    Base Addr    Size         Type   Attr      Idx    E Section Name        Object

    0x08000000   0x000000ec   Data   RO          841    RESET               startup_stm32f10x_md.o
    0x080000ec   0x00000008   Code   RO         2118  * !!!main             c_w.l(__main.o)
    0x080000f4   0x00000034   Code   RO         2280    !!!scatter          c_w.l(__scatter.o)
    0x08000128   0x0000001a   Code   RO         2282    !!handler_copy      c_w.l(__scatter_copy.o)
    0x08000142   0x00000002   PAD
    0x08000144   0x0000001c   Code   RO         2284    !!handler_zi        c_w.l(__scatter_zi.o)
    0x08000160   0x00000002   Code   RO         2167    .ARM.Collect$$libinit$$00000000  c_w.l(libinit.o)
    0x08000162   0x00000000   Code   RO         2179    .ARM.Collect$$libinit$$00000002  c_w.l(libinit2.o)
    0x08000162   0x00000000   Code   RO         2181    .ARM.Collect$$libinit$$00000004  c_w.l(libinit2.o)
    0x08000162   0x00000000   Code   RO         2184    .ARM.Collect$$libinit$$0000000A  c_w.l(libinit2.o)
    0x08000162   0x00000000   Code   RO         2186    .ARM.Collect$$libinit$$0000000C  c_w.l(libinit2.o)
    0x08000162   0x00000000   Code   RO         2188    .ARM.Collect$$libinit$$0000000E  c_w.l(libinit2.o)
    0x08000162   0x00000000   Code   RO         2191    .ARM.Collect$$libinit$$00000011  c_w.l(libinit2.o)
    0x08000162   0x00000000   Code   RO         2193    .ARM.Collect$$libinit$$00000013  c_w.l(libinit2.o)
    0x08000162   0x00000000   Code   RO         2195    .ARM.Collect$$libinit$$00000015  c_w.l(libinit2.o)
    0x08000162   0x00000000   Code   RO         2197    .ARM.Collect$$libinit$$00000017  c_w.l(libinit2.o)
    0x08000162   0x00000000   Code   RO         2199    .ARM.Collect$$libinit$$00000019  c_w.l(libinit2.o)
    0x08000162   0x00000000   Code   RO         2201    .ARM.Collect$$libinit$$0000001B  c_w.l(libinit2.o)
    0x08000162   0x00000000   Code   RO         2203    .ARM.Collect$$libinit$$0000001D  c_w.l(libinit2.o)
    0x08000162   0x00000000   Code   RO         2205    .ARM.Collect$$libinit$$0000001F  c_w.l(libinit2.o)
    0x08000162   0x00000000   Code   RO         2207    .ARM.Collect$$libinit$$00000021  c_w.l(libinit2.o)
    0x08000162   0x00000000   Code   RO         2209    .ARM.Collect$$libinit$$00000023  c_w.l(libinit2.o)
    0x08000162   0x00000000   Code   RO         2211    .ARM.Collect$$libinit$$00000025  c_w.l(libinit2.o)
    0x08000162   0x00000000   Code   RO         2215    .ARM.Collect$$libinit$$0000002C  c_w.l(libinit2.o)
    0x08000162   0x00000000   Code   RO         2217    .ARM.Collect$$libinit$$0000002E  c_w.l(libinit2.o)
    0x08000162   0x00000000   Code   RO         2219    .ARM.Collect$$libinit$$00000030  c_w.l(libinit2.o)
    0x08000162   0x00000000   Code   RO         2221    .ARM.Collect$$libinit$$00000032  c_w.l(libinit2.o)
    0x08000162   0x00000002   Code   RO         2222    .ARM.Collect$$libinit$$00000033  c_w.l(libinit2.o)
    0x08000164   0x00000002   Code   RO         2168    .ARM.Collect$$libshutdown$$00000000  c_w.l(libshutdown.o)
    0x08000166   0x00000000   Code   RO         2225    .ARM.Collect$$libshutdown$$00000003  c_w.l(libshutdown2.o)
    0x08000166   0x00000000   Code   RO         2228    .ARM.Collect$$libshutdown$$00000006  c_w.l(libshutdown2.o)
    0x08000166   0x00000000   Code   RO         2231    .ARM.Collect$$libshutdown$$00000009  c_w.l(libshutdown2.o)
    0x08000166   0x00000000   Code   RO         2233    .ARM.Collect$$libshutdown$$0000000B  c_w.l(libshutdown2.o)
    0x08000166   0x00000000   Code   RO         2236    .ARM.Collect$$libshutdown$$0000000E  c_w.l(libshutdown2.o)
    0x08000166   0x00000002   Code   RO         2237    .ARM.Collect$$libshutdown$$0000000F  c_w.l(libshutdown2.o)
    0x08000168   0x00000000   Code   RO         2120    .ARM.Collect$$rtentry$$00000000  c_w.l(__rtentry.o)
    0x08000168   0x00000000   Code   RO         2130    .ARM.Collect$$rtentry$$00000002  c_w.l(__rtentry2.o)
    0x08000168   0x00000006   Code   RO         2142    .ARM.Collect$$rtentry$$00000004  c_w.l(__rtentry4.o)
    0x0800016e   0x00000000   Code   RO         2132    .ARM.Collect$$rtentry$$00000009  c_w.l(__rtentry2.o)
    0x0800016e   0x00000004   Code   RO         2133    .ARM.Collect$$rtentry$$0000000A  c_w.l(__rtentry2.o)
    0x08000172   0x00000008   Code   RO         2134    .ARM.Collect$$rtentry$$0000000B  c_w.l(__rtentry2.o)
    0x0800017a   0x00000008   Code   RO         2136    .ARM.Collect$$rtentry$$0000000D  c_w.l(__rtentry2.o)
    0x08000182   0x00000002   Code   RO         2121    .ARM.Collect$$rtexit$$00000000  c_w.l(rtexit.o)
    0x08000184   0x00000000   Code   RO         2145    .ARM.Collect$$rtexit$$00000002  c_w.l(rtexit2.o)
    0x08000184   0x00000004   Code   RO         2146    .ARM.Collect$$rtexit$$00000003  c_w.l(rtexit2.o)
    0x08000188   0x00000006   Code   RO         2147    .ARM.Collect$$rtexit$$00000004  c_w.l(rtexit2.o)
    0x0800018e   0x00000002   PAD
    0x08000190   0x0000001c   Code   RO          183    .emb_text           rtx_conf_cm.o
    0x080001ac   0x00000130   Code   RO         2090    .emb_text           RTX_CM3.lib(hal_cm3.o)
    0x080002dc   0x00000040   Code   RO          842    .text               startup_stm32f10x_md.o
    0x0800031c   0x00000008   Code   RO         2105    .text               c_w.l(libspace.o)
    0x08000324   0x0000000c   Code   RO         2110    .text               c_w.l(exit.o)
    0x08000330   0x0000008a   Code   RO         2112    .text               c_w.l(rt_memcpy_v6.o)
    0x080003ba   0x0000004e   Code   RO         2114    .text               c_w.l(rt_memclr_w.o)
    0x08000408   0x00000006   Code   RO         2116    .text               c_w.l(heapauxi.o)
    0x0800040e   0x00000064   Code   RO         2127    .text               c_w.l(rt_memcpy_w.o)
    0x08000472   0x00000002   PAD
    0x08000474   0x0000000c   Code   RO         2153    .text               c_w.l(sys_exit.o)
    0x08000480   0x0000004a   Code   RO         2155    .text               c_w.l(sys_stackheap_outer.o)
    0x080004ca   0x00000002   Code   RO         2169    .text               c_w.l(use_no_semi.o)
    0x080004cc   0x00000000   Code   RO         2171    .text               c_w.l(indicate_semi.o)
    0x080004cc   0x00000004   Code   RO         2100    SVC_TABLE           RTX_CM3.lib(svc_table.o)
    0x080004d0   0x00000012   Code   RO          244    i.CAN1_Control      can_stm32f10x.o
    0x080004e2   0x0000000c   Code   RO          245    i.CAN1_GetStatus    can_stm32f10x.o
    0x080004ee   0x00000012   Code   RO          246    i.CAN1_Initialize   can_stm32f10x.o
    0x08000500   0x0000001c   Code   RO          247    i.CAN1_MessageRead  can_stm32f10x.o
    0x0800051c   0x0000001c   Code   RO          248    i.CAN1_MessageSend  can_stm32f10x.o
    0x08000538   0x00000012   Code   RO          249    i.CAN1_ObjectConfigure  can_stm32f10x.o
    0x0800054a   0x00000010   Code   RO          250    i.CAN1_ObjectGetCapabilities  can_stm32f10x.o
    0x0800055a   0x0000001c   Code   RO          251    i.CAN1_ObjectSetFilter  can_stm32f10x.o
    0x08000576   0x0000000e   Code   RO          252    i.CAN1_PowerControl  can_stm32f10x.o
    0x08000584   0x000000ec   Code   RO          253    i.CAN1_RX1_IRQHandler  can_stm32f10x.o
    0x08000670   0x00000094   Code   RO          254    i.CAN1_SCE_IRQHandler  can_stm32f10x.o
    0x08000704   0x00000016   Code   RO          255    i.CAN1_SetBitrate   can_stm32f10x.o
    0x0800071a   0x0000000e   Code   RO          256    i.CAN1_SetMode      can_stm32f10x.o
    0x08000728   0x0000000a   Code   RO          257    i.CAN1_Uninitialize  can_stm32f10x.o
    0x08000732   0x00000002   PAD
    0x08000734   0x0000000c   Code   RO          258    i.CAN_GetCapabilities  can_stm32f10x.o
    0x08000740   0x00000008   Code   RO          259    i.CAN_GetClock      can_stm32f10x.o
    0x08000748   0x00000010   Code   RO          260    i.CAN_GetVersion    can_stm32f10x.o
    0x08000758   0x0000007c   Code   RO          113    i.CAN_SignalObjectEvent  can_thread.o
    0x080007d4   0x00000002   Code   RO          114    i.CAN_SignalUnitEvent  can_thread.o
    0x080007d6   0x00000002   PAD
    0x080007d8   0x00000420   Code   RO          261    i.CANx_AddFilter    can_stm32f10x.o
    0x08000bf8   0x000000b0   Code   RO          262    i.CANx_Control      can_stm32f10x.o
    0x08000ca8   0x000000f0   Code   RO          263    i.CANx_GetStatus    can_stm32f10x.o
    0x08000d98   0x00000078   Code   RO          264    i.CANx_Initialize   can_stm32f10x.o
    0x08000e10   0x00000120   Code   RO          265    i.CANx_MessageRead  can_stm32f10x.o
    0x08000f30   0x00000144   Code   RO          266    i.CANx_MessageSend  can_stm32f10x.o
    0x08001074   0x00000094   Code   RO          267    i.CANx_ObjectConfigure  can_stm32f10x.o
    0x08001108   0x0000002c   Code   RO          268    i.CANx_ObjectGetCapabilities  can_stm32f10x.o
    0x08001134   0x000000b4   Code   RO          269    i.CANx_ObjectSetFilter  can_stm32f10x.o
    0x080011e8   0x00000204   Code   RO          270    i.CANx_PowerControl  can_stm32f10x.o
    0x080013ec   0x00000390   Code   RO          271    i.CANx_RemoveFilter  can_stm32f10x.o
    0x0800177c   0x00000138   Code   RO          272    i.CANx_SetBitrate   can_stm32f10x.o
    0x080018b4   0x0000015c   Code   RO          273    i.CANx_SetMode      can_stm32f10x.o
    0x08001a10   0x00000044   Code   RO          274    i.CANx_Uninitialize  can_stm32f10x.o
    0x08001a54   0x00000002   Code   RO          658    i.DMA1_Channel1_Event  dma_stm32f10x.o
    0x08001a56   0x00000002   PAD
    0x08001a58   0x0000001c   Code   RO          659    i.DMA1_Channel1_IRQHandler  dma_stm32f10x.o
    0x08001a74   0x00000002   Code   RO          660    i.DMA1_Channel2_Event  dma_stm32f10x.o
    0x08001a76   0x00000002   PAD
    0x08001a78   0x0000001c   Code   RO          661    i.DMA1_Channel2_IRQHandler  dma_stm32f10x.o
    0x08001a94   0x00000002   Code   RO          662    i.DMA1_Channel3_Event  dma_stm32f10x.o
    0x08001a96   0x00000002   PAD
    0x08001a98   0x0000001c   Code   RO          663    i.DMA1_Channel3_IRQHandler  dma_stm32f10x.o
    0x08001ab4   0x00000002   Code   RO          664    i.DMA1_Channel4_Event  dma_stm32f10x.o
    0x08001ab6   0x00000002   PAD
    0x08001ab8   0x0000001c   Code   RO          665    i.DMA1_Channel4_IRQHandler  dma_stm32f10x.o
    0x08001ad4   0x00000002   Code   RO          666    i.DMA1_Channel5_Event  dma_stm32f10x.o
    0x08001ad6   0x00000002   PAD
    0x08001ad8   0x0000001c   Code   RO          667    i.DMA1_Channel5_IRQHandler  dma_stm32f10x.o
    0x08001af4   0x00000002   Code   RO          668    i.DMA1_Channel6_Event  dma_stm32f10x.o
    0x08001af6   0x00000002   PAD
    0x08001af8   0x0000001c   Code   RO          669    i.DMA1_Channel6_IRQHandler  dma_stm32f10x.o
    0x08001b14   0x00000002   Code   RO          670    i.DMA1_Channel7_Event  dma_stm32f10x.o
    0x08001b16   0x00000002   PAD
    0x08001b18   0x0000001c   Code   RO          671    i.DMA1_Channel7_IRQHandler  dma_stm32f10x.o
    0x08001b34   0x00000024   Code   RO          115    i.Error_Handler     can_thread.o
    0x08001b58   0x00000058   Code   RO          796    i.GPIO_AFConfigure  gpio_stm32f10x.o
    0x08001bb0   0x00000098   Code   RO          797    i.GPIO_GetPortClockState  gpio_stm32f10x.o
    0x08001c48   0x00000078   Code   RO          798    i.GPIO_PinConfigure  gpio_stm32f10x.o
    0x08001cc0   0x0000013c   Code   RO          799    i.GPIO_PortClock    gpio_stm32f10x.o
    0x08001dfc   0x00000018   Code   RO          275    i.NVIC_ClearPendingIRQ  can_stm32f10x.o
    0x08001e14   0x00000018   Code   RO          276    i.NVIC_DisableIRQ   can_stm32f10x.o
    0x08001e2c   0x00000016   Code   RO          277    i.NVIC_EnableIRQ    can_stm32f10x.o
    0x08001e42   0x00000008   Code   RO          849    i.SetSysClock       system_stm32f10x.o
    0x08001e4a   0x00000002   PAD
    0x08001e4c   0x000000e0   Code   RO          850    i.SetSysClockTo72   system_stm32f10x.o
    0x08001f2c   0x00000060   Code   RO          852    i.SystemInit        system_stm32f10x.o
    0x08001f8c   0x00000018   Code   RO          475    i.USART1_Control    usart_stm32f10x.o
    0x08001fa4   0x00000010   Code   RO          476    i.USART1_GetCapabilities  usart_stm32f10x.o
    0x08001fb4   0x00000010   Code   RO          477    i.USART1_GetModemStatus  usart_stm32f10x.o
    0x08001fc4   0x00000010   Code   RO          478    i.USART1_GetRxCount  usart_stm32f10x.o
    0x08001fd4   0x00000010   Code   RO          479    i.USART1_GetStatus  usart_stm32f10x.o
    0x08001fe4   0x00000010   Code   RO          480    i.USART1_GetTxCount  usart_stm32f10x.o
    0x08001ff4   0x00000010   Code   RO          481    i.USART1_IRQHandler  usart_stm32f10x.o
    0x08002004   0x00000014   Code   RO          482    i.USART1_Initialize  usart_stm32f10x.o
    0x08002018   0x00000014   Code   RO          483    i.USART1_PowerControl  usart_stm32f10x.o
    0x0800202c   0x00000018   Code   RO          484    i.USART1_Receive    usart_stm32f10x.o
    0x08002044   0x00000018   Code   RO          485    i.USART1_Send       usart_stm32f10x.o
    0x0800205c   0x00000014   Code   RO          486    i.USART1_SetModemControl  usart_stm32f10x.o
    0x08002070   0x0000001c   Code   RO          487    i.USART1_Transfer   usart_stm32f10x.o
    0x0800208c   0x00000010   Code   RO          488    i.USART1_Uninitialize  usart_stm32f10x.o
    0x0800209c   0x00000820   Code   RO          489    i.USART_Control     usart_stm32f10x.o
    0x080028bc   0x00000006   Code   RO          490    i.USART_GetCapabilities  usart_stm32f10x.o
    0x080028c2   0x00000056   Code   RO          491    i.USART_GetModemStatus  usart_stm32f10x.o
    0x08002918   0x00000008   Code   RO          492    i.USART_GetRxCount  usart_stm32f10x.o
    0x08002920   0x00000076   Code   RO          493    i.USART_GetStatus   usart_stm32f10x.o
    0x08002996   0x00000008   Code   RO          494    i.USART_GetTxCount  usart_stm32f10x.o
    0x0800299e   0x00000270   Code   RO          495    i.USART_IRQHandler  usart_stm32f10x.o
    0x08002c0e   0x000000a2   Code   RO          496    i.USART_Initialize  usart_stm32f10x.o
    0x08002cb0   0x00000088   Code   RO          497    i.USART_PeripheralReset  usart_stm32f10x.o
    0x08002d38   0x000001a4   Code   RO          498    i.USART_PowerControl  usart_stm32f10x.o
    0x08002edc   0x000000a2   Code   RO          499    i.USART_Receive     usart_stm32f10x.o
    0x08002f7e   0x00000088   Code   RO          500    i.USART_Send        usart_stm32f10x.o
    0x08003006   0x0000009c   Code   RO          501    i.USART_SetModemControl  usart_stm32f10x.o
    0x080030a2   0x0000006a   Code   RO          502    i.USART_Transfer    usart_stm32f10x.o
    0x0800310c   0x0000006c   Code   RO          503    i.USART_Uninitialize  usart_stm32f10x.o
    0x08003178   0x00000010   Code   RO          504    i.USARTx_GetVersion  usart_stm32f10x.o
    0x08003188   0x00000118   Code   RO          278    i.USB_HP_CAN1_TX_IRQHandler  can_stm32f10x.o
    0x080032a0   0x000000ec   Code   RO          279    i.USB_LP_CAN1_RX0_IRQHandler  can_stm32f10x.o
    0x0800338c   0x00000046   Code   RO         1989    i._init_box         RTX_CM3.lib(rt_membox.o)
    0x080033d2   0x00000002   PAD
    0x080033d4   0x00000020   Code   RO          185    i._mutex_acquire    rtx_conf_cm.o
    0x080033f4   0x0000001c   Code   RO          187    i._mutex_release    rtx_conf_cm.o
    0x08003410   0x00000120   Code   RO          116    i.can1_init         can_thread.o
    0x08003530   0x00000068   Code   RO          117    i.can1_send         can_thread.o
    0x08003598   0x00000054   Code   RO          118    i.can1_thread       can_thread.o
    0x080035ec   0x00000030   Code   RO         2042    i.dbg_init          RTX_CM3.lib(hal_cm.o)
    0x0800361c   0x00000020   Code   RO         2043    i.dbg_task_notify   RTX_CM3.lib(hal_cm.o)
    0x0800363c   0x00000010   Code   RO         2044    i.dbg_task_switch   RTX_CM3.lib(hal_cm.o)
    0x0800364c   0x0000002a   Code   RO          895    i.isrMessageGet     RTX_CM3.lib(rt_cmsis.o)
    0x08003676   0x0000002c   Code   RO          896    i.isrMessagePut     RTX_CM3.lib(rt_cmsis.o)
    0x080036a2   0x00000024   Code   RO          898    i.isrSignalSet      RTX_CM3.lib(rt_cmsis.o)
    0x080036c6   0x00000002   PAD
    0x080036c8   0x00000028   Code   RO         1726    i.isr_evt_set       RTX_CM3.lib(rt_event.o)
    0x080036f0   0x00000052   Code   RO         1844    i.isr_mbx_receive   RTX_CM3.lib(rt_mailbox.o)
    0x08003742   0x0000000e   Code   RO         1845    i.isr_mbx_send      RTX_CM3.lib(rt_mailbox.o)
    0x08003750   0x00000054   Code   RO            4    i.led_thread1       main.o
    0x080037a4   0x00000058   Code   RO            5    i.main              main.o
    0x080037fc   0x000000dc   Code   RO           78    i.myUART_Thread     uart_thread.o
    0x080038d8   0x00000048   Code   RO           79    i.myUSART_callback  uart_thread.o
    0x08003920   0x00000018   Code   RO          899    i.osDelay           RTX_CM3.lib(rt_cmsis.o)
    0x08003938   0x00000024   Code   RO          900    i.osKernelInitialize  RTX_CM3.lib(rt_cmsis.o)
    0x0800395c   0x0000006c   Code   RO          902    i.osKernelStart     RTX_CM3.lib(rt_cmsis.o)
    0x080039c8   0x00000018   Code   RO          911    i.osMessageGet      RTX_CM3.lib(rt_cmsis.o)
    0x080039e0   0x00000018   Code   RO          926    i.osSignalSet       RTX_CM3.lib(rt_cmsis.o)
    0x080039f8   0x00000018   Code   RO          927    i.osSignalWait      RTX_CM3.lib(rt_cmsis.o)
    0x08003a10   0x00000030   Code   RO          928    i.osThreadCreate    RTX_CM3.lib(rt_cmsis.o)
    0x08003a40   0x00000018   Code   RO          929    i.osThreadExit      RTX_CM3.lib(rt_cmsis.o)
    0x08003a58   0x0000000c   Code   RO          935    i.osTimerCall       RTX_CM3.lib(rt_cmsis.o)
    0x08003a64   0x0000002c   Code   RO          940    i.osTimerThread     RTX_CM3.lib(rt_cmsis.o)
    0x08003a90   0x00000022   Code   RO          188    i.os_error          rtx_conf_cm.o
    0x08003ab2   0x00000004   Code   RO          189    i.os_idle_demon     rtx_conf_cm.o
    0x08003ab6   0x00000002   PAD
    0x08003ab8   0x00000028   Code   RO         1636    i.os_tick_init      RTX_CM3.lib(rt_system.o)
    0x08003ae0   0x00000002   Code   RO         1637    i.os_tick_irqack    RTX_CM3.lib(rt_system.o)
    0x08003ae2   0x0000001a   Code   RO         1990    i.rt_alloc_box      RTX_CM3.lib(rt_membox.o)
    0x08003afc   0x0000003e   Code   RO         2018    i.rt_alloc_mem      RTX_CM3.lib(rt_memory.o)
    0x08003b3a   0x00000002   PAD
    0x08003b3c   0x00000038   Code   RO         1517    i.rt_block          RTX_CM3.lib(rt_task.o)
    0x08003b74   0x00000048   Code   RO         1967    i.rt_chk_robin      RTX_CM3.lib(rt_robin.o)
    0x08003bbc   0x00000070   Code   RO         1768    i.rt_dec_dly        RTX_CM3.lib(rt_list.o)
    0x08003c2c   0x00000044   Code   RO         1518    i.rt_dispatch       RTX_CM3.lib(rt_task.o)
    0x08003c70   0x00000006   Code   RO         1934    i.rt_dly_wait       RTX_CM3.lib(rt_time.o)
    0x08003c76   0x00000002   PAD
    0x08003c78   0x00000050   Code   RO         1729    i.rt_evt_psh        RTX_CM3.lib(rt_event.o)
    0x08003cc8   0x0000005c   Code   RO         1730    i.rt_evt_set        RTX_CM3.lib(rt_event.o)
    0x08003d24   0x0000003c   Code   RO         1731    i.rt_evt_wait       RTX_CM3.lib(rt_event.o)
    0x08003d60   0x0000002c   Code   RO         1991    i.rt_free_box       RTX_CM3.lib(rt_membox.o)
    0x08003d8c   0x00000028   Code   RO         2019    i.rt_free_mem       RTX_CM3.lib(rt_memory.o)
    0x08003db4   0x00000028   Code   RO         1769    i.rt_get_first      RTX_CM3.lib(rt_list.o)
    0x08003ddc   0x00000008   Code   RO          945    i.rt_id2obj         RTX_CM3.lib(rt_cmsis.o)
    0x08003de4   0x00000048   Code   RO         1519    i.rt_init_context   RTX_CM3.lib(rt_task.o)
    0x08003e2c   0x0000001a   Code   RO         2020    i.rt_init_mem       RTX_CM3.lib(rt_memory.o)
    0x08003e46   0x00000002   PAD
    0x08003e48   0x00000018   Code   RO         1968    i.rt_init_robin     RTX_CM3.lib(rt_robin.o)
    0x08003e60   0x00000080   Code   RO         2045    i.rt_init_stack     RTX_CM3.lib(hal_cm.o)
    0x08003ee0   0x00000008   Code   RO         1846    i.rt_mbx_check      RTX_CM3.lib(rt_mailbox.o)
    0x08003ee8   0x0000001a   Code   RO         1847    i.rt_mbx_init       RTX_CM3.lib(rt_mailbox.o)
    0x08003f02   0x00000002   PAD
    0x08003f04   0x000000f0   Code   RO         1848    i.rt_mbx_psh        RTX_CM3.lib(rt_mailbox.o)
    0x08003ff4   0x000000b4   Code   RO         1850    i.rt_mbx_wait       RTX_CM3.lib(rt_mailbox.o)
    0x080040a8   0x00000044   Code   RO          946    i.rt_ms2tick        RTX_CM3.lib(rt_cmsis.o)
    0x080040ec   0x000000d8   Code   RO         1603    i.rt_mut_release    RTX_CM3.lib(rt_mutex.o)
    0x080041c4   0x00000068   Code   RO         1604    i.rt_mut_wait       RTX_CM3.lib(rt_mutex.o)
    0x0800422c   0x0000007c   Code   RO         1640    i.rt_pop_req        RTX_CM3.lib(rt_system.o)
    0x080042a8   0x00000020   Code   RO         1641    i.rt_psh_req        RTX_CM3.lib(rt_system.o)
    0x080042c8   0x0000005c   Code   RO         1771    i.rt_psq_enq        RTX_CM3.lib(rt_list.o)
    0x08004324   0x00000048   Code   RO         1772    i.rt_put_dly        RTX_CM3.lib(rt_list.o)
    0x0800436c   0x00000036   Code   RO         1773    i.rt_put_prio       RTX_CM3.lib(rt_list.o)
    0x080043a2   0x00000002   PAD
    0x080043a4   0x00000014   Code   RO         1774    i.rt_put_rdy_first  RTX_CM3.lib(rt_list.o)
    0x080043b8   0x00000034   Code   RO         1775    i.rt_resort_prio    RTX_CM3.lib(rt_list.o)
    0x080043ec   0x00000006   Code   RO         2046    i.rt_ret_val        RTX_CM3.lib(hal_cm.o)
    0x080043f2   0x00000008   Code   RO         2047    i.rt_ret_val2       RTX_CM3.lib(hal_cm.o)
    0x080043fa   0x00000028   Code   RO         1776    i.rt_rmv_dly        RTX_CM3.lib(rt_list.o)
    0x08004422   0x00000002   PAD
    0x08004424   0x00000030   Code   RO         1777    i.rt_rmv_list       RTX_CM3.lib(rt_list.o)
    0x08004454   0x00000034   Code   RO         1895    i.rt_sem_psh        RTX_CM3.lib(rt_semaphore.o)
    0x08004488   0x00000024   Code   RO         1643    i.rt_stk_check      RTX_CM3.lib(rt_system.o)
    0x080044ac   0x00000028   Code   RO         1520    i.rt_switch_req     RTX_CM3.lib(rt_task.o)
    0x080044d4   0x000000cc   Code   RO         1521    i.rt_sys_init       RTX_CM3.lib(rt_task.o)
    0x080045a0   0x00000078   Code   RO         1522    i.rt_sys_start      RTX_CM3.lib(rt_task.o)
    0x08004618   0x00000040   Code   RO         1645    i.rt_systick        RTX_CM3.lib(rt_system.o)
    0x08004658   0x00000012   Code   RO          947    i.rt_tid2ptcb       RTX_CM3.lib(rt_cmsis.o)
    0x0800466a   0x00000002   PAD
    0x0800466c   0x00000034   Code   RO          948    i.rt_timer_insert   RTX_CM3.lib(rt_cmsis.o)
    0x080046a0   0x00000088   Code   RO         1523    i.rt_tsk_create     RTX_CM3.lib(rt_task.o)
    0x08004728   0x0000017c   Code   RO         1524    i.rt_tsk_delete     RTX_CM3.lib(rt_task.o)
    0x080048a4   0x0000007c   Code   RO         1526    i.rt_tsk_prio       RTX_CM3.lib(rt_task.o)
    0x08004920   0x00000010   Code   RO         1527    i.rt_tsk_self       RTX_CM3.lib(rt_task.o)
    0x08004930   0x00000012   Code   RO          950    i.svcDelay          RTX_CM3.lib(rt_cmsis.o)
    0x08004942   0x00000002   PAD
    0x08004944   0x00000070   Code   RO          951    i.svcKernelInitialize  RTX_CM3.lib(rt_cmsis.o)
    0x080049b4   0x00000048   Code   RO          953    i.svcKernelStart    RTX_CM3.lib(rt_cmsis.o)
    0x080049fc   0x00000024   Code   RO          956    i.svcMessageCreate  RTX_CM3.lib(rt_cmsis.o)
    0x08004a20   0x0000003a   Code   RO          957    i.svcMessageGet     RTX_CM3.lib(rt_cmsis.o)
    0x08004a5a   0x00000024   Code   RO          969    i.svcSignalSet      RTX_CM3.lib(rt_cmsis.o)
    0x08004a7e   0x00000002   PAD
    0x08004a80   0x00000054   Code   RO          970    i.svcSignalWait     RTX_CM3.lib(rt_cmsis.o)
    0x08004ad4   0x00000070   Code   RO          971    i.svcThreadCreate   RTX_CM3.lib(rt_cmsis.o)
    0x08004b44   0x0000001c   Code   RO          972    i.svcThreadGetId    RTX_CM3.lib(rt_cmsis.o)
    0x08004b60   0x00000038   Code   RO          975    i.svcThreadTerminate  RTX_CM3.lib(rt_cmsis.o)
    0x08004b98   0x00000018   Code   RO          977    i.svcTimerCall      RTX_CM3.lib(rt_cmsis.o)
    0x08004bb0   0x0000005c   Code   RO          986    i.sysTimerTick      RTX_CM3.lib(rt_cmsis.o)
    0x08004c0c   0x00000030   Data   RO            6    .constdata          main.o
    0x08004c3c   0x00000056   Data   RO          191    .constdata          rtx_conf_cm.o
    0x08004c92   0x00000002   PAD
    0x08004c94   0x00000054   Data   RO          280    .constdata          can_stm32f10x.o
    0x08004ce8   0x00000084   Data   RO          506    .constdata          usart_stm32f10x.o
    0x08004d6c   0x00000020   Data   RO         2278    Region$$Table       anon$$obj.o


    Execution Region RW_IRAM1 (Base: 0x20000000, Size: 0x00001368, Max: 0x00005000, ABSOLUTE)

    Base Addr    Size         Type   Attr      Idx    E Section Name        Object

    0x20000000   0x0000000c   Data   RW            7    .data               main.o
    0x2000000c   0x00000008   Data   RW           80    .data               uart_thread.o
    0x20000014   0x0000002c   Data   RW          121    .data               can_thread.o
    0x20000040   0x00000024   Data   RW          192    .data               rtx_conf_cm.o
    0x20000064   0x00000010   Data   RW          281    .data               can_stm32f10x.o
    0x20000074   0x00000008   Data   RW          989    .data               RTX_CM3.lib(rt_cmsis.o)
    0x2000007c   0x00000008   Data   RW         1529    .data               RTX_CM3.lib(rt_task.o)
    0x20000084   0x00000008   Data   RW         1648    .data               RTX_CM3.lib(rt_system.o)
    0x2000008c   0x00000004   Data   RW         1938    .data               RTX_CM3.lib(rt_time.o)
    0x20000090   0x00000008   Data   RW         1969    .data               RTX_CM3.lib(rt_robin.o)
    0x20000098   0x00000001   Data   RW         2048    .data               RTX_CM3.lib(hal_cm.o)
    0x20000099   0x00000007   PAD
    0x200000a0   0x00000bc8   Zero   RW          190    .bss                rtx_conf_cm.o
    0x20000c68   0x00000038   Zero   RW          505    .bss                usart_stm32f10x.o
    0x20000ca0   0x00000034   Zero   RW         1528    .bss                RTX_CM3.lib(rt_task.o)
    0x20000cd4   0x00000030   Zero   RW         1778    .bss                RTX_CM3.lib(rt_list.o)
    0x20000d04   0x00000060   Zero   RW         2106    .bss                c_w.l(libspace.o)
    0x20000d64   0x00000004   PAD
    0x20000d68   0x00000200   Zero   RW          840    HEAP                startup_stm32f10x_md.o
    0x20000f68   0x00000400   Zero   RW          839    STACK               startup_stm32f10x_md.o


==============================================================================

Image component sizes


      Code (inc. data)   RO Data    RW Data    ZI Data      Debug   Object Name

      5964        276         84         16          0     253759   can_stm32f10x.o
       638        136          0         44          0       9560   can_thread.o
       210         30          0          0          0       7259   dma_stm32f10x.o
       676         76          0          0          0       3289   gpio_stm32f10x.o
       172         32         48         12          0     215525   main.o
       126         26         86         36       3016       9015   rtx_conf_cm.o
        64         26        236          0       1536        820   startup_stm32f10x_md.o
       328         28          0          0          0       1989   system_stm32f10x.o
       292         68          0          8          0       8519   uart_thread.o
      4604        158        132          0         56      29511   usart_stm32f10x.o

    ----------------------------------------------------------------------
     13096        856        620        116       4608     539246   Object Totals
         0          0         32          0          0          0   (incl. Generated)
        22          0          2          0          0          0   (incl. Padding)

    ----------------------------------------------------------------------

      Code (inc. data)   RO Data    RW Data    ZI Data      Debug   Library Member Name

       238         24          0          1          0       3256   hal_cm.o
       304         36          0          0          0        760   hal_cm3.o
      1364        162          0          8          0      35514   rt_cmsis.o
       272         18          0          0          0       2618   rt_event.o
       530         34          0          0         48       8165   rt_list.o
       550         10          0          0          0       3897   rt_mailbox.o
       140          0          0          0          0       1901   rt_membox.o
       128          0          0          0          0       2275   rt_memory.o
       320         12          0          0          0       1603   rt_mutex.o
        96         22          0          8          0       1134   rt_robin.o
        52          4          0          0          0        565   rt_semaphore.o
       298         52          0          8          0       6151   rt_system.o
      1216        174          0          8         52       9545   rt_task.o
         6          0          0          4          0        636   rt_time.o
         4          4          0          0          0        200   svc_table.o
         8          0          0          0          0         68   __main.o
         0          0          0          0          0          0   __rtentry.o
        20          0          0          0          0          0   __rtentry2.o
         6          0          0          0          0          0   __rtentry4.o
        52          8          0          0          0          0   __scatter.o
        26          0          0          0          0          0   __scatter_copy.o
        28          0          0          0          0          0   __scatter_zi.o
        12          0          0          0          0         72   exit.o
         6          0          0          0          0        152   heapauxi.o
         0          0          0          0          0          0   indicate_semi.o
         2          0          0          0          0          0   libinit.o
         2          0          0          0          0          0   libinit2.o
         2          0          0          0          0          0   libshutdown.o
         2          0          0          0          0          0   libshutdown2.o
         8          4          0          0         96         68   libspace.o
        78          0          0          0          0         80   rt_memclr_w.o
       138          0          0          0          0         68   rt_memcpy_v6.o
       100          0          0          0          0         80   rt_memcpy_w.o
         2          0          0          0          0          0   rtexit.o
        10          0          0          0          0          0   rtexit2.o
        12          4          0          0          0         68   sys_exit.o
        74          0          0          0          0         80   sys_stackheap_outer.o
         2          0          0          0          0         68   use_no_semi.o

    ----------------------------------------------------------------------
      6136        568          0         40        204      79024   Library Totals
        28          0          0          3          8          0   (incl. Padding)

    ----------------------------------------------------------------------

      Code (inc. data)   RO Data    RW Data    ZI Data      Debug   Library Name

      5518        552          0         37        100      78220   RTX_CM3.lib
       590         16          0          0         96        804   c_w.l

    ----------------------------------------------------------------------
      6136        568          0         40        204      79024   Library Totals

    ----------------------------------------------------------------------

==============================================================================


      Code (inc. data)   RO Data    RW Data    ZI Data      Debug   

     19232       1424        620        156       4812     608750   Grand Totals
     19232       1424        620        156       4812     608750   ELF Image Totals
     19232       1424        620        156          0          0   ROM Totals

==============================================================================

    Total RO  Size (Code + RO Data)                19852 (  19.39kB)
    Total RW  Size (RW Data + ZI Data)              4968 (   4.85kB)
    Total ROM Size (Code + RO Data + RW Data)      20008 (  19.54kB)

==============================================================================

