<html>
<body>
<pre>
<h1>µVision Build Log</h1>
<h2>Tool Versions:</h2>
IDE-Version: ¶ÃVision V5.12.0.0
Copyright (C) 2014 ARM Ltd and ARM Germany GmbH. All rights reserved.
License Information: Sim Zhao, yunzhou-tech, LIC=BL2Y8-3XAFK-WII5K-ZZC32-G59IY-FVTV0
 
Tool Versions:
Toolchain:       MDK-ARM Professional  Version: 5.12.0.0
Toolchain Path:  d:\Keil_v5\ARM\ARMCC\Bin
C Compiler:      Armcc.exe V5.05 (build 41)
Assembler:       Armasm.exe V5.05 (build 41)
Linker/Locator:  ArmLink.exe V5.05 (build 41)
Library Manager: ArmAr.exe V5.05 (build 41)
Hex Converter:   FromElf.exe V5.05 (build 41)
CPU DLL:         SARMCM3.DLL V5.12.0.0
Dialog DLL:      DCM.DLL V1.13.0.0
    Target DLL: Segger\JL2CM3.dll
Dialog DLL:      TCM.DLL V1.14.2.0
 
<h2>Project:</h2>
E:\1_√˙’¬\9_software\Project\99_PWM≤∂ªÒ≤‚ ‘\MDK-ARM\STM32F429I-Discovery_Demo.uvproj
Project File Date:  02/19/2015

<h2>Output:</h2>
Build target 'STM32F429I-Discovery_Demo'
compiling bsp.c...
..\Core\User\bsp.c(119): warning:  #940-D: missing return statement at end of non-void function "BSP_TS_Init"
  }
..\Core\User\bsp.c: 1 warning, 0 errors
compiling fatfs_drv.c...
compiling main.c...
..\Core\User\main.c(246): warning:  #177-D: variable "bg1_memdev" was declared but never referenced
    GUI_MEMDEV_Handle bg1_memdev, bg0_memdev, bg0s_memdev, bg1w_memdev;
..\Core\User\main.c(246): warning:  #177-D: variable "bg0s_memdev" was declared but never referenced
    GUI_MEMDEV_Handle bg1_memdev, bg0_memdev, bg0s_memdev, bg1w_memdev;
..\Core\User\main.c(246): warning:  #177-D: variable "bg1w_memdev" was declared but never referenced
    GUI_MEMDEV_Handle bg1_memdev, bg0_memdev, bg0s_memdev, bg1w_memdev;
..\Core\User\main.c(250): warning:  #177-D: variable "colorTemp" was declared but never referenced
        uint32_t colorTemp;                             //‘›¥Ê—’…´
..\Core\User\main.c(340): warning:  #177-D: function "Demo_Task" was declared but never referenced
  static void Demo_Task(void * pvParameters)
..\Core\User\main.c: 5 warnings, 0 errors
compiling rtc.c...
compiling stm32xxx_it.c...
compiling usb_bsp.c...
compiling usbh_usr.c...
compiling cpu_utils.c...
compiling file_utils.c...
compiling str_utils.c...
compiling time_utils.c...
compiling TouchPanel.c...
compiling test_program.c...
compiling usbd_desc.c...
compiling usbd_usr.c...
compiling GUIConf.c...
compiling GUI_X_FreeRTOS.c...
compiling stm32f429i_discovery_sdram.c...
compiling usbd_hid_core.c...
compiling usbd_core.c...
compiling usbd_ioreq.c...
compiling usbd_req.c...
compiling stm32f4xx_usart.c...
compiling GUIDRV_stm32f429i_discovery.c...
..\..\..\Libraries\STemWinLibrary522_4x9i\Config\GUIDRV_stm32f429i_discovery.c(886): warning:  #177-D: function "_LCD_DisplayOn" was declared but never referenced
  static void _LCD_DisplayOn(void) {
..\..\..\Libraries\STemWinLibrary522_4x9i\Config\GUIDRV_stm32f429i_discovery.c: 1 warning, 0 errors
compiling ff.c...
compiling syscall.c...
linking...
Program Size: Code=77276 RO-data=274112 RW-data=948 ZI-data=4379148  
FromELF: creating hex file...
".\STM32F429I-Discovery_Demo\STM32F429I-Discovery_Demo.axf" - 0 Error(s), 7 Warning(s).
Load "E:\\1_√˙’¬\\9_software\\Project\\99_PWM≤∂ªÒ≤‚ ‘\\MDK-ARM\\STM32F429I-Discovery_Demo\\STM32F429I-Discovery_Demo.axf" 
Set JLink Project File to "E:\1_√˙’¬\9_software\Project\99_PWM≤∂ªÒ≤‚ ‘\MDK-ARM\JLinkSettings.ini"
* JLink Info: Device "STM32F429ZI" selected (2048 KB flash, 192 KB RAM).
 
JLink info:
------------
DLL: V4.91b, compiled Sep 15 2014 09:17:56
Firmware: J-Link V9 compiled Oct 28 2014 19:25:34
Hardware: V9.00
Feature(s) : GDB, RDI, FlashBP, FlashDL, JFlash 
 
* JLink Info: TotalIRLen = ?, IRPrint = 0x..000000000000000000000000
* JLink Info: STM32 (connect): Can not attach to CPU. Trying connect under reset.
* JLink Info: TotalIRLen = ?, IRPrint = 0x..000000000000000000000000
Error: Flash Download failed  -  Target DLL has been cancelled
Load "E:\\1_√˙’¬\\9_software\\Project\\99_PWM≤∂ªÒ≤‚ ‘\\MDK-ARM\\STM32F429I-Discovery_Demo\\STM32F429I-Discovery_Demo.axf" 
Set JLink Project File to "E:\1_√˙’¬\9_software\Project\99_PWM≤∂ªÒ≤‚ ‘\MDK-ARM\JLinkSettings.ini"
* JLink Info: Device "STM32F429ZI" selected (2048 KB flash, 192 KB RAM).
 
JLink info:
------------
DLL: V4.91b, compiled Sep 15 2014 09:17:56
Firmware: J-Link V9 compiled Oct 28 2014 19:25:34
Hardware: V9.00
Feature(s) : GDB, RDI, FlashBP, FlashDL, JFlash 
 
* JLink Info: TotalIRLen = ?, IRPrint = 0x..000000000000000000000000
* JLink Info: STM32 (connect): Can not attach to CPU. Trying connect under reset.
* JLink Info: TotalIRLen = ?, IRPrint = 0x..000000000000000000000000
Error: Flash Download failed  -  Target DLL has been cancelled
Load "E:\\1_√˙’¬\\9_software\\Project\\99_PWM≤∂ªÒ≤‚ ‘\\MDK-ARM\\STM32F429I-Discovery_Demo\\STM32F429I-Discovery_Demo.axf" 
Set JLink Project File to "E:\1_√˙’¬\9_software\Project\99_PWM≤∂ªÒ≤‚ ‘\MDK-ARM\JLinkSettings.ini"
* JLink Info: Device "STM32F429ZI" selected (2048 KB flash, 192 KB RAM).
 
JLink info:
------------
DLL: V4.91b, compiled Sep 15 2014 09:17:56
Firmware: J-Link V9 compiled Oct 28 2014 19:25:34
Hardware: V9.00
Feature(s) : GDB, RDI, FlashBP, FlashDL, JFlash 
 
* JLink Info: Found SWD-DP with ID 0x2BA01477
* JLink Info: Found SWD-DP with ID 0x2BA01477
* JLink Info: Found Cortex-M4 r0p1, Little endian.
* JLink Info: FPUnit: 6 code (BP) slots and 2 literal slots
* JLink Info: TPIU fitted.
* JLink Info: ETM fitted.
ROMTableAddr = 0xE00FF003
 
Target info:
------------
Device: STM32F429ZI
VTarget = 3.296V
State of Pins: 
TCK: 0, TDI: 0, TDO: 0, TMS: 1, TRES: 1, TRST: 0
Hardware-Breakpoints: 6
Software-Breakpoints: 8192
Watchpoints:          4
JTAG speed: 4000 kHz
 
Erase Done.
Programming Done.
Verify OK.
Application running ...
</pre>
</body>
</html>
